[2022-12-05T14:13:39.830+0100][0.032s] Using G1
[2022-12-05T14:13:39.934+0100][0.137s] Version: 17.0.5+8-Ubuntu-2ubuntu120.04 (release)
[2022-12-05T14:13:39.934+0100][0.137s] CPUs: 12 total, 12 available
[2022-12-05T14:13:39.935+0100][0.137s] Memory: 15745M
[2022-12-05T14:13:39.935+0100][0.137s] Large Page Support: Disabled
[2022-12-05T14:13:39.935+0100][0.137s] NUMA Support: Disabled
[2022-12-05T14:13:39.935+0100][0.137s] Compressed Oops: Enabled (32-bit)
[2022-12-05T14:13:39.935+0100][0.137s] Heap Region Size: 1M
[2022-12-05T14:13:39.935+0100][0.137s] Heap Min Capacity: 512M
[2022-12-05T14:13:39.935+0100][0.137s] Heap Initial Capacity: 512M
[2022-12-05T14:13:39.935+0100][0.137s] Heap Max Capacity: 512M
[2022-12-05T14:13:39.935+0100][0.137s] Pre-touch: Enabled
[2022-12-05T14:13:39.935+0100][0.137s] Parallel Workers: 10
[2022-12-05T14:13:39.935+0100][0.137s] Concurrent Workers: 3
[2022-12-05T14:13:39.935+0100][0.137s] Concurrent Refinement Workers: 10
[2022-12-05T14:13:39.935+0100][0.137s] Periodic GC: Disabled
[2022-12-05T14:13:39.935+0100][0.137s] CDS archive(s) mapped at: [0x0000000800000000-0x0000000800be3000-0x0000000800be3000), size 12464128, SharedBaseAddress: 0x0000000800000000, ArchiveRelocationMode: 0.
[2022-12-05T14:13:39.935+0100][0.137s] Compressed class space mapped at: 0x0000000800c00000-0x0000000840c00000, reserved size: 1073741824
[2022-12-05T14:13:39.935+0100][0.137s] Narrow klass base: 0x0000000800000000, Narrow klass shift: 0, Narrow klass range: 0x100000000
[2022-12-05T14:13:40.460+0100][0.662s] GC(0) Pause Young (Normal) (G1 Evacuation Pause)
[2022-12-05T14:13:40.460+0100][0.662s] GC(0) Using 10 workers of 10 for evacuation
[2022-12-05T14:13:40.462+0100][0.664s] GC(0)   Pre Evacuate Collection Set: 0.1ms
[2022-12-05T14:13:40.462+0100][0.664s] GC(0)   Merge Heap Roots: 0.0ms
[2022-12-05T14:13:40.462+0100][0.664s] GC(0)   Evacuate Collection Set: 1.4ms
[2022-12-05T14:13:40.462+0100][0.664s] GC(0)   Post Evacuate Collection Set: 0.3ms
[2022-12-05T14:13:40.462+0100][0.664s] GC(0)   Other: 0.1ms
[2022-12-05T14:13:40.462+0100][0.664s] GC(0) Eden regions: 29->0(65)
[2022-12-05T14:13:40.462+0100][0.664s] GC(0) Survivor regions: 0->4(4)
[2022-12-05T14:13:40.462+0100][0.664s] GC(0) Old regions: 0->0
[2022-12-05T14:13:40.462+0100][0.664s] GC(0) Archive regions: 2->2
[2022-12-05T14:13:40.462+0100][0.664s] GC(0) Humongous regions: 0->0
[2022-12-05T14:13:40.462+0100][0.664s] GC(0) Metaspace: 7158K(7296K)->7158K(7296K) NonClass: 6324K(6400K)->6324K(6400K) Class: 834K(896K)->834K(896K)
[2022-12-05T14:13:40.462+0100][0.664s] GC(0) Pause Young (Normal) (G1 Evacuation Pause) 29M->4M(512M) 1.886ms
[2022-12-05T14:13:40.462+0100][0.664s] GC(0) User=0.02s Sys=0.00s Real=0.01s
[2022-12-05T14:13:41.129+0100][1.331s] GC(1) Pause Young (Normal) (G1 Evacuation Pause)
[2022-12-05T14:13:41.129+0100][1.331s] GC(1) Using 10 workers of 10 for evacuation
[2022-12-05T14:13:41.137+0100][1.339s] GC(1)   Pre Evacuate Collection Set: 0.1ms
[2022-12-05T14:13:41.137+0100][1.340s] GC(1)   Merge Heap Roots: 0.1ms
[2022-12-05T14:13:41.137+0100][1.340s] GC(1)   Evacuate Collection Set: 5.3ms
[2022-12-05T14:13:41.137+0100][1.340s] GC(1)   Post Evacuate Collection Set: 2.6ms
[2022-12-05T14:13:41.137+0100][1.340s] GC(1)   Other: 0.1ms
[2022-12-05T14:13:41.137+0100][1.340s] GC(1) Eden regions: 65->0(88)
[2022-12-05T14:13:41.137+0100][1.340s] GC(1) Survivor regions: 4->9(9)
[2022-12-05T14:13:41.137+0100][1.340s] GC(1) Old regions: 0->5
[2022-12-05T14:13:41.137+0100][1.340s] GC(1) Archive regions: 2->2
[2022-12-05T14:13:41.137+0100][1.340s] GC(1) Humongous regions: 4->4
[2022-12-05T14:13:41.137+0100][1.340s] GC(1) Metaspace: 16296K(16512K)->16296K(16512K) NonClass: 14379K(14464K)->14379K(14464K) Class: 1916K(2048K)->1916K(2048K)
[2022-12-05T14:13:41.137+0100][1.340s] GC(1) Pause Young (Normal) (G1 Evacuation Pause) 73M->18M(512M) 8.290ms
[2022-12-05T14:13:41.137+0100][1.340s] GC(1) User=0.06s Sys=0.01s Real=0.01s
[2022-12-05T14:13:41.278+0100][1.480s] GC(2) Pause Young (Normal) (G1 Evacuation Pause)
[2022-12-05T14:13:41.278+0100][1.480s] GC(2) Using 10 workers of 10 for evacuation
[2022-12-05T14:13:41.285+0100][1.487s] GC(2)   Pre Evacuate Collection Set: 0.1ms
[2022-12-05T14:13:41.285+0100][1.487s] GC(2)   Merge Heap Roots: 2.7ms
[2022-12-05T14:13:41.285+0100][1.487s] GC(2)   Evacuate Collection Set: 3.4ms
[2022-12-05T14:13:41.285+0100][1.487s] GC(2)   Post Evacuate Collection Set: 0.4ms
[2022-12-05T14:13:41.285+0100][1.487s] GC(2)   Other: 0.1ms
[2022-12-05T14:13:41.285+0100][1.487s] GC(2) Eden regions: 88->0(302)
[2022-12-05T14:13:41.285+0100][1.487s] GC(2) Survivor regions: 9->5(13)
[2022-12-05T14:13:41.285+0100][1.487s] GC(2) Old regions: 5->14
[2022-12-05T14:13:41.285+0100][1.487s] GC(2) Archive regions: 2->2
[2022-12-05T14:13:41.285+0100][1.487s] GC(2) Humongous regions: 4->4
[2022-12-05T14:13:41.285+0100][1.487s] GC(2) Metaspace: 16570K(16832K)->16570K(16832K) NonClass: 14638K(14784K)->14638K(14784K) Class: 1931K(2048K)->1931K(2048K)
[2022-12-05T14:13:41.285+0100][1.487s] GC(2) Pause Young (Normal) (G1 Evacuation Pause) 106M->23M(512M) 6.910ms
[2022-12-05T14:13:41.285+0100][1.487s] GC(2) User=0.03s Sys=0.00s Real=0.01s
[2022-12-05T14:13:41.545+0100][1.747s] GC(3) Pause Young (Concurrent Start) (Metadata GC Threshold)
[2022-12-05T14:13:41.545+0100][1.747s] GC(3) Using 10 workers of 10 for evacuation
[2022-12-05T14:13:41.551+0100][1.753s] GC(3)   Pre Evacuate Collection Set: 0.8ms
[2022-12-05T14:13:41.551+0100][1.753s] GC(3)   Merge Heap Roots: 3.0ms
[2022-12-05T14:13:41.551+0100][1.753s] GC(3)   Evacuate Collection Set: 2.0ms
[2022-12-05T14:13:41.551+0100][1.753s] GC(3)   Post Evacuate Collection Set: 0.4ms
[2022-12-05T14:13:41.551+0100][1.753s] GC(3)   Other: 0.2ms
[2022-12-05T14:13:41.551+0100][1.753s] GC(3) Eden regions: 61->0(302)
[2022-12-05T14:13:41.551+0100][1.753s] GC(3) Survivor regions: 5->5(39)
[2022-12-05T14:13:41.551+0100][1.753s] GC(3) Old regions: 14->14
[2022-12-05T14:13:41.551+0100][1.753s] GC(3) Archive regions: 2->2
[2022-12-05T14:13:41.551+0100][1.753s] GC(3) Humongous regions: 4->4
[2022-12-05T14:13:41.551+0100][1.753s] GC(3) Metaspace: 21262K(21504K)->21262K(21504K) NonClass: 18842K(18944K)->18842K(18944K) Class: 2419K(2560K)->2419K(2560K)
[2022-12-05T14:13:41.551+0100][1.753s] GC(3) Pause Young (Concurrent Start) (Metadata GC Threshold) 83M->22M(512M) 6.554ms
[2022-12-05T14:13:41.551+0100][1.753s] GC(3) User=0.01s Sys=0.00s Real=0.00s
[2022-12-05T14:13:41.551+0100][1.753s] GC(4) Concurrent Mark Cycle
[2022-12-05T14:13:41.551+0100][1.753s] GC(4) Concurrent Clear Claimed Marks
[2022-12-05T14:13:41.551+0100][1.754s] GC(4) Concurrent Clear Claimed Marks 0.029ms
[2022-12-05T14:13:41.551+0100][1.754s] GC(4) Concurrent Scan Root Regions
[2022-12-05T14:13:41.552+0100][1.755s] GC(4) Concurrent Scan Root Regions 1.047ms
[2022-12-05T14:13:41.552+0100][1.755s] GC(4) Concurrent Mark
[2022-12-05T14:13:41.552+0100][1.755s] GC(4) Concurrent Mark From Roots
[2022-12-05T14:13:41.552+0100][1.755s] GC(4) Using 3 workers of 3 for marking
[2022-12-05T14:13:41.565+0100][1.768s] GC(4) Concurrent Mark From Roots 12.901ms
[2022-12-05T14:13:41.565+0100][1.768s] GC(4) Concurrent Preclean
[2022-12-05T14:13:41.565+0100][1.768s] GC(4) Concurrent Preclean 0.119ms
[2022-12-05T14:13:41.566+0100][1.768s] GC(4) Pause Remark
[2022-12-05T14:13:41.568+0100][1.770s] GC(4) Pause Remark 26M->26M(512M) 2.422ms
[2022-12-05T14:13:41.568+0100][1.770s] GC(4) User=0.01s Sys=0.00s Real=0.00s
[2022-12-05T14:13:41.568+0100][1.770s] GC(4) Concurrent Mark 15.790ms
[2022-12-05T14:13:41.568+0100][1.770s] GC(4) Concurrent Rebuild Remembered Sets
[2022-12-05T14:13:41.575+0100][1.777s] GC(4) Concurrent Rebuild Remembered Sets 6.476ms
[2022-12-05T14:13:41.575+0100][1.777s] GC(4) Pause Cleanup
[2022-12-05T14:13:41.575+0100][1.777s] GC(4) Pause Cleanup 27M->27M(512M) 0.137ms
[2022-12-05T14:13:41.575+0100][1.777s] GC(4) User=0.00s Sys=0.00s Real=0.00s
[2022-12-05T14:13:41.575+0100][1.777s] GC(4) Concurrent Cleanup for Next Mark
[2022-12-05T14:13:41.575+0100][1.778s] GC(4) Concurrent Cleanup for Next Mark 0.432ms
[2022-12-05T14:13:41.576+0100][1.778s] GC(4) Concurrent Mark Cycle 24.233ms
[2022-12-05T14:13:45.054+0100][5.256s] GC(5) Pause Young (Prepare Mixed) (Metadata GC Threshold)
[2022-12-05T14:13:45.060+0100][5.262s] GC(5) Using 10 workers of 10 for evacuation
[2022-12-05T14:13:45.065+0100][5.267s] GC(5)   Pre Evacuate Collection Set: 0.1ms
[2022-12-05T14:13:45.065+0100][5.267s] GC(5)   Merge Heap Roots: 0.1ms
[2022-12-05T14:13:45.065+0100][5.267s] GC(5)   Evacuate Collection Set: 4.3ms
[2022-12-05T14:13:45.065+0100][5.267s] GC(5)   Post Evacuate Collection Set: 0.6ms
[2022-12-05T14:13:45.065+0100][5.267s] GC(5)   Other: 6.3ms
[2022-12-05T14:13:45.065+0100][5.267s] GC(5) Eden regions: 293->0(11)
[2022-12-05T14:13:45.065+0100][5.267s] GC(5) Survivor regions: 5->14(39)
[2022-12-05T14:13:45.065+0100][5.267s] GC(5) Old regions: 14->14
[2022-12-05T14:13:45.065+0100][5.268s] GC(5) Archive regions: 2->2
[2022-12-05T14:13:45.065+0100][5.268s] GC(5) Humongous regions: 4->4
[2022-12-05T14:13:45.065+0100][5.268s] GC(5) Metaspace: 35757K(36160K)->35757K(36160K) NonClass: 31662K(31872K)->31662K(31872K) Class: 4095K(4288K)->4095K(4288K)
[2022-12-05T14:13:45.065+0100][5.268s] GC(5) Pause Young (Prepare Mixed) (Metadata GC Threshold) 315M->32M(512M) 11.480ms
[2022-12-05T14:13:45.065+0100][5.268s] GC(5) User=0.05s Sys=0.00s Real=0.01s
[2022-12-05T14:13:45.084+0100][5.286s] GC(6) Pause Young (Mixed) (Metadata GC Threshold)
[2022-12-05T14:13:45.084+0100][5.286s] GC(6) Using 10 workers of 10 for evacuation
[2022-12-05T14:13:45.088+0100][5.290s] GC(6)   Pre Evacuate Collection Set: 0.1ms
[2022-12-05T14:13:45.088+0100][5.290s] GC(6)   Merge Heap Roots: 0.0ms
[2022-12-05T14:13:45.088+0100][5.290s] GC(6)   Evacuate Collection Set: 3.5ms
[2022-12-05T14:13:45.088+0100][5.290s] GC(6)   Post Evacuate Collection Set: 0.3ms
[2022-12-05T14:13:45.088+0100][5.290s] GC(6)   Other: 0.1ms
[2022-12-05T14:13:45.088+0100][5.290s] GC(6) Eden regions: 2->0(305)
[2022-12-05T14:13:45.088+0100][5.290s] GC(6) Survivor regions: 14->2(4)
[2022-12-05T14:13:45.088+0100][5.290s] GC(6) Old regions: 14->28
[2022-12-05T14:13:45.088+0100][5.290s] GC(6) Archive regions: 2->2
[2022-12-05T14:13:45.088+0100][5.290s] GC(6) Humongous regions: 4->4
[2022-12-05T14:13:45.088+0100][5.290s] GC(6) Metaspace: 36095K(36480K)->36095K(36480K) NonClass: 31952K(32128K)->31952K(32128K) Class: 4142K(4352K)->4142K(4352K)
[2022-12-05T14:13:45.088+0100][5.290s] GC(6) Pause Young (Mixed) (Metadata GC Threshold) 33M->33M(512M) 4.139ms
[2022-12-05T14:13:45.088+0100][5.290s] GC(6) User=0.03s Sys=0.00s Real=0.00s
[2022-12-05T14:13:45.108+0100][5.310s] GC(7) Pause Young (Concurrent Start) (Metadata GC Threshold)
[2022-12-05T14:13:45.108+0100][5.310s] GC(7) Using 10 workers of 10 for evacuation
[2022-12-05T14:13:45.110+0100][5.312s] GC(7)   Pre Evacuate Collection Set: 0.1ms
[2022-12-05T14:13:45.110+0100][5.312s] GC(7)   Merge Heap Roots: 0.0ms
[2022-12-05T14:13:45.110+0100][5.312s] GC(7)   Evacuate Collection Set: 1.3ms
[2022-12-05T14:13:45.110+0100][5.312s] GC(7)   Post Evacuate Collection Set: 0.3ms
[2022-12-05T14:13:45.110+0100][5.312s] GC(7)   Other: 0.2ms
[2022-12-05T14:13:45.110+0100][5.312s] GC(7) Eden regions: 4->0(306)
[2022-12-05T14:13:45.110+0100][5.312s] GC(7) Survivor regions: 2->1(39)
[2022-12-05T14:13:45.110+0100][5.312s] GC(7) Old regions: 28->28
[2022-12-05T14:13:45.110+0100][5.312s] GC(7) Archive regions: 2->2
[2022-12-05T14:13:45.110+0100][5.312s] GC(7) Humongous regions: 4->4
[2022-12-05T14:13:45.110+0100][5.312s] GC(7) Metaspace: 36388K(36800K)->36388K(36800K) NonClass: 32199K(32384K)->32199K(32384K) Class: 4189K(4416K)->4189K(4416K)
[2022-12-05T14:13:45.110+0100][5.312s] GC(7) Pause Young (Concurrent Start) (Metadata GC Threshold) 36M->32M(512M) 1.975ms
[2022-12-05T14:13:45.110+0100][5.312s] GC(7) User=0.01s Sys=0.00s Real=0.00s
[2022-12-05T14:13:45.110+0100][5.312s] GC(8) Concurrent Mark Cycle
[2022-12-05T14:13:45.110+0100][5.312s] GC(8) Concurrent Clear Claimed Marks
[2022-12-05T14:13:45.110+0100][5.312s] GC(8) Concurrent Clear Claimed Marks 0.024ms
[2022-12-05T14:13:45.110+0100][5.312s] GC(8) Concurrent Scan Root Regions
[2022-12-05T14:13:45.111+0100][5.313s] GC(8) Concurrent Scan Root Regions 0.667ms
[2022-12-05T14:13:45.111+0100][5.313s] GC(8) Concurrent Mark
[2022-12-05T14:13:45.111+0100][5.313s] GC(8) Concurrent Mark From Roots
[2022-12-05T14:13:45.111+0100][5.313s] GC(8) Using 3 workers of 3 for marking
[2022-12-05T14:13:45.147+0100][5.350s] GC(8) Concurrent Mark From Roots 36.680ms
[2022-12-05T14:13:45.147+0100][5.350s] GC(8) Concurrent Preclean
[2022-12-05T14:13:45.148+0100][5.350s] GC(8) Concurrent Preclean 0.225ms
[2022-12-05T14:13:45.148+0100][5.350s] GC(8) Pause Remark
[2022-12-05T14:13:45.151+0100][5.353s] GC(8) Pause Remark 40M->40M(512M) 2.812ms
[2022-12-05T14:13:45.151+0100][5.353s] GC(8) User=0.03s Sys=0.00s Real=0.00s
[2022-12-05T14:13:45.151+0100][5.353s] GC(8) Concurrent Mark 40.031ms
[2022-12-05T14:13:45.151+0100][5.353s] GC(8) Concurrent Rebuild Remembered Sets
[2022-12-05T14:13:45.172+0100][5.374s] GC(8) Concurrent Rebuild Remembered Sets 21.384ms
[2022-12-05T14:13:45.172+0100][5.375s] GC(8) Pause Cleanup
[2022-12-05T14:13:45.173+0100][5.375s] GC(8) Pause Cleanup 43M->43M(512M) 0.142ms
[2022-12-05T14:13:45.173+0100][5.375s] GC(8) User=0.00s Sys=0.00s Real=0.00s
[2022-12-05T14:13:45.173+0100][5.375s] GC(8) Concurrent Cleanup for Next Mark
[2022-12-05T14:13:45.173+0100][5.375s] GC(8) Concurrent Cleanup for Next Mark 0.662ms
[2022-12-05T14:13:45.173+0100][5.376s] GC(8) Concurrent Mark Cycle 63.377ms
[2022-12-05T14:14:26.786+0100][46.988s] GC(9) Pause Young (Normal) (G1 Evacuation Pause)
[2022-12-05T14:14:26.792+0100][46.994s] GC(9) Using 10 workers of 10 for evacuation
[2022-12-05T14:14:26.801+0100][47.004s] GC(9)   Pre Evacuate Collection Set: 0.2ms
[2022-12-05T14:14:26.801+0100][47.004s] GC(9)   Merge Heap Roots: 0.1ms
[2022-12-05T14:14:26.801+0100][47.004s] GC(9)   Evacuate Collection Set: 8.5ms
[2022-12-05T14:14:26.801+0100][47.004s] GC(9)   Post Evacuate Collection Set: 0.8ms
[2022-12-05T14:14:26.801+0100][47.004s] GC(9)   Other: 6.3ms
[2022-12-05T14:14:26.801+0100][47.004s] GC(9) Eden regions: 306->0(295)
[2022-12-05T14:14:26.801+0100][47.004s] GC(9) Survivor regions: 1->12(39)
[2022-12-05T14:14:26.801+0100][47.004s] GC(9) Old regions: 28->28
[2022-12-05T14:14:26.801+0100][47.004s] GC(9) Archive regions: 2->2
[2022-12-05T14:14:26.801+0100][47.004s] GC(9) Humongous regions: 9->5
[2022-12-05T14:14:26.801+0100][47.004s] GC(9) Metaspace: 45384K(45888K)->45384K(45888K) NonClass: 39997K(40256K)->39997K(40256K) Class: 5387K(5632K)->5387K(5632K)
[2022-12-05T14:14:26.802+0100][47.004s] GC(9) Pause Young (Normal) (G1 Evacuation Pause) 343M->44M(512M) 15.887ms
[2022-12-05T14:14:26.802+0100][47.004s] GC(9) User=0.06s Sys=0.00s Real=0.02s
[2022-12-05T14:14:28.188+0100][48.390s] GC(10) Pause Young (Normal) (G1 Evacuation Pause)
[2022-12-05T14:14:28.188+0100][48.390s] GC(10) Using 10 workers of 10 for evacuation
[2022-12-05T14:14:28.196+0100][48.399s] GC(10)   Pre Evacuate Collection Set: 0.1ms
[2022-12-05T14:14:28.196+0100][48.399s] GC(10)   Merge Heap Roots: 0.1ms
[2022-12-05T14:14:28.196+0100][48.399s] GC(10)   Evacuate Collection Set: 7.1ms
[2022-12-05T14:14:28.196+0100][48.399s] GC(10)   Post Evacuate Collection Set: 0.7ms
[2022-12-05T14:14:28.196+0100][48.399s] GC(10)   Other: 0.2ms
[2022-12-05T14:14:28.196+0100][48.399s] GC(10) Eden regions: 295->0(287)
[2022-12-05T14:14:28.196+0100][48.399s] GC(10) Survivor regions: 12->20(39)
[2022-12-05T14:14:28.196+0100][48.399s] GC(10) Old regions: 28->28
[2022-12-05T14:14:28.196+0100][48.399s] GC(10) Archive regions: 2->2
[2022-12-05T14:14:28.196+0100][48.399s] GC(10) Humongous regions: 8->8
[2022-12-05T14:14:28.196+0100][48.399s] GC(10) Metaspace: 53910K(54464K)->53910K(54464K) NonClass: 47391K(47680K)->47391K(47680K) Class: 6519K(6784K)->6519K(6784K)
[2022-12-05T14:14:28.196+0100][48.399s] GC(10) Pause Young (Normal) (G1 Evacuation Pause) 342M->55M(512M) 8.286ms
[2022-12-05T14:14:28.197+0100][48.399s] GC(10) User=0.07s Sys=0.00s Real=0.01s
[2022-12-05T14:14:59.977+0100][80.179s] GC(11) Pause Young (Normal) (G1 Evacuation Pause)
[2022-12-05T14:14:59.977+0100][80.179s] GC(11) Using 10 workers of 10 for evacuation
[2022-12-05T14:14:59.987+0100][80.189s] GC(11)   Pre Evacuate Collection Set: 0.2ms
[2022-12-05T14:14:59.987+0100][80.189s] GC(11)   Merge Heap Roots: 0.7ms
[2022-12-05T14:14:59.987+0100][80.189s] GC(11)   Evacuate Collection Set: 8.6ms
[2022-12-05T14:14:59.987+0100][80.189s] GC(11)   Post Evacuate Collection Set: 0.9ms
[2022-12-05T14:14:59.987+0100][80.189s] GC(11)   Other: 0.3ms
[2022-12-05T14:14:59.987+0100][80.189s] GC(11) Eden regions: 287->0(281)
[2022-12-05T14:14:59.987+0100][80.189s] GC(11) Survivor regions: 20->26(39)
[2022-12-05T14:14:59.987+0100][80.189s] GC(11) Old regions: 28->28
[2022-12-05T14:14:59.987+0100][80.189s] GC(11) Archive regions: 2->2
[2022-12-05T14:14:59.987+0100][80.189s] GC(11) Humongous regions: 10->8
[2022-12-05T14:14:59.987+0100][80.189s] GC(11) Metaspace: 58127K(58688K)->58127K(58688K) NonClass: 51152K(51456K)->51152K(51456K) Class: 6974K(7232K)->6974K(7232K)
[2022-12-05T14:14:59.987+0100][80.189s] GC(11) Pause Young (Normal) (G1 Evacuation Pause) 344M->61M(512M) 10.746ms
[2022-12-05T14:14:59.987+0100][80.190s] GC(11) User=0.10s Sys=0.00s Real=0.01s
[2022-12-05T14:15:20.990+0100][101.192s] GC(12) Pause Young (Concurrent Start) (Metadata GC Threshold)
[2022-12-05T14:15:20.996+0100][101.198s] GC(12) Using 10 workers of 10 for evacuation
[2022-12-05T14:15:21.009+0100][101.212s] GC(12)   Pre Evacuate Collection Set: 0.2ms
[2022-12-05T14:15:21.009+0100][101.212s] GC(12)   Merge Heap Roots: 0.1ms
[2022-12-05T14:15:21.009+0100][101.212s] GC(12)   Evacuate Collection Set: 10.8ms
[2022-12-05T14:15:21.009+0100][101.212s] GC(12)   Post Evacuate Collection Set: 2.4ms
[2022-12-05T14:15:21.009+0100][101.212s] GC(12)   Other: 6.3ms
[2022-12-05T14:15:21.010+0100][101.212s] GC(12) Eden regions: 217->0(286)
[2022-12-05T14:15:21.010+0100][101.212s] GC(12) Survivor regions: 26->21(39)
[2022-12-05T14:15:21.010+0100][101.212s] GC(12) Old regions: 28->38
[2022-12-05T14:15:21.010+0100][101.212s] GC(12) Archive regions: 2->2
[2022-12-05T14:15:21.010+0100][101.212s] GC(12) Humongous regions: 8->8
[2022-12-05T14:15:21.010+0100][101.212s] GC(12) Metaspace: 61188K(61696K)->61188K(61696K) NonClass: 53842K(54080K)->53842K(54080K) Class: 7345K(7616K)->7345K(7616K)
[2022-12-05T14:15:21.010+0100][101.212s] GC(12) Pause Young (Concurrent Start) (Metadata GC Threshold) 277M->67M(512M) 19.804ms
[2022-12-05T14:15:21.010+0100][101.212s] GC(12) User=0.11s Sys=0.00s Real=0.02s
[2022-12-05T14:15:21.010+0100][101.212s] GC(13) Concurrent Mark Cycle
[2022-12-05T14:15:21.010+0100][101.212s] GC(13) Concurrent Clear Claimed Marks
[2022-12-05T14:15:21.010+0100][101.212s] GC(13) Concurrent Clear Claimed Marks 0.060ms
[2022-12-05T14:15:21.010+0100][101.212s] GC(13) Concurrent Scan Root Regions
[2022-12-05T14:15:21.017+0100][101.219s] GC(13) Concurrent Scan Root Regions 6.948ms
[2022-12-05T14:15:21.017+0100][101.219s] GC(13) Concurrent Mark
[2022-12-05T14:15:21.017+0100][101.219s] GC(13) Concurrent Mark From Roots
[2022-12-05T14:15:21.017+0100][101.219s] GC(13) Using 3 workers of 3 for marking
[2022-12-05T14:15:21.035+0100][101.237s] GC(13) Concurrent Mark From Roots 18.097ms
[2022-12-05T14:15:21.035+0100][101.237s] GC(13) Concurrent Preclean
[2022-12-05T14:15:21.035+0100][101.237s] GC(13) Concurrent Preclean 0.146ms
[2022-12-05T14:15:21.035+0100][101.237s] GC(13) Pause Remark
[2022-12-05T14:15:21.039+0100][101.241s] GC(13) Pause Remark 68M->68M(512M) 3.602ms
[2022-12-05T14:15:21.039+0100][101.241s] GC(13) User=0.03s Sys=0.00s Real=0.00s
[2022-12-05T14:15:21.039+0100][101.241s] GC(13) Concurrent Mark 22.099ms
[2022-12-05T14:15:21.039+0100][101.241s] GC(13) Concurrent Rebuild Remembered Sets
[2022-12-05T14:15:21.050+0100][101.252s] GC(13) Concurrent Rebuild Remembered Sets 11.154ms
[2022-12-05T14:15:21.050+0100][101.252s] GC(13) Pause Cleanup
[2022-12-05T14:15:21.050+0100][101.252s] GC(13) Pause Cleanup 68M->68M(512M) 0.120ms
[2022-12-05T14:15:21.050+0100][101.252s] GC(13) User=0.00s Sys=0.00s Real=0.00s
[2022-12-05T14:15:21.050+0100][101.253s] GC(13) Concurrent Cleanup for Next Mark
[2022-12-05T14:15:21.051+0100][101.253s] GC(13) Concurrent Cleanup for Next Mark 0.272ms
[2022-12-05T14:15:21.051+0100][101.253s] GC(13) Concurrent Mark Cycle 40.952ms
[2022-12-05T14:50:56.029+0100][1941.566s] GC(14) Pause Young (Normal) (G1 Evacuation Pause)
[2022-12-05T14:50:56.036+0100][1941.572s] GC(14) Using 10 workers of 10 for evacuation
[2022-12-05T14:50:56.056+0100][1941.593s] GC(14)   Pre Evacuate Collection Set: 0.2ms
[2022-12-05T14:50:56.056+0100][1941.593s] GC(14)   Merge Heap Roots: 0.2ms
[2022-12-05T14:50:56.056+0100][1941.593s] GC(14)   Evacuate Collection Set: 18.7ms
[2022-12-05T14:50:56.056+0100][1941.593s] GC(14)   Post Evacuate Collection Set: 1.7ms
[2022-12-05T14:50:56.057+0100][1941.593s] GC(14)   Other: 6.3ms
[2022-12-05T14:50:56.057+0100][1941.593s] GC(14) Eden regions: 286->0(276)
[2022-12-05T14:50:56.057+0100][1941.593s] GC(14) Survivor regions: 21->31(39)
[2022-12-05T14:50:56.057+0100][1941.593s] GC(14) Old regions: 38->38
[2022-12-05T14:50:56.057+0100][1941.593s] GC(14) Archive regions: 2->2
[2022-12-05T14:50:56.057+0100][1941.593s] GC(14) Humongous regions: 8->8
[2022-12-05T14:50:56.057+0100][1941.593s] GC(14) Metaspace: 62758K(63424K)->62758K(63424K) NonClass: 55264K(55616K)->55264K(55616K) Class: 7494K(7808K)->7494K(7808K)
[2022-12-05T14:50:56.057+0100][1941.593s] GC(14) Pause Young (Normal) (G1 Evacuation Pause) 353M->77M(512M) 27.163ms
[2022-12-05T14:50:56.057+0100][1941.593s] GC(14) User=0.13s Sys=0.00s Real=0.02s
[2022-12-05T15:21:38.194+0100][3783.731s] GC(15) Pause Young (Normal) (G1 Evacuation Pause)
[2022-12-05T15:21:38.200+0100][3783.737s] GC(15) Using 10 workers of 10 for evacuation
[2022-12-05T15:21:38.211+0100][3783.748s] GC(15)   Pre Evacuate Collection Set: 0.1ms
[2022-12-05T15:21:38.211+0100][3783.748s] GC(15)   Merge Heap Roots: 0.1ms
[2022-12-05T15:21:38.211+0100][3783.748s] GC(15)   Evacuate Collection Set: 9.7ms
[2022-12-05T15:21:38.211+0100][3783.748s] GC(15)   Post Evacuate Collection Set: 1.1ms
[2022-12-05T15:21:38.211+0100][3783.748s] GC(15)   Other: 6.2ms
[2022-12-05T15:21:38.211+0100][3783.748s] GC(15) Eden regions: 276->0(286)
[2022-12-05T15:21:38.211+0100][3783.748s] GC(15) Survivor regions: 31->21(39)
[2022-12-05T15:21:38.211+0100][3783.748s] GC(15) Old regions: 38->51
[2022-12-05T15:21:38.211+0100][3783.748s] GC(15) Archive regions: 2->2
[2022-12-05T15:21:38.211+0100][3783.748s] GC(15) Humongous regions: 8->8
[2022-12-05T15:21:38.211+0100][3783.748s] GC(15) Metaspace: 65057K(65728K)->65057K(65728K) NonClass: 57453K(57792K)->57453K(57792K) Class: 7603K(7936K)->7603K(7936K)
[2022-12-05T15:21:38.211+0100][3783.748s] GC(15) Pause Young (Normal) (G1 Evacuation Pause) 353M->80M(512M) 17.275ms
[2022-12-05T15:21:38.211+0100][3783.748s] GC(15) User=0.09s Sys=0.00s Real=0.02s
[2022-12-05T17:50:40.711+0100][11803.578s] GC(16) Pause Young (Normal) (G1 Evacuation Pause)
[2022-12-05T17:50:40.717+0100][11803.584s] GC(16) Using 10 workers of 10 for evacuation
[2022-12-05T17:50:40.735+0100][11803.602s] GC(16)   Pre Evacuate Collection Set: 0.3ms
[2022-12-05T17:50:40.735+0100][11803.602s] GC(16)   Merge Heap Roots: 0.3ms
[2022-12-05T17:50:40.735+0100][11803.602s] GC(16)   Evacuate Collection Set: 15.0ms
[2022-12-05T17:50:40.735+0100][11803.602s] GC(16)   Post Evacuate Collection Set: 1.9ms
[2022-12-05T17:50:40.735+0100][11803.602s] GC(16)   Other: 6.5ms
[2022-12-05T17:50:40.735+0100][11803.602s] GC(16) Eden regions: 286->0(284)
[2022-12-05T17:50:40.735+0100][11803.602s] GC(16) Survivor regions: 21->23(39)
[2022-12-05T17:50:40.735+0100][11803.602s] GC(16) Old regions: 51->51
[2022-12-05T17:50:40.735+0100][11803.602s] GC(16) Archive regions: 2->2
[2022-12-05T17:50:40.735+0100][11803.602s] GC(16) Humongous regions: 8->8
[2022-12-05T17:50:40.735+0100][11803.602s] GC(16) Metaspace: 66309K(66944K)->66309K(66944K) NonClass: 58668K(58944K)->58668K(58944K) Class: 7640K(8000K)->7640K(8000K)
[2022-12-05T17:50:40.735+0100][11803.602s] GC(16) Pause Young (Normal) (G1 Evacuation Pause) 366M->82M(512M) 24.131ms
[2022-12-05T17:50:40.735+0100][11803.602s] GC(16) User=0.16s Sys=0.00s Real=0.02s
[2022-12-05T19:18:49.889+0100][14456.722s] Heap
[2022-12-05T19:18:49.889+0100][14456.722s]  garbage-first heap   total 524288K, used 259938K [0x00000000e0000000, 0x0000000100000000)
[2022-12-05T19:18:49.889+0100][14456.722s]   region size 1024K, 195 young (199680K), 23 survivors (23552K)
[2022-12-05T19:18:49.889+0100][14456.722s]  Metaspace       used 66813K, committed 67456K, reserved 1114112K
[2022-12-05T19:18:49.889+0100][14456.722s]   class space    used 7674K, committed 8000K, reserved 1048576K
