[2022-12-14T16:07:57.198+0100][0.028s] Using G1
[2022-12-14T16:07:57.246+0100][0.075s] Version: 17.0.5+8-Ubuntu-2ubuntu120.04 (release)
[2022-12-14T16:07:57.246+0100][0.075s] CPUs: 12 total, 12 available
[2022-12-14T16:07:57.246+0100][0.075s] Memory: 15745M
[2022-12-14T16:07:57.246+0100][0.075s] Large Page Support: Disabled
[2022-12-14T16:07:57.246+0100][0.075s] NUMA Support: Disabled
[2022-12-14T16:07:57.246+0100][0.075s] Compressed Oops: Enabled (32-bit)
[2022-12-14T16:07:57.246+0100][0.075s] Heap Region Size: 1M
[2022-12-14T16:07:57.246+0100][0.075s] Heap Min Capacity: 512M
[2022-12-14T16:07:57.246+0100][0.075s] Heap Initial Capacity: 512M
[2022-12-14T16:07:57.246+0100][0.075s] Heap Max Capacity: 512M
[2022-12-14T16:07:57.246+0100][0.075s] Pre-touch: Enabled
[2022-12-14T16:07:57.246+0100][0.075s] Parallel Workers: 10
[2022-12-14T16:07:57.246+0100][0.075s] Concurrent Workers: 3
[2022-12-14T16:07:57.246+0100][0.075s] Concurrent Refinement Workers: 10
[2022-12-14T16:07:57.246+0100][0.075s] Periodic GC: Disabled
[2022-12-14T16:07:57.246+0100][0.076s] CDS archive(s) mapped at: [0x0000000800000000-0x0000000800be3000-0x0000000800be3000), size 12464128, SharedBaseAddress: 0x0000000800000000, ArchiveRelocationMode: 0.
[2022-12-14T16:07:57.246+0100][0.076s] Compressed class space mapped at: 0x0000000800c00000-0x0000000840c00000, reserved size: 1073741824
[2022-12-14T16:07:57.246+0100][0.076s] Narrow klass base: 0x0000000800000000, Narrow klass shift: 0, Narrow klass range: 0x100000000
[2022-12-14T16:07:57.766+0100][0.596s] GC(0) Pause Young (Normal) (G1 Evacuation Pause)
[2022-12-14T16:07:57.767+0100][0.596s] GC(0) Using 10 workers of 10 for evacuation
[2022-12-14T16:07:57.768+0100][0.598s] GC(0)   Pre Evacuate Collection Set: 0.1ms
[2022-12-14T16:07:57.768+0100][0.598s] GC(0)   Merge Heap Roots: 0.0ms
[2022-12-14T16:07:57.768+0100][0.598s] GC(0)   Evacuate Collection Set: 1.3ms
[2022-12-14T16:07:57.768+0100][0.598s] GC(0)   Post Evacuate Collection Set: 0.3ms
[2022-12-14T16:07:57.768+0100][0.598s] GC(0)   Other: 0.1ms
[2022-12-14T16:07:57.768+0100][0.598s] GC(0) Eden regions: 29->0(66)
[2022-12-14T16:07:57.768+0100][0.598s] GC(0) Survivor regions: 0->4(4)
[2022-12-14T16:07:57.768+0100][0.598s] GC(0) Old regions: 0->0
[2022-12-14T16:07:57.768+0100][0.598s] GC(0) Archive regions: 2->2
[2022-12-14T16:07:57.768+0100][0.598s] GC(0) Humongous regions: 0->0
[2022-12-14T16:07:57.768+0100][0.598s] GC(0) Metaspace: 6861K(7040K)->6861K(7040K) NonClass: 6069K(6208K)->6069K(6208K) Class: 791K(832K)->791K(832K)
[2022-12-14T16:07:57.768+0100][0.598s] GC(0) Pause Young (Normal) (G1 Evacuation Pause) 29M->4M(512M) 1.813ms
[2022-12-14T16:07:57.768+0100][0.598s] GC(0) User=0.01s Sys=0.01s Real=0.00s
[2022-12-14T16:07:58.353+0100][1.182s] GC(1) Pause Young (Normal) (G1 Evacuation Pause)
[2022-12-14T16:07:58.353+0100][1.182s] GC(1) Using 10 workers of 10 for evacuation
[2022-12-14T16:07:58.362+0100][1.192s] GC(1)   Pre Evacuate Collection Set: 0.1ms
[2022-12-14T16:07:58.362+0100][1.192s] GC(1)   Merge Heap Roots: 0.0ms
[2022-12-14T16:07:58.362+0100][1.192s] GC(1)   Evacuate Collection Set: 8.0ms
[2022-12-14T16:07:58.362+0100][1.192s] GC(1)   Post Evacuate Collection Set: 1.1ms
[2022-12-14T16:07:58.362+0100][1.192s] GC(1)   Other: 0.2ms
[2022-12-14T16:07:58.362+0100][1.192s] GC(1) Eden regions: 66->0(231)
[2022-12-14T16:07:58.362+0100][1.192s] GC(1) Survivor regions: 4->9(9)
[2022-12-14T16:07:58.362+0100][1.192s] GC(1) Old regions: 0->5
[2022-12-14T16:07:58.362+0100][1.192s] GC(1) Archive regions: 2->2
[2022-12-14T16:07:58.362+0100][1.192s] GC(1) Humongous regions: 4->4
[2022-12-14T16:07:58.362+0100][1.192s] GC(1) Metaspace: 16364K(16640K)->16364K(16640K) NonClass: 14437K(14592K)->14437K(14592K) Class: 1926K(2048K)->1926K(2048K)
[2022-12-14T16:07:58.362+0100][1.192s] GC(1) Pause Young (Normal) (G1 Evacuation Pause) 74M->18M(512M) 9.564ms
[2022-12-14T16:07:58.362+0100][1.192s] GC(1) User=0.07s Sys=0.00s Real=0.01s
[2022-12-14T16:07:58.833+0100][1.662s] GC(2) Pause Young (Concurrent Start) (Metadata GC Threshold)
[2022-12-14T16:07:58.833+0100][1.662s] GC(2) Using 10 workers of 10 for evacuation
[2022-12-14T16:07:58.838+0100][1.668s] GC(2)   Pre Evacuate Collection Set: 0.1ms
[2022-12-14T16:07:58.838+0100][1.668s] GC(2)   Merge Heap Roots: 0.1ms
[2022-12-14T16:07:58.838+0100][1.668s] GC(2)   Evacuate Collection Set: 4.1ms
[2022-12-14T16:07:58.838+0100][1.668s] GC(2)   Post Evacuate Collection Set: 1.2ms
[2022-12-14T16:07:58.838+0100][1.668s] GC(2)   Other: 0.2ms
[2022-12-14T16:07:58.838+0100][1.668s] GC(2) Eden regions: 204->0(293)
[2022-12-14T16:07:58.838+0100][1.668s] GC(2) Survivor regions: 9->14(27)
[2022-12-14T16:07:58.838+0100][1.668s] GC(2) Old regions: 5->5
[2022-12-14T16:07:58.838+0100][1.668s] GC(2) Archive regions: 2->2
[2022-12-14T16:07:58.838+0100][1.668s] GC(2) Humongous regions: 4->4
[2022-12-14T16:07:58.838+0100][1.668s] GC(2) Metaspace: 21222K(21504K)->21222K(21504K) NonClass: 18805K(18944K)->18805K(18944K) Class: 2416K(2560K)->2416K(2560K)
[2022-12-14T16:07:58.838+0100][1.668s] GC(2) Pause Young (Concurrent Start) (Metadata GC Threshold) 221M->23M(512M) 5.733ms
[2022-12-14T16:07:58.838+0100][1.668s] GC(2) User=0.05s Sys=0.00s Real=0.00s
[2022-12-14T16:07:58.838+0100][1.668s] GC(3) Concurrent Mark Cycle
[2022-12-14T16:07:58.838+0100][1.668s] GC(3) Concurrent Clear Claimed Marks
[2022-12-14T16:07:58.838+0100][1.668s] GC(3) Concurrent Clear Claimed Marks 0.023ms
[2022-12-14T16:07:58.839+0100][1.668s] GC(3) Concurrent Scan Root Regions
[2022-12-14T16:07:58.841+0100][1.670s] GC(3) Concurrent Scan Root Regions 2.457ms
[2022-12-14T16:07:58.841+0100][1.671s] GC(3) Concurrent Mark
[2022-12-14T16:07:58.841+0100][1.671s] GC(3) Concurrent Mark From Roots
[2022-12-14T16:07:58.841+0100][1.671s] GC(3) Using 3 workers of 3 for marking
[2022-12-14T16:07:58.845+0100][1.675s] GC(3) Concurrent Mark From Roots 4.471ms
[2022-12-14T16:07:58.845+0100][1.675s] GC(3) Concurrent Preclean
[2022-12-14T16:07:58.846+0100][1.675s] GC(3) Concurrent Preclean 0.054ms
[2022-12-14T16:07:58.846+0100][1.675s] GC(3) Pause Remark
[2022-12-14T16:07:58.847+0100][1.676s] GC(3) Pause Remark 26M->26M(512M) 1.026ms
[2022-12-14T16:07:58.847+0100][1.676s] GC(3) User=0.02s Sys=0.00s Real=0.00s
[2022-12-14T16:07:58.847+0100][1.676s] GC(3) Concurrent Mark 5.790ms
[2022-12-14T16:07:58.847+0100][1.676s] GC(3) Concurrent Rebuild Remembered Sets
[2022-12-14T16:07:58.849+0100][1.679s] GC(3) Concurrent Rebuild Remembered Sets 2.549ms
[2022-12-14T16:07:58.850+0100][1.679s] GC(3) Pause Cleanup
[2022-12-14T16:07:58.850+0100][1.679s] GC(3) Pause Cleanup 27M->27M(512M) 0.114ms
[2022-12-14T16:07:58.850+0100][1.679s] GC(3) User=0.00s Sys=0.00s Real=0.00s
[2022-12-14T16:07:58.850+0100][1.679s] GC(3) Concurrent Cleanup for Next Mark
[2022-12-14T16:07:58.850+0100][1.680s] GC(3) Concurrent Cleanup for Next Mark 0.336ms
[2022-12-14T16:07:58.850+0100][1.680s] GC(3) Concurrent Mark Cycle 11.799ms
[2022-12-14T16:08:00.711+0100][3.541s] GC(4) Pause Young (Normal) (G1 Evacuation Pause)
[2022-12-14T16:08:00.711+0100][3.541s] GC(4) Using 10 workers of 10 for evacuation
[2022-12-14T16:08:00.719+0100][3.549s] GC(4)   Pre Evacuate Collection Set: 0.1ms
[2022-12-14T16:08:00.720+0100][3.549s] GC(4)   Merge Heap Roots: 0.1ms
[2022-12-14T16:08:00.720+0100][3.549s] GC(4)   Evacuate Collection Set: 7.2ms
[2022-12-14T16:08:00.720+0100][3.549s] GC(4)   Post Evacuate Collection Set: 0.8ms
[2022-12-14T16:08:00.720+0100][3.549s] GC(4)   Other: 0.2ms
[2022-12-14T16:08:00.720+0100][3.549s] GC(4) Eden regions: 293->0(283)
[2022-12-14T16:08:00.720+0100][3.549s] GC(4) Survivor regions: 14->24(39)
[2022-12-14T16:08:00.720+0100][3.549s] GC(4) Old regions: 5->5
[2022-12-14T16:08:00.720+0100][3.549s] GC(4) Archive regions: 2->2
[2022-12-14T16:08:00.720+0100][3.549s] GC(4) Humongous regions: 4->4
[2022-12-14T16:08:00.720+0100][3.549s] GC(4) Metaspace: 34206K(34560K)->34206K(34560K) NonClass: 30272K(30464K)->30272K(30464K) Class: 3934K(4096K)->3934K(4096K)
[2022-12-14T16:08:00.720+0100][3.549s] GC(4) Pause Young (Normal) (G1 Evacuation Pause) 316M->32M(512M) 8.356ms
[2022-12-14T16:08:00.720+0100][3.549s] GC(4) User=0.08s Sys=0.00s Real=0.00s
[2022-12-14T16:08:00.823+0100][3.652s] GC(5) Pause Young (Concurrent Start) (Metadata GC Threshold)
[2022-12-14T16:08:00.823+0100][3.652s] GC(5) Using 10 workers of 10 for evacuation
[2022-12-14T16:08:00.830+0100][3.659s] GC(5)   Pre Evacuate Collection Set: 0.1ms
[2022-12-14T16:08:00.830+0100][3.659s] GC(5)   Merge Heap Roots: 0.0ms
[2022-12-14T16:08:00.830+0100][3.659s] GC(5)   Evacuate Collection Set: 6.2ms
[2022-12-14T16:08:00.830+0100][3.659s] GC(5)   Post Evacuate Collection Set: 0.5ms
[2022-12-14T16:08:00.830+0100][3.659s] GC(5)   Other: 0.1ms
[2022-12-14T16:08:00.830+0100][3.659s] GC(5) Eden regions: 40->0(290)
[2022-12-14T16:08:00.830+0100][3.659s] GC(5) Survivor regions: 24->17(39)
[2022-12-14T16:08:00.830+0100][3.659s] GC(5) Old regions: 5->14
[2022-12-14T16:08:00.830+0100][3.659s] GC(5) Archive regions: 2->2
[2022-12-14T16:08:00.830+0100][3.659s] GC(5) Humongous regions: 4->4
[2022-12-14T16:08:00.830+0100][3.659s] GC(5) Metaspace: 35723K(36096K)->35723K(36096K) NonClass: 31588K(31744K)->31588K(31744K) Class: 4135K(4352K)->4135K(4352K)
[2022-12-14T16:08:00.830+0100][3.659s] GC(5) Pause Young (Concurrent Start) (Metadata GC Threshold) 72M->34M(512M) 7.083ms
[2022-12-14T16:08:00.830+0100][3.659s] GC(5) User=0.06s Sys=0.00s Real=0.00s
[2022-12-14T16:08:00.830+0100][3.659s] GC(6) Concurrent Mark Cycle
[2022-12-14T16:08:00.830+0100][3.659s] GC(6) Concurrent Clear Claimed Marks
[2022-12-14T16:08:00.830+0100][3.659s] GC(6) Concurrent Clear Claimed Marks 0.029ms
[2022-12-14T16:08:00.830+0100][3.659s] GC(6) Concurrent Scan Root Regions
[2022-12-14T16:08:00.836+0100][3.665s] GC(6) Concurrent Scan Root Regions 5.944ms
[2022-12-14T16:08:00.836+0100][3.665s] GC(6) Concurrent Mark
[2022-12-14T16:08:00.836+0100][3.665s] GC(6) Concurrent Mark From Roots
[2022-12-14T16:08:00.836+0100][3.665s] GC(6) Using 3 workers of 3 for marking
[2022-12-14T16:08:00.841+0100][3.670s] GC(6) Concurrent Mark From Roots 4.927ms
[2022-12-14T16:08:00.841+0100][3.670s] GC(6) Concurrent Preclean
[2022-12-14T16:08:00.841+0100][3.671s] GC(6) Concurrent Preclean 0.084ms
[2022-12-14T16:08:00.841+0100][3.671s] GC(6) Pause Remark
[2022-12-14T16:08:00.843+0100][3.672s] GC(6) Pause Remark 37M->37M(512M) 1.479ms
[2022-12-14T16:08:00.843+0100][3.672s] GC(6) User=0.03s Sys=0.00s Real=0.01s
[2022-12-14T16:08:00.843+0100][3.672s] GC(6) Concurrent Mark 6.689ms
[2022-12-14T16:08:00.843+0100][3.672s] GC(6) Concurrent Rebuild Remembered Sets
[2022-12-14T16:08:00.849+0100][3.679s] GC(6) Concurrent Rebuild Remembered Sets 6.620ms
[2022-12-14T16:08:00.849+0100][3.679s] GC(6) Pause Cleanup
[2022-12-14T16:08:00.850+0100][3.679s] GC(6) Pause Cleanup 40M->40M(512M) 0.105ms
[2022-12-14T16:08:00.850+0100][3.679s] GC(6) User=0.00s Sys=0.00s Real=0.00s
[2022-12-14T16:08:00.850+0100][3.679s] GC(6) Concurrent Cleanup for Next Mark
[2022-12-14T16:08:00.850+0100][3.680s] GC(6) Concurrent Cleanup for Next Mark 0.425ms
[2022-12-14T16:08:00.850+0100][3.680s] GC(6) Concurrent Mark Cycle 20.180ms
[2022-12-14T16:08:01.292+0100][4.121s] GC(7) Pause Young (Normal) (G1 Evacuation Pause)
[2022-12-14T16:08:01.292+0100][4.121s] GC(7) Using 10 workers of 10 for evacuation
[2022-12-14T16:08:01.297+0100][4.127s] GC(7)   Pre Evacuate Collection Set: 0.1ms
[2022-12-14T16:08:01.298+0100][4.127s] GC(7)   Merge Heap Roots: 0.1ms
[2022-12-14T16:08:01.298+0100][4.127s] GC(7)   Evacuate Collection Set: 4.9ms
[2022-12-14T16:08:01.298+0100][4.127s] GC(7)   Post Evacuate Collection Set: 0.6ms
[2022-12-14T16:08:01.298+0100][4.127s] GC(7)   Other: 0.1ms
[2022-12-14T16:08:01.298+0100][4.127s] GC(7) Eden regions: 290->0(287)
[2022-12-14T16:08:01.298+0100][4.127s] GC(7) Survivor regions: 17->20(39)
[2022-12-14T16:08:01.298+0100][4.127s] GC(7) Old regions: 14->14
[2022-12-14T16:08:01.298+0100][4.127s] GC(7) Archive regions: 2->2
[2022-12-14T16:08:01.298+0100][4.127s] GC(7) Humongous regions: 5->4
[2022-12-14T16:08:01.298+0100][4.127s] GC(7) Metaspace: 43613K(44096K)->43613K(44096K) NonClass: 38417K(38656K)->38417K(38656K) Class: 5196K(5440K)->5196K(5440K)
[2022-12-14T16:08:01.298+0100][4.127s] GC(7) Pause Young (Normal) (G1 Evacuation Pause) 325M->37M(512M) 5.797ms
[2022-12-14T16:08:01.298+0100][4.127s] GC(7) User=0.06s Sys=0.00s Real=0.00s
[2022-12-14T16:08:01.711+0100][4.541s] GC(8) Pause Young (Normal) (G1 Evacuation Pause)
[2022-12-14T16:08:01.711+0100][4.541s] GC(8) Using 10 workers of 10 for evacuation
[2022-12-14T16:08:01.721+0100][4.550s] GC(8)   Pre Evacuate Collection Set: 0.1ms
[2022-12-14T16:08:01.721+0100][4.550s] GC(8)   Merge Heap Roots: 0.1ms
[2022-12-14T16:08:01.721+0100][4.550s] GC(8)   Evacuate Collection Set: 8.3ms
[2022-12-14T16:08:01.721+0100][4.550s] GC(8)   Post Evacuate Collection Set: 0.7ms
[2022-12-14T16:08:01.721+0100][4.550s] GC(8)   Other: 0.1ms
[2022-12-14T16:08:01.721+0100][4.550s] GC(8) Eden regions: 287->0(276)
[2022-12-14T16:08:01.721+0100][4.550s] GC(8) Survivor regions: 20->31(39)
[2022-12-14T16:08:01.721+0100][4.550s] GC(8) Old regions: 14->14
[2022-12-14T16:08:01.721+0100][4.550s] GC(8) Archive regions: 2->2
[2022-12-14T16:08:01.721+0100][4.550s] GC(8) Humongous regions: 4->4
[2022-12-14T16:08:01.721+0100][4.550s] GC(8) Metaspace: 48840K(49344K)->48840K(49344K) NonClass: 42945K(43200K)->42945K(43200K) Class: 5895K(6144K)->5895K(6144K)
[2022-12-14T16:08:01.721+0100][4.550s] GC(8) Pause Young (Normal) (G1 Evacuation Pause) 324M->49M(512M) 9.248ms
[2022-12-14T16:08:01.721+0100][4.550s] GC(8) User=0.09s Sys=0.00s Real=0.00s
[2022-12-14T16:08:02.084+0100][4.913s] GC(9) Pause Young (Normal) (G1 Evacuation Pause)
[2022-12-14T16:08:02.084+0100][4.913s] GC(9) Using 10 workers of 10 for evacuation
[2022-12-14T16:08:02.099+0100][4.928s] GC(9)   Pre Evacuate Collection Set: 0.1ms
[2022-12-14T16:08:02.099+0100][4.928s] GC(9)   Merge Heap Roots: 0.1ms
[2022-12-14T16:08:02.099+0100][4.928s] GC(9)   Evacuate Collection Set: 14.0ms
[2022-12-14T16:08:02.099+0100][4.928s] GC(9)   Post Evacuate Collection Set: 0.9ms
[2022-12-14T16:08:02.099+0100][4.928s] GC(9)   Other: 0.2ms
[2022-12-14T16:08:02.099+0100][4.928s] GC(9) Eden regions: 276->0(274)
[2022-12-14T16:08:02.099+0100][4.928s] GC(9) Survivor regions: 31->33(39)
[2022-12-14T16:08:02.099+0100][4.928s] GC(9) Old regions: 14->27
[2022-12-14T16:08:02.099+0100][4.928s] GC(9) Archive regions: 2->2
[2022-12-14T16:08:02.099+0100][4.928s] GC(9) Humongous regions: 7->5
[2022-12-14T16:08:02.099+0100][4.928s] GC(9) Metaspace: 49927K(50432K)->49927K(50432K) NonClass: 43934K(44160K)->43934K(44160K) Class: 5993K(6272K)->5993K(6272K)
[2022-12-14T16:08:02.099+0100][4.928s] GC(9) Pause Young (Normal) (G1 Evacuation Pause) 328M->65M(512M) 15.282ms
[2022-12-14T16:08:02.099+0100][4.929s] GC(9) User=0.13s Sys=0.00s Real=0.01s
[2022-12-14T16:08:31.136+0100][33.966s] GC(10) Pause Young (Normal) (G1 Evacuation Pause)
[2022-12-14T16:08:31.136+0100][33.966s] GC(10) Using 10 workers of 10 for evacuation
[2022-12-14T16:08:31.155+0100][33.985s] GC(10)   Pre Evacuate Collection Set: 0.2ms
[2022-12-14T16:08:31.155+0100][33.985s] GC(10)   Merge Heap Roots: 0.1ms
[2022-12-14T16:08:31.155+0100][33.985s] GC(10)   Evacuate Collection Set: 17.8ms
[2022-12-14T16:08:31.155+0100][33.985s] GC(10)   Post Evacuate Collection Set: 0.9ms
[2022-12-14T16:08:31.155+0100][33.985s] GC(10)   Other: 0.3ms
[2022-12-14T16:08:31.155+0100][33.985s] GC(10) Eden regions: 274->0(281)
[2022-12-14T16:08:31.155+0100][33.985s] GC(10) Survivor regions: 33->26(39)
[2022-12-14T16:08:31.155+0100][33.985s] GC(10) Old regions: 27->44
[2022-12-14T16:08:31.155+0100][33.985s] GC(10) Archive regions: 2->2
[2022-12-14T16:08:31.155+0100][33.985s] GC(10) Humongous regions: 10->8
[2022-12-14T16:08:31.155+0100][33.985s] GC(10) Metaspace: 53446K(53888K)->53446K(53888K) NonClass: 47056K(47296K)->47056K(47296K) Class: 6389K(6592K)->6389K(6592K)
[2022-12-14T16:08:31.155+0100][33.985s] GC(10) Pause Young (Normal) (G1 Evacuation Pause) 344M->77M(512M) 19.305ms
[2022-12-14T16:08:31.155+0100][33.985s] GC(10) User=0.12s Sys=0.01s Real=0.02s
[2022-12-14T16:11:13.671+0100][196.501s] GC(11) Pause Young (Normal) (G1 Evacuation Pause)
[2022-12-14T16:11:13.671+0100][196.501s] GC(11) Using 10 workers of 10 for evacuation
[2022-12-14T16:11:13.684+0100][196.513s] GC(11)   Pre Evacuate Collection Set: 0.1ms
[2022-12-14T16:11:13.684+0100][196.513s] GC(11)   Merge Heap Roots: 0.8ms
[2022-12-14T16:11:13.684+0100][196.513s] GC(11)   Evacuate Collection Set: 10.6ms
[2022-12-14T16:11:13.684+0100][196.513s] GC(11)   Post Evacuate Collection Set: 0.7ms
[2022-12-14T16:11:13.684+0100][196.513s] GC(11)   Other: 0.2ms
[2022-12-14T16:11:13.684+0100][196.513s] GC(11) Eden regions: 281->0(291)
[2022-12-14T16:11:13.684+0100][196.513s] GC(11) Survivor regions: 26->16(39)
[2022-12-14T16:11:13.684+0100][196.513s] GC(11) Old regions: 44->59
[2022-12-14T16:11:13.684+0100][196.513s] GC(11) Archive regions: 2->2
[2022-12-14T16:11:13.684+0100][196.513s] GC(11) Humongous regions: 8->8
[2022-12-14T16:11:13.684+0100][196.513s] GC(11) Metaspace: 59634K(60352K)->59634K(60352K) NonClass: 52441K(52800K)->52441K(52800K) Class: 7192K(7552K)->7192K(7552K)
[2022-12-14T16:11:13.684+0100][196.513s] GC(11) Pause Young (Normal) (G1 Evacuation Pause) 358M->83M(512M) 12.430ms
[2022-12-14T16:11:13.684+0100][196.513s] GC(11) User=0.10s Sys=0.00s Real=0.01s
[2022-12-14T16:39:26.113+0100][1888.943s] GC(12) Pause Young (Concurrent Start) (Metadata GC Threshold)
[2022-12-14T16:39:26.113+0100][1888.943s] GC(12) Using 10 workers of 10 for evacuation
[2022-12-14T16:39:26.126+0100][1888.955s] GC(12)   Pre Evacuate Collection Set: 0.3ms
[2022-12-14T16:39:26.126+0100][1888.956s] GC(12)   Merge Heap Roots: 0.2ms
[2022-12-14T16:39:26.126+0100][1888.956s] GC(12)   Evacuate Collection Set: 10.9ms
[2022-12-14T16:39:26.126+0100][1888.956s] GC(12)   Post Evacuate Collection Set: 0.9ms
[2022-12-14T16:39:26.126+0100][1888.956s] GC(12)   Other: 0.3ms
[2022-12-14T16:39:26.126+0100][1888.956s] GC(12) Eden regions: 71->0(292)
[2022-12-14T16:39:26.126+0100][1888.956s] GC(12) Survivor regions: 16->15(39)
[2022-12-14T16:39:26.126+0100][1888.956s] GC(12) Old regions: 59->59
[2022-12-14T16:39:26.126+0100][1888.956s] GC(12) Archive regions: 2->2
[2022-12-14T16:39:26.126+0100][1888.956s] GC(12) Humongous regions: 8->8
[2022-12-14T16:39:26.126+0100][1888.956s] GC(12) Metaspace: 60000K(60608K)->60000K(60608K) NonClass: 52770K(53056K)->52770K(53056K) Class: 7230K(7552K)->7230K(7552K)
[2022-12-14T16:39:26.126+0100][1888.956s] GC(12) Pause Young (Concurrent Start) (Metadata GC Threshold) 154M->82M(512M) 12.838ms
[2022-12-14T16:39:26.126+0100][1888.956s] GC(12) User=0.12s Sys=0.00s Real=0.01s
[2022-12-14T16:39:26.126+0100][1888.956s] GC(13) Concurrent Mark Cycle
[2022-12-14T16:39:26.126+0100][1888.956s] GC(13) Concurrent Clear Claimed Marks
[2022-12-14T16:39:26.127+0100][1888.956s] GC(13) Concurrent Clear Claimed Marks 0.114ms
[2022-12-14T16:39:26.127+0100][1888.956s] GC(13) Concurrent Scan Root Regions
[2022-12-14T16:39:26.135+0100][1888.964s] GC(13) Concurrent Scan Root Regions 8.207ms
[2022-12-14T16:39:26.135+0100][1888.964s] GC(13) Concurrent Mark
[2022-12-14T16:39:26.135+0100][1888.964s] GC(13) Concurrent Mark From Roots
[2022-12-14T16:39:26.135+0100][1888.964s] GC(13) Using 3 workers of 3 for marking
[2022-12-14T16:39:26.226+0100][1889.055s] GC(13) Concurrent Mark From Roots 90.779ms
[2022-12-14T16:39:26.226+0100][1889.055s] GC(13) Concurrent Preclean
[2022-12-14T16:39:26.227+0100][1889.057s] GC(13) Concurrent Preclean 1.665ms
[2022-12-14T16:39:26.228+0100][1889.057s] GC(13) Pause Remark
[2022-12-14T16:39:26.245+0100][1889.075s] GC(13) Pause Remark 90M->90M(512M) 17.535ms
[2022-12-14T16:39:26.245+0100][1889.075s] GC(13) User=0.16s Sys=0.00s Real=0.02s
[2022-12-14T16:39:26.246+0100][1889.075s] GC(13) Concurrent Mark 110.654ms
[2022-12-14T16:39:26.246+0100][1889.075s] GC(13) Concurrent Rebuild Remembered Sets
[2022-12-14T16:39:26.292+0100][1889.121s] GC(13) Concurrent Rebuild Remembered Sets 46.222ms
[2022-12-14T16:39:26.292+0100][1889.122s] GC(13) Pause Cleanup
[2022-12-14T16:39:26.293+0100][1889.122s] GC(13) Pause Cleanup 92M->92M(512M) 0.365ms
[2022-12-14T16:39:26.293+0100][1889.122s] GC(13) User=0.00s Sys=0.00s Real=0.00s
[2022-12-14T16:39:26.293+0100][1889.122s] GC(13) Concurrent Cleanup for Next Mark
[2022-12-14T16:39:26.293+0100][1889.123s] GC(13) Concurrent Cleanup for Next Mark 0.778ms
[2022-12-14T16:39:26.294+0100][1889.123s] GC(13) Concurrent Mark Cycle 167.127ms
[2022-12-14T16:57:05.260+0100][2948.090s] GC(14) Pause Young (Prepare Mixed) (G1 Evacuation Pause)
[2022-12-14T16:57:05.260+0100][2948.090s] GC(14) Using 10 workers of 10 for evacuation
[2022-12-14T16:57:05.265+0100][2948.095s] GC(14)   Pre Evacuate Collection Set: 0.1ms
[2022-12-14T16:57:05.265+0100][2948.095s] GC(14)   Merge Heap Roots: 0.1ms
[2022-12-14T16:57:05.265+0100][2948.095s] GC(14)   Evacuate Collection Set: 4.3ms
[2022-12-14T16:57:05.265+0100][2948.095s] GC(14)   Post Evacuate Collection Set: 0.6ms
[2022-12-14T16:57:05.265+0100][2948.095s] GC(14)   Other: 0.1ms
[2022-12-14T16:57:05.265+0100][2948.095s] GC(14) Eden regions: 292->0(9)
[2022-12-14T16:57:05.265+0100][2948.095s] GC(14) Survivor regions: 15->16(39)
[2022-12-14T16:57:05.265+0100][2948.095s] GC(14) Old regions: 59->59
[2022-12-14T16:57:05.265+0100][2948.095s] GC(14) Archive regions: 2->2
[2022-12-14T16:57:05.265+0100][2948.095s] GC(14) Humongous regions: 8->8
[2022-12-14T16:57:05.265+0100][2948.095s] GC(14) Metaspace: 60495K(61184K)->60495K(61184K) NonClass: 53283K(53568K)->53283K(53568K) Class: 7211K(7616K)->7211K(7616K)
[2022-12-14T16:57:05.265+0100][2948.095s] GC(14) Pause Young (Prepare Mixed) (G1 Evacuation Pause) 374M->83M(512M) 5.339ms
[2022-12-14T16:57:05.265+0100][2948.095s] GC(14) User=0.05s Sys=0.00s Real=0.01s
[2022-12-14T16:57:05.302+0100][2948.132s] GC(15) Pause Young (Mixed) (G1 Evacuation Pause)
[2022-12-14T16:57:05.303+0100][2948.132s] GC(15) Using 10 workers of 10 for evacuation
[2022-12-14T16:57:05.307+0100][2948.137s] GC(15)   Pre Evacuate Collection Set: 0.1ms
[2022-12-14T16:57:05.307+0100][2948.137s] GC(15)   Merge Heap Roots: 0.0ms
[2022-12-14T16:57:05.307+0100][2948.137s] GC(15)   Evacuate Collection Set: 4.0ms
[2022-12-14T16:57:05.307+0100][2948.137s] GC(15)   Post Evacuate Collection Set: 0.3ms
[2022-12-14T16:57:05.307+0100][2948.137s] GC(15)   Other: 0.1ms
[2022-12-14T16:57:05.307+0100][2948.137s] GC(15) Eden regions: 9->0(304)
[2022-12-14T16:57:05.307+0100][2948.137s] GC(15) Survivor regions: 16->3(4)
[2022-12-14T16:57:05.307+0100][2948.137s] GC(15) Old regions: 59->73
[2022-12-14T16:57:05.307+0100][2948.137s] GC(15) Archive regions: 2->2
[2022-12-14T16:57:05.307+0100][2948.137s] GC(15) Humongous regions: 8->8
[2022-12-14T16:57:05.307+0100][2948.137s] GC(15) Metaspace: 60504K(61184K)->60504K(61184K) NonClass: 53292K(53568K)->53292K(53568K) Class: 7211K(7616K)->7211K(7616K)
[2022-12-14T16:57:05.307+0100][2948.137s] GC(15) Pause Young (Mixed) (G1 Evacuation Pause) 92M->84M(512M) 4.630ms
[2022-12-14T16:57:05.307+0100][2948.137s] GC(15) User=0.04s Sys=0.00s Real=0.00s
[2022-12-14T17:18:07.570+0100][4210.400s] GC(16) Pause Young (Normal) (G1 Evacuation Pause)
[2022-12-14T17:18:07.570+0100][4210.400s] GC(16) Using 10 workers of 10 for evacuation
[2022-12-14T17:18:07.582+0100][4210.412s] GC(16)   Pre Evacuate Collection Set: 0.3ms
[2022-12-14T17:18:07.582+0100][4210.412s] GC(16)   Merge Heap Roots: 0.3ms
[2022-12-14T17:18:07.582+0100][4210.412s] GC(16)   Evacuate Collection Set: 9.8ms
[2022-12-14T17:18:07.582+0100][4210.412s] GC(16)   Post Evacuate Collection Set: 1.1ms
[2022-12-14T17:18:07.582+0100][4210.412s] GC(16)   Other: 0.4ms
[2022-12-14T17:18:07.582+0100][4210.412s] GC(16) Eden regions: 304->0(294)
[2022-12-14T17:18:07.582+0100][4210.412s] GC(16) Survivor regions: 3->13(39)
[2022-12-14T17:18:07.582+0100][4210.412s] GC(16) Old regions: 73->73
[2022-12-14T17:18:07.582+0100][4210.412s] GC(16) Archive regions: 2->2
[2022-12-14T17:18:07.582+0100][4210.412s] GC(16) Humongous regions: 8->8
[2022-12-14T17:18:07.582+0100][4210.412s] GC(16) Metaspace: 61406K(62016K)->61406K(62016K) NonClass: 54092K(54400K)->54092K(54400K) Class: 7314K(7616K)->7314K(7616K)
[2022-12-14T17:18:07.582+0100][4210.412s] GC(16) Pause Young (Normal) (G1 Evacuation Pause) 388M->93M(512M) 11.990ms
[2022-12-14T17:18:07.582+0100][4210.412s] GC(16) User=0.11s Sys=0.01s Real=0.01s
[2022-12-14T17:34:22.098+0100][5184.928s] GC(17) Pause Young (Normal) (G1 Evacuation Pause)
[2022-12-14T17:34:22.098+0100][5184.928s] GC(17) Using 10 workers of 10 for evacuation
[2022-12-14T17:34:22.114+0100][5184.944s] GC(17)   Pre Evacuate Collection Set: 0.2ms
[2022-12-14T17:34:22.114+0100][5184.944s] GC(17)   Merge Heap Roots: 0.2ms
[2022-12-14T17:34:22.114+0100][5184.944s] GC(17)   Evacuate Collection Set: 14.1ms
[2022-12-14T17:34:22.114+0100][5184.944s] GC(17)   Post Evacuate Collection Set: 1.4ms
[2022-12-14T17:34:22.114+0100][5184.944s] GC(17)   Other: 0.3ms
[2022-12-14T17:34:22.114+0100][5184.944s] GC(17) Eden regions: 294->0(283)
[2022-12-14T17:34:22.114+0100][5184.944s] GC(17) Survivor regions: 13->24(39)
[2022-12-14T17:34:22.114+0100][5184.944s] GC(17) Old regions: 73->73
[2022-12-14T17:34:22.114+0100][5184.944s] GC(17) Archive regions: 2->2
[2022-12-14T17:34:22.114+0100][5184.944s] GC(17) Humongous regions: 8->8
[2022-12-14T17:34:22.114+0100][5184.944s] GC(17) Metaspace: 62536K(63168K)->62536K(63168K) NonClass: 55192K(55488K)->55192K(55488K) Class: 7343K(7680K)->7343K(7680K)
[2022-12-14T17:34:22.114+0100][5184.944s] GC(17) Pause Young (Normal) (G1 Evacuation Pause) 387M->105M(512M) 16.152ms
[2022-12-14T17:34:22.114+0100][5184.944s] GC(17) User=0.09s Sys=0.01s Real=0.02s
[2022-12-14T17:54:56.679+0100][6419.509s] GC(18) Pause Young (Normal) (G1 Evacuation Pause)
[2022-12-14T17:54:56.679+0100][6419.509s] GC(18) Using 10 workers of 10 for evacuation
[2022-12-14T17:54:56.688+0100][6419.518s] GC(18)   Pre Evacuate Collection Set: 0.1ms
[2022-12-14T17:54:56.688+0100][6419.518s] GC(18)   Merge Heap Roots: 0.1ms
[2022-12-14T17:54:56.688+0100][6419.518s] GC(18)   Evacuate Collection Set: 7.7ms
[2022-12-14T17:54:56.688+0100][6419.518s] GC(18)   Post Evacuate Collection Set: 0.7ms
[2022-12-14T17:54:56.688+0100][6419.518s] GC(18)   Other: 0.2ms
[2022-12-14T17:54:56.688+0100][6419.518s] GC(18) Eden regions: 283->0(295)
[2022-12-14T17:54:56.688+0100][6419.518s] GC(18) Survivor regions: 24->12(39)
[2022-12-14T17:54:56.688+0100][6419.518s] GC(18) Old regions: 73->83
[2022-12-14T17:54:56.688+0100][6419.518s] GC(18) Archive regions: 2->2
[2022-12-14T17:54:56.688+0100][6419.518s] GC(18) Humongous regions: 8->8
[2022-12-14T17:54:56.688+0100][6419.518s] GC(18) Metaspace: 64417K(65024K)->64417K(65024K) NonClass: 56968K(57280K)->56968K(57280K) Class: 7448K(7744K)->7448K(7744K)
[2022-12-14T17:54:56.688+0100][6419.518s] GC(18) Pause Young (Normal) (G1 Evacuation Pause) 388M->103M(512M) 8.842ms
[2022-12-14T17:54:56.688+0100][6419.518s] GC(18) User=0.06s Sys=0.00s Real=0.01s
[2022-12-14T19:17:24.359+0100][11367.188s] Heap
[2022-12-14T19:17:24.359+0100][11367.188s]  garbage-first heap   total 524288K, used 284420K [0x00000000e0000000, 0x0000000100000000)
[2022-12-14T19:17:24.359+0100][11367.188s]   region size 1024K, 187 young (191488K), 12 survivors (12288K)
[2022-12-14T19:17:24.359+0100][11367.188s]  Metaspace       used 65068K, committed 65664K, reserved 1114112K
[2022-12-14T19:17:24.359+0100][11367.188s]   class space    used 7512K, committed 7808K, reserved 1048576K
