[2022-12-16T12:59:54.613+0100][0.024s] Using G1
[2022-12-16T12:59:54.670+0100][0.082s] Version: 17.0.5+8-Ubuntu-2ubuntu120.04 (release)
[2022-12-16T12:59:54.670+0100][0.082s] CPUs: 12 total, 12 available
[2022-12-16T12:59:54.670+0100][0.082s] Memory: 15745M
[2022-12-16T12:59:54.670+0100][0.082s] Large Page Support: Disabled
[2022-12-16T12:59:54.670+0100][0.082s] NUMA Support: Disabled
[2022-12-16T12:59:54.670+0100][0.082s] Compressed Oops: Enabled (32-bit)
[2022-12-16T12:59:54.670+0100][0.082s] Heap Region Size: 1M
[2022-12-16T12:59:54.671+0100][0.082s] Heap Min Capacity: 512M
[2022-12-16T12:59:54.671+0100][0.082s] Heap Initial Capacity: 512M
[2022-12-16T12:59:54.671+0100][0.082s] Heap Max Capacity: 512M
[2022-12-16T12:59:54.671+0100][0.082s] Pre-touch: Enabled
[2022-12-16T12:59:54.671+0100][0.082s] Parallel Workers: 10
[2022-12-16T12:59:54.671+0100][0.082s] Concurrent Workers: 3
[2022-12-16T12:59:54.671+0100][0.082s] Concurrent Refinement Workers: 10
[2022-12-16T12:59:54.671+0100][0.082s] Periodic GC: Disabled
[2022-12-16T12:59:54.671+0100][0.082s] CDS archive(s) mapped at: [0x0000000800000000-0x0000000800be3000-0x0000000800be3000), size 12464128, SharedBaseAddress: 0x0000000800000000, ArchiveRelocationMode: 0.
[2022-12-16T12:59:54.671+0100][0.083s] Compressed class space mapped at: 0x0000000800c00000-0x0000000840c00000, reserved size: 1073741824
[2022-12-16T12:59:54.671+0100][0.083s] Narrow klass base: 0x0000000800000000, Narrow klass shift: 0, Narrow klass range: 0x100000000
[2022-12-16T12:59:55.429+0100][0.840s] GC(0) Pause Young (Normal) (G1 Evacuation Pause)
[2022-12-16T12:59:55.429+0100][0.841s] GC(0) Using 10 workers of 10 for evacuation
[2022-12-16T12:59:55.431+0100][0.843s] GC(0)   Pre Evacuate Collection Set: 0.1ms
[2022-12-16T12:59:55.431+0100][0.843s] GC(0)   Merge Heap Roots: 0.1ms
[2022-12-16T12:59:55.431+0100][0.843s] GC(0)   Evacuate Collection Set: 1.8ms
[2022-12-16T12:59:55.431+0100][0.843s] GC(0)   Post Evacuate Collection Set: 0.4ms
[2022-12-16T12:59:55.431+0100][0.843s] GC(0)   Other: 0.1ms
[2022-12-16T12:59:55.431+0100][0.843s] GC(0) Eden regions: 29->0(66)
[2022-12-16T12:59:55.431+0100][0.843s] GC(0) Survivor regions: 0->4(4)
[2022-12-16T12:59:55.431+0100][0.843s] GC(0) Old regions: 0->0
[2022-12-16T12:59:55.431+0100][0.843s] GC(0) Archive regions: 2->2
[2022-12-16T12:59:55.431+0100][0.843s] GC(0) Humongous regions: 0->0
[2022-12-16T12:59:55.431+0100][0.843s] GC(0) Metaspace: 6867K(7040K)->6867K(7040K) NonClass: 6075K(6208K)->6075K(6208K) Class: 791K(832K)->791K(832K)
[2022-12-16T12:59:55.431+0100][0.843s] GC(0) Pause Young (Normal) (G1 Evacuation Pause) 29M->4M(512M) 2.660ms
[2022-12-16T12:59:55.431+0100][0.843s] GC(0) User=0.01s Sys=0.00s Real=0.00s
[2022-12-16T12:59:56.098+0100][1.510s] GC(1) Pause Young (Normal) (G1 Evacuation Pause)
[2022-12-16T12:59:56.098+0100][1.510s] GC(1) Using 10 workers of 10 for evacuation
[2022-12-16T12:59:56.107+0100][1.518s] GC(1)   Pre Evacuate Collection Set: 0.1ms
[2022-12-16T12:59:56.107+0100][1.518s] GC(1)   Merge Heap Roots: 0.1ms
[2022-12-16T12:59:56.107+0100][1.518s] GC(1)   Evacuate Collection Set: 7.3ms
[2022-12-16T12:59:56.107+0100][1.518s] GC(1)   Post Evacuate Collection Set: 1.0ms
[2022-12-16T12:59:56.107+0100][1.518s] GC(1)   Other: 0.2ms
[2022-12-16T12:59:56.107+0100][1.518s] GC(1) Eden regions: 66->0(200)
[2022-12-16T12:59:56.107+0100][1.518s] GC(1) Survivor regions: 4->9(9)
[2022-12-16T12:59:56.107+0100][1.518s] GC(1) Old regions: 0->5
[2022-12-16T12:59:56.107+0100][1.518s] GC(1) Archive regions: 2->2
[2022-12-16T12:59:56.107+0100][1.519s] GC(1) Humongous regions: 4->4
[2022-12-16T12:59:56.107+0100][1.519s] GC(1) Metaspace: 16339K(16576K)->16339K(16576K) NonClass: 14412K(14528K)->14412K(14528K) Class: 1926K(2048K)->1926K(2048K)
[2022-12-16T12:59:56.107+0100][1.519s] GC(1) Pause Young (Normal) (G1 Evacuation Pause) 74M->18M(512M) 8.774ms
[2022-12-16T12:59:56.107+0100][1.519s] GC(1) User=0.09s Sys=0.00s Real=0.01s
[2022-12-16T12:59:56.512+0100][1.924s] GC(2) Pause Young (Normal) (G1 Evacuation Pause)
[2022-12-16T12:59:56.512+0100][1.924s] GC(2) Using 10 workers of 10 for evacuation
[2022-12-16T12:59:56.517+0100][1.929s] GC(2)   Pre Evacuate Collection Set: 0.1ms
[2022-12-16T12:59:56.517+0100][1.929s] GC(2)   Merge Heap Roots: 0.1ms
[2022-12-16T12:59:56.517+0100][1.929s] GC(2)   Evacuate Collection Set: 4.3ms
[2022-12-16T12:59:56.517+0100][1.929s] GC(2)   Post Evacuate Collection Set: 0.9ms
[2022-12-16T12:59:56.517+0100][1.929s] GC(2)   Other: 0.1ms
[2022-12-16T12:59:56.517+0100][1.929s] GC(2) Eden regions: 177->0(293)
[2022-12-16T12:59:56.517+0100][1.929s] GC(2) Survivor regions: 9->14(24)
[2022-12-16T12:59:56.517+0100][1.929s] GC(2) Old regions: 5->5
[2022-12-16T12:59:56.517+0100][1.929s] GC(2) Archive regions: 2->2
[2022-12-16T12:59:56.517+0100][1.929s] GC(2) Humongous regions: 4->4
[2022-12-16T12:59:56.517+0100][1.929s] GC(2) Metaspace: 19350K(19584K)->19350K(19584K) NonClass: 17090K(17216K)->17090K(17216K) Class: 2259K(2368K)->2259K(2368K)
[2022-12-16T12:59:56.517+0100][1.929s] GC(2) Pause Young (Normal) (G1 Evacuation Pause) 195M->22M(512M) 5.556ms
[2022-12-16T12:59:56.517+0100][1.929s] GC(2) User=0.04s Sys=0.00s Real=0.01s
[2022-12-16T12:59:56.608+0100][2.020s] GC(3) Pause Young (Concurrent Start) (Metadata GC Threshold)
[2022-12-16T12:59:56.609+0100][2.020s] GC(3) Using 10 workers of 10 for evacuation
[2022-12-16T12:59:56.614+0100][2.026s] GC(3)   Pre Evacuate Collection Set: 0.1ms
[2022-12-16T12:59:56.615+0100][2.026s] GC(3)   Merge Heap Roots: 0.1ms
[2022-12-16T12:59:56.615+0100][2.026s] GC(3)   Evacuate Collection Set: 5.0ms
[2022-12-16T12:59:56.615+0100][2.026s] GC(3)   Post Evacuate Collection Set: 0.6ms
[2022-12-16T12:59:56.615+0100][2.026s] GC(3)   Other: 0.3ms
[2022-12-16T12:59:56.615+0100][2.026s] GC(3) Eden regions: 30->0(293)
[2022-12-16T12:59:56.615+0100][2.026s] GC(3) Survivor regions: 14->14(39)
[2022-12-16T12:59:56.615+0100][2.026s] GC(3) Old regions: 5->5
[2022-12-16T12:59:56.615+0100][2.026s] GC(3) Archive regions: 2->2
[2022-12-16T12:59:56.615+0100][2.026s] GC(3) Humongous regions: 4->4
[2022-12-16T12:59:56.615+0100][2.026s] GC(3) Metaspace: 21245K(21504K)->21245K(21504K) NonClass: 18821K(18944K)->18821K(18944K) Class: 2424K(2560K)->2424K(2560K)
[2022-12-16T12:59:56.615+0100][2.026s] GC(3) Pause Young (Concurrent Start) (Metadata GC Threshold) 52M->22M(512M) 6.154ms
[2022-12-16T12:59:56.615+0100][2.026s] GC(3) User=0.06s Sys=0.01s Real=0.01s
[2022-12-16T12:59:56.615+0100][2.026s] GC(4) Concurrent Mark Cycle
[2022-12-16T12:59:56.615+0100][2.027s] GC(4) Concurrent Clear Claimed Marks
[2022-12-16T12:59:56.615+0100][2.027s] GC(4) Concurrent Clear Claimed Marks 0.028ms
[2022-12-16T12:59:56.615+0100][2.027s] GC(4) Concurrent Scan Root Regions
[2022-12-16T12:59:56.618+0100][2.030s] GC(4) Concurrent Scan Root Regions 3.311ms
[2022-12-16T12:59:56.618+0100][2.030s] GC(4) Concurrent Mark
[2022-12-16T12:59:56.618+0100][2.030s] GC(4) Concurrent Mark From Roots
[2022-12-16T12:59:56.618+0100][2.030s] GC(4) Using 3 workers of 3 for marking
[2022-12-16T12:59:56.626+0100][2.038s] GC(4) Concurrent Mark From Roots 8.003ms
[2022-12-16T12:59:56.626+0100][2.038s] GC(4) Concurrent Preclean
[2022-12-16T12:59:56.626+0100][2.038s] GC(4) Concurrent Preclean 0.106ms
[2022-12-16T12:59:56.627+0100][2.039s] GC(4) Pause Remark
[2022-12-16T12:59:56.628+0100][2.040s] GC(4) Pause Remark 26M->26M(512M) 1.197ms
[2022-12-16T12:59:56.628+0100][2.040s] GC(4) User=0.01s Sys=0.00s Real=0.00s
[2022-12-16T12:59:56.628+0100][2.040s] GC(4) Concurrent Mark 9.847ms
[2022-12-16T12:59:56.628+0100][2.040s] GC(4) Concurrent Rebuild Remembered Sets
[2022-12-16T12:59:56.632+0100][2.043s] GC(4) Concurrent Rebuild Remembered Sets 3.614ms
[2022-12-16T12:59:56.632+0100][2.043s] GC(4) Pause Cleanup
[2022-12-16T12:59:56.632+0100][2.044s] GC(4) Pause Cleanup 27M->27M(512M) 0.113ms
[2022-12-16T12:59:56.632+0100][2.044s] GC(4) User=0.01s Sys=0.00s Real=0.00s
[2022-12-16T12:59:56.632+0100][2.044s] GC(4) Concurrent Cleanup for Next Mark
[2022-12-16T12:59:56.632+0100][2.044s] GC(4) Concurrent Cleanup for Next Mark 0.395ms
[2022-12-16T12:59:56.632+0100][2.044s] GC(4) Concurrent Mark Cycle 17.635ms
[2022-12-16T12:59:58.633+0100][4.045s] GC(5) Pause Young (Normal) (G1 Evacuation Pause)
[2022-12-16T12:59:58.633+0100][4.045s] GC(5) Using 10 workers of 10 for evacuation
[2022-12-16T12:59:58.642+0100][4.054s] GC(5)   Pre Evacuate Collection Set: 0.1ms
[2022-12-16T12:59:58.642+0100][4.054s] GC(5)   Merge Heap Roots: 0.1ms
[2022-12-16T12:59:58.642+0100][4.054s] GC(5)   Evacuate Collection Set: 7.5ms
[2022-12-16T12:59:58.642+0100][4.054s] GC(5)   Post Evacuate Collection Set: 1.0ms
[2022-12-16T12:59:58.642+0100][4.054s] GC(5)   Other: 0.2ms
[2022-12-16T12:59:58.642+0100][4.054s] GC(5) Eden regions: 293->0(282)
[2022-12-16T12:59:58.642+0100][4.054s] GC(5) Survivor regions: 14->25(39)
[2022-12-16T12:59:58.642+0100][4.054s] GC(5) Old regions: 5->5
[2022-12-16T12:59:58.642+0100][4.054s] GC(5) Archive regions: 2->2
[2022-12-16T12:59:58.642+0100][4.054s] GC(5) Humongous regions: 4->4
[2022-12-16T12:59:58.642+0100][4.054s] GC(5) Metaspace: 33727K(34112K)->33727K(34112K) NonClass: 29867K(30080K)->29867K(30080K) Class: 3859K(4032K)->3859K(4032K)
[2022-12-16T12:59:58.642+0100][4.054s] GC(5) Pause Young (Normal) (G1 Evacuation Pause) 315M->33M(512M) 9.058ms
[2022-12-16T12:59:58.642+0100][4.054s] GC(5) User=0.09s Sys=0.00s Real=0.01s
[2022-12-16T12:59:58.884+0100][4.296s] GC(6) Pause Young (Concurrent Start) (Metadata GC Threshold)
[2022-12-16T12:59:58.884+0100][4.296s] GC(6) Using 10 workers of 10 for evacuation
[2022-12-16T12:59:58.893+0100][4.305s] GC(6)   Pre Evacuate Collection Set: 0.1ms
[2022-12-16T12:59:58.893+0100][4.305s] GC(6)   Merge Heap Roots: 0.1ms
[2022-12-16T12:59:58.893+0100][4.305s] GC(6)   Evacuate Collection Set: 7.5ms
[2022-12-16T12:59:58.893+0100][4.305s] GC(6)   Post Evacuate Collection Set: 0.7ms
[2022-12-16T12:59:58.893+0100][4.305s] GC(6)   Other: 0.2ms
[2022-12-16T12:59:58.893+0100][4.305s] GC(6) Eden regions: 64->0(290)
[2022-12-16T12:59:58.893+0100][4.305s] GC(6) Survivor regions: 25->17(39)
[2022-12-16T12:59:58.893+0100][4.305s] GC(6) Old regions: 5->14
[2022-12-16T12:59:58.893+0100][4.305s] GC(6) Archive regions: 2->2
[2022-12-16T12:59:58.893+0100][4.305s] GC(6) Humongous regions: 4->4
[2022-12-16T12:59:58.893+0100][4.305s] GC(6) Metaspace: 35911K(36288K)->35911K(36288K) NonClass: 31765K(31936K)->31765K(31936K) Class: 4146K(4352K)->4146K(4352K)
[2022-12-16T12:59:58.893+0100][4.305s] GC(6) Pause Young (Concurrent Start) (Metadata GC Threshold) 97M->35M(512M) 8.798ms
[2022-12-16T12:59:58.893+0100][4.305s] GC(6) User=0.07s Sys=0.00s Real=0.01s
[2022-12-16T12:59:58.893+0100][4.305s] GC(7) Concurrent Mark Cycle
[2022-12-16T12:59:58.893+0100][4.305s] GC(7) Concurrent Clear Claimed Marks
[2022-12-16T12:59:58.893+0100][4.305s] GC(7) Concurrent Clear Claimed Marks 0.031ms
[2022-12-16T12:59:58.893+0100][4.305s] GC(7) Concurrent Scan Root Regions
[2022-12-16T12:59:58.899+0100][4.310s] GC(7) Concurrent Scan Root Regions 5.553ms
[2022-12-16T12:59:58.899+0100][4.311s] GC(7) Concurrent Mark
[2022-12-16T12:59:58.899+0100][4.311s] GC(7) Concurrent Mark From Roots
[2022-12-16T12:59:58.899+0100][4.311s] GC(7) Using 3 workers of 3 for marking
[2022-12-16T12:59:58.907+0100][4.319s] GC(7) Concurrent Mark From Roots 8.169ms
[2022-12-16T12:59:58.907+0100][4.319s] GC(7) Concurrent Preclean
[2022-12-16T12:59:58.907+0100][4.319s] GC(7) Concurrent Preclean 0.090ms
[2022-12-16T12:59:58.907+0100][4.319s] GC(7) Pause Remark
[2022-12-16T12:59:58.909+0100][4.321s] GC(7) Pause Remark 42M->42M(512M) 1.643ms
[2022-12-16T12:59:58.909+0100][4.321s] GC(7) User=0.02s Sys=0.00s Real=0.00s
[2022-12-16T12:59:58.909+0100][4.321s] GC(7) Concurrent Mark 10.187ms
[2022-12-16T12:59:58.909+0100][4.321s] GC(7) Concurrent Rebuild Remembered Sets
[2022-12-16T12:59:58.917+0100][4.329s] GC(7) Concurrent Rebuild Remembered Sets 8.537ms
[2022-12-16T12:59:58.918+0100][4.329s] GC(7) Pause Cleanup
[2022-12-16T12:59:58.918+0100][4.330s] GC(7) Pause Cleanup 44M->44M(512M) 0.132ms
[2022-12-16T12:59:58.918+0100][4.330s] GC(7) User=0.00s Sys=0.00s Real=0.00s
[2022-12-16T12:59:58.918+0100][4.330s] GC(7) Concurrent Cleanup for Next Mark
[2022-12-16T12:59:58.918+0100][4.330s] GC(7) Concurrent Cleanup for Next Mark 0.469ms
[2022-12-16T12:59:58.918+0100][4.330s] GC(7) Concurrent Mark Cycle 25.305ms
[2022-12-16T12:59:59.505+0100][4.917s] GC(8) Pause Young (Normal) (G1 Evacuation Pause)
[2022-12-16T12:59:59.505+0100][4.917s] GC(8) Using 10 workers of 10 for evacuation
[2022-12-16T12:59:59.513+0100][4.925s] GC(8)   Pre Evacuate Collection Set: 0.1ms
[2022-12-16T12:59:59.513+0100][4.925s] GC(8)   Merge Heap Roots: 0.1ms
[2022-12-16T12:59:59.513+0100][4.925s] GC(8)   Evacuate Collection Set: 6.9ms
[2022-12-16T12:59:59.513+0100][4.925s] GC(8)   Post Evacuate Collection Set: 0.7ms
[2022-12-16T12:59:59.513+0100][4.925s] GC(8)   Other: 0.2ms
[2022-12-16T12:59:59.513+0100][4.925s] GC(8) Eden regions: 290->0(285)
[2022-12-16T12:59:59.513+0100][4.925s] GC(8) Survivor regions: 17->22(39)
[2022-12-16T12:59:59.513+0100][4.925s] GC(8) Old regions: 14->14
[2022-12-16T12:59:59.513+0100][4.925s] GC(8) Archive regions: 2->2
[2022-12-16T12:59:59.513+0100][4.925s] GC(8) Humongous regions: 5->4
[2022-12-16T12:59:59.513+0100][4.925s] GC(8) Metaspace: 43623K(44032K)->43623K(44032K) NonClass: 38434K(38592K)->38434K(38592K) Class: 5189K(5440K)->5189K(5440K)
[2022-12-16T12:59:59.513+0100][4.925s] GC(8) Pause Young (Normal) (G1 Evacuation Pause) 326M->39M(512M) 8.145ms
[2022-12-16T12:59:59.513+0100][4.925s] GC(8) User=0.06s Sys=0.00s Real=0.01s
[2022-12-16T13:00:00.091+0100][5.503s] GC(9) Pause Young (Normal) (G1 Evacuation Pause)
[2022-12-16T13:00:00.091+0100][5.503s] GC(9) Using 10 workers of 10 for evacuation
[2022-12-16T13:00:00.104+0100][5.516s] GC(9)   Pre Evacuate Collection Set: 0.1ms
[2022-12-16T13:00:00.104+0100][5.516s] GC(9)   Merge Heap Roots: 0.1ms
[2022-12-16T13:00:00.104+0100][5.516s] GC(9)   Evacuate Collection Set: 11.9ms
[2022-12-16T13:00:00.104+0100][5.516s] GC(9)   Post Evacuate Collection Set: 1.2ms
[2022-12-16T13:00:00.104+0100][5.516s] GC(9)   Other: 0.2ms
[2022-12-16T13:00:00.104+0100][5.516s] GC(9) Eden regions: 285->0(277)
[2022-12-16T13:00:00.104+0100][5.516s] GC(9) Survivor regions: 22->30(39)
[2022-12-16T13:00:00.104+0100][5.516s] GC(9) Old regions: 14->18
[2022-12-16T13:00:00.104+0100][5.516s] GC(9) Archive regions: 2->2
[2022-12-16T13:00:00.104+0100][5.516s] GC(9) Humongous regions: 4->4
[2022-12-16T13:00:00.105+0100][5.516s] GC(9) Metaspace: 48892K(49408K)->48892K(49408K) NonClass: 43017K(43264K)->43017K(43264K) Class: 5875K(6144K)->5875K(6144K)
[2022-12-16T13:00:00.105+0100][5.516s] GC(9) Pause Young (Normal) (G1 Evacuation Pause) 324M->51M(512M) 13.640ms
[2022-12-16T13:00:00.105+0100][5.516s] GC(9) User=0.12s Sys=0.01s Real=0.02s
[2022-12-16T13:00:00.769+0100][6.181s] GC(10) Pause Young (Normal) (G1 Evacuation Pause)
[2022-12-16T13:00:00.769+0100][6.181s] GC(10) Using 10 workers of 10 for evacuation
[2022-12-16T13:00:00.786+0100][6.198s] GC(10)   Pre Evacuate Collection Set: 0.1ms
[2022-12-16T13:00:00.786+0100][6.198s] GC(10)   Merge Heap Roots: 0.1ms
[2022-12-16T13:00:00.786+0100][6.198s] GC(10)   Evacuate Collection Set: 15.8ms
[2022-12-16T13:00:00.786+0100][6.198s] GC(10)   Post Evacuate Collection Set: 0.8ms
[2022-12-16T13:00:00.786+0100][6.198s] GC(10)   Other: 0.2ms
[2022-12-16T13:00:00.786+0100][6.198s] GC(10) Eden regions: 277->0(272)
[2022-12-16T13:00:00.786+0100][6.198s] GC(10) Survivor regions: 30->35(39)
[2022-12-16T13:00:00.786+0100][6.198s] GC(10) Old regions: 18->28
[2022-12-16T13:00:00.786+0100][6.198s] GC(10) Archive regions: 2->2
[2022-12-16T13:00:00.786+0100][6.198s] GC(10) Humongous regions: 4->4
[2022-12-16T13:00:00.786+0100][6.198s] GC(10) Metaspace: 51171K(51648K)->51171K(51648K) NonClass: 44997K(45248K)->44997K(45248K) Class: 6173K(6400K)->6173K(6400K)
[2022-12-16T13:00:00.786+0100][6.198s] GC(10) Pause Young (Normal) (G1 Evacuation Pause) 328M->67M(512M) 17.090ms
[2022-12-16T13:00:00.786+0100][6.198s] GC(10) User=0.18s Sys=0.00s Real=0.02s
[2022-12-16T13:00:01.274+0100][6.686s] GC(11) Pause Young (Normal) (G1 Evacuation Pause)
[2022-12-16T13:00:01.274+0100][6.686s] GC(11) Using 10 workers of 10 for evacuation
[2022-12-16T13:00:01.306+0100][6.718s] GC(11)   Pre Evacuate Collection Set: 0.2ms
[2022-12-16T13:00:01.306+0100][6.718s] GC(11)   Merge Heap Roots: 0.1ms
[2022-12-16T13:00:01.306+0100][6.718s] GC(11)   Evacuate Collection Set: 30.7ms
[2022-12-16T13:00:01.306+0100][6.718s] GC(11)   Post Evacuate Collection Set: 1.0ms
[2022-12-16T13:00:01.306+0100][6.718s] GC(11)   Other: 0.2ms
[2022-12-16T13:00:01.306+0100][6.718s] GC(11) Eden regions: 272->0(272)
[2022-12-16T13:00:01.307+0100][6.718s] GC(11) Survivor regions: 35->35(39)
[2022-12-16T13:00:01.307+0100][6.718s] GC(11) Old regions: 28->46
[2022-12-16T13:00:01.307+0100][6.718s] GC(11) Archive regions: 2->2
[2022-12-16T13:00:01.307+0100][6.718s] GC(11) Humongous regions: 8->5
[2022-12-16T13:00:01.307+0100][6.718s] GC(11) Metaspace: 52208K(52800K)->52208K(52800K) NonClass: 45917K(46208K)->45917K(46208K) Class: 6291K(6592K)->6291K(6592K)
[2022-12-16T13:00:01.307+0100][6.718s] GC(11) Pause Young (Normal) (G1 Evacuation Pause) 343M->85M(512M) 32.480ms
[2022-12-16T13:00:01.307+0100][6.718s] GC(11) User=0.22s Sys=0.00s Real=0.03s
[2022-12-16T13:00:02.155+0100][7.567s] GC(12) Pause Young (Normal) (G1 Evacuation Pause)
[2022-12-16T13:00:02.155+0100][7.567s] GC(12) Using 10 workers of 10 for evacuation
[2022-12-16T13:00:02.179+0100][7.591s] GC(12)   Pre Evacuate Collection Set: 0.2ms
[2022-12-16T13:00:02.179+0100][7.591s] GC(12)   Merge Heap Roots: 0.1ms
[2022-12-16T13:00:02.179+0100][7.591s] GC(12)   Evacuate Collection Set: 23.2ms
[2022-12-16T13:00:02.179+0100][7.591s] GC(12)   Post Evacuate Collection Set: 1.0ms
[2022-12-16T13:00:02.179+0100][7.591s] GC(12)   Other: 0.2ms
[2022-12-16T13:00:02.180+0100][7.591s] GC(12) Eden regions: 272->0(278)
[2022-12-16T13:00:02.180+0100][7.591s] GC(12) Survivor regions: 35->29(39)
[2022-12-16T13:00:02.180+0100][7.591s] GC(12) Old regions: 46->62
[2022-12-16T13:00:02.180+0100][7.591s] GC(12) Archive regions: 2->2
[2022-12-16T13:00:02.180+0100][7.591s] GC(12) Humongous regions: 10->8
[2022-12-16T13:00:02.180+0100][7.591s] GC(12) Metaspace: 53385K(53952K)->53385K(53952K) NonClass: 46979K(47296K)->46979K(47296K) Class: 6406K(6656K)->6406K(6656K)
[2022-12-16T13:00:02.180+0100][7.591s] GC(12) Pause Young (Normal) (G1 Evacuation Pause) 362M->99M(512M) 24.898ms
[2022-12-16T13:00:02.180+0100][7.591s] GC(12) User=0.18s Sys=0.00s Real=0.02s
[2022-12-16T13:00:37.358+0100][42.769s] GC(13) Pause Young (Normal) (G1 Evacuation Pause)
[2022-12-16T13:00:37.358+0100][42.769s] GC(13) Using 10 workers of 10 for evacuation
[2022-12-16T13:00:37.389+0100][42.801s] GC(13)   Pre Evacuate Collection Set: 0.3ms
[2022-12-16T13:00:37.389+0100][42.801s] GC(13)   Merge Heap Roots: 0.2ms
[2022-12-16T13:00:37.389+0100][42.801s] GC(13)   Evacuate Collection Set: 30.3ms
[2022-12-16T13:00:37.389+0100][42.801s] GC(13)   Post Evacuate Collection Set: 0.9ms
[2022-12-16T13:00:37.389+0100][42.801s] GC(13)   Other: 0.3ms
[2022-12-16T13:00:37.389+0100][42.801s] GC(13) Eden regions: 278->0(287)
[2022-12-16T13:00:37.389+0100][42.801s] GC(13) Survivor regions: 29->20(39)
[2022-12-16T13:00:37.390+0100][42.801s] GC(13) Old regions: 62->80
[2022-12-16T13:00:37.390+0100][42.801s] GC(13) Archive regions: 2->2
[2022-12-16T13:00:37.390+0100][42.801s] GC(13) Humongous regions: 8->8
[2022-12-16T13:00:37.390+0100][42.801s] GC(13) Metaspace: 58273K(58944K)->58273K(58944K) NonClass: 51300K(51648K)->51300K(51648K) Class: 6972K(7296K)->6972K(7296K)
[2022-12-16T13:00:37.390+0100][42.801s] GC(13) Pause Young (Normal) (G1 Evacuation Pause) 377M->107M(512M) 32.073ms
[2022-12-16T13:00:37.390+0100][42.801s] GC(13) User=0.17s Sys=0.00s Real=0.03s
[2022-12-16T13:02:46.222+0100][171.634s] GC(14) Pause Young (Concurrent Start) (Metadata GC Threshold)
[2022-12-16T13:02:46.222+0100][171.634s] GC(14) Using 10 workers of 10 for evacuation
[2022-12-16T13:02:46.241+0100][171.652s] GC(14)   Pre Evacuate Collection Set: 0.3ms
[2022-12-16T13:02:46.241+0100][171.653s] GC(14)   Merge Heap Roots: 0.2ms
[2022-12-16T13:02:46.241+0100][171.653s] GC(14)   Evacuate Collection Set: 16.3ms
[2022-12-16T13:02:46.241+0100][171.653s] GC(14)   Post Evacuate Collection Set: 1.4ms
[2022-12-16T13:02:46.241+0100][171.653s] GC(14)   Other: 0.4ms
[2022-12-16T13:02:46.241+0100][171.653s] GC(14) Eden regions: 114->0(287)
[2022-12-16T13:02:46.241+0100][171.653s] GC(14) Survivor regions: 20->20(39)
[2022-12-16T13:02:46.241+0100][171.653s] GC(14) Old regions: 80->80
[2022-12-16T13:02:46.241+0100][171.653s] GC(14) Archive regions: 2->2
[2022-12-16T13:02:46.241+0100][171.653s] GC(14) Humongous regions: 8->8
[2022-12-16T13:02:46.241+0100][171.653s] GC(14) Metaspace: 60056K(60736K)->60056K(60736K) NonClass: 52888K(53248K)->52888K(53248K) Class: 7167K(7488K)->7167K(7488K)
[2022-12-16T13:02:46.241+0100][171.653s] GC(14) Pause Young (Concurrent Start) (Metadata GC Threshold) 221M->107M(512M) 18.662ms
[2022-12-16T13:02:46.241+0100][171.653s] GC(14) User=0.16s Sys=0.00s Real=0.02s
[2022-12-16T13:02:46.241+0100][171.653s] GC(15) Concurrent Mark Cycle
[2022-12-16T13:02:46.241+0100][171.653s] GC(15) Concurrent Clear Claimed Marks
[2022-12-16T13:02:46.241+0100][171.653s] GC(15) Concurrent Clear Claimed Marks 0.117ms
[2022-12-16T13:02:46.241+0100][171.653s] GC(15) Concurrent Scan Root Regions
[2022-12-16T13:02:46.256+0100][171.667s] GC(15) Concurrent Scan Root Regions 14.286ms
[2022-12-16T13:02:46.256+0100][171.667s] GC(15) Concurrent Mark
[2022-12-16T13:02:46.256+0100][171.667s] GC(15) Concurrent Mark From Roots
[2022-12-16T13:02:46.256+0100][171.667s] GC(15) Using 3 workers of 3 for marking
[2022-12-16T13:02:46.423+0100][171.835s] GC(15) Concurrent Mark From Roots 167.539ms
[2022-12-16T13:02:46.423+0100][171.835s] GC(15) Concurrent Preclean
[2022-12-16T13:02:46.424+0100][171.835s] GC(15) Concurrent Preclean 0.410ms
[2022-12-16T13:02:46.424+0100][171.836s] GC(15) Pause Remark
[2022-12-16T13:02:46.442+0100][171.854s] GC(15) Pause Remark 110M->110M(512M) 18.366ms
[2022-12-16T13:02:46.442+0100][171.854s] GC(15) User=0.14s Sys=0.00s Real=0.02s
[2022-12-16T13:02:46.443+0100][171.854s] GC(15) Concurrent Mark 186.925ms
[2022-12-16T13:02:46.443+0100][171.854s] GC(15) Concurrent Rebuild Remembered Sets
[2022-12-16T13:02:46.495+0100][171.907s] GC(15) Concurrent Rebuild Remembered Sets 52.653ms
[2022-12-16T13:02:46.495+0100][171.907s] GC(15) Pause Cleanup
[2022-12-16T13:02:46.496+0100][171.907s] GC(15) Pause Cleanup 110M->110M(512M) 0.237ms
[2022-12-16T13:02:46.496+0100][171.908s] GC(15) User=0.00s Sys=0.00s Real=0.00s
[2022-12-16T13:02:46.496+0100][171.908s] GC(15) Concurrent Cleanup for Next Mark
[2022-12-16T13:02:46.496+0100][171.908s] GC(15) Concurrent Cleanup for Next Mark 0.539ms
[2022-12-16T13:02:46.496+0100][171.908s] GC(15) Concurrent Mark Cycle 255.396ms
