[2022-12-13T20:34:53.963+0100][0.013s] Using G1
[2022-12-13T20:34:54.063+0100][0.114s] Version: 17.0.5+8-Ubuntu-2ubuntu120.04 (release)
[2022-12-13T20:34:54.064+0100][0.114s] CPUs: 12 total, 12 available
[2022-12-13T20:34:54.064+0100][0.114s] Memory: 15745M
[2022-12-13T20:34:54.064+0100][0.114s] Large Page Support: Disabled
[2022-12-13T20:34:54.064+0100][0.114s] NUMA Support: Disabled
[2022-12-13T20:34:54.064+0100][0.114s] Compressed Oops: Enabled (32-bit)
[2022-12-13T20:34:54.064+0100][0.114s] Heap Region Size: 1M
[2022-12-13T20:34:54.064+0100][0.114s] Heap Min Capacity: 512M
[2022-12-13T20:34:54.064+0100][0.114s] Heap Initial Capacity: 512M
[2022-12-13T20:34:54.064+0100][0.114s] Heap Max Capacity: 512M
[2022-12-13T20:34:54.064+0100][0.114s] Pre-touch: Enabled
[2022-12-13T20:34:54.064+0100][0.114s] Parallel Workers: 10
[2022-12-13T20:34:54.064+0100][0.114s] Concurrent Workers: 3
[2022-12-13T20:34:54.064+0100][0.114s] Concurrent Refinement Workers: 10
[2022-12-13T20:34:54.064+0100][0.115s] Periodic GC: Disabled
[2022-12-13T20:34:54.064+0100][0.115s] CDS archive(s) mapped at: [0x0000000800000000-0x0000000800be3000-0x0000000800be3000), size 12464128, SharedBaseAddress: 0x0000000800000000, ArchiveRelocationMode: 0.
[2022-12-13T20:34:54.064+0100][0.115s] Compressed class space mapped at: 0x0000000800c00000-0x0000000840c00000, reserved size: 1073741824
[2022-12-13T20:34:54.064+0100][0.115s] Narrow klass base: 0x0000000800000000, Narrow klass shift: 0, Narrow klass range: 0x100000000
[2022-12-13T20:34:54.567+0100][0.617s] GC(0) Pause Young (Normal) (G1 Evacuation Pause)
[2022-12-13T20:34:54.567+0100][0.617s] GC(0) Using 10 workers of 10 for evacuation
[2022-12-13T20:34:54.569+0100][0.619s] GC(0)   Pre Evacuate Collection Set: 0.1ms
[2022-12-13T20:34:54.569+0100][0.619s] GC(0)   Merge Heap Roots: 0.0ms
[2022-12-13T20:34:54.569+0100][0.619s] GC(0)   Evacuate Collection Set: 1.2ms
[2022-12-13T20:34:54.569+0100][0.619s] GC(0)   Post Evacuate Collection Set: 0.3ms
[2022-12-13T20:34:54.569+0100][0.619s] GC(0)   Other: 0.1ms
[2022-12-13T20:34:54.569+0100][0.619s] GC(0) Eden regions: 29->0(66)
[2022-12-13T20:34:54.569+0100][0.619s] GC(0) Survivor regions: 0->4(4)
[2022-12-13T20:34:54.569+0100][0.619s] GC(0) Old regions: 0->0
[2022-12-13T20:34:54.569+0100][0.619s] GC(0) Archive regions: 2->2
[2022-12-13T20:34:54.569+0100][0.619s] GC(0) Humongous regions: 0->0
[2022-12-13T20:34:54.569+0100][0.619s] GC(0) Metaspace: 6859K(7040K)->6859K(7040K) NonClass: 6068K(6208K)->6068K(6208K) Class: 791K(832K)->791K(832K)
[2022-12-13T20:34:54.569+0100][0.619s] GC(0) Pause Young (Normal) (G1 Evacuation Pause) 29M->4M(512M) 1.818ms
[2022-12-13T20:34:54.569+0100][0.619s] GC(0) User=0.00s Sys=0.00s Real=0.00s
[2022-12-13T20:34:55.170+0100][1.221s] GC(1) Pause Young (Normal) (G1 Evacuation Pause)
[2022-12-13T20:34:55.170+0100][1.221s] GC(1) Using 10 workers of 10 for evacuation
[2022-12-13T20:34:55.176+0100][1.226s] GC(1)   Pre Evacuate Collection Set: 0.1ms
[2022-12-13T20:34:55.176+0100][1.226s] GC(1)   Merge Heap Roots: 0.0ms
[2022-12-13T20:34:55.176+0100][1.226s] GC(1)   Evacuate Collection Set: 4.7ms
[2022-12-13T20:34:55.176+0100][1.226s] GC(1)   Post Evacuate Collection Set: 0.5ms
[2022-12-13T20:34:55.176+0100][1.226s] GC(1)   Other: 0.1ms
[2022-12-13T20:34:55.176+0100][1.226s] GC(1) Eden regions: 66->0(232)
[2022-12-13T20:34:55.176+0100][1.226s] GC(1) Survivor regions: 4->9(9)
[2022-12-13T20:34:55.176+0100][1.226s] GC(1) Old regions: 0->5
[2022-12-13T20:34:55.176+0100][1.226s] GC(1) Archive regions: 2->2
[2022-12-13T20:34:55.176+0100][1.226s] GC(1) Humongous regions: 4->4
[2022-12-13T20:34:55.176+0100][1.226s] GC(1) Metaspace: 16385K(16640K)->16385K(16640K) NonClass: 14459K(14592K)->14459K(14592K) Class: 1926K(2048K)->1926K(2048K)
[2022-12-13T20:34:55.176+0100][1.226s] GC(1) Pause Young (Normal) (G1 Evacuation Pause) 74M->18M(512M) 5.589ms
[2022-12-13T20:34:55.176+0100][1.226s] GC(1) User=0.06s Sys=0.00s Real=0.00s
[2022-12-13T20:34:55.685+0100][1.735s] GC(2) Pause Young (Concurrent Start) (Metadata GC Threshold)
[2022-12-13T20:34:55.685+0100][1.735s] GC(2) Using 10 workers of 10 for evacuation
[2022-12-13T20:34:55.690+0100][1.741s] GC(2)   Pre Evacuate Collection Set: 0.1ms
[2022-12-13T20:34:55.690+0100][1.741s] GC(2)   Merge Heap Roots: 0.1ms
[2022-12-13T20:34:55.690+0100][1.741s] GC(2)   Evacuate Collection Set: 4.2ms
[2022-12-13T20:34:55.690+0100][1.741s] GC(2)   Post Evacuate Collection Set: 0.8ms
[2022-12-13T20:34:55.690+0100][1.741s] GC(2)   Other: 0.2ms
[2022-12-13T20:34:55.690+0100][1.741s] GC(2) Eden regions: 205->0(293)
[2022-12-13T20:34:55.690+0100][1.741s] GC(2) Survivor regions: 9->14(28)
[2022-12-13T20:34:55.690+0100][1.741s] GC(2) Old regions: 5->5
[2022-12-13T20:34:55.690+0100][1.741s] GC(2) Archive regions: 2->2
[2022-12-13T20:34:55.690+0100][1.741s] GC(2) Humongous regions: 4->4
[2022-12-13T20:34:55.690+0100][1.741s] GC(2) Metaspace: 21234K(21504K)->21234K(21504K) NonClass: 18817K(18944K)->18817K(18944K) Class: 2416K(2560K)->2416K(2560K)
[2022-12-13T20:34:55.690+0100][1.741s] GC(2) Pause Young (Concurrent Start) (Metadata GC Threshold) 222M->23M(512M) 5.468ms
[2022-12-13T20:34:55.690+0100][1.741s] GC(2) User=0.05s Sys=0.00s Real=0.01s
[2022-12-13T20:34:55.690+0100][1.741s] GC(3) Concurrent Mark Cycle
[2022-12-13T20:34:55.690+0100][1.741s] GC(3) Concurrent Clear Claimed Marks
[2022-12-13T20:34:55.690+0100][1.741s] GC(3) Concurrent Clear Claimed Marks 0.023ms
[2022-12-13T20:34:55.690+0100][1.741s] GC(3) Concurrent Scan Root Regions
[2022-12-13T20:34:55.693+0100][1.744s] GC(3) Concurrent Scan Root Regions 2.842ms
[2022-12-13T20:34:55.693+0100][1.744s] GC(3) Concurrent Mark
[2022-12-13T20:34:55.693+0100][1.744s] GC(3) Concurrent Mark From Roots
[2022-12-13T20:34:55.693+0100][1.744s] GC(3) Using 3 workers of 3 for marking
[2022-12-13T20:34:55.698+0100][1.748s] GC(3) Concurrent Mark From Roots 4.358ms
[2022-12-13T20:34:55.698+0100][1.748s] GC(3) Concurrent Preclean
[2022-12-13T20:34:55.698+0100][1.748s] GC(3) Concurrent Preclean 0.080ms
[2022-12-13T20:34:55.698+0100][1.748s] GC(3) Pause Remark
[2022-12-13T20:34:55.699+0100][1.749s] GC(3) Pause Remark 25M->25M(512M) 1.158ms
[2022-12-13T20:34:55.699+0100][1.750s] GC(3) User=0.00s Sys=0.00s Real=0.00s
[2022-12-13T20:34:55.699+0100][1.750s] GC(3) Concurrent Mark 5.777ms
[2022-12-13T20:34:55.699+0100][1.750s] GC(3) Concurrent Rebuild Remembered Sets
[2022-12-13T20:34:55.702+0100][1.752s] GC(3) Concurrent Rebuild Remembered Sets 2.673ms
[2022-12-13T20:34:55.702+0100][1.752s] GC(3) Pause Cleanup
[2022-12-13T20:34:55.702+0100][1.752s] GC(3) Pause Cleanup 26M->26M(512M) 0.104ms
[2022-12-13T20:34:55.702+0100][1.752s] GC(3) User=0.00s Sys=0.00s Real=0.00s
[2022-12-13T20:34:55.702+0100][1.752s] GC(3) Concurrent Cleanup for Next Mark
[2022-12-13T20:34:55.702+0100][1.753s] GC(3) Concurrent Cleanup for Next Mark 0.407ms
[2022-12-13T20:34:55.702+0100][1.753s] GC(3) Concurrent Mark Cycle 12.107ms
[2022-12-13T20:35:27.586+0100][33.637s] GC(4) Pause Young (Normal) (G1 Evacuation Pause)
[2022-12-13T20:35:27.586+0100][33.637s] GC(4) Using 10 workers of 10 for evacuation
[2022-12-13T20:35:27.595+0100][33.645s] GC(4)   Pre Evacuate Collection Set: 0.1ms
[2022-12-13T20:35:27.595+0100][33.645s] GC(4)   Merge Heap Roots: 0.1ms
[2022-12-13T20:35:27.595+0100][33.645s] GC(4)   Evacuate Collection Set: 7.1ms
[2022-12-13T20:35:27.595+0100][33.645s] GC(4)   Post Evacuate Collection Set: 1.0ms
[2022-12-13T20:35:27.595+0100][33.645s] GC(4)   Other: 0.2ms
[2022-12-13T20:35:27.595+0100][33.645s] GC(4) Eden regions: 293->0(283)
[2022-12-13T20:35:27.595+0100][33.645s] GC(4) Survivor regions: 14->24(39)
[2022-12-13T20:35:27.595+0100][33.645s] GC(4) Old regions: 5->5
[2022-12-13T20:35:27.595+0100][33.645s] GC(4) Archive regions: 2->2
[2022-12-13T20:35:27.595+0100][33.645s] GC(4) Humongous regions: 4->4
[2022-12-13T20:35:27.595+0100][33.645s] GC(4) Metaspace: 34491K(34816K)->34491K(34816K) NonClass: 30562K(30720K)->30562K(30720K) Class: 3929K(4096K)->3929K(4096K)
[2022-12-13T20:35:27.595+0100][33.645s] GC(4) Pause Young (Normal) (G1 Evacuation Pause) 316M->32M(512M) 8.494ms
[2022-12-13T20:35:27.595+0100][33.645s] GC(4) User=0.08s Sys=0.00s Real=0.00s
[2022-12-13T20:35:27.715+0100][33.766s] GC(5) Pause Young (Concurrent Start) (Metadata GC Threshold)
[2022-12-13T20:35:27.715+0100][33.766s] GC(5) Using 10 workers of 10 for evacuation
[2022-12-13T20:35:27.723+0100][33.773s] GC(5)   Pre Evacuate Collection Set: 0.1ms
[2022-12-13T20:35:27.723+0100][33.773s] GC(5)   Merge Heap Roots: 0.0ms
[2022-12-13T20:35:27.723+0100][33.773s] GC(5)   Evacuate Collection Set: 6.6ms
[2022-12-13T20:35:27.723+0100][33.773s] GC(5)   Post Evacuate Collection Set: 0.5ms
[2022-12-13T20:35:27.723+0100][33.773s] GC(5)   Other: 0.1ms
[2022-12-13T20:35:27.723+0100][33.773s] GC(5) Eden regions: 36->0(291)
[2022-12-13T20:35:27.723+0100][33.773s] GC(5) Survivor regions: 24->16(39)
[2022-12-13T20:35:27.723+0100][33.773s] GC(5) Old regions: 5->14
[2022-12-13T20:35:27.723+0100][33.773s] GC(5) Archive regions: 2->2
[2022-12-13T20:35:27.723+0100][33.773s] GC(5) Humongous regions: 4->4
[2022-12-13T20:35:27.723+0100][33.773s] GC(5) Metaspace: 35704K(36096K)->35704K(36096K) NonClass: 31625K(31808K)->31625K(31808K) Class: 4079K(4288K)->4079K(4288K)
[2022-12-13T20:35:27.723+0100][33.773s] GC(5) Pause Young (Concurrent Start) (Metadata GC Threshold) 68M->34M(512M) 7.476ms
[2022-12-13T20:35:27.723+0100][33.773s] GC(5) User=0.07s Sys=0.00s Real=0.01s
[2022-12-13T20:35:27.723+0100][33.773s] GC(6) Concurrent Mark Cycle
[2022-12-13T20:35:27.723+0100][33.773s] GC(6) Concurrent Clear Claimed Marks
[2022-12-13T20:35:27.723+0100][33.773s] GC(6) Concurrent Clear Claimed Marks 0.055ms
[2022-12-13T20:35:27.723+0100][33.773s] GC(6) Concurrent Scan Root Regions
[2022-12-13T20:35:27.727+0100][33.778s] GC(6) Concurrent Scan Root Regions 4.034ms
[2022-12-13T20:35:27.727+0100][33.778s] GC(6) Concurrent Mark
[2022-12-13T20:35:27.727+0100][33.778s] GC(6) Concurrent Mark From Roots
[2022-12-13T20:35:27.727+0100][33.778s] GC(6) Using 3 workers of 3 for marking
[2022-12-13T20:35:27.734+0100][33.784s] GC(6) Concurrent Mark From Roots 6.843ms
[2022-12-13T20:35:27.734+0100][33.784s] GC(6) Concurrent Preclean
[2022-12-13T20:35:27.734+0100][33.785s] GC(6) Concurrent Preclean 0.082ms
[2022-12-13T20:35:27.734+0100][33.785s] GC(6) Pause Remark
[2022-12-13T20:35:27.736+0100][33.786s] GC(6) Pause Remark 40M->40M(512M) 1.775ms
[2022-12-13T20:35:27.736+0100][33.786s] GC(6) User=0.01s Sys=0.00s Real=0.00s
[2022-12-13T20:35:27.736+0100][33.787s] GC(6) Concurrent Mark 8.964ms
[2022-12-13T20:35:27.736+0100][33.787s] GC(6) Concurrent Rebuild Remembered Sets
[2022-12-13T20:35:27.741+0100][33.792s] GC(6) Concurrent Rebuild Remembered Sets 5.233ms
[2022-12-13T20:35:27.741+0100][33.792s] GC(6) Pause Cleanup
[2022-12-13T20:35:27.742+0100][33.792s] GC(6) Pause Cleanup 42M->42M(512M) 0.070ms
[2022-12-13T20:35:27.742+0100][33.792s] GC(6) User=0.00s Sys=0.00s Real=0.00s
[2022-12-13T20:35:27.742+0100][33.792s] GC(6) Concurrent Cleanup for Next Mark
[2022-12-13T20:35:27.742+0100][33.792s] GC(6) Concurrent Cleanup for Next Mark 0.362ms
[2022-12-13T20:35:27.742+0100][33.792s] GC(6) Concurrent Mark Cycle 19.086ms
[2022-12-13T20:35:28.228+0100][34.279s] GC(7) Pause Young (Normal) (G1 Evacuation Pause)
[2022-12-13T20:35:28.228+0100][34.279s] GC(7) Using 10 workers of 10 for evacuation
[2022-12-13T20:35:28.235+0100][34.285s] GC(7)   Pre Evacuate Collection Set: 0.1ms
[2022-12-13T20:35:28.235+0100][34.285s] GC(7)   Merge Heap Roots: 0.1ms
[2022-12-13T20:35:28.235+0100][34.285s] GC(7)   Evacuate Collection Set: 5.6ms
[2022-12-13T20:35:28.235+0100][34.285s] GC(7)   Post Evacuate Collection Set: 0.6ms
[2022-12-13T20:35:28.235+0100][34.285s] GC(7)   Other: 0.1ms
[2022-12-13T20:35:28.235+0100][34.285s] GC(7) Eden regions: 291->0(285)
[2022-12-13T20:35:28.235+0100][34.285s] GC(7) Survivor regions: 16->22(39)
[2022-12-13T20:35:28.235+0100][34.285s] GC(7) Old regions: 14->14
[2022-12-13T20:35:28.235+0100][34.285s] GC(7) Archive regions: 2->2
[2022-12-13T20:35:28.235+0100][34.285s] GC(7) Humongous regions: 5->4
[2022-12-13T20:35:28.235+0100][34.285s] GC(7) Metaspace: 44764K(45248K)->44764K(45248K) NonClass: 39446K(39680K)->39446K(39680K) Class: 5317K(5568K)->5317K(5568K)
[2022-12-13T20:35:28.235+0100][34.285s] GC(7) Pause Young (Normal) (G1 Evacuation Pause) 326M->39M(512M) 6.598ms
[2022-12-13T20:35:28.235+0100][34.285s] GC(7) User=0.07s Sys=0.00s Real=0.00s
[2022-12-13T20:35:28.712+0100][34.762s] GC(8) Pause Young (Normal) (G1 Evacuation Pause)
[2022-12-13T20:35:28.712+0100][34.762s] GC(8) Using 10 workers of 10 for evacuation
[2022-12-13T20:35:28.725+0100][34.775s] GC(8)   Pre Evacuate Collection Set: 0.1ms
[2022-12-13T20:35:28.725+0100][34.775s] GC(8)   Merge Heap Roots: 0.1ms
[2022-12-13T20:35:28.725+0100][34.775s] GC(8)   Evacuate Collection Set: 11.3ms
[2022-12-13T20:35:28.725+0100][34.775s] GC(8)   Post Evacuate Collection Set: 0.9ms
[2022-12-13T20:35:28.725+0100][34.775s] GC(8)   Other: 0.2ms
[2022-12-13T20:35:28.725+0100][34.775s] GC(8) Eden regions: 285->0(275)
[2022-12-13T20:35:28.725+0100][34.775s] GC(8) Survivor regions: 22->32(39)
[2022-12-13T20:35:28.725+0100][34.775s] GC(8) Old regions: 14->14
[2022-12-13T20:35:28.725+0100][34.775s] GC(8) Archive regions: 2->2
[2022-12-13T20:35:28.725+0100][34.775s] GC(8) Humongous regions: 4->4
[2022-12-13T20:35:28.725+0100][34.775s] GC(8) Metaspace: 49994K(50496K)->49994K(50496K) NonClass: 43980K(44224K)->43980K(44224K) Class: 6013K(6272K)->6013K(6272K)
[2022-12-13T20:35:28.725+0100][34.775s] GC(8) Pause Young (Normal) (G1 Evacuation Pause) 324M->50M(512M) 12.641ms
[2022-12-13T20:35:28.725+0100][34.775s] GC(8) User=0.11s Sys=0.00s Real=0.01s
[2022-12-13T20:35:29.263+0100][35.314s] GC(9) Pause Young (Normal) (G1 Evacuation Pause)
[2022-12-13T20:35:29.263+0100][35.314s] GC(9) Using 10 workers of 10 for evacuation
[2022-12-13T20:35:29.282+0100][35.333s] GC(9)   Pre Evacuate Collection Set: 0.1ms
[2022-12-13T20:35:29.282+0100][35.333s] GC(9)   Merge Heap Roots: 0.1ms
[2022-12-13T20:35:29.282+0100][35.333s] GC(9)   Evacuate Collection Set: 17.7ms
[2022-12-13T20:35:29.282+0100][35.333s] GC(9)   Post Evacuate Collection Set: 0.8ms
[2022-12-13T20:35:29.282+0100][35.333s] GC(9)   Other: 0.2ms
[2022-12-13T20:35:29.282+0100][35.333s] GC(9) Eden regions: 275->0(277)
[2022-12-13T20:35:29.282+0100][35.333s] GC(9) Survivor regions: 32->30(39)
[2022-12-13T20:35:29.282+0100][35.333s] GC(9) Old regions: 14->27
[2022-12-13T20:35:29.282+0100][35.333s] GC(9) Archive regions: 2->2
[2022-12-13T20:35:29.282+0100][35.333s] GC(9) Humongous regions: 7->5
[2022-12-13T20:35:29.282+0100][35.333s] GC(9) Metaspace: 51862K(52352K)->51862K(52352K) NonClass: 45619K(45888K)->45619K(45888K) Class: 6243K(6464K)->6243K(6464K)
[2022-12-13T20:35:29.282+0100][35.333s] GC(9) Pause Young (Normal) (G1 Evacuation Pause) 328M->61M(512M) 18.893ms
[2022-12-13T20:35:29.282+0100][35.333s] GC(9) User=0.12s Sys=0.00s Real=0.02s
[2022-12-13T20:35:32.999+0100][39.049s] GC(10) Pause Young (Normal) (G1 Evacuation Pause)
[2022-12-13T20:35:32.999+0100][39.049s] GC(10) Using 10 workers of 10 for evacuation
[2022-12-13T20:35:33.015+0100][39.065s] GC(10)   Pre Evacuate Collection Set: 0.1ms
[2022-12-13T20:35:33.015+0100][39.065s] GC(10)   Merge Heap Roots: 0.1ms
[2022-12-13T20:35:33.015+0100][39.065s] GC(10)   Evacuate Collection Set: 14.7ms
[2022-12-13T20:35:33.015+0100][39.065s] GC(10)   Post Evacuate Collection Set: 0.7ms
[2022-12-13T20:35:33.015+0100][39.065s] GC(10)   Other: 0.2ms
[2022-12-13T20:35:33.015+0100][39.065s] GC(10) Eden regions: 277->0(281)
[2022-12-13T20:35:33.015+0100][39.065s] GC(10) Survivor regions: 30->26(39)
[2022-12-13T20:35:33.015+0100][39.065s] GC(10) Old regions: 27->44
[2022-12-13T20:35:33.015+0100][39.065s] GC(10) Archive regions: 2->2
[2022-12-13T20:35:33.015+0100][39.065s] GC(10) Humongous regions: 10->8
[2022-12-13T20:35:33.015+0100][39.065s] GC(10) Metaspace: 53050K(53568K)->53050K(53568K) NonClass: 46704K(46976K)->46704K(46976K) Class: 6345K(6592K)->6345K(6592K)
[2022-12-13T20:35:33.015+0100][39.065s] GC(10) Pause Young (Normal) (G1 Evacuation Pause) 343M->77M(512M) 15.857ms
[2022-12-13T20:35:33.015+0100][39.065s] GC(10) User=0.10s Sys=0.00s Real=0.01s
[2022-12-13T20:35:45.749+0100][51.800s] GC(11) Pause Young (Normal) (G1 Evacuation Pause)
[2022-12-13T20:35:45.749+0100][51.800s] GC(11) Using 10 workers of 10 for evacuation
[2022-12-13T20:35:45.759+0100][51.810s] GC(11)   Pre Evacuate Collection Set: 0.1ms
[2022-12-13T20:35:45.759+0100][51.810s] GC(11)   Merge Heap Roots: 0.1ms
[2022-12-13T20:35:45.759+0100][51.810s] GC(11)   Evacuate Collection Set: 8.5ms
[2022-12-13T20:35:45.759+0100][51.810s] GC(11)   Post Evacuate Collection Set: 0.7ms
[2022-12-13T20:35:45.759+0100][51.810s] GC(11)   Other: 0.2ms
[2022-12-13T20:35:45.759+0100][51.810s] GC(11) Eden regions: 281->0(286)
[2022-12-13T20:35:45.759+0100][51.810s] GC(11) Survivor regions: 26->21(39)
[2022-12-13T20:35:45.759+0100][51.810s] GC(11) Old regions: 44->54
[2022-12-13T20:35:45.759+0100][51.810s] GC(11) Archive regions: 2->2
[2022-12-13T20:35:45.759+0100][51.810s] GC(11) Humongous regions: 8->8
[2022-12-13T20:35:45.759+0100][51.810s] GC(11) Metaspace: 57654K(58304K)->57654K(58304K) NonClass: 50708K(51072K)->50708K(51072K) Class: 6945K(7232K)->6945K(7232K)
[2022-12-13T20:35:45.759+0100][51.810s] GC(11) Pause Young (Normal) (G1 Evacuation Pause) 358M->83M(512M) 9.734ms
[2022-12-13T20:35:45.759+0100][51.810s] GC(11) User=0.09s Sys=0.00s Real=0.01s
