[2022-12-15T20:20:05.205+0100][0.023s] Using G1
[2022-12-15T20:20:05.257+0100][0.074s] Version: 17.0.5+8-Ubuntu-2ubuntu120.04 (release)
[2022-12-15T20:20:05.257+0100][0.074s] CPUs: 12 total, 12 available
[2022-12-15T20:20:05.257+0100][0.074s] Memory: 15745M
[2022-12-15T20:20:05.257+0100][0.074s] Large Page Support: Disabled
[2022-12-15T20:20:05.257+0100][0.074s] NUMA Support: Disabled
[2022-12-15T20:20:05.257+0100][0.074s] Compressed Oops: Enabled (32-bit)
[2022-12-15T20:20:05.257+0100][0.074s] Heap Region Size: 1M
[2022-12-15T20:20:05.257+0100][0.074s] Heap Min Capacity: 512M
[2022-12-15T20:20:05.257+0100][0.074s] Heap Initial Capacity: 512M
[2022-12-15T20:20:05.257+0100][0.074s] Heap Max Capacity: 512M
[2022-12-15T20:20:05.257+0100][0.074s] Pre-touch: Enabled
[2022-12-15T20:20:05.257+0100][0.074s] Parallel Workers: 10
[2022-12-15T20:20:05.257+0100][0.075s] Concurrent Workers: 3
[2022-12-15T20:20:05.257+0100][0.075s] Concurrent Refinement Workers: 10
[2022-12-15T20:20:05.257+0100][0.075s] Periodic GC: Disabled
[2022-12-15T20:20:05.257+0100][0.075s] CDS archive(s) mapped at: [0x0000000800000000-0x0000000800be3000-0x0000000800be3000), size 12464128, SharedBaseAddress: 0x0000000800000000, ArchiveRelocationMode: 0.
[2022-12-15T20:20:05.257+0100][0.075s] Compressed class space mapped at: 0x0000000800c00000-0x0000000840c00000, reserved size: 1073741824
[2022-12-15T20:20:05.257+0100][0.075s] Narrow klass base: 0x0000000800000000, Narrow klass shift: 0, Narrow klass range: 0x100000000
[2022-12-15T20:20:05.838+0100][0.655s] GC(0) Pause Young (Normal) (G1 Evacuation Pause)
[2022-12-15T20:20:05.838+0100][0.655s] GC(0) Using 10 workers of 10 for evacuation
[2022-12-15T20:20:05.840+0100][0.657s] GC(0)   Pre Evacuate Collection Set: 0.1ms
[2022-12-15T20:20:05.840+0100][0.657s] GC(0)   Merge Heap Roots: 0.0ms
[2022-12-15T20:20:05.840+0100][0.657s] GC(0)   Evacuate Collection Set: 1.6ms
[2022-12-15T20:20:05.840+0100][0.657s] GC(0)   Post Evacuate Collection Set: 0.3ms
[2022-12-15T20:20:05.840+0100][0.657s] GC(0)   Other: 0.1ms
[2022-12-15T20:20:05.840+0100][0.657s] GC(0) Eden regions: 29->0(63)
[2022-12-15T20:20:05.840+0100][0.657s] GC(0) Survivor regions: 0->4(4)
[2022-12-15T20:20:05.840+0100][0.658s] GC(0) Old regions: 0->0
[2022-12-15T20:20:05.840+0100][0.658s] GC(0) Archive regions: 2->2
[2022-12-15T20:20:05.840+0100][0.658s] GC(0) Humongous regions: 0->0
[2022-12-15T20:20:05.840+0100][0.658s] GC(0) Metaspace: 8096K(8256K)->8096K(8256K) NonClass: 7171K(7232K)->7171K(7232K) Class: 925K(1024K)->925K(1024K)
[2022-12-15T20:20:05.840+0100][0.658s] GC(0) Pause Young (Normal) (G1 Evacuation Pause) 29M->4M(512M) 2.210ms
[2022-12-15T20:20:05.840+0100][0.658s] GC(0) User=0.02s Sys=0.01s Real=0.00s
[2022-12-15T20:20:06.396+0100][1.214s] GC(1) Pause Young (Normal) (G1 Evacuation Pause)
[2022-12-15T20:20:06.396+0100][1.214s] GC(1) Using 10 workers of 10 for evacuation
[2022-12-15T20:20:06.403+0100][1.220s] GC(1)   Pre Evacuate Collection Set: 0.1ms
[2022-12-15T20:20:06.403+0100][1.221s] GC(1)   Merge Heap Roots: 0.0ms
[2022-12-15T20:20:06.403+0100][1.221s] GC(1)   Evacuate Collection Set: 5.7ms
[2022-12-15T20:20:06.403+0100][1.221s] GC(1)   Post Evacuate Collection Set: 0.8ms
[2022-12-15T20:20:06.403+0100][1.221s] GC(1)   Other: 0.1ms
[2022-12-15T20:20:06.403+0100][1.221s] GC(1) Eden regions: 63->0(91)
[2022-12-15T20:20:06.403+0100][1.221s] GC(1) Survivor regions: 4->9(9)
[2022-12-15T20:20:06.403+0100][1.221s] GC(1) Old regions: 0->5
[2022-12-15T20:20:06.403+0100][1.221s] GC(1) Archive regions: 2->2
[2022-12-15T20:20:06.403+0100][1.221s] GC(1) Humongous regions: 4->4
[2022-12-15T20:20:06.403+0100][1.221s] GC(1) Metaspace: 16361K(16640K)->16361K(16640K) NonClass: 14434K(14592K)->14434K(14592K) Class: 1926K(2048K)->1926K(2048K)
[2022-12-15T20:20:06.403+0100][1.221s] GC(1) Pause Young (Normal) (G1 Evacuation Pause) 71M->18M(512M) 6.784ms
[2022-12-15T20:20:06.403+0100][1.221s] GC(1) User=0.06s Sys=0.01s Real=0.01s
[2022-12-15T20:20:06.648+0100][1.465s] GC(2) Pause Young (Normal) (G1 Evacuation Pause)
[2022-12-15T20:20:06.648+0100][1.465s] GC(2) Using 10 workers of 10 for evacuation
[2022-12-15T20:20:06.652+0100][1.469s] GC(2)   Pre Evacuate Collection Set: 0.1ms
[2022-12-15T20:20:06.652+0100][1.469s] GC(2)   Merge Heap Roots: 0.1ms
[2022-12-15T20:20:06.652+0100][1.469s] GC(2)   Evacuate Collection Set: 3.6ms
[2022-12-15T20:20:06.652+0100][1.469s] GC(2)   Post Evacuate Collection Set: 0.6ms
[2022-12-15T20:20:06.652+0100][1.469s] GC(2)   Other: 0.1ms
[2022-12-15T20:20:06.652+0100][1.470s] GC(2) Eden regions: 91->0(296)
[2022-12-15T20:20:06.652+0100][1.470s] GC(2) Survivor regions: 9->11(13)
[2022-12-15T20:20:06.652+0100][1.470s] GC(2) Old regions: 5->8
[2022-12-15T20:20:06.652+0100][1.470s] GC(2) Archive regions: 2->2
[2022-12-15T20:20:06.652+0100][1.470s] GC(2) Humongous regions: 4->4
[2022-12-15T20:20:06.652+0100][1.470s] GC(2) Metaspace: 17861K(18112K)->17861K(18112K) NonClass: 15793K(15936K)->15793K(15936K) Class: 2068K(2176K)->2068K(2176K)
[2022-12-15T20:20:06.652+0100][1.470s] GC(2) Pause Young (Normal) (G1 Evacuation Pause) 109M->22M(512M) 4.544ms
[2022-12-15T20:20:06.652+0100][1.470s] GC(2) User=0.03s Sys=0.00s Real=0.01s
[2022-12-15T20:20:06.850+0100][1.668s] GC(3) Pause Young (Concurrent Start) (Metadata GC Threshold)
[2022-12-15T20:20:06.850+0100][1.668s] GC(3) Using 10 workers of 10 for evacuation
[2022-12-15T20:20:06.854+0100][1.672s] GC(3)   Pre Evacuate Collection Set: 0.1ms
[2022-12-15T20:20:06.854+0100][1.672s] GC(3)   Merge Heap Roots: 0.0ms
[2022-12-15T20:20:06.854+0100][1.672s] GC(3)   Evacuate Collection Set: 3.0ms
[2022-12-15T20:20:06.854+0100][1.672s] GC(3)   Post Evacuate Collection Set: 0.4ms
[2022-12-15T20:20:06.854+0100][1.672s] GC(3)   Other: 0.2ms
[2022-12-15T20:20:06.854+0100][1.672s] GC(3) Eden regions: 39->0(295)
[2022-12-15T20:20:06.854+0100][1.672s] GC(3) Survivor regions: 11->12(39)
[2022-12-15T20:20:06.854+0100][1.672s] GC(3) Old regions: 8->8
[2022-12-15T20:20:06.854+0100][1.672s] GC(3) Archive regions: 2->2
[2022-12-15T20:20:06.854+0100][1.672s] GC(3) Humongous regions: 4->4
[2022-12-15T20:20:06.854+0100][1.672s] GC(3) Metaspace: 21282K(21504K)->21282K(21504K) NonClass: 18856K(18944K)->18856K(18944K) Class: 2425K(2560K)->2425K(2560K)
[2022-12-15T20:20:06.854+0100][1.672s] GC(3) Pause Young (Concurrent Start) (Metadata GC Threshold) 61M->23M(512M) 3.840ms
[2022-12-15T20:20:06.854+0100][1.672s] GC(3) User=0.03s Sys=0.00s Real=0.00s
[2022-12-15T20:20:06.854+0100][1.672s] GC(4) Concurrent Mark Cycle
[2022-12-15T20:20:06.854+0100][1.672s] GC(4) Concurrent Clear Claimed Marks
[2022-12-15T20:20:06.854+0100][1.672s] GC(4) Concurrent Clear Claimed Marks 0.021ms
[2022-12-15T20:20:06.854+0100][1.672s] GC(4) Concurrent Scan Root Regions
[2022-12-15T20:20:06.857+0100][1.674s] GC(4) Concurrent Scan Root Regions 2.255ms
[2022-12-15T20:20:06.857+0100][1.674s] GC(4) Concurrent Mark
[2022-12-15T20:20:06.857+0100][1.674s] GC(4) Concurrent Mark From Roots
[2022-12-15T20:20:06.857+0100][1.674s] GC(4) Using 3 workers of 3 for marking
[2022-12-15T20:20:06.863+0100][1.680s] GC(4) Concurrent Mark From Roots 6.210ms
[2022-12-15T20:20:06.863+0100][1.680s] GC(4) Concurrent Preclean
[2022-12-15T20:20:06.863+0100][1.680s] GC(4) Concurrent Preclean 0.081ms
[2022-12-15T20:20:06.863+0100][1.681s] GC(4) Pause Remark
[2022-12-15T20:20:06.864+0100][1.682s] GC(4) Pause Remark 26M->26M(512M) 0.950ms
[2022-12-15T20:20:06.864+0100][1.682s] GC(4) User=0.01s Sys=0.00s Real=0.00s
[2022-12-15T20:20:06.864+0100][1.682s] GC(4) Concurrent Mark 7.601ms
[2022-12-15T20:20:06.864+0100][1.682s] GC(4) Concurrent Rebuild Remembered Sets
[2022-12-15T20:20:06.867+0100][1.685s] GC(4) Concurrent Rebuild Remembered Sets 3.196ms
[2022-12-15T20:20:06.868+0100][1.685s] GC(4) Pause Cleanup
[2022-12-15T20:20:06.868+0100][1.685s] GC(4) Pause Cleanup 26M->26M(512M) 0.095ms
[2022-12-15T20:20:06.868+0100][1.685s] GC(4) User=0.01s Sys=0.00s Real=0.00s
[2022-12-15T20:20:06.868+0100][1.685s] GC(4) Concurrent Cleanup for Next Mark
[2022-12-15T20:20:06.868+0100][1.685s] GC(4) Concurrent Cleanup for Next Mark 0.268ms
[2022-12-15T20:20:06.868+0100][1.685s] GC(4) Concurrent Mark Cycle 13.723ms
[2022-12-15T20:20:39.844+0100][34.662s] GC(5) Pause Young (Concurrent Start) (Metadata GC Threshold)
[2022-12-15T20:20:39.844+0100][34.662s] GC(5) Using 10 workers of 10 for evacuation
[2022-12-15T20:20:39.854+0100][34.671s] GC(5)   Pre Evacuate Collection Set: 0.1ms
[2022-12-15T20:20:39.854+0100][34.671s] GC(5)   Merge Heap Roots: 0.1ms
[2022-12-15T20:20:39.854+0100][34.671s] GC(5)   Evacuate Collection Set: 8.0ms
[2022-12-15T20:20:39.854+0100][34.671s] GC(5)   Post Evacuate Collection Set: 0.9ms
[2022-12-15T20:20:39.854+0100][34.671s] GC(5)   Other: 0.2ms
[2022-12-15T20:20:39.854+0100][34.671s] GC(5) Eden regions: 252->0(283)
[2022-12-15T20:20:39.854+0100][34.671s] GC(5) Survivor regions: 12->24(39)
[2022-12-15T20:20:39.854+0100][34.671s] GC(5) Old regions: 8->8
[2022-12-15T20:20:39.854+0100][34.671s] GC(5) Archive regions: 2->2
[2022-12-15T20:20:39.854+0100][34.671s] GC(5) Humongous regions: 4->4
[2022-12-15T20:20:39.854+0100][34.671s] GC(5) Metaspace: 35907K(36288K)->35907K(36288K) NonClass: 31802K(32000K)->31802K(32000K) Class: 4105K(4288K)->4105K(4288K)
[2022-12-15T20:20:39.854+0100][34.671s] GC(5) Pause Young (Concurrent Start) (Metadata GC Threshold) 275M->35M(512M) 9.336ms
[2022-12-15T20:20:39.854+0100][34.671s] GC(5) User=0.09s Sys=0.00s Real=0.01s
[2022-12-15T20:20:39.854+0100][34.671s] GC(6) Concurrent Mark Cycle
[2022-12-15T20:20:39.854+0100][34.671s] GC(6) Concurrent Clear Claimed Marks
[2022-12-15T20:20:39.854+0100][34.671s] GC(6) Concurrent Clear Claimed Marks 0.031ms
[2022-12-15T20:20:39.854+0100][34.671s] GC(6) Concurrent Scan Root Regions
[2022-12-15T20:20:39.858+0100][34.675s] GC(6) Concurrent Scan Root Regions 4.151ms
[2022-12-15T20:20:39.858+0100][34.675s] GC(6) Concurrent Mark
[2022-12-15T20:20:39.858+0100][34.676s] GC(6) Concurrent Mark From Roots
[2022-12-15T20:20:39.858+0100][34.676s] GC(6) Using 3 workers of 3 for marking
[2022-12-15T20:20:39.865+0100][34.682s] GC(6) Concurrent Mark From Roots 6.821ms
[2022-12-15T20:20:39.865+0100][34.682s] GC(6) Concurrent Preclean
[2022-12-15T20:20:39.865+0100][34.682s] GC(6) Concurrent Preclean 0.115ms
[2022-12-15T20:20:39.865+0100][34.683s] GC(6) Pause Remark
[2022-12-15T20:20:39.867+0100][34.684s] GC(6) Pause Remark 41M->41M(512M) 1.522ms
[2022-12-15T20:20:39.867+0100][34.684s] GC(6) User=0.01s Sys=0.00s Real=0.00s
[2022-12-15T20:20:39.867+0100][34.684s] GC(6) Concurrent Mark 8.652ms
[2022-12-15T20:20:39.867+0100][34.684s] GC(6) Concurrent Rebuild Remembered Sets
[2022-12-15T20:20:39.870+0100][34.688s] GC(6) Concurrent Rebuild Remembered Sets 3.503ms
[2022-12-15T20:20:39.870+0100][34.688s] GC(6) Pause Cleanup
[2022-12-15T20:20:39.870+0100][34.688s] GC(6) Pause Cleanup 41M->41M(512M) 0.080ms
[2022-12-15T20:20:39.870+0100][34.688s] GC(6) User=0.00s Sys=0.00s Real=0.00s
[2022-12-15T20:20:39.871+0100][34.688s] GC(6) Concurrent Cleanup for Next Mark
[2022-12-15T20:20:39.871+0100][34.688s] GC(6) Concurrent Cleanup for Next Mark 0.500ms
[2022-12-15T20:20:39.871+0100][34.689s] GC(6) Concurrent Mark Cycle 17.276ms
[2022-12-15T20:20:40.467+0100][35.285s] GC(7) Pause Young (Normal) (G1 Evacuation Pause)
[2022-12-15T20:20:40.467+0100][35.285s] GC(7) Using 10 workers of 10 for evacuation
[2022-12-15T20:20:40.476+0100][35.294s] GC(7)   Pre Evacuate Collection Set: 0.1ms
[2022-12-15T20:20:40.477+0100][35.294s] GC(7)   Merge Heap Roots: 0.1ms
[2022-12-15T20:20:40.477+0100][35.294s] GC(7)   Evacuate Collection Set: 8.2ms
[2022-12-15T20:20:40.477+0100][35.294s] GC(7)   Post Evacuate Collection Set: 0.7ms
[2022-12-15T20:20:40.477+0100][35.294s] GC(7)   Other: 0.2ms
[2022-12-15T20:20:40.477+0100][35.294s] GC(7) Eden regions: 283->0(282)
[2022-12-15T20:20:40.477+0100][35.294s] GC(7) Survivor regions: 24->25(39)
[2022-12-15T20:20:40.477+0100][35.294s] GC(7) Old regions: 8->14
[2022-12-15T20:20:40.477+0100][35.294s] GC(7) Archive regions: 2->2
[2022-12-15T20:20:40.477+0100][35.294s] GC(7) Humongous regions: 5->4
[2022-12-15T20:20:40.477+0100][35.294s] GC(7) Metaspace: 46114K(46528K)->46114K(46528K) NonClass: 40712K(40896K)->40712K(40896K) Class: 5402K(5632K)->5402K(5632K)
[2022-12-15T20:20:40.477+0100][35.294s] GC(7) Pause Young (Normal) (G1 Evacuation Pause) 319M->43M(512M) 9.401ms
[2022-12-15T20:20:40.477+0100][35.294s] GC(7) User=0.09s Sys=0.00s Real=0.01s
[2022-12-15T20:20:40.975+0100][35.793s] GC(8) Pause Young (Normal) (G1 Evacuation Pause)
[2022-12-15T20:20:40.975+0100][35.793s] GC(8) Using 10 workers of 10 for evacuation
[2022-12-15T20:20:40.986+0100][35.804s] GC(8)   Pre Evacuate Collection Set: 0.1ms
[2022-12-15T20:20:40.986+0100][35.804s] GC(8)   Merge Heap Roots: 0.1ms
[2022-12-15T20:20:40.986+0100][35.804s] GC(8)   Evacuate Collection Set: 10.1ms
[2022-12-15T20:20:40.986+0100][35.804s] GC(8)   Post Evacuate Collection Set: 0.7ms
[2022-12-15T20:20:40.986+0100][35.804s] GC(8)   Other: 0.1ms
[2022-12-15T20:20:40.986+0100][35.804s] GC(8) Eden regions: 282->0(271)
[2022-12-15T20:20:40.986+0100][35.804s] GC(8) Survivor regions: 25->36(39)
[2022-12-15T20:20:40.986+0100][35.804s] GC(8) Old regions: 14->18
[2022-12-15T20:20:40.986+0100][35.804s] GC(8) Archive regions: 2->2
[2022-12-15T20:20:40.986+0100][35.804s] GC(8) Humongous regions: 4->4
[2022-12-15T20:20:40.986+0100][35.804s] GC(8) Metaspace: 50408K(50880K)->50408K(50880K) NonClass: 44382K(44608K)->44382K(44608K) Class: 6025K(6272K)->6025K(6272K)
[2022-12-15T20:20:40.986+0100][35.804s] GC(8) Pause Young (Normal) (G1 Evacuation Pause) 325M->58M(512M) 11.117ms
[2022-12-15T20:20:40.986+0100][35.804s] GC(8) User=0.11s Sys=0.00s Real=0.01s
[2022-12-15T20:20:41.396+0100][36.214s] GC(9) Pause Young (Normal) (G1 Evacuation Pause)
[2022-12-15T20:20:41.396+0100][36.214s] GC(9) Using 10 workers of 10 for evacuation
[2022-12-15T20:20:41.410+0100][36.228s] GC(9)   Pre Evacuate Collection Set: 0.1ms
[2022-12-15T20:20:41.410+0100][36.228s] GC(9)   Merge Heap Roots: 0.1ms
[2022-12-15T20:20:41.410+0100][36.228s] GC(9)   Evacuate Collection Set: 13.1ms
[2022-12-15T20:20:41.410+0100][36.228s] GC(9)   Post Evacuate Collection Set: 0.7ms
[2022-12-15T20:20:41.410+0100][36.228s] GC(9)   Other: 0.2ms
[2022-12-15T20:20:41.410+0100][36.228s] GC(9) Eden regions: 271->0(270)
[2022-12-15T20:20:41.410+0100][36.228s] GC(9) Survivor regions: 36->37(39)
[2022-12-15T20:20:41.410+0100][36.228s] GC(9) Old regions: 18->38
[2022-12-15T20:20:41.410+0100][36.228s] GC(9) Archive regions: 2->2
[2022-12-15T20:20:41.410+0100][36.228s] GC(9) Humongous regions: 9->5
[2022-12-15T20:20:41.410+0100][36.228s] GC(9) Metaspace: 51050K(51584K)->51050K(51584K) NonClass: 44973K(45248K)->44973K(45248K) Class: 6076K(6336K)->6076K(6336K)
[2022-12-15T20:20:41.410+0100][36.228s] GC(9) Pause Young (Normal) (G1 Evacuation Pause) 334M->79M(512M) 14.209ms
[2022-12-15T20:20:41.410+0100][36.228s] GC(9) User=0.14s Sys=0.00s Real=0.02s
[2022-12-15T20:20:51.411+0100][46.229s] GC(10) Pause Young (Normal) (G1 Evacuation Pause)
[2022-12-15T20:20:51.411+0100][46.229s] GC(10) Using 10 workers of 10 for evacuation
[2022-12-15T20:20:51.429+0100][46.247s] GC(10)   Pre Evacuate Collection Set: 0.1ms
[2022-12-15T20:20:51.429+0100][46.247s] GC(10)   Merge Heap Roots: 0.1ms
[2022-12-15T20:20:51.429+0100][46.247s] GC(10)   Evacuate Collection Set: 16.8ms
[2022-12-15T20:20:51.429+0100][46.247s] GC(10)   Post Evacuate Collection Set: 0.8ms
[2022-12-15T20:20:51.429+0100][46.247s] GC(10)   Other: 0.2ms
[2022-12-15T20:20:51.429+0100][46.247s] GC(10) Eden regions: 270->0(273)
[2022-12-15T20:20:51.429+0100][46.247s] GC(10) Survivor regions: 37->34(39)
[2022-12-15T20:20:51.429+0100][46.247s] GC(10) Old regions: 38->52
[2022-12-15T20:20:51.429+0100][46.247s] GC(10) Archive regions: 2->2
[2022-12-15T20:20:51.429+0100][46.247s] GC(10) Humongous regions: 8->8
[2022-12-15T20:20:51.429+0100][46.247s] GC(10) Metaspace: 57472K(58176K)->57472K(58176K) NonClass: 50555K(50944K)->50555K(50944K) Class: 6917K(7232K)->6917K(7232K)
[2022-12-15T20:20:51.429+0100][46.247s] GC(10) Pause Young (Normal) (G1 Evacuation Pause) 352M->94M(512M) 18.077ms
[2022-12-15T20:20:51.429+0100][46.247s] GC(10) User=0.14s Sys=0.00s Real=0.02s
[2022-12-15T20:21:37.212+0100][92.030s] GC(11) Pause Young (Normal) (G1 Evacuation Pause)
[2022-12-15T20:21:37.212+0100][92.030s] GC(11) Using 10 workers of 10 for evacuation
[2022-12-15T20:21:37.224+0100][92.041s] GC(11)   Pre Evacuate Collection Set: 0.1ms
[2022-12-15T20:21:37.224+0100][92.041s] GC(11)   Merge Heap Roots: 0.1ms
[2022-12-15T20:21:37.224+0100][92.041s] GC(11)   Evacuate Collection Set: 10.5ms
[2022-12-15T20:21:37.224+0100][92.041s] GC(11)   Post Evacuate Collection Set: 0.7ms
[2022-12-15T20:21:37.224+0100][92.041s] GC(11)   Other: 0.2ms
[2022-12-15T20:21:37.224+0100][92.041s] GC(11) Eden regions: 273->0(285)
[2022-12-15T20:21:37.224+0100][92.041s] GC(11) Survivor regions: 34->22(39)
[2022-12-15T20:21:37.224+0100][92.041s] GC(11) Old regions: 52->72
[2022-12-15T20:21:37.224+0100][92.041s] GC(11) Archive regions: 2->2
[2022-12-15T20:21:37.224+0100][92.041s] GC(11) Humongous regions: 13->8
[2022-12-15T20:21:37.224+0100][92.041s] GC(11) Metaspace: 58867K(59648K)->58867K(59648K) NonClass: 51814K(52224K)->51814K(52224K) Class: 7053K(7424K)->7053K(7424K)
[2022-12-15T20:21:37.224+0100][92.041s] GC(11) Pause Young (Normal) (G1 Evacuation Pause) 372M->102M(512M) 11.662ms
[2022-12-15T20:21:37.224+0100][92.041s] GC(11) User=0.12s Sys=0.00s Real=0.01s
[2022-12-15T20:38:48.231+0100][1123.049s] Heap
[2022-12-15T20:38:48.231+0100][1123.049s]  garbage-first heap   total 524288K, used 220655K [0x00000000e0000000, 0x0000000100000000)
[2022-12-15T20:38:48.231+0100][1123.049s]   region size 1024K, 135 young (138240K), 22 survivors (22528K)
[2022-12-15T20:38:48.231+0100][1123.049s]  Metaspace       used 59421K, committed 60096K, reserved 1105920K
[2022-12-15T20:38:48.231+0100][1123.049s]   class space    used 7121K, committed 7488K, reserved 1048576K
