[2022-12-16T13:23:48.913+0100][0.029s] Using G1
[2022-12-16T13:23:48.959+0100][0.075s] Version: 17.0.5+8-Ubuntu-2ubuntu120.04 (release)
[2022-12-16T13:23:48.959+0100][0.075s] CPUs: 12 total, 12 available
[2022-12-16T13:23:48.959+0100][0.075s] Memory: 15745M
[2022-12-16T13:23:48.959+0100][0.075s] Large Page Support: Disabled
[2022-12-16T13:23:48.959+0100][0.075s] NUMA Support: Disabled
[2022-12-16T13:23:48.959+0100][0.075s] Compressed Oops: Enabled (32-bit)
[2022-12-16T13:23:48.959+0100][0.075s] Heap Region Size: 1M
[2022-12-16T13:23:48.959+0100][0.076s] Heap Min Capacity: 512M
[2022-12-16T13:23:48.959+0100][0.076s] Heap Initial Capacity: 512M
[2022-12-16T13:23:48.959+0100][0.076s] Heap Max Capacity: 512M
[2022-12-16T13:23:48.959+0100][0.076s] Pre-touch: Enabled
[2022-12-16T13:23:48.959+0100][0.076s] Parallel Workers: 10
[2022-12-16T13:23:48.959+0100][0.076s] Concurrent Workers: 3
[2022-12-16T13:23:48.959+0100][0.076s] Concurrent Refinement Workers: 10
[2022-12-16T13:23:48.959+0100][0.076s] Periodic GC: Disabled
[2022-12-16T13:23:48.959+0100][0.076s] CDS archive(s) mapped at: [0x0000000800000000-0x0000000800be3000-0x0000000800be3000), size 12464128, SharedBaseAddress: 0x0000000800000000, ArchiveRelocationMode: 0.
[2022-12-16T13:23:48.959+0100][0.076s] Compressed class space mapped at: 0x0000000800c00000-0x0000000840c00000, reserved size: 1073741824
[2022-12-16T13:23:48.959+0100][0.076s] Narrow klass base: 0x0000000800000000, Narrow klass shift: 0, Narrow klass range: 0x100000000
[2022-12-16T13:23:49.507+0100][0.624s] GC(0) Pause Young (Normal) (G1 Evacuation Pause)
[2022-12-16T13:23:49.507+0100][0.624s] GC(0) Using 10 workers of 10 for evacuation
[2022-12-16T13:23:49.509+0100][0.626s] GC(0)   Pre Evacuate Collection Set: 0.1ms
[2022-12-16T13:23:49.509+0100][0.626s] GC(0)   Merge Heap Roots: 0.0ms
[2022-12-16T13:23:49.509+0100][0.626s] GC(0)   Evacuate Collection Set: 1.4ms
[2022-12-16T13:23:49.509+0100][0.626s] GC(0)   Post Evacuate Collection Set: 0.3ms
[2022-12-16T13:23:49.509+0100][0.626s] GC(0)   Other: 0.1ms
[2022-12-16T13:23:49.509+0100][0.626s] GC(0) Eden regions: 29->0(64)
[2022-12-16T13:23:49.509+0100][0.626s] GC(0) Survivor regions: 0->4(4)
[2022-12-16T13:23:49.509+0100][0.626s] GC(0) Old regions: 0->0
[2022-12-16T13:23:49.509+0100][0.626s] GC(0) Archive regions: 2->2
[2022-12-16T13:23:49.509+0100][0.626s] GC(0) Humongous regions: 0->0
[2022-12-16T13:23:49.509+0100][0.626s] GC(0) Metaspace: 7206K(7360K)->7206K(7360K) NonClass: 6372K(6464K)->6372K(6464K) Class: 834K(896K)->834K(896K)
[2022-12-16T13:23:49.509+0100][0.626s] GC(0) Pause Young (Normal) (G1 Evacuation Pause) 29M->4M(512M) 1.924ms
[2022-12-16T13:23:49.509+0100][0.626s] GC(0) User=0.02s Sys=0.00s Real=0.00s
[2022-12-16T13:23:50.105+0100][1.222s] GC(1) Pause Young (Normal) (G1 Evacuation Pause)
[2022-12-16T13:23:50.105+0100][1.222s] GC(1) Using 10 workers of 10 for evacuation
[2022-12-16T13:23:50.111+0100][1.228s] GC(1)   Pre Evacuate Collection Set: 0.1ms
[2022-12-16T13:23:50.111+0100][1.228s] GC(1)   Merge Heap Roots: 0.0ms
[2022-12-16T13:23:50.111+0100][1.228s] GC(1)   Evacuate Collection Set: 5.4ms
[2022-12-16T13:23:50.111+0100][1.228s] GC(1)   Post Evacuate Collection Set: 0.5ms
[2022-12-16T13:23:50.111+0100][1.228s] GC(1)   Other: 0.1ms
[2022-12-16T13:23:50.111+0100][1.228s] GC(1) Eden regions: 64->0(87)
[2022-12-16T13:23:50.111+0100][1.228s] GC(1) Survivor regions: 4->9(9)
[2022-12-16T13:23:50.111+0100][1.228s] GC(1) Old regions: 0->5
[2022-12-16T13:23:50.111+0100][1.228s] GC(1) Archive regions: 2->2
[2022-12-16T13:23:50.111+0100][1.228s] GC(1) Humongous regions: 4->4
[2022-12-16T13:23:50.111+0100][1.228s] GC(1) Metaspace: 16373K(16640K)->16373K(16640K) NonClass: 14446K(14592K)->14446K(14592K) Class: 1926K(2048K)->1926K(2048K)
[2022-12-16T13:23:50.111+0100][1.228s] GC(1) Pause Young (Normal) (G1 Evacuation Pause) 72M->18M(512M) 6.251ms
[2022-12-16T13:23:50.111+0100][1.228s] GC(1) User=0.06s Sys=0.00s Real=0.00s
[2022-12-16T13:23:50.254+0100][1.371s] GC(2) Pause Young (Normal) (G1 Evacuation Pause)
[2022-12-16T13:23:50.254+0100][1.371s] GC(2) Using 10 workers of 10 for evacuation
[2022-12-16T13:23:50.259+0100][1.375s] GC(2)   Pre Evacuate Collection Set: 0.1ms
[2022-12-16T13:23:50.259+0100][1.375s] GC(2)   Merge Heap Roots: 0.0ms
[2022-12-16T13:23:50.259+0100][1.375s] GC(2)   Evacuate Collection Set: 3.5ms
[2022-12-16T13:23:50.259+0100][1.375s] GC(2)   Post Evacuate Collection Set: 0.5ms
[2022-12-16T13:23:50.259+0100][1.375s] GC(2)   Other: 0.2ms
[2022-12-16T13:23:50.259+0100][1.375s] GC(2) Eden regions: 87->0(302)
[2022-12-16T13:23:50.259+0100][1.376s] GC(2) Survivor regions: 9->5(12)
[2022-12-16T13:23:50.259+0100][1.376s] GC(2) Old regions: 5->14
[2022-12-16T13:23:50.259+0100][1.376s] GC(2) Archive regions: 2->2
[2022-12-16T13:23:50.259+0100][1.376s] GC(2) Humongous regions: 4->4
[2022-12-16T13:23:50.259+0100][1.376s] GC(2) Metaspace: 16516K(16768K)->16516K(16768K) NonClass: 14587K(14720K)->14587K(14720K) Class: 1929K(2048K)->1929K(2048K)
[2022-12-16T13:23:50.259+0100][1.376s] GC(2) Pause Young (Normal) (G1 Evacuation Pause) 105M->22M(512M) 4.379ms
[2022-12-16T13:23:50.259+0100][1.376s] GC(2) User=0.04s Sys=0.00s Real=0.00s
[2022-12-16T13:23:50.521+0100][1.637s] GC(3) Pause Young (Concurrent Start) (Metadata GC Threshold)
[2022-12-16T13:23:50.521+0100][1.637s] GC(3) Using 10 workers of 10 for evacuation
[2022-12-16T13:23:50.523+0100][1.639s] GC(3)   Pre Evacuate Collection Set: 0.1ms
[2022-12-16T13:23:50.523+0100][1.639s] GC(3)   Merge Heap Roots: 0.0ms
[2022-12-16T13:23:50.523+0100][1.639s] GC(3)   Evacuate Collection Set: 1.5ms
[2022-12-16T13:23:50.523+0100][1.639s] GC(3)   Post Evacuate Collection Set: 0.4ms
[2022-12-16T13:23:50.523+0100][1.639s] GC(3)   Other: 0.2ms
[2022-12-16T13:23:50.523+0100][1.639s] GC(3) Eden regions: 67->0(302)
[2022-12-16T13:23:50.523+0100][1.639s] GC(3) Survivor regions: 5->5(39)
[2022-12-16T13:23:50.523+0100][1.639s] GC(3) Old regions: 14->14
[2022-12-16T13:23:50.523+0100][1.639s] GC(3) Archive regions: 2->2
[2022-12-16T13:23:50.523+0100][1.639s] GC(3) Humongous regions: 4->4
[2022-12-16T13:23:50.523+0100][1.639s] GC(3) Metaspace: 21288K(21504K)->21288K(21504K) NonClass: 18863K(18944K)->18863K(18944K) Class: 2425K(2560K)->2425K(2560K)
[2022-12-16T13:23:50.523+0100][1.639s] GC(3) Pause Young (Concurrent Start) (Metadata GC Threshold) 89M->23M(512M) 2.217ms
[2022-12-16T13:23:50.523+0100][1.639s] GC(3) User=0.01s Sys=0.00s Real=0.00s
[2022-12-16T13:23:50.523+0100][1.640s] GC(4) Concurrent Mark Cycle
[2022-12-16T13:23:50.523+0100][1.640s] GC(4) Concurrent Clear Claimed Marks
[2022-12-16T13:23:50.523+0100][1.640s] GC(4) Concurrent Clear Claimed Marks 0.017ms
[2022-12-16T13:23:50.523+0100][1.640s] GC(4) Concurrent Scan Root Regions
[2022-12-16T13:23:50.523+0100][1.640s] GC(4) Concurrent Scan Root Regions 0.602ms
[2022-12-16T13:23:50.523+0100][1.640s] GC(4) Concurrent Mark
[2022-12-16T13:23:50.523+0100][1.640s] GC(4) Concurrent Mark From Roots
[2022-12-16T13:23:50.523+0100][1.640s] GC(4) Using 3 workers of 3 for marking
[2022-12-16T13:23:50.535+0100][1.652s] GC(4) Concurrent Mark From Roots 11.399ms
[2022-12-16T13:23:50.535+0100][1.652s] GC(4) Concurrent Preclean
[2022-12-16T13:23:50.535+0100][1.652s] GC(4) Concurrent Preclean 0.099ms
[2022-12-16T13:23:50.535+0100][1.652s] GC(4) Pause Remark
[2022-12-16T13:23:50.536+0100][1.653s] GC(4) Pause Remark 27M->27M(512M) 1.239ms
[2022-12-16T13:23:50.536+0100][1.653s] GC(4) User=0.02s Sys=0.00s Real=0.00s
[2022-12-16T13:23:50.536+0100][1.653s] GC(4) Concurrent Mark 12.995ms
[2022-12-16T13:23:50.536+0100][1.653s] GC(4) Concurrent Rebuild Remembered Sets
[2022-12-16T13:23:50.543+0100][1.659s] GC(4) Concurrent Rebuild Remembered Sets 6.098ms
[2022-12-16T13:23:50.543+0100][1.659s] GC(4) Pause Cleanup
[2022-12-16T13:23:50.543+0100][1.660s] GC(4) Pause Cleanup 29M->29M(512M) 0.090ms
[2022-12-16T13:23:50.543+0100][1.660s] GC(4) User=0.01s Sys=0.00s Real=0.00s
[2022-12-16T13:23:50.543+0100][1.660s] GC(4) Concurrent Cleanup for Next Mark
[2022-12-16T13:23:50.543+0100][1.660s] GC(4) Concurrent Cleanup for Next Mark 0.396ms
[2022-12-16T13:23:50.543+0100][1.660s] GC(4) Concurrent Mark Cycle 20.504ms
[2022-12-16T13:24:23.690+0100][34.807s] GC(5) Pause Young (Prepare Mixed) (Metadata GC Threshold)
[2022-12-16T13:24:23.690+0100][34.807s] GC(5) Using 10 workers of 10 for evacuation
[2022-12-16T13:24:23.696+0100][34.813s] GC(5)   Pre Evacuate Collection Set: 0.1ms
[2022-12-16T13:24:23.696+0100][34.813s] GC(5)   Merge Heap Roots: 0.1ms
[2022-12-16T13:24:23.696+0100][34.813s] GC(5)   Evacuate Collection Set: 5.2ms
[2022-12-16T13:24:23.696+0100][34.813s] GC(5)   Post Evacuate Collection Set: 0.6ms
[2022-12-16T13:24:23.696+0100][34.813s] GC(5)   Other: 0.2ms
[2022-12-16T13:24:23.696+0100][34.813s] GC(5) Eden regions: 302->0(9)
[2022-12-16T13:24:23.696+0100][34.813s] GC(5) Survivor regions: 5->16(39)
[2022-12-16T13:24:23.696+0100][34.813s] GC(5) Old regions: 14->14
[2022-12-16T13:24:23.696+0100][34.813s] GC(5) Archive regions: 2->2
[2022-12-16T13:24:23.696+0100][34.813s] GC(5) Humongous regions: 4->4
[2022-12-16T13:24:23.696+0100][34.813s] GC(5) Metaspace: 35956K(36288K)->35956K(36288K) NonClass: 31846K(32000K)->31846K(32000K) Class: 4110K(4288K)->4110K(4288K)
[2022-12-16T13:24:23.696+0100][34.813s] GC(5) Pause Young (Prepare Mixed) (Metadata GC Threshold) 325M->34M(512M) 6.179ms
[2022-12-16T13:24:23.696+0100][34.813s] GC(5) User=0.05s Sys=0.00s Real=0.01s
[2022-12-16T13:24:23.704+0100][34.821s] GC(6) Pause Young (Mixed) (Metadata GC Threshold)
[2022-12-16T13:24:23.704+0100][34.821s] GC(6) Using 10 workers of 10 for evacuation
[2022-12-16T13:24:23.708+0100][34.825s] GC(6)   Pre Evacuate Collection Set: 0.1ms
[2022-12-16T13:24:23.708+0100][34.825s] GC(6)   Merge Heap Roots: 0.0ms
[2022-12-16T13:24:23.708+0100][34.825s] GC(6)   Evacuate Collection Set: 3.8ms
[2022-12-16T13:24:23.708+0100][34.825s] GC(6)   Post Evacuate Collection Set: 0.3ms
[2022-12-16T13:24:23.708+0100][34.825s] GC(6)   Other: 0.1ms
[2022-12-16T13:24:23.708+0100][34.825s] GC(6) Eden regions: 3->0(305)
[2022-12-16T13:24:23.708+0100][34.825s] GC(6) Survivor regions: 16->2(4)
[2022-12-16T13:24:23.708+0100][34.825s] GC(6) Old regions: 14->30
[2022-12-16T13:24:23.708+0100][34.825s] GC(6) Archive regions: 2->2
[2022-12-16T13:24:23.708+0100][34.825s] GC(6) Humongous regions: 4->4
[2022-12-16T13:24:23.708+0100][34.825s] GC(6) Metaspace: 36195K(36608K)->36195K(36608K) NonClass: 32064K(32256K)->32064K(32256K) Class: 4130K(4352K)->4130K(4352K)
[2022-12-16T13:24:23.708+0100][34.825s] GC(6) Pause Young (Mixed) (Metadata GC Threshold) 37M->35M(512M) 4.429ms
[2022-12-16T13:24:23.708+0100][34.825s] GC(6) User=0.04s Sys=0.00s Real=0.00s
[2022-12-16T13:24:23.726+0100][34.843s] GC(7) Pause Young (Concurrent Start) (Metadata GC Threshold)
[2022-12-16T13:24:23.726+0100][34.843s] GC(7) Using 10 workers of 10 for evacuation
[2022-12-16T13:24:23.727+0100][34.844s] GC(7)   Pre Evacuate Collection Set: 0.1ms
[2022-12-16T13:24:23.727+0100][34.844s] GC(7)   Merge Heap Roots: 0.0ms
[2022-12-16T13:24:23.727+0100][34.844s] GC(7)   Evacuate Collection Set: 0.5ms
[2022-12-16T13:24:23.727+0100][34.844s] GC(7)   Post Evacuate Collection Set: 0.2ms
[2022-12-16T13:24:23.727+0100][34.844s] GC(7)   Other: 0.1ms
[2022-12-16T13:24:23.727+0100][34.844s] GC(7) Eden regions: 6->0(306)
[2022-12-16T13:24:23.727+0100][34.844s] GC(7) Survivor regions: 2->1(39)
[2022-12-16T13:24:23.727+0100][34.844s] GC(7) Old regions: 30->30
[2022-12-16T13:24:23.727+0100][34.844s] GC(7) Archive regions: 2->2
[2022-12-16T13:24:23.727+0100][34.844s] GC(7) Humongous regions: 4->4
[2022-12-16T13:24:23.727+0100][34.844s] GC(7) Metaspace: 36575K(36928K)->36575K(36928K) NonClass: 32382K(32576K)->32382K(32576K) Class: 4192K(4352K)->4192K(4352K)
[2022-12-16T13:24:23.727+0100][34.844s] GC(7) Pause Young (Concurrent Start) (Metadata GC Threshold) 41M->34M(512M) 1.125ms
[2022-12-16T13:24:23.727+0100][34.844s] GC(7) User=0.00s Sys=0.00s Real=0.00s
[2022-12-16T13:24:23.727+0100][34.844s] GC(8) Concurrent Mark Cycle
[2022-12-16T13:24:23.727+0100][34.844s] GC(8) Concurrent Clear Claimed Marks
[2022-12-16T13:24:23.727+0100][34.844s] GC(8) Concurrent Clear Claimed Marks 0.019ms
[2022-12-16T13:24:23.727+0100][34.844s] GC(8) Concurrent Scan Root Regions
[2022-12-16T13:24:23.728+0100][34.845s] GC(8) Concurrent Scan Root Regions 0.581ms
[2022-12-16T13:24:23.728+0100][34.845s] GC(8) Concurrent Mark
[2022-12-16T13:24:23.728+0100][34.845s] GC(8) Concurrent Mark From Roots
[2022-12-16T13:24:23.728+0100][34.845s] GC(8) Using 3 workers of 3 for marking
[2022-12-16T13:24:23.750+0100][34.867s] GC(8) Concurrent Mark From Roots 22.026ms
[2022-12-16T13:24:23.750+0100][34.867s] GC(8) Concurrent Preclean
[2022-12-16T13:24:23.750+0100][34.867s] GC(8) Concurrent Preclean 0.190ms
[2022-12-16T13:24:23.750+0100][34.867s] GC(8) Pause Remark
[2022-12-16T13:24:23.752+0100][34.869s] GC(8) Pause Remark 45M->45M(512M) 2.053ms
[2022-12-16T13:24:23.752+0100][34.869s] GC(8) User=0.02s Sys=0.01s Real=0.01s
[2022-12-16T13:24:23.752+0100][34.869s] GC(8) Concurrent Mark 24.558ms
[2022-12-16T13:24:23.752+0100][34.869s] GC(8) Concurrent Rebuild Remembered Sets
[2022-12-16T13:24:23.763+0100][34.880s] GC(8) Concurrent Rebuild Remembered Sets 10.529ms
[2022-12-16T13:24:23.763+0100][34.880s] GC(8) Pause Cleanup
[2022-12-16T13:24:23.763+0100][34.880s] GC(8) Pause Cleanup 47M->47M(512M) 0.087ms
[2022-12-16T13:24:23.763+0100][34.880s] GC(8) User=0.00s Sys=0.00s Real=0.00s
[2022-12-16T13:24:23.763+0100][34.880s] GC(8) Concurrent Cleanup for Next Mark
[2022-12-16T13:24:23.764+0100][34.880s] GC(8) Concurrent Cleanup for Next Mark 0.384ms
[2022-12-16T13:24:23.764+0100][34.880s] GC(8) Concurrent Mark Cycle 36.453ms
[2022-12-16T13:24:24.399+0100][35.516s] GC(9) Pause Young (Prepare Mixed) (G1 Evacuation Pause)
[2022-12-16T13:24:24.399+0100][35.516s] GC(9) Using 10 workers of 10 for evacuation
[2022-12-16T13:24:24.404+0100][35.521s] GC(9)   Pre Evacuate Collection Set: 0.1ms
[2022-12-16T13:24:24.404+0100][35.521s] GC(9)   Merge Heap Roots: 0.1ms
[2022-12-16T13:24:24.404+0100][35.521s] GC(9)   Evacuate Collection Set: 4.5ms
[2022-12-16T13:24:24.404+0100][35.521s] GC(9)   Post Evacuate Collection Set: 0.6ms
[2022-12-16T13:24:24.404+0100][35.521s] GC(9)   Other: 0.2ms
[2022-12-16T13:24:24.404+0100][35.521s] GC(9) Eden regions: 306->0(16)
[2022-12-16T13:24:24.404+0100][35.521s] GC(9) Survivor regions: 1->9(39)
[2022-12-16T13:24:24.404+0100][35.521s] GC(9) Old regions: 30->30
[2022-12-16T13:24:24.404+0100][35.521s] GC(9) Archive regions: 2->2
[2022-12-16T13:24:24.404+0100][35.521s] GC(9) Humongous regions: 5->4
[2022-12-16T13:24:24.404+0100][35.521s] GC(9) Metaspace: 46411K(46848K)->46411K(46848K) NonClass: 40941K(41152K)->40941K(41152K) Class: 5470K(5696K)->5470K(5696K)
[2022-12-16T13:24:24.404+0100][35.521s] GC(9) Pause Young (Prepare Mixed) (G1 Evacuation Pause) 341M->43M(512M) 5.541ms
[2022-12-16T13:24:24.404+0100][35.521s] GC(9) User=0.06s Sys=0.00s Real=0.01s
[2022-12-16T13:24:24.425+0100][35.542s] GC(10) Pause Young (Mixed) (G1 Evacuation Pause)
[2022-12-16T13:24:24.425+0100][35.542s] GC(10) Using 10 workers of 10 for evacuation
[2022-12-16T13:24:24.431+0100][35.548s] GC(10)   Pre Evacuate Collection Set: 0.1ms
[2022-12-16T13:24:24.431+0100][35.548s] GC(10)   Merge Heap Roots: 0.1ms
[2022-12-16T13:24:24.431+0100][35.548s] GC(10)   Evacuate Collection Set: 5.1ms
[2022-12-16T13:24:24.431+0100][35.548s] GC(10)   Post Evacuate Collection Set: 0.3ms
[2022-12-16T13:24:24.431+0100][35.548s] GC(10)   Other: 0.1ms
[2022-12-16T13:24:24.431+0100][35.548s] GC(10) Eden regions: 16->0(306)
[2022-12-16T13:24:24.431+0100][35.548s] GC(10) Survivor regions: 9->1(4)
[2022-12-16T13:24:24.431+0100][35.548s] GC(10) Old regions: 30->38
[2022-12-16T13:24:24.431+0100][35.548s] GC(10) Archive regions: 2->2
[2022-12-16T13:24:24.431+0100][35.548s] GC(10) Humongous regions: 4->4
[2022-12-16T13:24:24.431+0100][35.548s] GC(10) Metaspace: 46588K(47104K)->46588K(47104K) NonClass: 41077K(41344K)->41077K(41344K) Class: 5511K(5760K)->5511K(5760K)
[2022-12-16T13:24:24.431+0100][35.548s] GC(10) Pause Young (Mixed) (G1 Evacuation Pause) 59M->43M(512M) 5.831ms
[2022-12-16T13:24:24.431+0100][35.548s] GC(10) User=0.06s Sys=0.00s Real=0.00s
[2022-12-16T13:24:24.966+0100][36.083s] GC(11) Pause Young (Normal) (G1 Evacuation Pause)
[2022-12-16T13:24:24.966+0100][36.083s] GC(11) Using 10 workers of 10 for evacuation
[2022-12-16T13:24:24.973+0100][36.090s] GC(11)   Pre Evacuate Collection Set: 0.1ms
[2022-12-16T13:24:24.973+0100][36.090s] GC(11)   Merge Heap Roots: 0.1ms
[2022-12-16T13:24:24.973+0100][36.090s] GC(11)   Evacuate Collection Set: 6.4ms
[2022-12-16T13:24:24.973+0100][36.090s] GC(11)   Post Evacuate Collection Set: 0.6ms
[2022-12-16T13:24:24.974+0100][36.090s] GC(11)   Other: 0.2ms
[2022-12-16T13:24:24.974+0100][36.090s] GC(11) Eden regions: 306->0(290)
[2022-12-16T13:24:24.974+0100][36.090s] GC(11) Survivor regions: 1->17(39)
[2022-12-16T13:24:24.974+0100][36.090s] GC(11) Old regions: 38->38
[2022-12-16T13:24:24.974+0100][36.090s] GC(11) Archive regions: 2->2
[2022-12-16T13:24:24.974+0100][36.090s] GC(11) Humongous regions: 4->4
[2022-12-16T13:24:24.974+0100][36.090s] GC(11) Metaspace: 50452K(50944K)->50452K(50944K) NonClass: 44433K(44672K)->44433K(44672K) Class: 6018K(6272K)->6018K(6272K)
[2022-12-16T13:24:24.974+0100][36.090s] GC(11) Pause Young (Normal) (G1 Evacuation Pause) 349M->59M(512M) 7.416ms
[2022-12-16T13:24:24.974+0100][36.090s] GC(11) User=0.06s Sys=0.00s Real=0.01s
[2022-12-16T13:24:25.586+0100][36.703s] GC(12) Pause Young (Normal) (G1 Evacuation Pause)
[2022-12-16T13:24:25.586+0100][36.703s] GC(12) Using 10 workers of 10 for evacuation
[2022-12-16T13:24:25.608+0100][36.725s] GC(12)   Pre Evacuate Collection Set: 0.1ms
[2022-12-16T13:24:25.608+0100][36.725s] GC(12)   Merge Heap Roots: 0.1ms
[2022-12-16T13:24:25.608+0100][36.725s] GC(12)   Evacuate Collection Set: 20.5ms
[2022-12-16T13:24:25.608+0100][36.725s] GC(12)   Post Evacuate Collection Set: 0.9ms
[2022-12-16T13:24:25.608+0100][36.725s] GC(12)   Other: 0.2ms
[2022-12-16T13:24:25.608+0100][36.725s] GC(12) Eden regions: 290->0(268)
[2022-12-16T13:24:25.608+0100][36.725s] GC(12) Survivor regions: 17->39(39)
[2022-12-16T13:24:25.608+0100][36.725s] GC(12) Old regions: 38->41
[2022-12-16T13:24:25.608+0100][36.725s] GC(12) Archive regions: 2->2
[2022-12-16T13:24:25.608+0100][36.725s] GC(12) Humongous regions: 8->5
[2022-12-16T13:24:25.608+0100][36.725s] GC(12) Metaspace: 51082K(51648K)->51082K(51648K) NonClass: 45017K(45312K)->45017K(45312K) Class: 6064K(6336K)->6064K(6336K)
[2022-12-16T13:24:25.608+0100][36.725s] GC(12) Pause Young (Normal) (G1 Evacuation Pause) 353M->85M(512M) 21.931ms
[2022-12-16T13:24:25.608+0100][36.725s] GC(12) User=0.18s Sys=0.00s Real=0.02s
[2022-12-16T13:24:30.852+0100][41.969s] GC(13) Pause Young (Normal) (G1 Evacuation Pause)
[2022-12-16T13:24:30.852+0100][41.969s] GC(13) Using 10 workers of 10 for evacuation
[2022-12-16T13:24:30.874+0100][41.991s] GC(13)   Pre Evacuate Collection Set: 0.2ms
[2022-12-16T13:24:30.874+0100][41.991s] GC(13)   Merge Heap Roots: 0.1ms
[2022-12-16T13:24:30.874+0100][41.991s] GC(13)   Evacuate Collection Set: 20.3ms
[2022-12-16T13:24:30.874+0100][41.991s] GC(13)   Post Evacuate Collection Set: 0.9ms
[2022-12-16T13:24:30.874+0100][41.991s] GC(13)   Other: 0.2ms
[2022-12-16T13:24:30.874+0100][41.991s] GC(13) Eden regions: 268->0(293)
[2022-12-16T13:24:30.874+0100][41.991s] GC(13) Survivor regions: 39->14(39)
[2022-12-16T13:24:30.874+0100][41.991s] GC(13) Old regions: 41->79
[2022-12-16T13:24:30.874+0100][41.991s] GC(13) Archive regions: 2->2
[2022-12-16T13:24:30.874+0100][41.991s] GC(13) Humongous regions: 10->8
[2022-12-16T13:24:30.874+0100][41.991s] GC(13) Metaspace: 54551K(55040K)->54551K(55040K) NonClass: 48032K(48256K)->48032K(48256K) Class: 6519K(6784K)->6519K(6784K)
[2022-12-16T13:24:30.874+0100][41.991s] GC(13) Pause Young (Normal) (G1 Evacuation Pause) 358M->101M(512M) 21.787ms
[2022-12-16T13:24:30.874+0100][41.991s] GC(13) User=0.14s Sys=0.00s Real=0.02s
[2022-12-16T13:29:20.345+0100][331.462s] GC(14) Pause Young (Normal) (G1 Evacuation Pause)
[2022-12-16T13:29:20.345+0100][331.462s] GC(14) Using 10 workers of 10 for evacuation
[2022-12-16T13:29:20.353+0100][331.470s] GC(14)   Pre Evacuate Collection Set: 0.1ms
[2022-12-16T13:29:20.353+0100][331.470s] GC(14)   Merge Heap Roots: 0.1ms
[2022-12-16T13:29:20.353+0100][331.470s] GC(14)   Evacuate Collection Set: 7.0ms
[2022-12-16T13:29:20.353+0100][331.470s] GC(14)   Post Evacuate Collection Set: 0.8ms
[2022-12-16T13:29:20.353+0100][331.470s] GC(14)   Other: 0.2ms
[2022-12-16T13:29:20.353+0100][331.470s] GC(14) Eden regions: 293->0(287)
[2022-12-16T13:29:20.353+0100][331.470s] GC(14) Survivor regions: 14->20(39)
[2022-12-16T13:29:20.353+0100][331.470s] GC(14) Old regions: 79->79
[2022-12-16T13:29:20.353+0100][331.470s] GC(14) Archive regions: 2->2
[2022-12-16T13:29:20.353+0100][331.470s] GC(14) Humongous regions: 8->8
[2022-12-16T13:29:20.353+0100][331.470s] GC(14) Metaspace: 59984K(60672K)->59984K(60672K) NonClass: 52855K(53184K)->52855K(53184K) Class: 7128K(7488K)->7128K(7488K)
[2022-12-16T13:29:20.353+0100][331.470s] GC(14) Pause Young (Normal) (G1 Evacuation Pause) 394M->107M(512M) 8.186ms
[2022-12-16T13:29:20.353+0100][331.470s] GC(14) User=0.06s Sys=0.00s Real=0.01s
[2022-12-16T13:29:20.670+0100][331.787s] Heap
[2022-12-16T13:29:20.670+0100][331.787s]  garbage-first heap   total 524288K, used 177906K [0x00000000e0000000, 0x0000000100000000)
[2022-12-16T13:29:20.670+0100][331.787s]   region size 1024K, 87 young (89088K), 20 survivors (20480K)
[2022-12-16T13:29:20.670+0100][331.787s]  Metaspace       used 60278K, committed 60992K, reserved 1105920K
[2022-12-16T13:29:20.670+0100][331.787s]   class space    used 7177K, committed 7552K, reserved 1048576K
