[2022-12-14T19:23:02.659+0100][0.028s] Using G1
[2022-12-14T19:23:02.708+0100][0.077s] Version: 17.0.5+8-Ubuntu-2ubuntu120.04 (release)
[2022-12-14T19:23:02.708+0100][0.077s] CPUs: 12 total, 12 available
[2022-12-14T19:23:02.708+0100][0.077s] Memory: 15745M
[2022-12-14T19:23:02.708+0100][0.077s] Large Page Support: Disabled
[2022-12-14T19:23:02.708+0100][0.077s] NUMA Support: Disabled
[2022-12-14T19:23:02.708+0100][0.077s] Compressed Oops: Enabled (32-bit)
[2022-12-14T19:23:02.708+0100][0.077s] Heap Region Size: 1M
[2022-12-14T19:23:02.708+0100][0.077s] Heap Min Capacity: 512M
[2022-12-14T19:23:02.708+0100][0.077s] Heap Initial Capacity: 512M
[2022-12-14T19:23:02.708+0100][0.077s] Heap Max Capacity: 512M
[2022-12-14T19:23:02.708+0100][0.077s] Pre-touch: Enabled
[2022-12-14T19:23:02.708+0100][0.077s] Parallel Workers: 10
[2022-12-14T19:23:02.708+0100][0.077s] Concurrent Workers: 3
[2022-12-14T19:23:02.708+0100][0.077s] Concurrent Refinement Workers: 10
[2022-12-14T19:23:02.708+0100][0.077s] Periodic GC: Disabled
[2022-12-14T19:23:02.708+0100][0.078s] CDS archive(s) mapped at: [0x0000000800000000-0x0000000800be3000-0x0000000800be3000), size 12464128, SharedBaseAddress: 0x0000000800000000, ArchiveRelocationMode: 0.
[2022-12-14T19:23:02.708+0100][0.078s] Compressed class space mapped at: 0x0000000800c00000-0x0000000840c00000, reserved size: 1073741824
[2022-12-14T19:23:02.708+0100][0.078s] Narrow klass base: 0x0000000800000000, Narrow klass shift: 0, Narrow klass range: 0x100000000
[2022-12-14T19:23:03.207+0100][0.576s] GC(0) Pause Young (Normal) (G1 Evacuation Pause)
[2022-12-14T19:23:03.207+0100][0.576s] GC(0) Using 10 workers of 10 for evacuation
[2022-12-14T19:23:03.209+0100][0.578s] GC(0)   Pre Evacuate Collection Set: 0.1ms
[2022-12-14T19:23:03.209+0100][0.579s] GC(0)   Merge Heap Roots: 0.0ms
[2022-12-14T19:23:03.209+0100][0.579s] GC(0)   Evacuate Collection Set: 1.7ms
[2022-12-14T19:23:03.209+0100][0.579s] GC(0)   Post Evacuate Collection Set: 0.3ms
[2022-12-14T19:23:03.209+0100][0.579s] GC(0)   Other: 0.1ms
[2022-12-14T19:23:03.209+0100][0.579s] GC(0) Eden regions: 29->0(66)
[2022-12-14T19:23:03.209+0100][0.579s] GC(0) Survivor regions: 0->4(4)
[2022-12-14T19:23:03.209+0100][0.579s] GC(0) Old regions: 0->0
[2022-12-14T19:23:03.209+0100][0.579s] GC(0) Archive regions: 2->2
[2022-12-14T19:23:03.209+0100][0.579s] GC(0) Humongous regions: 0->0
[2022-12-14T19:23:03.209+0100][0.579s] GC(0) Metaspace: 6818K(6976K)->6818K(6976K) NonClass: 6027K(6144K)->6027K(6144K) Class: 791K(832K)->791K(832K)
[2022-12-14T19:23:03.209+0100][0.579s] GC(0) Pause Young (Normal) (G1 Evacuation Pause) 29M->4M(512M) 2.471ms
[2022-12-14T19:23:03.209+0100][0.579s] GC(0) User=0.01s Sys=0.01s Real=0.00s
[2022-12-14T19:23:03.796+0100][1.165s] GC(1) Pause Young (Normal) (G1 Evacuation Pause)
[2022-12-14T19:23:03.796+0100][1.165s] GC(1) Using 10 workers of 10 for evacuation
[2022-12-14T19:23:03.803+0100][1.172s] GC(1)   Pre Evacuate Collection Set: 0.1ms
[2022-12-14T19:23:03.803+0100][1.172s] GC(1)   Merge Heap Roots: 0.1ms
[2022-12-14T19:23:03.803+0100][1.172s] GC(1)   Evacuate Collection Set: 6.4ms
[2022-12-14T19:23:03.803+0100][1.172s] GC(1)   Post Evacuate Collection Set: 0.5ms
[2022-12-14T19:23:03.803+0100][1.172s] GC(1)   Other: 0.1ms
[2022-12-14T19:23:03.803+0100][1.172s] GC(1) Eden regions: 66->0(200)
[2022-12-14T19:23:03.803+0100][1.172s] GC(1) Survivor regions: 4->9(9)
[2022-12-14T19:23:03.803+0100][1.172s] GC(1) Old regions: 0->5
[2022-12-14T19:23:03.803+0100][1.172s] GC(1) Archive regions: 2->2
[2022-12-14T19:23:03.803+0100][1.172s] GC(1) Humongous regions: 4->4
[2022-12-14T19:23:03.803+0100][1.172s] GC(1) Metaspace: 16321K(16576K)->16321K(16576K) NonClass: 14394K(14528K)->14394K(14528K) Class: 1926K(2048K)->1926K(2048K)
[2022-12-14T19:23:03.803+0100][1.172s] GC(1) Pause Young (Normal) (G1 Evacuation Pause) 74M->18M(512M) 7.330ms
[2022-12-14T19:23:03.803+0100][1.172s] GC(1) User=0.06s Sys=0.00s Real=0.01s
[2022-12-14T19:23:04.249+0100][1.619s] GC(2) Pause Young (Normal) (G1 Evacuation Pause)
[2022-12-14T19:23:04.249+0100][1.619s] GC(2) Using 10 workers of 10 for evacuation
[2022-12-14T19:23:04.255+0100][1.624s] GC(2)   Pre Evacuate Collection Set: 0.1ms
[2022-12-14T19:23:04.255+0100][1.624s] GC(2)   Merge Heap Roots: 0.1ms
[2022-12-14T19:23:04.255+0100][1.624s] GC(2)   Evacuate Collection Set: 4.6ms
[2022-12-14T19:23:04.255+0100][1.624s] GC(2)   Post Evacuate Collection Set: 0.7ms
[2022-12-14T19:23:04.255+0100][1.624s] GC(2)   Other: 0.1ms
[2022-12-14T19:23:04.255+0100][1.624s] GC(2) Eden regions: 200->0(292)
[2022-12-14T19:23:04.255+0100][1.624s] GC(2) Survivor regions: 9->15(27)
[2022-12-14T19:23:04.255+0100][1.624s] GC(2) Old regions: 5->5
[2022-12-14T19:23:04.255+0100][1.624s] GC(2) Archive regions: 2->2
[2022-12-14T19:23:04.255+0100][1.624s] GC(2) Humongous regions: 4->4
[2022-12-14T19:23:04.255+0100][1.624s] GC(2) Metaspace: 20889K(21120K)->20889K(21120K) NonClass: 18495K(18624K)->18495K(18624K) Class: 2394K(2496K)->2394K(2496K)
[2022-12-14T19:23:04.255+0100][1.624s] GC(2) Pause Young (Normal) (G1 Evacuation Pause) 218M->23M(512M) 5.740ms
[2022-12-14T19:23:04.255+0100][1.624s] GC(2) User=0.04s Sys=0.00s Real=0.01s
[2022-12-14T19:23:04.275+0100][1.644s] GC(3) Pause Young (Concurrent Start) (Metadata GC Threshold)
[2022-12-14T19:23:04.275+0100][1.644s] GC(3) Using 10 workers of 10 for evacuation
[2022-12-14T19:23:04.280+0100][1.650s] GC(3)   Pre Evacuate Collection Set: 0.1ms
[2022-12-14T19:23:04.280+0100][1.650s] GC(3)   Merge Heap Roots: 0.0ms
[2022-12-14T19:23:04.280+0100][1.650s] GC(3)   Evacuate Collection Set: 4.7ms
[2022-12-14T19:23:04.280+0100][1.650s] GC(3)   Post Evacuate Collection Set: 0.5ms
[2022-12-14T19:23:04.280+0100][1.650s] GC(3)   Other: 0.2ms
[2022-12-14T19:23:04.280+0100][1.650s] GC(3) Eden regions: 6->0(293)
[2022-12-14T19:23:04.280+0100][1.650s] GC(3) Survivor regions: 15->14(39)
[2022-12-14T19:23:04.280+0100][1.650s] GC(3) Old regions: 5->5
[2022-12-14T19:23:04.280+0100][1.650s] GC(3) Archive regions: 2->2
[2022-12-14T19:23:04.280+0100][1.650s] GC(3) Humongous regions: 4->4
[2022-12-14T19:23:04.280+0100][1.650s] GC(3) Metaspace: 21275K(21504K)->21275K(21504K) NonClass: 18849K(18944K)->18849K(18944K) Class: 2425K(2560K)->2425K(2560K)
[2022-12-14T19:23:04.280+0100][1.650s] GC(3) Pause Young (Concurrent Start) (Metadata GC Threshold) 28M->23M(512M) 5.696ms
[2022-12-14T19:23:04.280+0100][1.650s] GC(3) User=0.03s Sys=0.00s Real=0.00s
[2022-12-14T19:23:04.280+0100][1.650s] GC(4) Concurrent Mark Cycle
[2022-12-14T19:23:04.280+0100][1.650s] GC(4) Concurrent Clear Claimed Marks
[2022-12-14T19:23:04.281+0100][1.650s] GC(4) Concurrent Clear Claimed Marks 0.027ms
[2022-12-14T19:23:04.281+0100][1.650s] GC(4) Concurrent Scan Root Regions
[2022-12-14T19:23:04.284+0100][1.654s] GC(4) Concurrent Scan Root Regions 3.924ms
[2022-12-14T19:23:04.285+0100][1.654s] GC(4) Concurrent Mark
[2022-12-14T19:23:04.285+0100][1.654s] GC(4) Concurrent Mark From Roots
[2022-12-14T19:23:04.285+0100][1.654s] GC(4) Using 3 workers of 3 for marking
[2022-12-14T19:23:04.290+0100][1.660s] GC(4) Concurrent Mark From Roots 5.647ms
[2022-12-14T19:23:04.290+0100][1.660s] GC(4) Concurrent Preclean
[2022-12-14T19:23:04.290+0100][1.660s] GC(4) Concurrent Preclean 0.080ms
[2022-12-14T19:23:04.290+0100][1.660s] GC(4) Pause Remark
[2022-12-14T19:23:04.292+0100][1.661s] GC(4) Pause Remark 26M->26M(512M) 1.562ms
[2022-12-14T19:23:04.292+0100][1.662s] GC(4) User=0.01s Sys=0.00s Real=0.00s
[2022-12-14T19:23:04.292+0100][1.662s] GC(4) Concurrent Mark 7.609ms
[2022-12-14T19:23:04.292+0100][1.662s] GC(4) Concurrent Rebuild Remembered Sets
[2022-12-14T19:23:04.296+0100][1.665s] GC(4) Concurrent Rebuild Remembered Sets 3.481ms
[2022-12-14T19:23:04.296+0100][1.665s] GC(4) Pause Cleanup
[2022-12-14T19:23:04.296+0100][1.665s] GC(4) Pause Cleanup 27M->27M(512M) 0.151ms
[2022-12-14T19:23:04.296+0100][1.665s] GC(4) User=0.00s Sys=0.00s Real=0.00s
[2022-12-14T19:23:04.296+0100][1.666s] GC(4) Concurrent Cleanup for Next Mark
[2022-12-14T19:23:04.297+0100][1.666s] GC(4) Concurrent Cleanup for Next Mark 0.458ms
[2022-12-14T19:23:04.297+0100][1.666s] GC(4) Concurrent Mark Cycle 16.168ms
[2022-12-14T19:23:06.028+0100][3.398s] GC(5) Pause Young (Normal) (G1 Evacuation Pause)
[2022-12-14T19:23:06.028+0100][3.398s] GC(5) Using 10 workers of 10 for evacuation
[2022-12-14T19:23:06.038+0100][3.407s] GC(5)   Pre Evacuate Collection Set: 0.1ms
[2022-12-14T19:23:06.038+0100][3.407s] GC(5)   Merge Heap Roots: 0.1ms
[2022-12-14T19:23:06.038+0100][3.407s] GC(5)   Evacuate Collection Set: 8.5ms
[2022-12-14T19:23:06.038+0100][3.408s] GC(5)   Post Evacuate Collection Set: 0.9ms
[2022-12-14T19:23:06.038+0100][3.408s] GC(5)   Other: 0.2ms
[2022-12-14T19:23:06.038+0100][3.408s] GC(5) Eden regions: 293->0(283)
[2022-12-14T19:23:06.038+0100][3.408s] GC(5) Survivor regions: 14->24(39)
[2022-12-14T19:23:06.038+0100][3.408s] GC(5) Old regions: 5->5
[2022-12-14T19:23:06.038+0100][3.408s] GC(5) Archive regions: 2->2
[2022-12-14T19:23:06.038+0100][3.408s] GC(5) Humongous regions: 4->4
[2022-12-14T19:23:06.038+0100][3.408s] GC(5) Metaspace: 33807K(34176K)->33807K(34176K) NonClass: 29939K(30144K)->29939K(30144K) Class: 3867K(4032K)->3867K(4032K)
[2022-12-14T19:23:06.038+0100][3.408s] GC(5) Pause Young (Normal) (G1 Evacuation Pause) 316M->32M(512M) 9.960ms
[2022-12-14T19:23:06.038+0100][3.408s] GC(5) User=0.09s Sys=0.00s Real=0.01s
[2022-12-14T19:23:06.255+0100][3.625s] GC(6) Pause Young (Concurrent Start) (Metadata GC Threshold)
[2022-12-14T19:23:06.255+0100][3.625s] GC(6) Using 10 workers of 10 for evacuation
[2022-12-14T19:23:06.270+0100][3.640s] GC(6)   Pre Evacuate Collection Set: 0.2ms
[2022-12-14T19:23:06.270+0100][3.640s] GC(6)   Merge Heap Roots: 0.1ms
[2022-12-14T19:23:06.270+0100][3.640s] GC(6)   Evacuate Collection Set: 14.0ms
[2022-12-14T19:23:06.270+0100][3.640s] GC(6)   Post Evacuate Collection Set: 0.7ms
[2022-12-14T19:23:06.270+0100][3.640s] GC(6)   Other: 0.2ms
[2022-12-14T19:23:06.270+0100][3.640s] GC(6) Eden regions: 56->0(290)
[2022-12-14T19:23:06.270+0100][3.640s] GC(6) Survivor regions: 24->17(39)
[2022-12-14T19:23:06.270+0100][3.640s] GC(6) Old regions: 5->14
[2022-12-14T19:23:06.270+0100][3.640s] GC(6) Archive regions: 2->2
[2022-12-14T19:23:06.270+0100][3.640s] GC(6) Humongous regions: 4->4
[2022-12-14T19:23:06.270+0100][3.640s] GC(6) Metaspace: 35730K(36160K)->35730K(36160K) NonClass: 31610K(31808K)->31610K(31808K) Class: 4119K(4352K)->4119K(4352K)
[2022-12-14T19:23:06.270+0100][3.640s] GC(6) Pause Young (Concurrent Start) (Metadata GC Threshold) 88M->34M(512M) 15.257ms
[2022-12-14T19:23:06.271+0100][3.640s] GC(6) User=0.07s Sys=0.00s Real=0.02s
[2022-12-14T19:23:06.271+0100][3.640s] GC(7) Concurrent Mark Cycle
[2022-12-14T19:23:06.271+0100][3.640s] GC(7) Concurrent Clear Claimed Marks
[2022-12-14T19:23:06.271+0100][3.640s] GC(7) Concurrent Clear Claimed Marks 0.038ms
[2022-12-14T19:23:06.271+0100][3.640s] GC(7) Concurrent Scan Root Regions
[2022-12-14T19:23:06.280+0100][3.649s] GC(7) Concurrent Scan Root Regions 9.161ms
[2022-12-14T19:23:06.280+0100][3.649s] GC(7) Concurrent Mark
[2022-12-14T19:23:06.280+0100][3.649s] GC(7) Concurrent Mark From Roots
[2022-12-14T19:23:06.280+0100][3.649s] GC(7) Using 3 workers of 3 for marking
[2022-12-14T19:23:06.289+0100][3.658s] GC(7) Concurrent Mark From Roots 8.870ms
[2022-12-14T19:23:06.289+0100][3.658s] GC(7) Concurrent Preclean
[2022-12-14T19:23:06.289+0100][3.658s] GC(7) Concurrent Preclean 0.069ms
[2022-12-14T19:23:06.289+0100][3.658s] GC(7) Pause Remark
[2022-12-14T19:23:06.291+0100][3.661s] GC(7) Pause Remark 41M->41M(512M) 2.156ms
[2022-12-14T19:23:06.291+0100][3.661s] GC(7) User=0.02s Sys=0.00s Real=0.01s
[2022-12-14T19:23:06.291+0100][3.661s] GC(7) Concurrent Mark 11.390ms
[2022-12-14T19:23:06.291+0100][3.661s] GC(7) Concurrent Rebuild Remembered Sets
[2022-12-14T19:23:06.301+0100][3.670s] GC(7) Concurrent Rebuild Remembered Sets 9.387ms
[2022-12-14T19:23:06.301+0100][3.671s] GC(7) Pause Cleanup
[2022-12-14T19:23:06.301+0100][3.671s] GC(7) Pause Cleanup 43M->43M(512M) 0.119ms
[2022-12-14T19:23:06.301+0100][3.671s] GC(7) User=0.00s Sys=0.00s Real=0.00s
[2022-12-14T19:23:06.301+0100][3.671s] GC(7) Concurrent Cleanup for Next Mark
[2022-12-14T19:23:06.302+0100][3.671s] GC(7) Concurrent Cleanup for Next Mark 0.417ms
[2022-12-14T19:23:06.302+0100][3.671s] GC(7) Concurrent Mark Cycle 31.316ms
[2022-12-14T19:23:06.740+0100][4.110s] GC(8) Pause Young (Normal) (G1 Evacuation Pause)
[2022-12-14T19:23:06.741+0100][4.110s] GC(8) Using 10 workers of 10 for evacuation
[2022-12-14T19:23:06.748+0100][4.118s] GC(8)   Pre Evacuate Collection Set: 0.1ms
[2022-12-14T19:23:06.748+0100][4.118s] GC(8)   Merge Heap Roots: 0.1ms
[2022-12-14T19:23:06.748+0100][4.118s] GC(8)   Evacuate Collection Set: 6.8ms
[2022-12-14T19:23:06.748+0100][4.118s] GC(8)   Post Evacuate Collection Set: 0.6ms
[2022-12-14T19:23:06.748+0100][4.118s] GC(8)   Other: 0.2ms
[2022-12-14T19:23:06.748+0100][4.118s] GC(8) Eden regions: 290->0(286)
[2022-12-14T19:23:06.748+0100][4.118s] GC(8) Survivor regions: 17->21(39)
[2022-12-14T19:23:06.748+0100][4.118s] GC(8) Old regions: 14->14
[2022-12-14T19:23:06.748+0100][4.118s] GC(8) Archive regions: 2->2
[2022-12-14T19:23:06.748+0100][4.118s] GC(8) Humongous regions: 5->4
[2022-12-14T19:23:06.748+0100][4.118s] GC(8) Metaspace: 43646K(44096K)->43646K(44096K) NonClass: 38455K(38656K)->38455K(38656K) Class: 5190K(5440K)->5190K(5440K)
[2022-12-14T19:23:06.748+0100][4.118s] GC(8) Pause Young (Normal) (G1 Evacuation Pause) 325M->38M(512M) 7.836ms
[2022-12-14T19:23:06.748+0100][4.118s] GC(8) User=0.07s Sys=0.00s Real=0.01s
[2022-12-14T19:23:07.184+0100][4.554s] GC(9) Pause Young (Normal) (G1 Evacuation Pause)
[2022-12-14T19:23:07.184+0100][4.554s] GC(9) Using 10 workers of 10 for evacuation
[2022-12-14T19:23:07.197+0100][4.567s] GC(9)   Pre Evacuate Collection Set: 0.2ms
[2022-12-14T19:23:07.197+0100][4.567s] GC(9)   Merge Heap Roots: 0.1ms
[2022-12-14T19:23:07.197+0100][4.567s] GC(9)   Evacuate Collection Set: 11.8ms
[2022-12-14T19:23:07.197+0100][4.567s] GC(9)   Post Evacuate Collection Set: 0.8ms
[2022-12-14T19:23:07.197+0100][4.567s] GC(9)   Other: 0.2ms
[2022-12-14T19:23:07.197+0100][4.567s] GC(9) Eden regions: 286->0(274)
[2022-12-14T19:23:07.197+0100][4.567s] GC(9) Survivor regions: 21->33(39)
[2022-12-14T19:23:07.197+0100][4.567s] GC(9) Old regions: 14->14
[2022-12-14T19:23:07.197+0100][4.567s] GC(9) Archive regions: 2->2
[2022-12-14T19:23:07.197+0100][4.567s] GC(9) Humongous regions: 4->4
[2022-12-14T19:23:07.197+0100][4.567s] GC(9) Metaspace: 48933K(49344K)->48933K(49344K) NonClass: 43068K(43264K)->43068K(43264K) Class: 5865K(6080K)->5865K(6080K)
[2022-12-14T19:23:07.197+0100][4.567s] GC(9) Pause Young (Normal) (G1 Evacuation Pause) 324M->50M(512M) 13.113ms
[2022-12-14T19:23:07.197+0100][4.567s] GC(9) User=0.12s Sys=0.00s Real=0.01s
[2022-12-14T19:23:07.643+0100][5.013s] GC(10) Pause Young (Normal) (GCLocker Initiated GC)
[2022-12-14T19:23:07.643+0100][5.013s] GC(10) Using 10 workers of 10 for evacuation
[2022-12-14T19:23:07.663+0100][5.032s] GC(10)   Pre Evacuate Collection Set: 0.1ms
[2022-12-14T19:23:07.663+0100][5.032s] GC(10)   Merge Heap Roots: 0.1ms
[2022-12-14T19:23:07.663+0100][5.032s] GC(10)   Evacuate Collection Set: 18.7ms
[2022-12-14T19:23:07.663+0100][5.032s] GC(10)   Post Evacuate Collection Set: 0.9ms
[2022-12-14T19:23:07.663+0100][5.032s] GC(10)   Other: 0.2ms
[2022-12-14T19:23:07.663+0100][5.032s] GC(10) Eden regions: 274->0(271)
[2022-12-14T19:23:07.663+0100][5.033s] GC(10) Survivor regions: 33->36(39)
[2022-12-14T19:23:07.663+0100][5.033s] GC(10) Old regions: 14->27
[2022-12-14T19:23:07.663+0100][5.033s] GC(10) Archive regions: 2->2
[2022-12-14T19:23:07.663+0100][5.033s] GC(10) Humongous regions: 5->5
[2022-12-14T19:23:07.663+0100][5.033s] GC(10) Metaspace: 49786K(50304K)->49786K(50304K) NonClass: 43845K(44096K)->43845K(44096K) Class: 5940K(6208K)->5940K(6208K)
[2022-12-14T19:23:07.663+0100][5.033s] GC(10) Pause Young (Normal) (GCLocker Initiated GC) 325M->68M(512M) 20.033ms
[2022-12-14T19:23:07.663+0100][5.033s] GC(10) User=0.15s Sys=0.00s Real=0.02s
[2022-12-14T19:23:08.038+0100][5.408s] GC(11) Pause Young (Normal) (G1 Evacuation Pause)
[2022-12-14T19:23:08.038+0100][5.408s] GC(11) Using 10 workers of 10 for evacuation
[2022-12-14T19:23:08.052+0100][5.422s] GC(11)   Pre Evacuate Collection Set: 0.1ms
[2022-12-14T19:23:08.052+0100][5.422s] GC(11)   Merge Heap Roots: 0.1ms
[2022-12-14T19:23:08.052+0100][5.422s] GC(11)   Evacuate Collection Set: 13.2ms
[2022-12-14T19:23:08.052+0100][5.422s] GC(11)   Post Evacuate Collection Set: 0.8ms
[2022-12-14T19:23:08.053+0100][5.422s] GC(11)   Other: 0.2ms
[2022-12-14T19:23:08.053+0100][5.422s] GC(11) Eden regions: 271->0(279)
[2022-12-14T19:23:08.053+0100][5.422s] GC(11) Survivor regions: 36->28(39)
[2022-12-14T19:23:08.053+0100][5.422s] GC(11) Old regions: 27->45
[2022-12-14T19:23:08.053+0100][5.422s] GC(11) Archive regions: 2->2
[2022-12-14T19:23:08.053+0100][5.422s] GC(11) Humongous regions: 9->5
[2022-12-14T19:23:08.053+0100][5.422s] GC(11) Metaspace: 51988K(52480K)->51988K(52480K) NonClass: 45753K(46016K)->45753K(46016K) Class: 6234K(6464K)->6234K(6464K)
[2022-12-14T19:23:08.053+0100][5.422s] GC(11) Pause Young (Normal) (G1 Evacuation Pause) 343M->78M(512M) 14.476ms
[2022-12-14T19:23:08.053+0100][5.422s] GC(11) User=0.13s Sys=0.00s Real=0.02s
[2022-12-14T19:23:40.391+0100][37.760s] GC(12) Pause Young (Normal) (G1 Evacuation Pause)
[2022-12-14T19:23:40.391+0100][37.760s] GC(12) Using 10 workers of 10 for evacuation
[2022-12-14T19:23:40.406+0100][37.775s] GC(12)   Pre Evacuate Collection Set: 0.1ms
[2022-12-14T19:23:40.406+0100][37.775s] GC(12)   Merge Heap Roots: 0.1ms
[2022-12-14T19:23:40.406+0100][37.775s] GC(12)   Evacuate Collection Set: 13.7ms
[2022-12-14T19:23:40.406+0100][37.775s] GC(12)   Post Evacuate Collection Set: 0.9ms
[2022-12-14T19:23:40.406+0100][37.775s] GC(12)   Other: 0.2ms
[2022-12-14T19:23:40.406+0100][37.775s] GC(12) Eden regions: 279->0(286)
[2022-12-14T19:23:40.406+0100][37.775s] GC(12) Survivor regions: 28->21(39)
[2022-12-14T19:23:40.406+0100][37.775s] GC(12) Old regions: 45->60
[2022-12-14T19:23:40.406+0100][37.775s] GC(12) Archive regions: 2->2
[2022-12-14T19:23:40.406+0100][37.775s] GC(12) Humongous regions: 8->8
[2022-12-14T19:23:40.406+0100][37.775s] GC(12) Metaspace: 57155K(57728K)->57155K(57728K) NonClass: 50268K(50560K)->50268K(50560K) Class: 6887K(7168K)->6887K(7168K)
[2022-12-14T19:23:40.406+0100][37.775s] GC(12) Pause Young (Normal) (G1 Evacuation Pause) 360M->89M(512M) 15.142ms
[2022-12-14T19:23:40.406+0100][37.776s] GC(12) User=0.12s Sys=0.00s Real=0.01s
[2022-12-14T21:09:09.453+0100][2952.879s] GC(13) Pause Young (Normal) (G1 Evacuation Pause)
[2022-12-14T21:09:09.453+0100][2952.879s] GC(13) Using 10 workers of 10 for evacuation
[2022-12-14T21:09:09.463+0100][2952.888s] GC(13)   Pre Evacuate Collection Set: 0.1ms
[2022-12-14T21:09:09.463+0100][2952.888s] GC(13)   Merge Heap Roots: 0.1ms
[2022-12-14T21:09:09.463+0100][2952.888s] GC(13)   Evacuate Collection Set: 8.7ms
[2022-12-14T21:09:09.463+0100][2952.888s] GC(13)   Post Evacuate Collection Set: 0.9ms
[2022-12-14T21:09:09.463+0100][2952.888s] GC(13)   Other: 0.1ms
[2022-12-14T21:09:09.463+0100][2952.888s] GC(13) Eden regions: 286->0(279)
[2022-12-14T21:09:09.463+0100][2952.888s] GC(13) Survivor regions: 21->28(39)
[2022-12-14T21:09:09.463+0100][2952.888s] GC(13) Old regions: 60->60
[2022-12-14T21:09:09.463+0100][2952.888s] GC(13) Archive regions: 2->2
[2022-12-14T21:09:09.463+0100][2952.888s] GC(13) Humongous regions: 9->8
[2022-12-14T21:09:09.463+0100][2952.889s] GC(13) Metaspace: 58855K(59584K)->58855K(59584K) NonClass: 51836K(52160K)->51836K(52160K) Class: 7018K(7424K)->7018K(7424K)
[2022-12-14T21:09:09.463+0100][2952.889s] GC(13) Pause Young (Normal) (G1 Evacuation Pause) 376M->96M(512M) 9.967ms
[2022-12-14T21:09:09.463+0100][2952.889s] GC(13) User=0.09s Sys=0.00s Real=0.01s
[2022-12-14T21:54:26.295+0100][5669.006s] GC(14) Pause Young (Normal) (G1 Evacuation Pause)
[2022-12-14T21:54:26.295+0100][5669.006s] GC(14) Using 10 workers of 10 for evacuation
[2022-12-14T21:54:26.314+0100][5669.025s] GC(14)   Pre Evacuate Collection Set: 0.2ms
[2022-12-14T21:54:26.315+0100][5669.025s] GC(14)   Merge Heap Roots: 0.2ms
[2022-12-14T21:54:26.315+0100][5669.025s] GC(14)   Evacuate Collection Set: 16.9ms
[2022-12-14T21:54:26.315+0100][5669.025s] GC(14)   Post Evacuate Collection Set: 1.7ms
[2022-12-14T21:54:26.315+0100][5669.025s] GC(14)   Other: 0.3ms
[2022-12-14T21:54:26.315+0100][5669.025s] GC(14) Eden regions: 279->0(287)
[2022-12-14T21:54:26.315+0100][5669.025s] GC(14) Survivor regions: 28->20(39)
[2022-12-14T21:54:26.315+0100][5669.025s] GC(14) Old regions: 60->71
[2022-12-14T21:54:26.315+0100][5669.025s] GC(14) Archive regions: 2->2
[2022-12-14T21:54:26.315+0100][5669.025s] GC(14) Humongous regions: 10->8
[2022-12-14T21:54:26.315+0100][5669.025s] GC(14) Metaspace: 59677K(60416K)->59677K(60416K) NonClass: 52566K(52928K)->52566K(52928K) Class: 7110K(7488K)->7110K(7488K)
[2022-12-14T21:54:26.315+0100][5669.025s] GC(14) Pause Young (Normal) (G1 Evacuation Pause) 377M->99M(512M) 19.613ms
[2022-12-14T21:54:26.315+0100][5669.026s] GC(14) User=0.18s Sys=0.00s Real=0.02s
[2022-12-14T21:59:46.994+0100][5989.705s] GC(15) Pause Young (Concurrent Start) (Metadata GC Threshold)
[2022-12-14T21:59:46.994+0100][5989.705s] GC(15) Using 10 workers of 10 for evacuation
[2022-12-14T21:59:47.011+0100][5989.722s] GC(15)   Pre Evacuate Collection Set: 0.3ms
[2022-12-14T21:59:47.011+0100][5989.722s] GC(15)   Merge Heap Roots: 0.2ms
[2022-12-14T21:59:47.011+0100][5989.722s] GC(15)   Evacuate Collection Set: 14.7ms
[2022-12-14T21:59:47.011+0100][5989.722s] GC(15)   Post Evacuate Collection Set: 1.6ms
[2022-12-14T21:59:47.011+0100][5989.722s] GC(15)   Other: 0.4ms
[2022-12-14T21:59:47.011+0100][5989.722s] GC(15) Eden regions: 139->0(286)
[2022-12-14T21:59:47.011+0100][5989.722s] GC(15) Survivor regions: 20->21(39)
[2022-12-14T21:59:47.011+0100][5989.722s] GC(15) Old regions: 71->71
[2022-12-14T21:59:47.011+0100][5989.722s] GC(15) Archive regions: 2->2
[2022-12-14T21:59:47.011+0100][5989.722s] GC(15) Humongous regions: 11->8
[2022-12-14T21:59:47.011+0100][5989.722s] GC(15) Metaspace: 60047K(60736K)->60047K(60736K) NonClass: 52897K(53184K)->52897K(53184K) Class: 7149K(7552K)->7149K(7552K)
[2022-12-14T21:59:47.011+0100][5989.722s] GC(15) Pause Young (Concurrent Start) (Metadata GC Threshold) 240M->100M(512M) 17.410ms
[2022-12-14T21:59:47.011+0100][5989.722s] GC(15) User=0.15s Sys=0.00s Real=0.02s
[2022-12-14T21:59:47.011+0100][5989.722s] GC(16) Concurrent Mark Cycle
[2022-12-14T21:59:47.012+0100][5989.722s] GC(16) Concurrent Clear Claimed Marks
[2022-12-14T21:59:47.012+0100][5989.722s] GC(16) Concurrent Clear Claimed Marks 0.122ms
[2022-12-14T21:59:47.012+0100][5989.722s] GC(16) Concurrent Scan Root Regions
[2022-12-14T21:59:47.021+0100][5989.732s] GC(16) Concurrent Scan Root Regions 9.209ms
[2022-12-14T21:59:47.021+0100][5989.732s] GC(16) Concurrent Mark
[2022-12-14T21:59:47.021+0100][5989.732s] GC(16) Concurrent Mark From Roots
[2022-12-14T21:59:47.021+0100][5989.732s] GC(16) Using 3 workers of 3 for marking
[2022-12-14T21:59:47.127+0100][5989.838s] GC(16) Concurrent Mark From Roots 106.274ms
[2022-12-14T21:59:47.127+0100][5989.838s] GC(16) Concurrent Preclean
[2022-12-14T21:59:47.128+0100][5989.839s] GC(16) Concurrent Preclean 0.792ms
[2022-12-14T21:59:47.128+0100][5989.839s] GC(16) Pause Remark
[2022-12-14T21:59:47.143+0100][5989.854s] GC(16) Pause Remark 103M->103M(512M) 14.793ms
[2022-12-14T21:59:47.143+0100][5989.854s] GC(16) User=0.07s Sys=0.00s Real=0.02s
[2022-12-14T21:59:47.143+0100][5989.854s] GC(16) Concurrent Mark 122.333ms
[2022-12-14T21:59:47.143+0100][5989.854s] GC(16) Concurrent Rebuild Remembered Sets
[2022-12-14T21:59:47.183+0100][5989.894s] GC(16) Concurrent Rebuild Remembered Sets 39.932ms
[2022-12-14T21:59:47.184+0100][5989.894s] GC(16) Pause Cleanup
[2022-12-14T21:59:47.184+0100][5989.895s] GC(16) Pause Cleanup 103M->103M(512M) 0.343ms
[2022-12-14T21:59:47.184+0100][5989.895s] GC(16) User=0.00s Sys=0.00s Real=0.00s
[2022-12-14T21:59:47.184+0100][5989.895s] GC(16) Concurrent Cleanup for Next Mark
[2022-12-14T21:59:47.184+0100][5989.895s] GC(16) Concurrent Cleanup for Next Mark 0.470ms
[2022-12-14T21:59:47.185+0100][5989.895s] GC(16) Concurrent Mark Cycle 173.036ms
[2022-12-14T22:39:33.578+0100][8376.288s] GC(17) Pause Young (Prepare Mixed) (G1 Evacuation Pause)
[2022-12-14T22:39:33.578+0100][8376.289s] GC(17) Using 10 workers of 10 for evacuation
[2022-12-14T22:39:33.606+0100][8376.316s] GC(17)   Pre Evacuate Collection Set: 0.5ms
[2022-12-14T22:39:33.606+0100][8376.317s] GC(17)   Merge Heap Roots: 0.5ms
[2022-12-14T22:39:33.606+0100][8376.317s] GC(17)   Evacuate Collection Set: 22.9ms
[2022-12-14T22:39:33.606+0100][8376.317s] GC(17)   Post Evacuate Collection Set: 3.8ms
[2022-12-14T22:39:33.606+0100][8376.317s] GC(17)   Other: 0.5ms
[2022-12-14T22:39:33.606+0100][8376.317s] GC(17) Eden regions: 286->0(2)
[2022-12-14T22:39:33.606+0100][8376.317s] GC(17) Survivor regions: 21->23(39)
[2022-12-14T22:39:33.606+0100][8376.317s] GC(17) Old regions: 71->71
[2022-12-14T22:39:33.606+0100][8376.317s] GC(17) Archive regions: 2->2
[2022-12-14T22:39:33.606+0100][8376.317s] GC(17) Humongous regions: 11->8
[2022-12-14T22:39:33.606+0100][8376.317s] GC(17) Metaspace: 61904K(62528K)->61904K(62528K) NonClass: 54608K(54912K)->54608K(54912K) Class: 7296K(7616K)->7296K(7616K)
[2022-12-14T22:39:33.606+0100][8376.317s] GC(17) Pause Young (Prepare Mixed) (G1 Evacuation Pause) 389M->102M(512M) 28.337ms
[2022-12-14T22:39:33.606+0100][8376.317s] GC(17) User=0.17s Sys=0.00s Real=0.03s
[2022-12-14T22:39:37.123+0100][8379.834s] GC(18) Pause Young (Mixed) (G1 Evacuation Pause)
[2022-12-14T22:39:37.123+0100][8379.834s] GC(18) Using 10 workers of 10 for evacuation
[2022-12-14T22:39:37.140+0100][8379.851s] GC(18)   Pre Evacuate Collection Set: 0.3ms
[2022-12-14T22:39:37.140+0100][8379.851s] GC(18)   Merge Heap Roots: 0.1ms
[2022-12-14T22:39:37.140+0100][8379.851s] GC(18)   Evacuate Collection Set: 15.8ms
[2022-12-14T22:39:37.140+0100][8379.851s] GC(18)   Post Evacuate Collection Set: 0.6ms
[2022-12-14T22:39:37.140+0100][8379.851s] GC(18)   Other: 0.3ms
[2022-12-14T22:39:37.140+0100][8379.851s] GC(18) Eden regions: 2->0(303)
[2022-12-14T22:39:37.140+0100][8379.851s] GC(18) Survivor regions: 23->4(4)
[2022-12-14T22:39:37.140+0100][8379.851s] GC(18) Old regions: 71->90
[2022-12-14T22:39:37.140+0100][8379.851s] GC(18) Archive regions: 2->2
[2022-12-14T22:39:37.140+0100][8379.851s] GC(18) Humongous regions: 8->8
[2022-12-14T22:39:37.140+0100][8379.851s] GC(18) Metaspace: 61915K(62528K)->61915K(62528K) NonClass: 54619K(54912K)->54619K(54912K) Class: 7296K(7616K)->7296K(7616K)
[2022-12-14T22:39:37.140+0100][8379.851s] GC(18) Pause Young (Mixed) (G1 Evacuation Pause) 104M->101M(512M) 17.458ms
[2022-12-14T22:39:37.140+0100][8379.851s] GC(18) User=0.15s Sys=0.00s Real=0.01s
