[2022-12-16T18:07:42.298+0100][0.024s] Using G1
[2022-12-16T18:07:42.346+0100][0.072s] Version: 17.0.5+8-Ubuntu-2ubuntu120.04 (release)
[2022-12-16T18:07:42.346+0100][0.072s] CPUs: 12 total, 12 available
[2022-12-16T18:07:42.346+0100][0.072s] Memory: 15745M
[2022-12-16T18:07:42.346+0100][0.072s] Large Page Support: Disabled
[2022-12-16T18:07:42.346+0100][0.072s] NUMA Support: Disabled
[2022-12-16T18:07:42.346+0100][0.072s] Compressed Oops: Enabled (32-bit)
[2022-12-16T18:07:42.346+0100][0.072s] Heap Region Size: 1M
[2022-12-16T18:07:42.346+0100][0.072s] Heap Min Capacity: 512M
[2022-12-16T18:07:42.346+0100][0.072s] Heap Initial Capacity: 512M
[2022-12-16T18:07:42.346+0100][0.072s] Heap Max Capacity: 512M
[2022-12-16T18:07:42.346+0100][0.072s] Pre-touch: Enabled
[2022-12-16T18:07:42.346+0100][0.072s] Parallel Workers: 10
[2022-12-16T18:07:42.346+0100][0.072s] Concurrent Workers: 3
[2022-12-16T18:07:42.346+0100][0.072s] Concurrent Refinement Workers: 10
[2022-12-16T18:07:42.346+0100][0.072s] Periodic GC: Disabled
[2022-12-16T18:07:42.347+0100][0.072s] CDS archive(s) mapped at: [0x0000000800000000-0x0000000800be3000-0x0000000800be3000), size 12464128, SharedBaseAddress: 0x0000000800000000, ArchiveRelocationMode: 0.
[2022-12-16T18:07:42.347+0100][0.072s] Compressed class space mapped at: 0x0000000800c00000-0x0000000840c00000, reserved size: 1073741824
[2022-12-16T18:07:42.347+0100][0.072s] Narrow klass base: 0x0000000800000000, Narrow klass shift: 0, Narrow klass range: 0x100000000
[2022-12-16T18:07:42.865+0100][0.591s] GC(0) Pause Young (Normal) (G1 Evacuation Pause)
[2022-12-16T18:07:42.865+0100][0.591s] GC(0) Using 10 workers of 10 for evacuation
[2022-12-16T18:07:42.867+0100][0.592s] GC(0)   Pre Evacuate Collection Set: 0.1ms
[2022-12-16T18:07:42.867+0100][0.592s] GC(0)   Merge Heap Roots: 0.0ms
[2022-12-16T18:07:42.867+0100][0.592s] GC(0)   Evacuate Collection Set: 1.3ms
[2022-12-16T18:07:42.867+0100][0.592s] GC(0)   Post Evacuate Collection Set: 0.3ms
[2022-12-16T18:07:42.867+0100][0.592s] GC(0)   Other: 0.1ms
[2022-12-16T18:07:42.867+0100][0.592s] GC(0) Eden regions: 29->0(64)
[2022-12-16T18:07:42.867+0100][0.592s] GC(0) Survivor regions: 0->4(4)
[2022-12-16T18:07:42.867+0100][0.592s] GC(0) Old regions: 0->0
[2022-12-16T18:07:42.867+0100][0.592s] GC(0) Archive regions: 2->2
[2022-12-16T18:07:42.867+0100][0.592s] GC(0) Humongous regions: 0->0
[2022-12-16T18:07:42.867+0100][0.592s] GC(0) Metaspace: 7238K(7424K)->7238K(7424K) NonClass: 6400K(6528K)->6400K(6528K) Class: 837K(896K)->837K(896K)
[2022-12-16T18:07:42.867+0100][0.592s] GC(0) Pause Young (Normal) (G1 Evacuation Pause) 29M->4M(512M) 1.927ms
[2022-12-16T18:07:42.867+0100][0.592s] GC(0) User=0.01s Sys=0.00s Real=0.00s
[2022-12-16T18:07:43.420+0100][1.146s] GC(1) Pause Young (Normal) (G1 Evacuation Pause)
[2022-12-16T18:07:43.420+0100][1.146s] GC(1) Using 10 workers of 10 for evacuation
[2022-12-16T18:07:43.426+0100][1.151s] GC(1)   Pre Evacuate Collection Set: 0.1ms
[2022-12-16T18:07:43.426+0100][1.151s] GC(1)   Merge Heap Roots: 0.0ms
[2022-12-16T18:07:43.426+0100][1.151s] GC(1)   Evacuate Collection Set: 4.9ms
[2022-12-16T18:07:43.426+0100][1.151s] GC(1)   Post Evacuate Collection Set: 0.5ms
[2022-12-16T18:07:43.426+0100][1.151s] GC(1)   Other: 0.1ms
[2022-12-16T18:07:43.426+0100][1.151s] GC(1) Eden regions: 64->0(86)
[2022-12-16T18:07:43.426+0100][1.151s] GC(1) Survivor regions: 4->9(9)
[2022-12-16T18:07:43.426+0100][1.151s] GC(1) Old regions: 0->5
[2022-12-16T18:07:43.426+0100][1.151s] GC(1) Archive regions: 2->2
[2022-12-16T18:07:43.426+0100][1.151s] GC(1) Humongous regions: 4->4
[2022-12-16T18:07:43.426+0100][1.151s] GC(1) Metaspace: 16349K(16640K)->16349K(16640K) NonClass: 14423K(14592K)->14423K(14592K) Class: 1926K(2048K)->1926K(2048K)
[2022-12-16T18:07:43.426+0100][1.152s] GC(1) Pause Young (Normal) (G1 Evacuation Pause) 72M->18M(512M) 5.813ms
[2022-12-16T18:07:43.426+0100][1.152s] GC(1) User=0.05s Sys=0.01s Real=0.01s
[2022-12-16T18:07:43.579+0100][1.304s] GC(2) Pause Young (Normal) (G1 Evacuation Pause)
[2022-12-16T18:07:43.579+0100][1.304s] GC(2) Using 10 workers of 10 for evacuation
[2022-12-16T18:07:43.583+0100][1.309s] GC(2)   Pre Evacuate Collection Set: 0.1ms
[2022-12-16T18:07:43.583+0100][1.309s] GC(2)   Merge Heap Roots: 0.1ms
[2022-12-16T18:07:43.583+0100][1.309s] GC(2)   Evacuate Collection Set: 3.8ms
[2022-12-16T18:07:43.583+0100][1.309s] GC(2)   Post Evacuate Collection Set: 0.6ms
[2022-12-16T18:07:43.583+0100][1.309s] GC(2)   Other: 0.1ms
[2022-12-16T18:07:43.583+0100][1.309s] GC(2) Eden regions: 86->0(303)
[2022-12-16T18:07:43.583+0100][1.309s] GC(2) Survivor regions: 9->4(12)
[2022-12-16T18:07:43.583+0100][1.309s] GC(2) Old regions: 5->14
[2022-12-16T18:07:43.583+0100][1.309s] GC(2) Archive regions: 2->2
[2022-12-16T18:07:43.583+0100][1.309s] GC(2) Humongous regions: 4->4
[2022-12-16T18:07:43.583+0100][1.309s] GC(2) Metaspace: 16502K(16704K)->16502K(16704K) NonClass: 14572K(14656K)->14572K(14656K) Class: 1929K(2048K)->1929K(2048K)
[2022-12-16T18:07:43.583+0100][1.309s] GC(2) Pause Young (Normal) (G1 Evacuation Pause) 104M->22M(512M) 4.776ms
[2022-12-16T18:07:43.583+0100][1.309s] GC(2) User=0.04s Sys=0.00s Real=0.01s
[2022-12-16T18:07:43.861+0100][1.587s] GC(3) Pause Young (Concurrent Start) (Metadata GC Threshold)
[2022-12-16T18:07:43.861+0100][1.587s] GC(3) Using 10 workers of 10 for evacuation
[2022-12-16T18:07:43.863+0100][1.589s] GC(3)   Pre Evacuate Collection Set: 0.1ms
[2022-12-16T18:07:43.863+0100][1.589s] GC(3)   Merge Heap Roots: 0.0ms
[2022-12-16T18:07:43.863+0100][1.589s] GC(3)   Evacuate Collection Set: 1.1ms
[2022-12-16T18:07:43.863+0100][1.589s] GC(3)   Post Evacuate Collection Set: 0.5ms
[2022-12-16T18:07:43.863+0100][1.589s] GC(3)   Other: 0.2ms
[2022-12-16T18:07:43.863+0100][1.589s] GC(3) Eden regions: 68->0(302)
[2022-12-16T18:07:43.863+0100][1.589s] GC(3) Survivor regions: 4->5(39)
[2022-12-16T18:07:43.863+0100][1.589s] GC(3) Old regions: 14->14
[2022-12-16T18:07:43.863+0100][1.589s] GC(3) Archive regions: 2->2
[2022-12-16T18:07:43.863+0100][1.589s] GC(3) Humongous regions: 4->4
[2022-12-16T18:07:43.863+0100][1.589s] GC(3) Metaspace: 21269K(21504K)->21269K(21504K) NonClass: 18843K(18944K)->18843K(18944K) Class: 2425K(2560K)->2425K(2560K)
[2022-12-16T18:07:43.863+0100][1.589s] GC(3) Pause Young (Concurrent Start) (Metadata GC Threshold) 90M->23M(512M) 2.097ms
[2022-12-16T18:07:43.863+0100][1.589s] GC(3) User=0.02s Sys=0.00s Real=0.01s
[2022-12-16T18:07:43.863+0100][1.589s] GC(4) Concurrent Mark Cycle
[2022-12-16T18:07:43.863+0100][1.589s] GC(4) Concurrent Clear Claimed Marks
[2022-12-16T18:07:43.863+0100][1.589s] GC(4) Concurrent Clear Claimed Marks 0.020ms
[2022-12-16T18:07:43.863+0100][1.589s] GC(4) Concurrent Scan Root Regions
[2022-12-16T18:07:43.864+0100][1.590s] GC(4) Concurrent Scan Root Regions 1.067ms
[2022-12-16T18:07:43.864+0100][1.590s] GC(4) Concurrent Mark
[2022-12-16T18:07:43.864+0100][1.590s] GC(4) Concurrent Mark From Roots
[2022-12-16T18:07:43.864+0100][1.590s] GC(4) Using 3 workers of 3 for marking
[2022-12-16T18:07:43.877+0100][1.603s] GC(4) Concurrent Mark From Roots 13.073ms
[2022-12-16T18:07:43.877+0100][1.603s] GC(4) Concurrent Preclean
[2022-12-16T18:07:43.878+0100][1.603s] GC(4) Concurrent Preclean 0.090ms
[2022-12-16T18:07:43.878+0100][1.603s] GC(4) Pause Remark
[2022-12-16T18:07:43.879+0100][1.605s] GC(4) Pause Remark 26M->26M(512M) 1.175ms
[2022-12-16T18:07:43.879+0100][1.605s] GC(4) User=0.01s Sys=0.00s Real=0.00s
[2022-12-16T18:07:43.879+0100][1.605s] GC(4) Concurrent Mark 14.633ms
[2022-12-16T18:07:43.879+0100][1.605s] GC(4) Concurrent Rebuild Remembered Sets
[2022-12-16T18:07:43.885+0100][1.610s] GC(4) Concurrent Rebuild Remembered Sets 5.604ms
[2022-12-16T18:07:43.885+0100][1.610s] GC(4) Pause Cleanup
[2022-12-16T18:07:43.885+0100][1.611s] GC(4) Pause Cleanup 28M->28M(512M) 0.129ms
[2022-12-16T18:07:43.885+0100][1.611s] GC(4) User=0.00s Sys=0.00s Real=0.00s
[2022-12-16T18:07:43.885+0100][1.611s] GC(4) Concurrent Cleanup for Next Mark
[2022-12-16T18:07:43.885+0100][1.611s] GC(4) Concurrent Cleanup for Next Mark 0.317ms
[2022-12-16T18:07:43.885+0100][1.611s] GC(4) Concurrent Mark Cycle 22.105ms
[2022-12-16T18:07:45.761+0100][3.486s] GC(5) Pause Young (Prepare Mixed) (Metadata GC Threshold)
[2022-12-16T18:07:45.761+0100][3.486s] GC(5) Using 10 workers of 10 for evacuation
[2022-12-16T18:07:45.766+0100][3.492s] GC(5)   Pre Evacuate Collection Set: 0.1ms
[2022-12-16T18:07:45.766+0100][3.492s] GC(5)   Merge Heap Roots: 0.1ms
[2022-12-16T18:07:45.766+0100][3.492s] GC(5)   Evacuate Collection Set: 4.4ms
[2022-12-16T18:07:45.766+0100][3.492s] GC(5)   Post Evacuate Collection Set: 0.5ms
[2022-12-16T18:07:45.766+0100][3.492s] GC(5)   Other: 0.2ms
[2022-12-16T18:07:45.766+0100][3.492s] GC(5) Eden regions: 277->0(9)
[2022-12-16T18:07:45.766+0100][3.492s] GC(5) Survivor regions: 5->16(39)
[2022-12-16T18:07:45.766+0100][3.492s] GC(5) Old regions: 14->14
[2022-12-16T18:07:45.766+0100][3.492s] GC(5) Archive regions: 2->2
[2022-12-16T18:07:45.766+0100][3.492s] GC(5) Humongous regions: 4->4
[2022-12-16T18:07:45.766+0100][3.492s] GC(5) Metaspace: 35872K(36288K)->35872K(36288K) NonClass: 31728K(31936K)->31728K(31936K) Class: 4144K(4352K)->4144K(4352K)
[2022-12-16T18:07:45.766+0100][3.492s] GC(5) Pause Young (Prepare Mixed) (Metadata GC Threshold) 299M->34M(512M) 5.379ms
[2022-12-16T18:07:45.766+0100][3.492s] GC(5) User=0.05s Sys=0.00s Real=0.01s
[2022-12-16T18:07:45.780+0100][3.506s] GC(6) Pause Young (Mixed) (GCLocker Initiated GC)
[2022-12-16T18:07:45.780+0100][3.506s] GC(6) Using 10 workers of 10 for evacuation
[2022-12-16T18:07:45.785+0100][3.511s] GC(6)   Pre Evacuate Collection Set: 0.1ms
[2022-12-16T18:07:45.785+0100][3.511s] GC(6)   Merge Heap Roots: 0.0ms
[2022-12-16T18:07:45.785+0100][3.511s] GC(6)   Evacuate Collection Set: 4.2ms
[2022-12-16T18:07:45.785+0100][3.511s] GC(6)   Post Evacuate Collection Set: 0.3ms
[2022-12-16T18:07:45.785+0100][3.511s] GC(6)   Other: 0.1ms
[2022-12-16T18:07:45.785+0100][3.511s] GC(6) Eden regions: 5->0(305)
[2022-12-16T18:07:45.785+0100][3.511s] GC(6) Survivor regions: 16->2(4)
[2022-12-16T18:07:45.785+0100][3.511s] GC(6) Old regions: 14->30
[2022-12-16T18:07:45.785+0100][3.511s] GC(6) Archive regions: 2->2
[2022-12-16T18:07:45.785+0100][3.511s] GC(6) Humongous regions: 4->4
[2022-12-16T18:07:45.785+0100][3.511s] GC(6) Metaspace: 36215K(36672K)->36215K(36672K) NonClass: 32024K(32256K)->32024K(32256K) Class: 4191K(4416K)->4191K(4416K)
[2022-12-16T18:07:45.785+0100][3.511s] GC(6) Pause Young (Mixed) (GCLocker Initiated GC) 38M->36M(512M) 4.858ms
[2022-12-16T18:07:45.785+0100][3.511s] GC(6) User=0.04s Sys=0.00s Real=0.01s
[2022-12-16T18:07:45.804+0100][3.530s] GC(7) Pause Young (Concurrent Start) (Metadata GC Threshold)
[2022-12-16T18:07:45.804+0100][3.530s] GC(7) Using 10 workers of 10 for evacuation
[2022-12-16T18:07:45.806+0100][3.532s] GC(7)   Pre Evacuate Collection Set: 0.1ms
[2022-12-16T18:07:45.806+0100][3.532s] GC(7)   Merge Heap Roots: 0.0ms
[2022-12-16T18:07:45.806+0100][3.532s] GC(7)   Evacuate Collection Set: 1.0ms
[2022-12-16T18:07:45.806+0100][3.532s] GC(7)   Post Evacuate Collection Set: 0.3ms
[2022-12-16T18:07:45.806+0100][3.532s] GC(7)   Other: 0.2ms
[2022-12-16T18:07:45.806+0100][3.532s] GC(7) Eden regions: 10->0(306)
[2022-12-16T18:07:45.806+0100][3.532s] GC(7) Survivor regions: 2->1(39)
[2022-12-16T18:07:45.806+0100][3.532s] GC(7) Old regions: 30->30
[2022-12-16T18:07:45.806+0100][3.532s] GC(7) Archive regions: 2->2
[2022-12-16T18:07:45.806+0100][3.532s] GC(7) Humongous regions: 4->4
[2022-12-16T18:07:45.806+0100][3.532s] GC(7) Metaspace: 36551K(36928K)->36551K(36928K) NonClass: 32316K(32512K)->32316K(32512K) Class: 4235K(4416K)->4235K(4416K)
[2022-12-16T18:07:45.806+0100][3.532s] GC(7) Pause Young (Concurrent Start) (Metadata GC Threshold) 45M->35M(512M) 1.735ms
[2022-12-16T18:07:45.806+0100][3.532s] GC(7) User=0.02s Sys=0.00s Real=0.00s
[2022-12-16T18:07:45.806+0100][3.532s] GC(8) Concurrent Mark Cycle
[2022-12-16T18:07:45.806+0100][3.532s] GC(8) Concurrent Clear Claimed Marks
[2022-12-16T18:07:45.806+0100][3.532s] GC(8) Concurrent Clear Claimed Marks 0.023ms
[2022-12-16T18:07:45.806+0100][3.532s] GC(8) Concurrent Scan Root Regions
[2022-12-16T18:07:45.808+0100][3.533s] GC(8) Concurrent Scan Root Regions 1.468ms
[2022-12-16T18:07:45.808+0100][3.534s] GC(8) Concurrent Mark
[2022-12-16T18:07:45.808+0100][3.534s] GC(8) Concurrent Mark From Roots
[2022-12-16T18:07:45.808+0100][3.534s] GC(8) Using 3 workers of 3 for marking
[2022-12-16T18:07:45.831+0100][3.557s] GC(8) Concurrent Mark From Roots 23.627ms
[2022-12-16T18:07:45.832+0100][3.557s] GC(8) Concurrent Preclean
[2022-12-16T18:07:45.832+0100][3.557s] GC(8) Concurrent Preclean 0.164ms
[2022-12-16T18:07:45.832+0100][3.558s] GC(8) Pause Remark
[2022-12-16T18:07:45.835+0100][3.561s] GC(8) Pause Remark 41M->41M(512M) 3.462ms
[2022-12-16T18:07:45.835+0100][3.561s] GC(8) User=0.03s Sys=0.00s Real=0.00s
[2022-12-16T18:07:45.835+0100][3.561s] GC(8) Concurrent Mark 27.569ms
[2022-12-16T18:07:45.835+0100][3.561s] GC(8) Concurrent Rebuild Remembered Sets
[2022-12-16T18:07:45.844+0100][3.570s] GC(8) Concurrent Rebuild Remembered Sets 9.044ms
[2022-12-16T18:07:45.845+0100][3.570s] GC(8) Pause Cleanup
[2022-12-16T18:07:45.845+0100][3.570s] GC(8) Pause Cleanup 43M->43M(512M) 0.120ms
[2022-12-16T18:07:45.845+0100][3.570s] GC(8) User=0.00s Sys=0.00s Real=0.00s
[2022-12-16T18:07:45.845+0100][3.570s] GC(8) Concurrent Cleanup for Next Mark
[2022-12-16T18:07:45.845+0100][3.571s] GC(8) Concurrent Cleanup for Next Mark 0.410ms
[2022-12-16T18:07:45.845+0100][3.571s] GC(8) Concurrent Mark Cycle 39.037ms
[2022-12-16T18:07:46.425+0100][4.151s] GC(9) Pause Young (Normal) (G1 Evacuation Pause)
[2022-12-16T18:07:46.425+0100][4.151s] GC(9) Using 10 workers of 10 for evacuation
[2022-12-16T18:07:46.429+0100][4.155s] GC(9)   Pre Evacuate Collection Set: 0.1ms
[2022-12-16T18:07:46.429+0100][4.155s] GC(9)   Merge Heap Roots: 0.1ms
[2022-12-16T18:07:46.429+0100][4.155s] GC(9)   Evacuate Collection Set: 3.1ms
[2022-12-16T18:07:46.429+0100][4.155s] GC(9)   Post Evacuate Collection Set: 0.4ms
[2022-12-16T18:07:46.429+0100][4.155s] GC(9)   Other: 0.2ms
[2022-12-16T18:07:46.429+0100][4.155s] GC(9) Eden regions: 306->0(297)
[2022-12-16T18:07:46.429+0100][4.155s] GC(9) Survivor regions: 1->10(39)
[2022-12-16T18:07:46.429+0100][4.155s] GC(9) Old regions: 30->30
[2022-12-16T18:07:46.429+0100][4.155s] GC(9) Archive regions: 2->2
[2022-12-16T18:07:46.429+0100][4.155s] GC(9) Humongous regions: 5->4
[2022-12-16T18:07:46.429+0100][4.155s] GC(9) Metaspace: 46152K(46592K)->46152K(46592K) NonClass: 40628K(40832K)->40628K(40832K) Class: 5523K(5760K)->5523K(5760K)
[2022-12-16T18:07:46.429+0100][4.155s] GC(9) Pause Young (Normal) (G1 Evacuation Pause) 342M->43M(512M) 3.951ms
[2022-12-16T18:07:46.429+0100][4.155s] GC(9) User=0.04s Sys=0.00s Real=0.00s
[2022-12-16T18:07:46.956+0100][4.682s] GC(10) Pause Young (Normal) (G1 Evacuation Pause)
[2022-12-16T18:07:46.957+0100][4.682s] GC(10) Using 10 workers of 10 for evacuation
[2022-12-16T18:07:46.976+0100][4.701s] GC(10)   Pre Evacuate Collection Set: 0.1ms
[2022-12-16T18:07:46.976+0100][4.701s] GC(10)   Merge Heap Roots: 0.1ms
[2022-12-16T18:07:46.976+0100][4.701s] GC(10)   Evacuate Collection Set: 17.9ms
[2022-12-16T18:07:46.976+0100][4.701s] GC(10)   Post Evacuate Collection Set: 0.8ms
[2022-12-16T18:07:46.976+0100][4.701s] GC(10)   Other: 0.2ms
[2022-12-16T18:07:46.976+0100][4.701s] GC(10) Eden regions: 297->0(280)
[2022-12-16T18:07:46.976+0100][4.701s] GC(10) Survivor regions: 10->27(39)
[2022-12-16T18:07:46.976+0100][4.701s] GC(10) Old regions: 30->30
[2022-12-16T18:07:46.976+0100][4.701s] GC(10) Archive regions: 2->2
[2022-12-16T18:07:46.976+0100][4.701s] GC(10) Humongous regions: 4->4
[2022-12-16T18:07:46.976+0100][4.702s] GC(10) Metaspace: 49641K(50176K)->49641K(50176K) NonClass: 43690K(43968K)->43690K(43968K) Class: 5950K(6208K)->5950K(6208K)
[2022-12-16T18:07:46.976+0100][4.702s] GC(10) Pause Young (Normal) (G1 Evacuation Pause) 340M->61M(512M) 19.391ms
[2022-12-16T18:07:46.976+0100][4.702s] GC(10) User=0.14s Sys=0.00s Real=0.02s
[2022-12-16T18:07:47.533+0100][5.259s] GC(11) Pause Young (Normal) (G1 Evacuation Pause)
[2022-12-16T18:07:47.533+0100][5.259s] GC(11) Using 10 workers of 10 for evacuation
[2022-12-16T18:07:47.553+0100][5.278s] GC(11)   Pre Evacuate Collection Set: 0.1ms
[2022-12-16T18:07:47.553+0100][5.278s] GC(11)   Merge Heap Roots: 0.1ms
[2022-12-16T18:07:47.553+0100][5.278s] GC(11)   Evacuate Collection Set: 18.5ms
[2022-12-16T18:07:47.553+0100][5.278s] GC(11)   Post Evacuate Collection Set: 0.8ms
[2022-12-16T18:07:47.553+0100][5.278s] GC(11)   Other: 0.2ms
[2022-12-16T18:07:47.553+0100][5.278s] GC(11) Eden regions: 280->0(268)
[2022-12-16T18:07:47.553+0100][5.278s] GC(11) Survivor regions: 27->39(39)
[2022-12-16T18:07:47.553+0100][5.278s] GC(11) Old regions: 30->41
[2022-12-16T18:07:47.553+0100][5.278s] GC(11) Archive regions: 2->2
[2022-12-16T18:07:47.553+0100][5.278s] GC(11) Humongous regions: 8->5
[2022-12-16T18:07:47.553+0100][5.278s] GC(11) Metaspace: 50073K(50624K)->50073K(50624K) NonClass: 44095K(44352K)->44095K(44352K) Class: 5977K(6272K)->5977K(6272K)
[2022-12-16T18:07:47.553+0100][5.279s] GC(11) Pause Young (Normal) (G1 Evacuation Pause) 345M->85M(512M) 19.849ms
[2022-12-16T18:07:47.553+0100][5.279s] GC(11) User=0.20s Sys=0.00s Real=0.02s
[2022-12-16T18:08:17.826+0100][35.551s] GC(12) Pause Young (Normal) (G1 Evacuation Pause)
[2022-12-16T18:08:17.826+0100][35.551s] GC(12) Using 10 workers of 10 for evacuation
[2022-12-16T18:08:17.843+0100][35.568s] GC(12)   Pre Evacuate Collection Set: 0.1ms
[2022-12-16T18:08:17.843+0100][35.568s] GC(12)   Merge Heap Roots: 0.1ms
[2022-12-16T18:08:17.843+0100][35.568s] GC(12)   Evacuate Collection Set: 15.8ms
[2022-12-16T18:08:17.843+0100][35.569s] GC(12)   Post Evacuate Collection Set: 0.9ms
[2022-12-16T18:08:17.843+0100][35.569s] GC(12)   Other: 0.2ms
[2022-12-16T18:08:17.843+0100][35.569s] GC(12) Eden regions: 268->0(294)
[2022-12-16T18:08:17.843+0100][35.569s] GC(12) Survivor regions: 39->13(39)
[2022-12-16T18:08:17.843+0100][35.569s] GC(12) Old regions: 41->80
[2022-12-16T18:08:17.843+0100][35.569s] GC(12) Archive regions: 2->2
[2022-12-16T18:08:17.843+0100][35.569s] GC(12) Humongous regions: 10->8
[2022-12-16T18:08:17.843+0100][35.569s] GC(12) Metaspace: 53429K(53952K)->53429K(53952K) NonClass: 47060K(47296K)->47060K(47296K) Class: 6368K(6656K)->6368K(6656K)
[2022-12-16T18:08:17.843+0100][35.569s] GC(12) Pause Young (Normal) (G1 Evacuation Pause) 358M->101M(512M) 17.261ms
[2022-12-16T18:08:17.843+0100][35.569s] GC(12) User=0.14s Sys=0.00s Real=0.02s
[2022-12-16T18:09:50.498+0100][128.224s] GC(13) Pause Young (Normal) (G1 Evacuation Pause)
[2022-12-16T18:09:50.498+0100][128.224s] GC(13) Using 10 workers of 10 for evacuation
[2022-12-16T18:09:50.519+0100][128.245s] GC(13)   Pre Evacuate Collection Set: 0.2ms
[2022-12-16T18:09:50.519+0100][128.245s] GC(13)   Merge Heap Roots: 0.3ms
[2022-12-16T18:09:50.520+0100][128.245s] GC(13)   Evacuate Collection Set: 18.8ms
[2022-12-16T18:09:50.520+0100][128.245s] GC(13)   Post Evacuate Collection Set: 1.8ms
[2022-12-16T18:09:50.520+0100][128.245s] GC(13)   Other: 0.4ms
[2022-12-16T18:09:50.520+0100][128.245s] GC(13) Eden regions: 294->0(287)
[2022-12-16T18:09:50.520+0100][128.245s] GC(13) Survivor regions: 13->20(39)
[2022-12-16T18:09:50.520+0100][128.245s] GC(13) Old regions: 80->80
[2022-12-16T18:09:50.520+0100][128.245s] GC(13) Archive regions: 2->2
[2022-12-16T18:09:50.520+0100][128.245s] GC(13) Humongous regions: 8->8
[2022-12-16T18:09:50.520+0100][128.245s] GC(13) Metaspace: 59473K(60224K)->59473K(60224K) NonClass: 52364K(52736K)->52364K(52736K) Class: 7108K(7488K)->7108K(7488K)
[2022-12-16T18:09:50.520+0100][128.245s] GC(13) Pause Young (Normal) (G1 Evacuation Pause) 395M->108M(512M) 21.753ms
[2022-12-16T18:09:50.520+0100][128.245s] GC(13) User=0.17s Sys=0.01s Real=0.02s
[2022-12-16T18:34:12.849+0100][1590.575s] GC(14) Pause Young (Concurrent Start) (Metadata GC Threshold)
[2022-12-16T18:34:12.849+0100][1590.575s] GC(14) Using 10 workers of 10 for evacuation
[2022-12-16T18:34:12.868+0100][1590.594s] GC(14)   Pre Evacuate Collection Set: 0.4ms
[2022-12-16T18:34:12.868+0100][1590.594s] GC(14)   Merge Heap Roots: 0.2ms
[2022-12-16T18:34:12.868+0100][1590.594s] GC(14)   Evacuate Collection Set: 16.8ms
[2022-12-16T18:34:12.868+0100][1590.594s] GC(14)   Post Evacuate Collection Set: 1.4ms
[2022-12-16T18:34:12.869+0100][1590.594s] GC(14)   Other: 0.5ms
[2022-12-16T18:34:12.869+0100][1590.594s] GC(14) Eden regions: 90->0(287)
[2022-12-16T18:34:12.869+0100][1590.594s] GC(14) Survivor regions: 20->20(39)
[2022-12-16T18:34:12.869+0100][1590.594s] GC(14) Old regions: 80->80
[2022-12-16T18:34:12.869+0100][1590.594s] GC(14) Archive regions: 2->2
[2022-12-16T18:34:12.869+0100][1590.594s] GC(14) Humongous regions: 8->8
[2022-12-16T18:34:12.869+0100][1590.594s] GC(14) Metaspace: 61322K(62016K)->61322K(62016K) NonClass: 54089K(54400K)->54089K(54400K) Class: 7232K(7616K)->7232K(7616K)
[2022-12-16T18:34:12.869+0100][1590.594s] GC(14) Pause Young (Concurrent Start) (Metadata GC Threshold) 197M->108M(512M) 19.639ms
[2022-12-16T18:34:12.869+0100][1590.594s] GC(14) User=0.16s Sys=0.00s Real=0.02s
[2022-12-16T18:34:12.869+0100][1590.594s] GC(15) Concurrent Mark Cycle
[2022-12-16T18:34:12.869+0100][1590.595s] GC(15) Concurrent Clear Claimed Marks
[2022-12-16T18:34:12.869+0100][1590.595s] GC(15) Concurrent Clear Claimed Marks 0.137ms
[2022-12-16T18:34:12.869+0100][1590.595s] GC(15) Concurrent Scan Root Regions
[2022-12-16T18:34:12.885+0100][1590.611s] GC(15) Concurrent Scan Root Regions 15.992ms
[2022-12-16T18:34:12.885+0100][1590.611s] GC(15) Concurrent Mark
[2022-12-16T18:34:12.885+0100][1590.611s] GC(15) Concurrent Mark From Roots
[2022-12-16T18:34:12.885+0100][1590.611s] GC(15) Using 3 workers of 3 for marking
[2022-12-16T18:34:12.968+0100][1590.694s] GC(15) Concurrent Mark From Roots 83.295ms
[2022-12-16T18:34:12.969+0100][1590.694s] GC(15) Concurrent Preclean
[2022-12-16T18:34:12.969+0100][1590.695s] GC(15) Concurrent Preclean 0.466ms
[2022-12-16T18:34:12.969+0100][1590.695s] GC(15) Pause Remark
[2022-12-16T18:34:12.977+0100][1590.703s] GC(15) Pause Remark 111M->111M(512M) 7.756ms
[2022-12-16T18:34:12.977+0100][1590.703s] GC(15) User=0.05s Sys=0.00s Real=0.01s
[2022-12-16T18:34:12.977+0100][1590.703s] GC(15) Concurrent Mark 91.825ms
[2022-12-16T18:34:12.977+0100][1590.703s] GC(15) Concurrent Rebuild Remembered Sets
[2022-12-16T18:34:13.005+0100][1590.730s] GC(15) Concurrent Rebuild Remembered Sets 27.698ms
[2022-12-16T18:34:13.005+0100][1590.731s] GC(15) Pause Cleanup
[2022-12-16T18:34:13.005+0100][1590.731s] GC(15) Pause Cleanup 111M->111M(512M) 0.143ms
[2022-12-16T18:34:13.005+0100][1590.731s] GC(15) User=0.00s Sys=0.00s Real=0.00s
[2022-12-16T18:34:13.005+0100][1590.731s] GC(15) Concurrent Cleanup for Next Mark
[2022-12-16T18:34:13.005+0100][1590.731s] GC(15) Concurrent Cleanup for Next Mark 0.231ms
[2022-12-16T18:34:13.005+0100][1590.731s] GC(15) Concurrent Mark Cycle 136.549ms
[2022-12-16T20:03:42.953+0100][6960.002s] GC(16) Pause Young (Prepare Mixed) (G1 Evacuation Pause)
[2022-12-16T20:03:42.953+0100][6960.002s] GC(16) Using 10 workers of 10 for evacuation
[2022-12-16T20:03:42.971+0100][6960.020s] GC(16)   Pre Evacuate Collection Set: 0.3ms
[2022-12-16T20:03:42.971+0100][6960.021s] GC(16)   Merge Heap Roots: 0.3ms
[2022-12-16T20:03:42.971+0100][6960.021s] GC(16)   Evacuate Collection Set: 15.2ms
[2022-12-16T20:03:42.971+0100][6960.021s] GC(16)   Post Evacuate Collection Set: 2.1ms
[2022-12-16T20:03:42.971+0100][6960.021s] GC(16)   Other: 0.4ms
[2022-12-16T20:03:42.971+0100][6960.021s] GC(16) Eden regions: 287->0(4)
[2022-12-16T20:03:42.971+0100][6960.021s] GC(16) Survivor regions: 20->21(39)
[2022-12-16T20:03:42.971+0100][6960.021s] GC(16) Old regions: 80->80
[2022-12-16T20:03:42.971+0100][6960.021s] GC(16) Archive regions: 2->2
[2022-12-16T20:03:42.971+0100][6960.021s] GC(16) Humongous regions: 8->8
[2022-12-16T20:03:42.971+0100][6960.021s] GC(16) Metaspace: 63147K(63872K)->63147K(63872K) NonClass: 55958K(56256K)->55958K(56256K) Class: 7188K(7616K)->7188K(7616K)
[2022-12-16T20:03:42.972+0100][6960.021s] GC(16) Pause Young (Prepare Mixed) (G1 Evacuation Pause) 395M->109M(512M) 18.538ms
[2022-12-16T20:03:42.972+0100][6960.021s] GC(16) User=0.16s Sys=0.00s Real=0.02s
[2022-12-16T20:03:42.990+0100][6960.040s] GC(17) Pause Young (Mixed) (G1 Evacuation Pause)
[2022-12-16T20:03:42.990+0100][6960.040s] GC(17) Using 10 workers of 10 for evacuation
[2022-12-16T20:03:43.008+0100][6960.057s] GC(17)   Pre Evacuate Collection Set: 0.2ms
[2022-12-16T20:03:43.008+0100][6960.058s] GC(17)   Merge Heap Roots: 0.2ms
[2022-12-16T20:03:43.008+0100][6960.058s] GC(17)   Evacuate Collection Set: 16.2ms
[2022-12-16T20:03:43.008+0100][6960.058s] GC(17)   Post Evacuate Collection Set: 0.9ms
[2022-12-16T20:03:43.008+0100][6960.058s] GC(17)   Other: 0.3ms
[2022-12-16T20:03:43.008+0100][6960.058s] GC(17) Eden regions: 4->0(304)
[2022-12-16T20:03:43.008+0100][6960.058s] GC(17) Survivor regions: 21->3(4)
[2022-12-16T20:03:43.008+0100][6960.058s] GC(17) Old regions: 80->96
[2022-12-16T20:03:43.008+0100][6960.058s] GC(17) Archive regions: 2->2
[2022-12-16T20:03:43.008+0100][6960.058s] GC(17) Humongous regions: 8->8
[2022-12-16T20:03:43.008+0100][6960.058s] GC(17) Metaspace: 63147K(63872K)->63147K(63872K) NonClass: 55958K(56256K)->55958K(56256K) Class: 7188K(7616K)->7188K(7616K)
[2022-12-16T20:03:43.008+0100][6960.058s] GC(17) Pause Young (Mixed) (G1 Evacuation Pause) 112M->107M(512M) 18.041ms
[2022-12-16T20:03:43.009+0100][6960.058s] GC(17) User=0.17s Sys=0.00s Real=0.02s
[2022-12-16T21:22:37.160+0100][11694.209s] GC(18) Pause Young (Normal) (G1 Evacuation Pause)
[2022-12-16T21:22:37.160+0100][11694.209s] GC(18) Using 10 workers of 10 for evacuation
[2022-12-16T21:22:37.167+0100][11694.216s] GC(18)   Pre Evacuate Collection Set: 0.2ms
[2022-12-16T21:22:37.167+0100][11694.216s] GC(18)   Merge Heap Roots: 0.3ms
[2022-12-16T21:22:37.167+0100][11694.216s] GC(18)   Evacuate Collection Set: 4.7ms
[2022-12-16T21:22:37.167+0100][11694.216s] GC(18)   Post Evacuate Collection Set: 1.0ms
[2022-12-16T21:22:37.167+0100][11694.216s] GC(18)   Other: 1.0ms
[2022-12-16T21:22:37.167+0100][11694.216s] GC(18) Eden regions: 304->0(303)
[2022-12-16T21:22:37.167+0100][11694.216s] GC(18) Survivor regions: 3->4(39)
[2022-12-16T21:22:37.167+0100][11694.216s] GC(18) Old regions: 96->96
[2022-12-16T21:22:37.167+0100][11694.216s] GC(18) Archive regions: 2->2
[2022-12-16T21:22:37.167+0100][11694.216s] GC(18) Humongous regions: 8->8
[2022-12-16T21:22:37.167+0100][11694.216s] GC(18) Metaspace: 63910K(64576K)->63910K(64576K) NonClass: 56716K(56960K)->56716K(56960K) Class: 7194K(7616K)->7194K(7616K)
[2022-12-16T21:22:37.167+0100][11694.217s] GC(18) Pause Young (Normal) (G1 Evacuation Pause) 411M->107M(512M) 7.170ms
[2022-12-16T21:22:37.167+0100][11694.217s] GC(18) User=0.05s Sys=0.00s Real=0.01s
[2022-12-16T22:10:50.137+0100][14587.187s] GC(19) Pause Young (Normal) (G1 Evacuation Pause)
[2022-12-16T22:10:50.137+0100][14587.187s] GC(19) Using 10 workers of 10 for evacuation
[2022-12-16T22:10:50.146+0100][14587.195s] GC(19)   Pre Evacuate Collection Set: 0.2ms
[2022-12-16T22:10:50.146+0100][14587.195s] GC(19)   Merge Heap Roots: 0.2ms
[2022-12-16T22:10:50.146+0100][14587.195s] GC(19)   Evacuate Collection Set: 6.8ms
[2022-12-16T22:10:50.146+0100][14587.195s] GC(19)   Post Evacuate Collection Set: 1.1ms
[2022-12-16T22:10:50.146+0100][14587.195s] GC(19)   Other: 0.3ms
[2022-12-16T22:10:50.146+0100][14587.195s] GC(19) Eden regions: 303->0(301)
[2022-12-16T22:10:50.146+0100][14587.195s] GC(19) Survivor regions: 4->6(39)
[2022-12-16T22:10:50.146+0100][14587.195s] GC(19) Old regions: 96->96
[2022-12-16T22:10:50.146+0100][14587.195s] GC(19) Archive regions: 2->2
[2022-12-16T22:10:50.146+0100][14587.195s] GC(19) Humongous regions: 8->8
[2022-12-16T22:10:50.146+0100][14587.196s] GC(19) Metaspace: 64270K(64960K)->64270K(64960K) NonClass: 57060K(57344K)->57060K(57344K) Class: 7210K(7616K)->7210K(7616K)
[2022-12-16T22:10:50.146+0100][14587.196s] GC(19) Pause Young (Normal) (G1 Evacuation Pause) 410M->109M(512M) 9.081ms
[2022-12-16T22:10:50.146+0100][14587.196s] GC(19) User=0.06s Sys=0.00s Real=0.02s
