[2022-12-14T13:30:12.826+0100][0.027s] Using G1
[2022-12-14T13:30:12.873+0100][0.074s] Version: 17.0.5+8-Ubuntu-2ubuntu120.04 (release)
[2022-12-14T13:30:12.873+0100][0.074s] CPUs: 12 total, 12 available
[2022-12-14T13:30:12.873+0100][0.074s] Memory: 15745M
[2022-12-14T13:30:12.873+0100][0.074s] Large Page Support: Disabled
[2022-12-14T13:30:12.873+0100][0.074s] NUMA Support: Disabled
[2022-12-14T13:30:12.873+0100][0.074s] Compressed Oops: Enabled (32-bit)
[2022-12-14T13:30:12.873+0100][0.074s] Heap Region Size: 1M
[2022-12-14T13:30:12.873+0100][0.074s] Heap Min Capacity: 512M
[2022-12-14T13:30:12.873+0100][0.074s] Heap Initial Capacity: 512M
[2022-12-14T13:30:12.873+0100][0.074s] Heap Max Capacity: 512M
[2022-12-14T13:30:12.873+0100][0.074s] Pre-touch: Enabled
[2022-12-14T13:30:12.873+0100][0.074s] Parallel Workers: 10
[2022-12-14T13:30:12.873+0100][0.074s] Concurrent Workers: 3
[2022-12-14T13:30:12.873+0100][0.074s] Concurrent Refinement Workers: 10
[2022-12-14T13:30:12.873+0100][0.074s] Periodic GC: Disabled
[2022-12-14T13:30:12.873+0100][0.074s] CDS archive(s) mapped at: [0x0000000800000000-0x0000000800be3000-0x0000000800be3000), size 12464128, SharedBaseAddress: 0x0000000800000000, ArchiveRelocationMode: 0.
[2022-12-14T13:30:12.873+0100][0.074s] Compressed class space mapped at: 0x0000000800c00000-0x0000000840c00000, reserved size: 1073741824
[2022-12-14T13:30:12.873+0100][0.074s] Narrow klass base: 0x0000000800000000, Narrow klass shift: 0, Narrow klass range: 0x100000000
[2022-12-14T13:30:13.462+0100][0.663s] GC(0) Pause Young (Normal) (G1 Evacuation Pause)
[2022-12-14T13:30:13.462+0100][0.663s] GC(0) Using 10 workers of 10 for evacuation
[2022-12-14T13:30:13.465+0100][0.666s] GC(0)   Pre Evacuate Collection Set: 0.1ms
[2022-12-14T13:30:13.465+0100][0.666s] GC(0)   Merge Heap Roots: 0.0ms
[2022-12-14T13:30:13.465+0100][0.666s] GC(0)   Evacuate Collection Set: 2.5ms
[2022-12-14T13:30:13.465+0100][0.666s] GC(0)   Post Evacuate Collection Set: 0.4ms
[2022-12-14T13:30:13.465+0100][0.666s] GC(0)   Other: 0.1ms
[2022-12-14T13:30:13.465+0100][0.666s] GC(0) Eden regions: 29->0(66)
[2022-12-14T13:30:13.465+0100][0.666s] GC(0) Survivor regions: 0->4(4)
[2022-12-14T13:30:13.465+0100][0.666s] GC(0) Old regions: 0->0
[2022-12-14T13:30:13.465+0100][0.666s] GC(0) Archive regions: 2->2
[2022-12-14T13:30:13.465+0100][0.666s] GC(0) Humongous regions: 0->0
[2022-12-14T13:30:13.465+0100][0.666s] GC(0) Metaspace: 6872K(7040K)->6872K(7040K) NonClass: 6080K(6208K)->6080K(6208K) Class: 792K(832K)->792K(832K)
[2022-12-14T13:30:13.465+0100][0.666s] GC(0) Pause Young (Normal) (G1 Evacuation Pause) 29M->4M(512M) 3.188ms
[2022-12-14T13:30:13.465+0100][0.666s] GC(0) User=0.01s Sys=0.00s Real=0.00s
[2022-12-14T13:30:14.066+0100][1.267s] GC(1) Pause Young (Normal) (G1 Evacuation Pause)
[2022-12-14T13:30:14.066+0100][1.267s] GC(1) Using 10 workers of 10 for evacuation
[2022-12-14T13:30:14.072+0100][1.273s] GC(1)   Pre Evacuate Collection Set: 0.1ms
[2022-12-14T13:30:14.072+0100][1.273s] GC(1)   Merge Heap Roots: 0.0ms
[2022-12-14T13:30:14.072+0100][1.273s] GC(1)   Evacuate Collection Set: 5.3ms
[2022-12-14T13:30:14.072+0100][1.273s] GC(1)   Post Evacuate Collection Set: 0.5ms
[2022-12-14T13:30:14.072+0100][1.273s] GC(1)   Other: 0.1ms
[2022-12-14T13:30:14.072+0100][1.274s] GC(1) Eden regions: 66->0(235)
[2022-12-14T13:30:14.072+0100][1.274s] GC(1) Survivor regions: 4->9(9)
[2022-12-14T13:30:14.072+0100][1.274s] GC(1) Old regions: 0->5
[2022-12-14T13:30:14.072+0100][1.274s] GC(1) Archive regions: 2->2
[2022-12-14T13:30:14.072+0100][1.274s] GC(1) Humongous regions: 4->4
[2022-12-14T13:30:14.072+0100][1.274s] GC(1) Metaspace: 16378K(16640K)->16378K(16640K) NonClass: 14452K(14592K)->14452K(14592K) Class: 1926K(2048K)->1926K(2048K)
[2022-12-14T13:30:14.072+0100][1.274s] GC(1) Pause Young (Normal) (G1 Evacuation Pause) 74M->18M(512M) 6.124ms
[2022-12-14T13:30:14.072+0100][1.274s] GC(1) User=0.06s Sys=0.00s Real=0.00s
[2022-12-14T13:30:14.596+0100][1.797s] GC(2) Pause Young (Normal) (G1 Evacuation Pause)
[2022-12-14T13:30:14.596+0100][1.797s] GC(2) Using 10 workers of 10 for evacuation
[2022-12-14T13:30:14.602+0100][1.803s] GC(2)   Pre Evacuate Collection Set: 0.1ms
[2022-12-14T13:30:14.602+0100][1.803s] GC(2)   Merge Heap Roots: 0.1ms
[2022-12-14T13:30:14.602+0100][1.803s] GC(2)   Evacuate Collection Set: 4.4ms
[2022-12-14T13:30:14.602+0100][1.803s] GC(2)   Post Evacuate Collection Set: 0.8ms
[2022-12-14T13:30:14.602+0100][1.803s] GC(2)   Other: 0.2ms
[2022-12-14T13:30:14.602+0100][1.803s] GC(2) Eden regions: 203->0(293)
[2022-12-14T13:30:14.602+0100][1.803s] GC(2) Survivor regions: 9->14(27)
[2022-12-14T13:30:14.602+0100][1.803s] GC(2) Old regions: 5->5
[2022-12-14T13:30:14.602+0100][1.803s] GC(2) Archive regions: 2->2
[2022-12-14T13:30:14.602+0100][1.803s] GC(2) Humongous regions: 4->4
[2022-12-14T13:30:14.602+0100][1.803s] GC(2) Metaspace: 21196K(21504K)->21196K(21504K) NonClass: 18784K(18944K)->18784K(18944K) Class: 2412K(2560K)->2412K(2560K)
[2022-12-14T13:30:14.602+0100][1.803s] GC(2) Pause Young (Normal) (G1 Evacuation Pause) 221M->23M(512M) 5.583ms
[2022-12-14T13:30:14.602+0100][1.803s] GC(2) User=0.06s Sys=0.00s Real=0.01s
[2022-12-14T13:30:14.603+0100][1.804s] GC(3) Pause Young (Concurrent Start) (Metadata GC Threshold)
[2022-12-14T13:30:14.603+0100][1.804s] GC(3) Using 10 workers of 10 for evacuation
[2022-12-14T13:30:14.608+0100][1.809s] GC(3)   Pre Evacuate Collection Set: 0.1ms
[2022-12-14T13:30:14.608+0100][1.809s] GC(3)   Merge Heap Roots: 0.0ms
[2022-12-14T13:30:14.608+0100][1.809s] GC(3)   Evacuate Collection Set: 4.1ms
[2022-12-14T13:30:14.608+0100][1.809s] GC(3)   Post Evacuate Collection Set: 0.4ms
[2022-12-14T13:30:14.608+0100][1.809s] GC(3)   Other: 0.2ms
[2022-12-14T13:30:14.608+0100][1.809s] GC(3) Eden regions: 1->0(293)
[2022-12-14T13:30:14.608+0100][1.809s] GC(3) Survivor regions: 14->14(39)
[2022-12-14T13:30:14.608+0100][1.809s] GC(3) Old regions: 5->5
[2022-12-14T13:30:14.608+0100][1.809s] GC(3) Archive regions: 2->2
[2022-12-14T13:30:14.608+0100][1.809s] GC(3) Humongous regions: 4->4
[2022-12-14T13:30:14.608+0100][1.809s] GC(3) Metaspace: 21225K(21504K)->21225K(21504K) NonClass: 18808K(18944K)->18808K(18944K) Class: 2416K(2560K)->2416K(2560K)
[2022-12-14T13:30:14.608+0100][1.809s] GC(3) Pause Young (Concurrent Start) (Metadata GC Threshold) 23M->22M(512M) 4.883ms
[2022-12-14T13:30:14.608+0100][1.809s] GC(3) User=0.04s Sys=0.00s Real=0.01s
[2022-12-14T13:30:14.608+0100][1.809s] GC(4) Concurrent Mark Cycle
[2022-12-14T13:30:14.608+0100][1.809s] GC(4) Concurrent Clear Claimed Marks
[2022-12-14T13:30:14.608+0100][1.809s] GC(4) Concurrent Clear Claimed Marks 0.026ms
[2022-12-14T13:30:14.608+0100][1.809s] GC(4) Concurrent Scan Root Regions
[2022-12-14T13:30:14.611+0100][1.812s] GC(4) Concurrent Scan Root Regions 3.029ms
[2022-12-14T13:30:14.611+0100][1.813s] GC(4) Concurrent Mark
[2022-12-14T13:30:14.611+0100][1.813s] GC(4) Concurrent Mark From Roots
[2022-12-14T13:30:14.611+0100][1.813s] GC(4) Using 3 workers of 3 for marking
[2022-12-14T13:30:14.616+0100][1.817s] GC(4) Concurrent Mark From Roots 4.366ms
[2022-12-14T13:30:14.616+0100][1.817s] GC(4) Concurrent Preclean
[2022-12-14T13:30:14.616+0100][1.817s] GC(4) Concurrent Preclean 0.080ms
[2022-12-14T13:30:14.616+0100][1.817s] GC(4) Pause Remark
[2022-12-14T13:30:14.617+0100][1.818s] GC(4) Pause Remark 26M->26M(512M) 1.066ms
[2022-12-14T13:30:14.617+0100][1.818s] GC(4) User=0.00s Sys=0.00s Real=0.00s
[2022-12-14T13:30:14.617+0100][1.818s] GC(4) Concurrent Mark 5.742ms
[2022-12-14T13:30:14.617+0100][1.818s] GC(4) Concurrent Rebuild Remembered Sets
[2022-12-14T13:30:14.621+0100][1.822s] GC(4) Concurrent Rebuild Remembered Sets 3.589ms
[2022-12-14T13:30:14.621+0100][1.822s] GC(4) Pause Cleanup
[2022-12-14T13:30:14.621+0100][1.822s] GC(4) Pause Cleanup 27M->27M(512M) 0.098ms
[2022-12-14T13:30:14.621+0100][1.822s] GC(4) User=0.00s Sys=0.00s Real=0.00s
[2022-12-14T13:30:14.621+0100][1.822s] GC(4) Concurrent Cleanup for Next Mark
[2022-12-14T13:30:14.621+0100][1.823s] GC(4) Concurrent Cleanup for Next Mark 0.383ms
[2022-12-14T13:30:14.621+0100][1.823s] GC(4) Concurrent Mark Cycle 13.242ms
[2022-12-14T13:30:46.318+0100][33.519s] GC(5) Pause Young (Normal) (G1 Evacuation Pause)
[2022-12-14T13:30:46.318+0100][33.519s] GC(5) Using 10 workers of 10 for evacuation
[2022-12-14T13:30:46.326+0100][33.527s] GC(5)   Pre Evacuate Collection Set: 0.1ms
[2022-12-14T13:30:46.326+0100][33.527s] GC(5)   Merge Heap Roots: 0.1ms
[2022-12-14T13:30:46.326+0100][33.527s] GC(5)   Evacuate Collection Set: 6.9ms
[2022-12-14T13:30:46.326+0100][33.527s] GC(5)   Post Evacuate Collection Set: 0.8ms
[2022-12-14T13:30:46.326+0100][33.527s] GC(5)   Other: 0.2ms
[2022-12-14T13:30:46.326+0100][33.527s] GC(5) Eden regions: 293->0(283)
[2022-12-14T13:30:46.326+0100][33.527s] GC(5) Survivor regions: 14->24(39)
[2022-12-14T13:30:46.326+0100][33.527s] GC(5) Old regions: 5->5
[2022-12-14T13:30:46.326+0100][33.527s] GC(5) Archive regions: 2->2
[2022-12-14T13:30:46.326+0100][33.527s] GC(5) Humongous regions: 4->4
[2022-12-14T13:30:46.326+0100][33.527s] GC(5) Metaspace: 34324K(34688K)->34324K(34688K) NonClass: 30416K(30592K)->30416K(30592K) Class: 3907K(4096K)->3907K(4096K)
[2022-12-14T13:30:46.326+0100][33.528s] GC(5) Pause Young (Normal) (G1 Evacuation Pause) 315M->32M(512M) 8.207ms
[2022-12-14T13:30:46.326+0100][33.528s] GC(5) User=0.08s Sys=0.00s Real=0.01s
[2022-12-14T13:30:46.498+0100][33.699s] GC(6) Pause Young (Concurrent Start) (Metadata GC Threshold)
[2022-12-14T13:30:46.498+0100][33.699s] GC(6) Using 10 workers of 10 for evacuation
[2022-12-14T13:30:46.509+0100][33.711s] GC(6)   Pre Evacuate Collection Set: 0.1ms
[2022-12-14T13:30:46.509+0100][33.711s] GC(6)   Merge Heap Roots: 0.1ms
[2022-12-14T13:30:46.509+0100][33.711s] GC(6)   Evacuate Collection Set: 10.0ms
[2022-12-14T13:30:46.509+0100][33.711s] GC(6)   Post Evacuate Collection Set: 0.8ms
[2022-12-14T13:30:46.509+0100][33.711s] GC(6)   Other: 0.2ms
[2022-12-14T13:30:46.509+0100][33.711s] GC(6) Eden regions: 44->0(290)
[2022-12-14T13:30:46.509+0100][33.711s] GC(6) Survivor regions: 24->17(39)
[2022-12-14T13:30:46.510+0100][33.711s] GC(6) Old regions: 5->14
[2022-12-14T13:30:46.510+0100][33.711s] GC(6) Archive regions: 2->2
[2022-12-14T13:30:46.510+0100][33.711s] GC(6) Humongous regions: 4->4
[2022-12-14T13:30:46.510+0100][33.711s] GC(6) Metaspace: 35798K(36160K)->35798K(36160K) NonClass: 31698K(31872K)->31698K(31872K) Class: 4100K(4288K)->4100K(4288K)
[2022-12-14T13:30:46.510+0100][33.711s] GC(6) Pause Young (Concurrent Start) (Metadata GC Threshold) 76M->35M(512M) 11.304ms
[2022-12-14T13:30:46.510+0100][33.711s] GC(6) User=0.09s Sys=0.00s Real=0.01s
[2022-12-14T13:30:46.510+0100][33.711s] GC(7) Concurrent Mark Cycle
[2022-12-14T13:30:46.510+0100][33.711s] GC(7) Concurrent Clear Claimed Marks
[2022-12-14T13:30:46.510+0100][33.711s] GC(7) Concurrent Clear Claimed Marks 0.034ms
[2022-12-14T13:30:46.510+0100][33.711s] GC(7) Concurrent Scan Root Regions
[2022-12-14T13:30:46.515+0100][33.716s] GC(7) Concurrent Scan Root Regions 5.554ms
[2022-12-14T13:30:46.515+0100][33.716s] GC(7) Concurrent Mark
[2022-12-14T13:30:46.515+0100][33.717s] GC(7) Concurrent Mark From Roots
[2022-12-14T13:30:46.515+0100][33.717s] GC(7) Using 3 workers of 3 for marking
[2022-12-14T13:30:46.522+0100][33.723s] GC(7) Concurrent Mark From Roots 6.645ms
[2022-12-14T13:30:46.522+0100][33.723s] GC(7) Concurrent Preclean
[2022-12-14T13:30:46.522+0100][33.723s] GC(7) Concurrent Preclean 0.133ms
[2022-12-14T13:30:46.522+0100][33.724s] GC(7) Pause Remark
[2022-12-14T13:30:46.524+0100][33.725s] GC(7) Pause Remark 42M->42M(512M) 1.636ms
[2022-12-14T13:30:46.524+0100][33.725s] GC(7) User=0.02s Sys=0.00s Real=0.00s
[2022-12-14T13:30:46.524+0100][33.725s] GC(7) Concurrent Mark 8.830ms
[2022-12-14T13:30:46.524+0100][33.725s] GC(7) Concurrent Rebuild Remembered Sets
[2022-12-14T13:30:46.531+0100][33.732s] GC(7) Concurrent Rebuild Remembered Sets 7.096ms
[2022-12-14T13:30:46.531+0100][33.733s] GC(7) Pause Cleanup
[2022-12-14T13:30:46.531+0100][33.733s] GC(7) Pause Cleanup 45M->45M(512M) 0.098ms
[2022-12-14T13:30:46.532+0100][33.733s] GC(7) User=0.00s Sys=0.00s Real=0.00s
[2022-12-14T13:30:46.532+0100][33.733s] GC(7) Concurrent Cleanup for Next Mark
[2022-12-14T13:30:46.532+0100][33.733s] GC(7) Concurrent Cleanup for Next Mark 0.340ms
[2022-12-14T13:30:46.532+0100][33.733s] GC(7) Concurrent Mark Cycle 22.314ms
[2022-12-14T13:30:47.026+0100][34.228s] GC(8) Pause Young (Normal) (G1 Evacuation Pause)
[2022-12-14T13:30:47.026+0100][34.228s] GC(8) Using 10 workers of 10 for evacuation
[2022-12-14T13:30:47.034+0100][34.236s] GC(8)   Pre Evacuate Collection Set: 0.1ms
[2022-12-14T13:30:47.034+0100][34.236s] GC(8)   Merge Heap Roots: 0.1ms
[2022-12-14T13:30:47.034+0100][34.236s] GC(8)   Evacuate Collection Set: 6.8ms
[2022-12-14T13:30:47.034+0100][34.236s] GC(8)   Post Evacuate Collection Set: 0.8ms
[2022-12-14T13:30:47.034+0100][34.236s] GC(8)   Other: 0.2ms
[2022-12-14T13:30:47.034+0100][34.236s] GC(8) Eden regions: 290->0(286)
[2022-12-14T13:30:47.034+0100][34.236s] GC(8) Survivor regions: 17->21(39)
[2022-12-14T13:30:47.034+0100][34.236s] GC(8) Old regions: 14->14
[2022-12-14T13:30:47.034+0100][34.236s] GC(8) Archive regions: 2->2
[2022-12-14T13:30:47.035+0100][34.236s] GC(8) Humongous regions: 5->4
[2022-12-14T13:30:47.035+0100][34.236s] GC(8) Metaspace: 44100K(44544K)->44100K(44544K) NonClass: 38874K(39104K)->38874K(39104K) Class: 5226K(5440K)->5226K(5440K)
[2022-12-14T13:30:47.035+0100][34.236s] GC(8) Pause Young (Normal) (G1 Evacuation Pause) 326M->38M(512M) 8.165ms
[2022-12-14T13:30:47.035+0100][34.236s] GC(8) User=0.05s Sys=0.00s Real=0.00s
[2022-12-14T13:30:47.485+0100][34.686s] GC(9) Pause Young (Normal) (G1 Evacuation Pause)
[2022-12-14T13:30:47.485+0100][34.686s] GC(9) Using 10 workers of 10 for evacuation
[2022-12-14T13:30:47.496+0100][34.698s] GC(9)   Pre Evacuate Collection Set: 0.1ms
[2022-12-14T13:30:47.497+0100][34.698s] GC(9)   Merge Heap Roots: 0.1ms
[2022-12-14T13:30:47.497+0100][34.698s] GC(9)   Evacuate Collection Set: 10.5ms
[2022-12-14T13:30:47.497+0100][34.698s] GC(9)   Post Evacuate Collection Set: 0.9ms
[2022-12-14T13:30:47.497+0100][34.698s] GC(9)   Other: 0.2ms
[2022-12-14T13:30:47.497+0100][34.698s] GC(9) Eden regions: 286->0(276)
[2022-12-14T13:30:47.497+0100][34.698s] GC(9) Survivor regions: 21->31(39)
[2022-12-14T13:30:47.497+0100][34.698s] GC(9) Old regions: 14->14
[2022-12-14T13:30:47.497+0100][34.698s] GC(9) Archive regions: 2->2
[2022-12-14T13:30:47.497+0100][34.698s] GC(9) Humongous regions: 4->4
[2022-12-14T13:30:47.497+0100][34.698s] GC(9) Metaspace: 50089K(50560K)->50089K(50560K) NonClass: 44090K(44352K)->44090K(44352K) Class: 5998K(6208K)->5998K(6208K)
[2022-12-14T13:30:47.497+0100][34.698s] GC(9) Pause Young (Normal) (G1 Evacuation Pause) 324M->48M(512M) 11.919ms
[2022-12-14T13:30:47.497+0100][34.698s] GC(9) User=0.12s Sys=0.00s Real=0.01s
[2022-12-14T13:30:48.118+0100][35.319s] GC(10) Pause Young (Normal) (G1 Evacuation Pause)
[2022-12-14T13:30:48.118+0100][35.319s] GC(10) Using 10 workers of 10 for evacuation
[2022-12-14T13:30:48.146+0100][35.347s] GC(10)   Pre Evacuate Collection Set: 0.1ms
[2022-12-14T13:30:48.146+0100][35.347s] GC(10)   Merge Heap Roots: 0.1ms
[2022-12-14T13:30:48.146+0100][35.347s] GC(10)   Evacuate Collection Set: 26.3ms
[2022-12-14T13:30:48.146+0100][35.347s] GC(10)   Post Evacuate Collection Set: 1.0ms
[2022-12-14T13:30:48.146+0100][35.347s] GC(10)   Other: 0.2ms
[2022-12-14T13:30:48.146+0100][35.347s] GC(10) Eden regions: 276->0(273)
[2022-12-14T13:30:48.146+0100][35.347s] GC(10) Survivor regions: 31->34(39)
[2022-12-14T13:30:48.146+0100][35.347s] GC(10) Old regions: 14->27
[2022-12-14T13:30:48.146+0100][35.347s] GC(10) Archive regions: 2->2
[2022-12-14T13:30:48.146+0100][35.347s] GC(10) Humongous regions: 6->5
[2022-12-14T13:30:48.146+0100][35.347s] GC(10) Metaspace: 51892K(52352K)->51892K(52352K) NonClass: 45656K(45888K)->45656K(45888K) Class: 6235K(6464K)->6235K(6464K)
[2022-12-14T13:30:48.146+0100][35.347s] GC(10) Pause Young (Normal) (G1 Evacuation Pause) 326M->65M(512M) 27.849ms
[2022-12-14T13:30:48.146+0100][35.347s] GC(10) User=0.17s Sys=0.00s Real=0.03s
[2022-12-14T13:30:52.462+0100][39.663s] GC(11) Pause Young (Normal) (G1 Evacuation Pause)
[2022-12-14T13:30:52.462+0100][39.663s] GC(11) Using 10 workers of 10 for evacuation
[2022-12-14T13:30:52.476+0100][39.677s] GC(11)   Pre Evacuate Collection Set: 0.1ms
[2022-12-14T13:30:52.476+0100][39.677s] GC(11)   Merge Heap Roots: 0.1ms
[2022-12-14T13:30:52.476+0100][39.677s] GC(11)   Evacuate Collection Set: 13.1ms
[2022-12-14T13:30:52.476+0100][39.677s] GC(11)   Post Evacuate Collection Set: 0.8ms
[2022-12-14T13:30:52.476+0100][39.677s] GC(11)   Other: 0.2ms
[2022-12-14T13:30:52.476+0100][39.677s] GC(11) Eden regions: 273->0(281)
[2022-12-14T13:30:52.476+0100][39.677s] GC(11) Survivor regions: 34->26(39)
[2022-12-14T13:30:52.476+0100][39.677s] GC(11) Old regions: 27->44
[2022-12-14T13:30:52.476+0100][39.677s] GC(11) Archive regions: 2->2
[2022-12-14T13:30:52.476+0100][39.677s] GC(11) Humongous regions: 11->8
[2022-12-14T13:30:52.476+0100][39.677s] GC(11) Metaspace: 53024K(53504K)->53024K(53504K) NonClass: 46689K(46912K)->46689K(46912K) Class: 6335K(6592K)->6335K(6592K)
[2022-12-14T13:30:52.476+0100][39.677s] GC(11) Pause Young (Normal) (G1 Evacuation Pause) 344M->78M(512M) 14.413ms
[2022-12-14T13:30:52.476+0100][39.677s] GC(11) User=0.11s Sys=0.00s Real=0.01s
[2022-12-14T13:35:02.773+0100][289.974s] GC(12) Pause Young (Normal) (G1 Evacuation Pause)
[2022-12-14T13:35:02.773+0100][289.974s] GC(12) Using 10 workers of 10 for evacuation
[2022-12-14T13:35:02.817+0100][290.018s] GC(12)   Pre Evacuate Collection Set: 0.2ms
[2022-12-14T13:35:02.817+0100][290.018s] GC(12)   Merge Heap Roots: 0.1ms
[2022-12-14T13:35:02.817+0100][290.018s] GC(12)   Evacuate Collection Set: 42.4ms
[2022-12-14T13:35:02.817+0100][290.018s] GC(12)   Post Evacuate Collection Set: 1.0ms
[2022-12-14T13:35:02.817+0100][290.018s] GC(12)   Other: 0.2ms
[2022-12-14T13:35:02.817+0100][290.018s] GC(12) Eden regions: 281->0(289)
[2022-12-14T13:35:02.817+0100][290.018s] GC(12) Survivor regions: 26->18(39)
[2022-12-14T13:35:02.817+0100][290.018s] GC(12) Old regions: 44->59
[2022-12-14T13:35:02.817+0100][290.018s] GC(12) Archive regions: 2->2
[2022-12-14T13:35:02.817+0100][290.018s] GC(12) Humongous regions: 8->8
[2022-12-14T13:35:02.817+0100][290.018s] GC(12) Metaspace: 57915K(58496K)->57915K(58496K) NonClass: 50961K(51264K)->50961K(51264K) Class: 6954K(7232K)->6954K(7232K)
[2022-12-14T13:35:02.817+0100][290.018s] GC(12) Pause Young (Normal) (G1 Evacuation Pause) 359M->85M(512M) 44.040ms
[2022-12-14T13:35:02.817+0100][290.018s] GC(12) User=0.18s Sys=0.00s Real=0.04s
[2022-12-14T13:36:10.168+0100][357.370s] Heap
[2022-12-14T13:36:10.168+0100][357.370s]  garbage-first heap   total 524288K, used 158575K [0x00000000e0000000, 0x0000000100000000)
[2022-12-14T13:36:10.168+0100][357.370s]   region size 1024K, 88 young (90112K), 18 survivors (18432K)
[2022-12-14T13:36:10.168+0100][357.370s]  Metaspace       used 58372K, committed 59072K, reserved 1105920K
[2022-12-14T13:36:10.168+0100][357.370s]   class space    used 7016K, committed 7360K, reserved 1048576K
