[2022-12-16T12:35:35.521+0100][0.023s] Using G1
[2022-12-16T12:35:35.567+0100][0.069s] Version: 17.0.5+8-Ubuntu-2ubuntu120.04 (release)
[2022-12-16T12:35:35.567+0100][0.069s] CPUs: 12 total, 12 available
[2022-12-16T12:35:35.567+0100][0.069s] Memory: 15745M
[2022-12-16T12:35:35.567+0100][0.069s] Large Page Support: Disabled
[2022-12-16T12:35:35.567+0100][0.069s] NUMA Support: Disabled
[2022-12-16T12:35:35.567+0100][0.069s] Compressed Oops: Enabled (32-bit)
[2022-12-16T12:35:35.567+0100][0.069s] Heap Region Size: 1M
[2022-12-16T12:35:35.567+0100][0.069s] Heap Min Capacity: 512M
[2022-12-16T12:35:35.567+0100][0.069s] Heap Initial Capacity: 512M
[2022-12-16T12:35:35.567+0100][0.069s] Heap Max Capacity: 512M
[2022-12-16T12:35:35.567+0100][0.069s] Pre-touch: Enabled
[2022-12-16T12:35:35.567+0100][0.069s] Parallel Workers: 10
[2022-12-16T12:35:35.567+0100][0.069s] Concurrent Workers: 3
[2022-12-16T12:35:35.567+0100][0.069s] Concurrent Refinement Workers: 10
[2022-12-16T12:35:35.567+0100][0.069s] Periodic GC: Disabled
[2022-12-16T12:35:35.567+0100][0.069s] CDS archive(s) mapped at: [0x0000000800000000-0x0000000800be3000-0x0000000800be3000), size 12464128, SharedBaseAddress: 0x0000000800000000, ArchiveRelocationMode: 0.
[2022-12-16T12:35:35.567+0100][0.069s] Compressed class space mapped at: 0x0000000800c00000-0x0000000840c00000, reserved size: 1073741824
[2022-12-16T12:35:35.567+0100][0.069s] Narrow klass base: 0x0000000800000000, Narrow klass shift: 0, Narrow klass range: 0x100000000
[2022-12-16T12:35:36.139+0100][0.641s] GC(0) Pause Young (Normal) (G1 Evacuation Pause)
[2022-12-16T12:35:36.139+0100][0.641s] GC(0) Using 10 workers of 10 for evacuation
[2022-12-16T12:35:36.141+0100][0.644s] GC(0)   Pre Evacuate Collection Set: 0.1ms
[2022-12-16T12:35:36.141+0100][0.644s] GC(0)   Merge Heap Roots: 0.0ms
[2022-12-16T12:35:36.141+0100][0.644s] GC(0)   Evacuate Collection Set: 1.6ms
[2022-12-16T12:35:36.141+0100][0.644s] GC(0)   Post Evacuate Collection Set: 0.3ms
[2022-12-16T12:35:36.141+0100][0.644s] GC(0)   Other: 0.1ms
[2022-12-16T12:35:36.141+0100][0.644s] GC(0) Eden regions: 29->0(63)
[2022-12-16T12:35:36.141+0100][0.644s] GC(0) Survivor regions: 0->4(4)
[2022-12-16T12:35:36.141+0100][0.644s] GC(0) Old regions: 0->0
[2022-12-16T12:35:36.141+0100][0.644s] GC(0) Archive regions: 2->2
[2022-12-16T12:35:36.141+0100][0.644s] GC(0) Humongous regions: 0->0
[2022-12-16T12:35:36.141+0100][0.644s] GC(0) Metaspace: 8135K(8320K)->8135K(8320K) NonClass: 7206K(7296K)->7206K(7296K) Class: 928K(1024K)->928K(1024K)
[2022-12-16T12:35:36.141+0100][0.644s] GC(0) Pause Young (Normal) (G1 Evacuation Pause) 29M->4M(512M) 2.174ms
[2022-12-16T12:35:36.141+0100][0.644s] GC(0) User=0.02s Sys=0.00s Real=0.01s
[2022-12-16T12:35:36.677+0100][1.179s] GC(1) Pause Young (Normal) (G1 Evacuation Pause)
[2022-12-16T12:35:36.677+0100][1.179s] GC(1) Using 10 workers of 10 for evacuation
[2022-12-16T12:35:36.683+0100][1.185s] GC(1)   Pre Evacuate Collection Set: 0.1ms
[2022-12-16T12:35:36.683+0100][1.186s] GC(1)   Merge Heap Roots: 0.0ms
[2022-12-16T12:35:36.683+0100][1.186s] GC(1)   Evacuate Collection Set: 5.3ms
[2022-12-16T12:35:36.683+0100][1.186s] GC(1)   Post Evacuate Collection Set: 0.6ms
[2022-12-16T12:35:36.683+0100][1.186s] GC(1)   Other: 0.1ms
[2022-12-16T12:35:36.683+0100][1.186s] GC(1) Eden regions: 63->0(93)
[2022-12-16T12:35:36.683+0100][1.186s] GC(1) Survivor regions: 4->9(9)
[2022-12-16T12:35:36.683+0100][1.186s] GC(1) Old regions: 0->5
[2022-12-16T12:35:36.683+0100][1.186s] GC(1) Archive regions: 2->2
[2022-12-16T12:35:36.683+0100][1.186s] GC(1) Humongous regions: 4->4
[2022-12-16T12:35:36.683+0100][1.186s] GC(1) Metaspace: 16359K(16640K)->16359K(16640K) NonClass: 14433K(14592K)->14433K(14592K) Class: 1926K(2048K)->1926K(2048K)
[2022-12-16T12:35:36.683+0100][1.186s] GC(1) Pause Young (Normal) (G1 Evacuation Pause) 71M->18M(512M) 6.248ms
[2022-12-16T12:35:36.683+0100][1.186s] GC(1) User=0.05s Sys=0.00s Real=0.01s
[2022-12-16T12:35:36.942+0100][1.444s] GC(2) Pause Young (Normal) (G1 Evacuation Pause)
[2022-12-16T12:35:36.942+0100][1.444s] GC(2) Using 10 workers of 10 for evacuation
[2022-12-16T12:35:36.946+0100][1.448s] GC(2)   Pre Evacuate Collection Set: 0.1ms
[2022-12-16T12:35:36.946+0100][1.448s] GC(2)   Merge Heap Roots: 0.1ms
[2022-12-16T12:35:36.946+0100][1.449s] GC(2)   Evacuate Collection Set: 3.7ms
[2022-12-16T12:35:36.946+0100][1.449s] GC(2)   Post Evacuate Collection Set: 0.6ms
[2022-12-16T12:35:36.946+0100][1.449s] GC(2)   Other: 0.1ms
[2022-12-16T12:35:36.946+0100][1.449s] GC(2) Eden regions: 93->0(302)
[2022-12-16T12:35:36.946+0100][1.449s] GC(2) Survivor regions: 9->5(13)
[2022-12-16T12:35:36.946+0100][1.449s] GC(2) Old regions: 5->14
[2022-12-16T12:35:36.946+0100][1.449s] GC(2) Archive regions: 2->2
[2022-12-16T12:35:36.946+0100][1.449s] GC(2) Humongous regions: 4->4
[2022-12-16T12:35:36.946+0100][1.449s] GC(2) Metaspace: 18800K(19072K)->18800K(19072K) NonClass: 16598K(16704K)->16598K(16704K) Class: 2201K(2368K)->2201K(2368K)
[2022-12-16T12:35:36.946+0100][1.449s] GC(2) Pause Young (Normal) (G1 Evacuation Pause) 111M->23M(512M) 4.571ms
[2022-12-16T12:35:36.946+0100][1.449s] GC(2) User=0.03s Sys=0.00s Real=0.00s
[2022-12-16T12:35:37.071+0100][1.573s] GC(3) Pause Young (Concurrent Start) (Metadata GC Threshold)
[2022-12-16T12:35:37.071+0100][1.573s] GC(3) Using 10 workers of 10 for evacuation
[2022-12-16T12:35:37.072+0100][1.575s] GC(3)   Pre Evacuate Collection Set: 0.1ms
[2022-12-16T12:35:37.072+0100][1.575s] GC(3)   Merge Heap Roots: 0.0ms
[2022-12-16T12:35:37.072+0100][1.575s] GC(3)   Evacuate Collection Set: 1.1ms
[2022-12-16T12:35:37.072+0100][1.575s] GC(3)   Post Evacuate Collection Set: 0.3ms
[2022-12-16T12:35:37.072+0100][1.575s] GC(3)   Other: 0.2ms
[2022-12-16T12:35:37.072+0100][1.575s] GC(3) Eden regions: 37->0(302)
[2022-12-16T12:35:37.072+0100][1.575s] GC(3) Survivor regions: 5->5(39)
[2022-12-16T12:35:37.072+0100][1.575s] GC(3) Old regions: 14->14
[2022-12-16T12:35:37.072+0100][1.575s] GC(3) Archive regions: 2->2
[2022-12-16T12:35:37.072+0100][1.575s] GC(3) Humongous regions: 4->4
[2022-12-16T12:35:37.072+0100][1.575s] GC(3) Metaspace: 21261K(21504K)->21261K(21504K) NonClass: 18835K(18944K)->18835K(18944K) Class: 2425K(2560K)->2425K(2560K)
[2022-12-16T12:35:37.073+0100][1.575s] GC(3) Pause Young (Concurrent Start) (Metadata GC Threshold) 60M->22M(512M) 1.767ms
[2022-12-16T12:35:37.073+0100][1.575s] GC(3) User=0.02s Sys=0.00s Real=0.01s
[2022-12-16T12:35:37.073+0100][1.575s] GC(4) Concurrent Mark Cycle
[2022-12-16T12:35:37.073+0100][1.575s] GC(4) Concurrent Clear Claimed Marks
[2022-12-16T12:35:37.073+0100][1.575s] GC(4) Concurrent Clear Claimed Marks 0.015ms
[2022-12-16T12:35:37.073+0100][1.575s] GC(4) Concurrent Scan Root Regions
[2022-12-16T12:35:37.074+0100][1.576s] GC(4) Concurrent Scan Root Regions 0.945ms
[2022-12-16T12:35:37.074+0100][1.576s] GC(4) Concurrent Mark
[2022-12-16T12:35:37.074+0100][1.576s] GC(4) Concurrent Mark From Roots
[2022-12-16T12:35:37.074+0100][1.576s] GC(4) Using 3 workers of 3 for marking
[2022-12-16T12:35:37.083+0100][1.586s] GC(4) Concurrent Mark From Roots 9.876ms
[2022-12-16T12:35:37.083+0100][1.586s] GC(4) Concurrent Preclean
[2022-12-16T12:35:37.084+0100][1.586s] GC(4) Concurrent Preclean 0.091ms
[2022-12-16T12:35:37.084+0100][1.586s] GC(4) Pause Remark
[2022-12-16T12:35:37.085+0100][1.587s] GC(4) Pause Remark 24M->24M(512M) 0.997ms
[2022-12-16T12:35:37.085+0100][1.587s] GC(4) User=0.01s Sys=0.00s Real=0.00s
[2022-12-16T12:35:37.085+0100][1.587s] GC(4) Concurrent Mark 11.233ms
[2022-12-16T12:35:37.085+0100][1.587s] GC(4) Concurrent Rebuild Remembered Sets
[2022-12-16T12:35:37.090+0100][1.592s] GC(4) Concurrent Rebuild Remembered Sets 5.108ms
[2022-12-16T12:35:37.090+0100][1.592s] GC(4) Pause Cleanup
[2022-12-16T12:35:37.090+0100][1.592s] GC(4) Pause Cleanup 25M->25M(512M) 0.096ms
[2022-12-16T12:35:37.090+0100][1.592s] GC(4) User=0.00s Sys=0.00s Real=0.00s
[2022-12-16T12:35:37.090+0100][1.592s] GC(4) Concurrent Cleanup for Next Mark
[2022-12-16T12:35:37.091+0100][1.593s] GC(4) Concurrent Cleanup for Next Mark 0.331ms
[2022-12-16T12:35:37.091+0100][1.593s] GC(4) Concurrent Mark Cycle 17.999ms
[2022-12-16T12:35:39.298+0100][3.800s] GC(5) Pause Young (Concurrent Start) (Metadata GC Threshold)
[2022-12-16T12:35:39.298+0100][3.800s] GC(5) Using 10 workers of 10 for evacuation
[2022-12-16T12:35:39.312+0100][3.814s] GC(5)   Pre Evacuate Collection Set: 0.1ms
[2022-12-16T12:35:39.312+0100][3.814s] GC(5)   Merge Heap Roots: 0.1ms
[2022-12-16T12:35:39.312+0100][3.814s] GC(5)   Evacuate Collection Set: 12.7ms
[2022-12-16T12:35:39.312+0100][3.814s] GC(5)   Post Evacuate Collection Set: 1.0ms
[2022-12-16T12:35:39.312+0100][3.814s] GC(5)   Other: 0.2ms
[2022-12-16T12:35:39.312+0100][3.814s] GC(5) Eden regions: 259->0(291)
[2022-12-16T12:35:39.312+0100][3.814s] GC(5) Survivor regions: 5->16(39)
[2022-12-16T12:35:39.312+0100][3.814s] GC(5) Old regions: 14->14
[2022-12-16T12:35:39.312+0100][3.814s] GC(5) Archive regions: 2->2
[2022-12-16T12:35:39.312+0100][3.814s] GC(5) Humongous regions: 4->4
[2022-12-16T12:35:39.312+0100][3.814s] GC(5) Metaspace: 35800K(36160K)->35800K(36160K) NonClass: 31660K(31872K)->31660K(31872K) Class: 4139K(4288K)->4139K(4288K)
[2022-12-16T12:35:39.312+0100][3.814s] GC(5) Pause Young (Concurrent Start) (Metadata GC Threshold) 281M->34M(512M) 14.265ms
[2022-12-16T12:35:39.312+0100][3.814s] GC(5) User=0.05s Sys=0.00s Real=0.01s
[2022-12-16T12:35:39.312+0100][3.814s] GC(6) Concurrent Mark Cycle
[2022-12-16T12:35:39.312+0100][3.814s] GC(6) Concurrent Clear Claimed Marks
[2022-12-16T12:35:39.312+0100][3.814s] GC(6) Concurrent Clear Claimed Marks 0.036ms
[2022-12-16T12:35:39.312+0100][3.814s] GC(6) Concurrent Scan Root Regions
[2022-12-16T12:35:39.316+0100][3.818s] GC(6) Concurrent Scan Root Regions 3.793ms
[2022-12-16T12:35:39.316+0100][3.819s] GC(6) Concurrent Mark
[2022-12-16T12:35:39.317+0100][3.819s] GC(6) Concurrent Mark From Roots
[2022-12-16T12:35:39.317+0100][3.819s] GC(6) Using 3 workers of 3 for marking
[2022-12-16T12:35:39.335+0100][3.837s] GC(6) Concurrent Mark From Roots 18.329ms
[2022-12-16T12:35:39.335+0100][3.837s] GC(6) Concurrent Preclean
[2022-12-16T12:35:39.335+0100][3.837s] GC(6) Concurrent Preclean 0.128ms
[2022-12-16T12:35:39.335+0100][3.837s] GC(6) Pause Remark
[2022-12-16T12:35:39.337+0100][3.840s] GC(6) Pause Remark 42M->42M(512M) 2.229ms
[2022-12-16T12:35:39.337+0100][3.840s] GC(6) User=0.01s Sys=0.00s Real=0.00s
[2022-12-16T12:35:39.338+0100][3.840s] GC(6) Concurrent Mark 21.082ms
[2022-12-16T12:35:39.338+0100][3.840s] GC(6) Concurrent Rebuild Remembered Sets
[2022-12-16T12:35:39.345+0100][3.847s] GC(6) Concurrent Rebuild Remembered Sets 7.322ms
[2022-12-16T12:35:39.345+0100][3.847s] GC(6) Pause Cleanup
[2022-12-16T12:35:39.345+0100][3.847s] GC(6) Pause Cleanup 44M->44M(512M) 0.125ms
[2022-12-16T12:35:39.345+0100][3.847s] GC(6) User=0.00s Sys=0.00s Real=0.00s
[2022-12-16T12:35:39.345+0100][3.847s] GC(6) Concurrent Cleanup for Next Mark
[2022-12-16T12:35:39.346+0100][3.848s] GC(6) Concurrent Cleanup for Next Mark 0.899ms
[2022-12-16T12:35:39.346+0100][3.848s] GC(6) Concurrent Mark Cycle 34.032ms
[2022-12-16T12:35:39.932+0100][4.434s] GC(7) Pause Young (Normal) (G1 Evacuation Pause)
[2022-12-16T12:35:39.932+0100][4.434s] GC(7) Using 10 workers of 10 for evacuation
[2022-12-16T12:35:39.939+0100][4.442s] GC(7)   Pre Evacuate Collection Set: 0.1ms
[2022-12-16T12:35:39.939+0100][4.442s] GC(7)   Merge Heap Roots: 0.1ms
[2022-12-16T12:35:39.939+0100][4.442s] GC(7)   Evacuate Collection Set: 6.7ms
[2022-12-16T12:35:39.939+0100][4.442s] GC(7)   Post Evacuate Collection Set: 0.6ms
[2022-12-16T12:35:39.939+0100][4.442s] GC(7)   Other: 0.2ms
[2022-12-16T12:35:39.939+0100][4.442s] GC(7) Eden regions: 291->0(283)
[2022-12-16T12:35:39.939+0100][4.442s] GC(7) Survivor regions: 16->24(39)
[2022-12-16T12:35:39.939+0100][4.442s] GC(7) Old regions: 14->14
[2022-12-16T12:35:39.939+0100][4.442s] GC(7) Archive regions: 2->2
[2022-12-16T12:35:39.939+0100][4.442s] GC(7) Humongous regions: 5->4
[2022-12-16T12:35:39.939+0100][4.442s] GC(7) Metaspace: 46044K(46528K)->46044K(46528K) NonClass: 40530K(40768K)->40530K(40768K) Class: 5513K(5760K)->5513K(5760K)
[2022-12-16T12:35:39.939+0100][4.442s] GC(7) Pause Young (Normal) (G1 Evacuation Pause) 326M->41M(512M) 7.786ms
[2022-12-16T12:35:39.939+0100][4.442s] GC(7) User=0.08s Sys=0.01s Real=0.01s
[2022-12-16T12:35:40.428+0100][4.930s] GC(8) Pause Young (Normal) (G1 Evacuation Pause)
[2022-12-16T12:35:40.428+0100][4.930s] GC(8) Using 10 workers of 10 for evacuation
[2022-12-16T12:35:40.456+0100][4.959s] GC(8)   Pre Evacuate Collection Set: 0.1ms
[2022-12-16T12:35:40.456+0100][4.959s] GC(8)   Merge Heap Roots: 0.1ms
[2022-12-16T12:35:40.456+0100][4.959s] GC(8)   Evacuate Collection Set: 27.6ms
[2022-12-16T12:35:40.456+0100][4.959s] GC(8)   Post Evacuate Collection Set: 0.9ms
[2022-12-16T12:35:40.456+0100][4.959s] GC(8)   Other: 0.2ms
[2022-12-16T12:35:40.456+0100][4.959s] GC(8) Eden regions: 283->0(268)
[2022-12-16T12:35:40.456+0100][4.959s] GC(8) Survivor regions: 24->39(39)
[2022-12-16T12:35:40.456+0100][4.959s] GC(8) Old regions: 14->18
[2022-12-16T12:35:40.456+0100][4.959s] GC(8) Archive regions: 2->2
[2022-12-16T12:35:40.456+0100][4.959s] GC(8) Humongous regions: 4->4
[2022-12-16T12:35:40.456+0100][4.959s] GC(8) Metaspace: 49633K(50112K)->49633K(50112K) NonClass: 43685K(43904K)->43685K(43904K) Class: 5948K(6208K)->5948K(6208K)
[2022-12-16T12:35:40.456+0100][4.959s] GC(8) Pause Young (Normal) (G1 Evacuation Pause) 324M->61M(512M) 28.938ms
[2022-12-16T12:35:40.457+0100][4.959s] GC(8) User=0.18s Sys=0.00s Real=0.03s
[2022-12-16T12:35:40.959+0100][5.461s] GC(9) Pause Young (Normal) (G1 Evacuation Pause)
[2022-12-16T12:35:40.959+0100][5.461s] GC(9) Using 10 workers of 10 for evacuation
[2022-12-16T12:35:40.975+0100][5.477s] GC(9)   Pre Evacuate Collection Set: 0.1ms
[2022-12-16T12:35:40.975+0100][5.477s] GC(9)   Merge Heap Roots: 0.1ms
[2022-12-16T12:35:40.975+0100][5.477s] GC(9)   Evacuate Collection Set: 14.7ms
[2022-12-16T12:35:40.975+0100][5.477s] GC(9)   Post Evacuate Collection Set: 0.9ms
[2022-12-16T12:35:40.975+0100][5.477s] GC(9)   Other: 0.2ms
[2022-12-16T12:35:40.975+0100][5.477s] GC(9) Eden regions: 268->0(270)
[2022-12-16T12:35:40.975+0100][5.477s] GC(9) Survivor regions: 39->37(39)
[2022-12-16T12:35:40.975+0100][5.477s] GC(9) Old regions: 18->37
[2022-12-16T12:35:40.975+0100][5.477s] GC(9) Archive regions: 2->2
[2022-12-16T12:35:40.975+0100][5.477s] GC(9) Humongous regions: 9->5
[2022-12-16T12:35:40.975+0100][5.477s] GC(9) Metaspace: 51705K(52288K)->51705K(52288K) NonClass: 45495K(45824K)->45495K(45824K) Class: 6209K(6464K)->6209K(6464K)
[2022-12-16T12:35:40.975+0100][5.477s] GC(9) Pause Young (Normal) (G1 Evacuation Pause) 334M->78M(512M) 16.041ms
[2022-12-16T12:35:40.975+0100][5.477s] GC(9) User=0.15s Sys=0.00s Real=0.02s
[2022-12-16T12:37:33.813+0100][118.315s] GC(10) Pause Young (Normal) (G1 Evacuation Pause)
[2022-12-16T12:37:33.813+0100][118.315s] GC(10) Using 10 workers of 10 for evacuation
[2022-12-16T12:37:33.841+0100][118.343s] GC(10)   Pre Evacuate Collection Set: 0.1ms
[2022-12-16T12:37:33.841+0100][118.343s] GC(10)   Merge Heap Roots: 0.1ms
[2022-12-16T12:37:33.841+0100][118.343s] GC(10)   Evacuate Collection Set: 27.0ms
[2022-12-16T12:37:33.841+0100][118.343s] GC(10)   Post Evacuate Collection Set: 1.0ms
[2022-12-16T12:37:33.841+0100][118.343s] GC(10)   Other: 0.2ms
[2022-12-16T12:37:33.841+0100][118.343s] GC(10) Eden regions: 270->0(277)
[2022-12-16T12:37:33.841+0100][118.343s] GC(10) Survivor regions: 37->30(39)
[2022-12-16T12:37:33.841+0100][118.343s] GC(10) Old regions: 37->56
[2022-12-16T12:37:33.841+0100][118.343s] GC(10) Archive regions: 2->2
[2022-12-16T12:37:33.841+0100][118.343s] GC(10) Humongous regions: 8->8
[2022-12-16T12:37:33.841+0100][118.343s] GC(10) Metaspace: 57735K(58368K)->57735K(58368K) NonClass: 50801K(51136K)->50801K(51136K) Class: 6933K(7232K)->6933K(7232K)
[2022-12-16T12:37:33.841+0100][118.343s] GC(10) Pause Young (Normal) (G1 Evacuation Pause) 351M->94M(512M) 28.431ms
[2022-12-16T12:37:33.841+0100][118.344s] GC(10) User=0.13s Sys=0.00s Real=0.03s
[2022-12-16T12:39:44.208+0100][248.710s] GC(11) Pause Young (Concurrent Start) (Metadata GC Threshold)
[2022-12-16T12:39:44.208+0100][248.710s] GC(11) Using 10 workers of 10 for evacuation
[2022-12-16T12:39:44.222+0100][248.724s] GC(11)   Pre Evacuate Collection Set: 0.2ms
[2022-12-16T12:39:44.222+0100][248.724s] GC(11)   Merge Heap Roots: 0.1ms
[2022-12-16T12:39:44.222+0100][248.724s] GC(11)   Evacuate Collection Set: 13.0ms
[2022-12-16T12:39:44.222+0100][248.724s] GC(11)   Post Evacuate Collection Set: 0.6ms
[2022-12-16T12:39:44.222+0100][248.724s] GC(11)   Other: 0.2ms
[2022-12-16T12:39:44.222+0100][248.724s] GC(11) Eden regions: 170->0(288)
[2022-12-16T12:39:44.222+0100][248.724s] GC(11) Survivor regions: 30->19(39)
[2022-12-16T12:39:44.222+0100][248.724s] GC(11) Old regions: 56->73
[2022-12-16T12:39:44.222+0100][248.724s] GC(11) Archive regions: 2->2
[2022-12-16T12:39:44.222+0100][248.724s] GC(11) Humongous regions: 8->8
[2022-12-16T12:39:44.222+0100][248.724s] GC(11) Metaspace: 59950K(60608K)->59950K(60608K) NonClass: 52758K(53056K)->52758K(53056K) Class: 7191K(7552K)->7191K(7552K)
[2022-12-16T12:39:44.222+0100][248.724s] GC(11) Pause Young (Concurrent Start) (Metadata GC Threshold) 264M->100M(512M) 14.080ms
[2022-12-16T12:39:44.222+0100][248.724s] GC(11) User=0.10s Sys=0.00s Real=0.02s
[2022-12-16T12:39:44.222+0100][248.724s] GC(12) Concurrent Mark Cycle
[2022-12-16T12:39:44.222+0100][248.724s] GC(12) Concurrent Clear Claimed Marks
[2022-12-16T12:39:44.222+0100][248.724s] GC(12) Concurrent Clear Claimed Marks 0.069ms
[2022-12-16T12:39:44.222+0100][248.724s] GC(12) Concurrent Scan Root Regions
[2022-12-16T12:39:44.231+0100][248.733s] GC(12) Concurrent Scan Root Regions 8.407ms
[2022-12-16T12:39:44.231+0100][248.733s] GC(12) Concurrent Mark
[2022-12-16T12:39:44.231+0100][248.733s] GC(12) Concurrent Mark From Roots
[2022-12-16T12:39:44.231+0100][248.733s] GC(12) Using 3 workers of 3 for marking
[2022-12-16T12:39:44.280+0100][248.782s] GC(12) Concurrent Mark From Roots 49.440ms
[2022-12-16T12:39:44.280+0100][248.782s] GC(12) Concurrent Preclean
[2022-12-16T12:39:44.280+0100][248.782s] GC(12) Concurrent Preclean 0.154ms
[2022-12-16T12:39:44.280+0100][248.782s] GC(12) Pause Remark
[2022-12-16T12:39:44.288+0100][248.791s] GC(12) Pause Remark 112M->112M(512M) 8.200ms
[2022-12-16T12:39:44.289+0100][248.791s] GC(12) User=0.05s Sys=0.00s Real=0.00s
[2022-12-16T12:39:44.289+0100][248.791s] GC(12) Concurrent Mark 58.060ms
[2022-12-16T12:39:44.289+0100][248.791s] GC(12) Concurrent Rebuild Remembered Sets
[2022-12-16T12:39:44.320+0100][248.822s] GC(12) Concurrent Rebuild Remembered Sets 31.375ms
[2022-12-16T12:39:44.320+0100][248.822s] GC(12) Pause Cleanup
[2022-12-16T12:39:44.320+0100][248.822s] GC(12) Pause Cleanup 116M->116M(512M) 0.145ms
[2022-12-16T12:39:44.320+0100][248.823s] GC(12) User=0.00s Sys=0.00s Real=0.00s
[2022-12-16T12:39:44.320+0100][248.823s] GC(12) Concurrent Cleanup for Next Mark
[2022-12-16T12:39:44.321+0100][248.823s] GC(12) Concurrent Cleanup for Next Mark 0.528ms
[2022-12-16T12:39:44.321+0100][248.823s] GC(12) Concurrent Mark Cycle 98.946ms
[2022-12-16T12:42:31.513+0100][416.015s] GC(13) Pause Young (Prepare Mixed) (G1 Evacuation Pause)
[2022-12-16T12:42:31.513+0100][416.015s] GC(13) Using 10 workers of 10 for evacuation
[2022-12-16T12:42:31.519+0100][416.021s] GC(13)   Pre Evacuate Collection Set: 0.1ms
[2022-12-16T12:42:31.519+0100][416.021s] GC(13)   Merge Heap Roots: 0.1ms
[2022-12-16T12:42:31.519+0100][416.021s] GC(13)   Evacuate Collection Set: 5.4ms
[2022-12-16T12:42:31.519+0100][416.021s] GC(13)   Post Evacuate Collection Set: 0.6ms
[2022-12-16T12:42:31.519+0100][416.021s] GC(13)   Other: 0.2ms
[2022-12-16T12:42:31.519+0100][416.021s] GC(13) Eden regions: 288->0(6)
[2022-12-16T12:42:31.519+0100][416.021s] GC(13) Survivor regions: 19->19(39)
[2022-12-16T12:42:31.519+0100][416.021s] GC(13) Old regions: 73->73
[2022-12-16T12:42:31.519+0100][416.021s] GC(13) Archive regions: 2->2
[2022-12-16T12:42:31.519+0100][416.021s] GC(13) Humongous regions: 8->8
[2022-12-16T12:42:31.519+0100][416.021s] GC(13) Metaspace: 60915K(61632K)->60915K(61632K) NonClass: 53653K(54016K)->53653K(54016K) Class: 7262K(7616K)->7262K(7616K)
[2022-12-16T12:42:31.519+0100][416.021s] GC(13) Pause Young (Prepare Mixed) (G1 Evacuation Pause) 388M->99M(512M) 6.314ms
[2022-12-16T12:42:31.519+0100][416.021s] GC(13) User=0.06s Sys=0.00s Real=0.00s
[2022-12-16T12:42:31.571+0100][416.073s] GC(14) Pause Young (Mixed) (G1 Evacuation Pause)
[2022-12-16T12:42:31.571+0100][416.073s] GC(14) Using 10 workers of 10 for evacuation
[2022-12-16T12:42:31.577+0100][416.079s] GC(14)   Pre Evacuate Collection Set: 0.1ms
[2022-12-16T12:42:31.577+0100][416.079s] GC(14)   Merge Heap Roots: 0.0ms
[2022-12-16T12:42:31.577+0100][416.079s] GC(14)   Evacuate Collection Set: 5.0ms
[2022-12-16T12:42:31.577+0100][416.079s] GC(14)   Post Evacuate Collection Set: 0.3ms
[2022-12-16T12:42:31.577+0100][416.079s] GC(14)   Other: 0.1ms
[2022-12-16T12:42:31.577+0100][416.079s] GC(14) Eden regions: 6->0(304)
[2022-12-16T12:42:31.577+0100][416.079s] GC(14) Survivor regions: 19->3(4)
[2022-12-16T12:42:31.577+0100][416.079s] GC(14) Old regions: 73->89
[2022-12-16T12:42:31.577+0100][416.079s] GC(14) Archive regions: 2->2
[2022-12-16T12:42:31.577+0100][416.079s] GC(14) Humongous regions: 8->8
[2022-12-16T12:42:31.577+0100][416.079s] GC(14) Metaspace: 60918K(61632K)->60918K(61632K) NonClass: 53655K(54016K)->53655K(54016K) Class: 7262K(7616K)->7262K(7616K)
[2022-12-16T12:42:31.577+0100][416.079s] GC(14) Pause Young (Mixed) (G1 Evacuation Pause) 105M->100M(512M) 5.671ms
[2022-12-16T12:42:31.577+0100][416.079s] GC(14) User=0.04s Sys=0.02s Real=0.01s
[2022-12-16T12:46:18.686+0100][643.188s] GC(15) Pause Young (Normal) (G1 Evacuation Pause)
[2022-12-16T12:46:18.686+0100][643.188s] GC(15) Using 10 workers of 10 for evacuation
[2022-12-16T12:46:18.700+0100][643.203s] GC(15)   Pre Evacuate Collection Set: 0.2ms
[2022-12-16T12:46:18.700+0100][643.203s] GC(15)   Merge Heap Roots: 0.1ms
[2022-12-16T12:46:18.700+0100][643.203s] GC(15)   Evacuate Collection Set: 13.3ms
[2022-12-16T12:46:18.700+0100][643.203s] GC(15)   Post Evacuate Collection Set: 1.0ms
[2022-12-16T12:46:18.700+0100][643.203s] GC(15)   Other: 0.2ms
[2022-12-16T12:46:18.701+0100][643.203s] GC(15) Eden regions: 304->0(290)
[2022-12-16T12:46:18.701+0100][643.203s] GC(15) Survivor regions: 3->17(39)
[2022-12-16T12:46:18.701+0100][643.203s] GC(15) Old regions: 89->89
[2022-12-16T12:46:18.701+0100][643.203s] GC(15) Archive regions: 2->2
[2022-12-16T12:46:18.701+0100][643.203s] GC(15) Humongous regions: 8->8
[2022-12-16T12:46:18.701+0100][643.203s] GC(15) Metaspace: 62639K(63296K)->62639K(63296K) NonClass: 55290K(55616K)->55290K(55616K) Class: 7349K(7680K)->7349K(7680K)
[2022-12-16T12:46:18.701+0100][643.203s] GC(15) Pause Young (Normal) (G1 Evacuation Pause) 404M->114M(512M) 14.886ms
[2022-12-16T12:46:18.701+0100][643.203s] GC(15) User=0.10s Sys=0.00s Real=0.02s
[2022-12-16T12:55:47.965+0100][1212.467s] GC(16) Pause Young (Normal) (G1 Evacuation Pause)
[2022-12-16T12:55:47.965+0100][1212.467s] GC(16) Using 10 workers of 10 for evacuation
[2022-12-16T12:55:47.972+0100][1212.474s] GC(16)   Pre Evacuate Collection Set: 0.2ms
[2022-12-16T12:55:47.972+0100][1212.474s] GC(16)   Merge Heap Roots: 0.1ms
[2022-12-16T12:55:47.972+0100][1212.474s] GC(16)   Evacuate Collection Set: 5.4ms
[2022-12-16T12:55:47.972+0100][1212.474s] GC(16)   Post Evacuate Collection Set: 0.7ms
[2022-12-16T12:55:47.972+0100][1212.474s] GC(16)   Other: 0.2ms
[2022-12-16T12:55:47.972+0100][1212.474s] GC(16) Eden regions: 290->0(291)
[2022-12-16T12:55:47.972+0100][1212.474s] GC(16) Survivor regions: 17->16(39)
[2022-12-16T12:55:47.972+0100][1212.474s] GC(16) Old regions: 89->89
[2022-12-16T12:55:47.972+0100][1212.474s] GC(16) Archive regions: 2->2
[2022-12-16T12:55:47.972+0100][1212.474s] GC(16) Humongous regions: 8->8
[2022-12-16T12:55:47.972+0100][1212.474s] GC(16) Metaspace: 64143K(64832K)->64143K(64832K) NonClass: 56658K(57024K)->56658K(57024K) Class: 7485K(7808K)->7485K(7808K)
[2022-12-16T12:55:47.972+0100][1212.474s] GC(16) Pause Young (Normal) (G1 Evacuation Pause) 404M->113M(512M) 6.751ms
[2022-12-16T12:55:47.972+0100][1212.474s] GC(16) User=0.06s Sys=0.00s Real=0.00s
[2022-12-16T12:55:48.309+0100][1212.811s] Heap
[2022-12-16T12:55:48.309+0100][1212.811s]  garbage-first heap   total 524288K, used 154669K [0x00000000e0000000, 0x0000000100000000)
[2022-12-16T12:55:48.309+0100][1212.811s]   region size 1024K, 54 young (55296K), 16 survivors (16384K)
[2022-12-16T12:55:48.309+0100][1212.811s]  Metaspace       used 64328K, committed 65024K, reserved 1114112K
[2022-12-16T12:55:48.309+0100][1212.811s]   class space    used 7515K, committed 7872K, reserved 1048576K
