[2022-12-16T18:07:47.935+0100][0.025s] Using G1
[2022-12-16T18:07:48.011+0100][0.102s] Version: 17.0.5+8-Ubuntu-2ubuntu120.04 (release)
[2022-12-16T18:07:48.011+0100][0.102s] CPUs: 12 total, 12 available
[2022-12-16T18:07:48.011+0100][0.102s] Memory: 15745M
[2022-12-16T18:07:48.011+0100][0.102s] Large Page Support: Disabled
[2022-12-16T18:07:48.011+0100][0.102s] NUMA Support: Disabled
[2022-12-16T18:07:48.011+0100][0.102s] Compressed Oops: Enabled (32-bit)
[2022-12-16T18:07:48.012+0100][0.102s] Heap Region Size: 1M
[2022-12-16T18:07:48.012+0100][0.102s] Heap Min Capacity: 512M
[2022-12-16T18:07:48.012+0100][0.102s] Heap Initial Capacity: 512M
[2022-12-16T18:07:48.012+0100][0.102s] Heap Max Capacity: 512M
[2022-12-16T18:07:48.012+0100][0.102s] Pre-touch: Enabled
[2022-12-16T18:07:48.012+0100][0.102s] Parallel Workers: 10
[2022-12-16T18:07:48.012+0100][0.102s] Concurrent Workers: 3
[2022-12-16T18:07:48.012+0100][0.102s] Concurrent Refinement Workers: 10
[2022-12-16T18:07:48.012+0100][0.102s] Periodic GC: Disabled
[2022-12-16T18:07:48.012+0100][0.102s] CDS archive(s) mapped at: [0x0000000800000000-0x0000000800be3000-0x0000000800be3000), size 12464128, SharedBaseAddress: 0x0000000800000000, ArchiveRelocationMode: 0.
[2022-12-16T18:07:48.012+0100][0.102s] Compressed class space mapped at: 0x0000000800c00000-0x0000000840c00000, reserved size: 1073741824
[2022-12-16T18:07:48.012+0100][0.102s] Narrow klass base: 0x0000000800000000, Narrow klass shift: 0, Narrow klass range: 0x100000000
[2022-12-16T18:07:48.718+0100][0.808s] GC(0) Pause Young (Normal) (G1 Evacuation Pause)
[2022-12-16T18:07:48.718+0100][0.808s] GC(0) Using 10 workers of 10 for evacuation
[2022-12-16T18:07:48.720+0100][0.810s] GC(0)   Pre Evacuate Collection Set: 0.1ms
[2022-12-16T18:07:48.720+0100][0.810s] GC(0)   Merge Heap Roots: 0.0ms
[2022-12-16T18:07:48.720+0100][0.810s] GC(0)   Evacuate Collection Set: 1.4ms
[2022-12-16T18:07:48.720+0100][0.810s] GC(0)   Post Evacuate Collection Set: 0.3ms
[2022-12-16T18:07:48.720+0100][0.810s] GC(0)   Other: 0.1ms
[2022-12-16T18:07:48.720+0100][0.810s] GC(0) Eden regions: 29->0(64)
[2022-12-16T18:07:48.720+0100][0.810s] GC(0) Survivor regions: 0->4(4)
[2022-12-16T18:07:48.720+0100][0.810s] GC(0) Old regions: 0->0
[2022-12-16T18:07:48.720+0100][0.810s] GC(0) Archive regions: 2->2
[2022-12-16T18:07:48.720+0100][0.810s] GC(0) Humongous regions: 0->0
[2022-12-16T18:07:48.720+0100][0.810s] GC(0) Metaspace: 7132K(7296K)->7132K(7296K) NonClass: 6307K(6400K)->6307K(6400K) Class: 825K(896K)->825K(896K)
[2022-12-16T18:07:48.720+0100][0.810s] GC(0) Pause Young (Normal) (G1 Evacuation Pause) 29M->4M(512M) 1.952ms
[2022-12-16T18:07:48.720+0100][0.810s] GC(0) User=0.02s Sys=0.00s Real=0.00s
[2022-12-16T18:07:49.346+0100][1.436s] GC(1) Pause Young (Normal) (G1 Evacuation Pause)
[2022-12-16T18:07:49.346+0100][1.436s] GC(1) Using 10 workers of 10 for evacuation
[2022-12-16T18:07:49.352+0100][1.442s] GC(1)   Pre Evacuate Collection Set: 0.1ms
[2022-12-16T18:07:49.352+0100][1.442s] GC(1)   Merge Heap Roots: 0.0ms
[2022-12-16T18:07:49.352+0100][1.442s] GC(1)   Evacuate Collection Set: 4.8ms
[2022-12-16T18:07:49.352+0100][1.442s] GC(1)   Post Evacuate Collection Set: 1.0ms
[2022-12-16T18:07:49.352+0100][1.442s] GC(1)   Other: 0.2ms
[2022-12-16T18:07:49.352+0100][1.442s] GC(1) Eden regions: 64->0(298)
[2022-12-16T18:07:49.352+0100][1.442s] GC(1) Survivor regions: 4->9(9)
[2022-12-16T18:07:49.352+0100][1.442s] GC(1) Old regions: 0->5
[2022-12-16T18:07:49.352+0100][1.442s] GC(1) Archive regions: 2->2
[2022-12-16T18:07:49.352+0100][1.442s] GC(1) Humongous regions: 4->4
[2022-12-16T18:07:49.352+0100][1.442s] GC(1) Metaspace: 16402K(16640K)->16402K(16640K) NonClass: 14475K(14592K)->14475K(14592K) Class: 1926K(2048K)->1926K(2048K)
[2022-12-16T18:07:49.352+0100][1.442s] GC(1) Pause Young (Normal) (G1 Evacuation Pause) 72M->18M(512M) 6.219ms
[2022-12-16T18:07:49.352+0100][1.442s] GC(1) User=0.07s Sys=0.00s Real=0.01s
[2022-12-16T18:07:50.138+0100][2.228s] GC(2) Pause Young (Concurrent Start) (Metadata GC Threshold)
[2022-12-16T18:07:50.138+0100][2.228s] GC(2) Using 10 workers of 10 for evacuation
[2022-12-16T18:07:50.144+0100][2.234s] GC(2)   Pre Evacuate Collection Set: 0.1ms
[2022-12-16T18:07:50.144+0100][2.234s] GC(2)   Merge Heap Roots: 0.1ms
[2022-12-16T18:07:50.144+0100][2.234s] GC(2)   Evacuate Collection Set: 4.8ms
[2022-12-16T18:07:50.144+0100][2.234s] GC(2)   Post Evacuate Collection Set: 0.9ms
[2022-12-16T18:07:50.144+0100][2.234s] GC(2)   Other: 0.2ms
[2022-12-16T18:07:50.144+0100][2.235s] GC(2) Eden regions: 179->0(293)
[2022-12-16T18:07:50.144+0100][2.235s] GC(2) Survivor regions: 9->14(39)
[2022-12-16T18:07:50.144+0100][2.235s] GC(2) Old regions: 5->5
[2022-12-16T18:07:50.144+0100][2.235s] GC(2) Archive regions: 2->2
[2022-12-16T18:07:50.144+0100][2.235s] GC(2) Humongous regions: 4->4
[2022-12-16T18:07:50.144+0100][2.235s] GC(2) Metaspace: 21216K(21504K)->21216K(21504K) NonClass: 18775K(18880K)->18775K(18880K) Class: 2441K(2624K)->2441K(2624K)
[2022-12-16T18:07:50.144+0100][2.235s] GC(2) Pause Young (Concurrent Start) (Metadata GC Threshold) 196M->23M(512M) 6.208ms
[2022-12-16T18:07:50.144+0100][2.235s] GC(2) User=0.06s Sys=0.00s Real=0.01s
[2022-12-16T18:07:50.144+0100][2.235s] GC(3) Concurrent Mark Cycle
[2022-12-16T18:07:50.144+0100][2.235s] GC(3) Concurrent Clear Claimed Marks
[2022-12-16T18:07:50.144+0100][2.235s] GC(3) Concurrent Clear Claimed Marks 0.040ms
[2022-12-16T18:07:50.144+0100][2.235s] GC(3) Concurrent Scan Root Regions
[2022-12-16T18:07:50.148+0100][2.238s] GC(3) Concurrent Scan Root Regions 3.324ms
[2022-12-16T18:07:50.148+0100][2.238s] GC(3) Concurrent Mark
[2022-12-16T18:07:50.148+0100][2.238s] GC(3) Concurrent Mark From Roots
[2022-12-16T18:07:50.148+0100][2.238s] GC(3) Using 3 workers of 3 for marking
[2022-12-16T18:07:50.153+0100][2.243s] GC(3) Concurrent Mark From Roots 5.167ms
[2022-12-16T18:07:50.153+0100][2.243s] GC(3) Concurrent Preclean
[2022-12-16T18:07:50.153+0100][2.243s] GC(3) Concurrent Preclean 0.063ms
[2022-12-16T18:07:50.153+0100][2.244s] GC(3) Pause Remark
[2022-12-16T18:07:50.154+0100][2.245s] GC(3) Pause Remark 25M->25M(512M) 1.095ms
[2022-12-16T18:07:50.154+0100][2.245s] GC(3) User=0.02s Sys=0.00s Real=0.00s
[2022-12-16T18:07:50.154+0100][2.245s] GC(3) Concurrent Mark 6.601ms
[2022-12-16T18:07:50.154+0100][2.245s] GC(3) Concurrent Rebuild Remembered Sets
[2022-12-16T18:07:50.157+0100][2.247s] GC(3) Concurrent Rebuild Remembered Sets 2.729ms
[2022-12-16T18:07:50.157+0100][2.247s] GC(3) Pause Cleanup
[2022-12-16T18:07:50.157+0100][2.248s] GC(3) Pause Cleanup 25M->25M(512M) 0.085ms
[2022-12-16T18:07:50.157+0100][2.248s] GC(3) User=0.00s Sys=0.00s Real=0.00s
[2022-12-16T18:07:50.157+0100][2.248s] GC(3) Concurrent Cleanup for Next Mark
[2022-12-16T18:07:50.158+0100][2.248s] GC(3) Concurrent Cleanup for Next Mark 0.325ms
[2022-12-16T18:07:50.158+0100][2.248s] GC(3) Concurrent Mark Cycle 13.356ms
[2022-12-16T18:08:16.588+0100][28.678s] GC(4) Pause Young (Concurrent Start) (Metadata GC Threshold)
[2022-12-16T18:08:16.588+0100][28.678s] GC(4) Using 10 workers of 10 for evacuation
[2022-12-16T18:08:16.598+0100][28.688s] GC(4)   Pre Evacuate Collection Set: 0.1ms
[2022-12-16T18:08:16.598+0100][28.688s] GC(4)   Merge Heap Roots: 0.1ms
[2022-12-16T18:08:16.598+0100][28.688s] GC(4)   Evacuate Collection Set: 8.6ms
[2022-12-16T18:08:16.598+0100][28.688s] GC(4)   Post Evacuate Collection Set: 0.8ms
[2022-12-16T18:08:16.598+0100][28.688s] GC(4)   Other: 0.3ms
[2022-12-16T18:08:16.598+0100][28.688s] GC(4) Eden regions: 289->0(285)
[2022-12-16T18:08:16.598+0100][28.688s] GC(4) Survivor regions: 14->22(39)
[2022-12-16T18:08:16.598+0100][28.688s] GC(4) Old regions: 5->5
[2022-12-16T18:08:16.598+0100][28.688s] GC(4) Archive regions: 2->2
[2022-12-16T18:08:16.598+0100][28.688s] GC(4) Humongous regions: 4->4
[2022-12-16T18:08:16.598+0100][28.688s] GC(4) Metaspace: 35730K(36096K)->35730K(36096K) NonClass: 31515K(31680K)->31515K(31680K) Class: 4215K(4416K)->4215K(4416K)
[2022-12-16T18:08:16.598+0100][28.688s] GC(4) Pause Young (Concurrent Start) (Metadata GC Threshold) 312M->31M(512M) 9.997ms
[2022-12-16T18:08:16.598+0100][28.688s] GC(4) User=0.09s Sys=0.00s Real=0.01s
[2022-12-16T18:08:16.598+0100][28.688s] GC(5) Concurrent Mark Cycle
[2022-12-16T18:08:16.598+0100][28.688s] GC(5) Concurrent Clear Claimed Marks
[2022-12-16T18:08:16.598+0100][28.688s] GC(5) Concurrent Clear Claimed Marks 0.060ms
[2022-12-16T18:08:16.598+0100][28.688s] GC(5) Concurrent Scan Root Regions
[2022-12-16T18:08:16.603+0100][28.693s] GC(5) Concurrent Scan Root Regions 5.252ms
[2022-12-16T18:08:16.603+0100][28.693s] GC(5) Concurrent Mark
[2022-12-16T18:08:16.603+0100][28.693s] GC(5) Concurrent Mark From Roots
[2022-12-16T18:08:16.603+0100][28.693s] GC(5) Using 3 workers of 3 for marking
[2022-12-16T18:08:16.608+0100][28.698s] GC(5) Concurrent Mark From Roots 4.685ms
[2022-12-16T18:08:16.608+0100][28.698s] GC(5) Concurrent Preclean
[2022-12-16T18:08:16.608+0100][28.698s] GC(5) Concurrent Preclean 0.078ms
[2022-12-16T18:08:16.608+0100][28.698s] GC(5) Pause Remark
[2022-12-16T18:08:16.610+0100][28.700s] GC(5) Pause Remark 32M->32M(512M) 1.713ms
[2022-12-16T18:08:16.610+0100][28.700s] GC(5) User=0.01s Sys=0.00s Real=0.00s
[2022-12-16T18:08:16.610+0100][28.700s] GC(5) Concurrent Mark 6.754ms
[2022-12-16T18:08:16.610+0100][28.700s] GC(5) Concurrent Rebuild Remembered Sets
[2022-12-16T18:08:16.613+0100][28.703s] GC(5) Concurrent Rebuild Remembered Sets 2.803ms
[2022-12-16T18:08:16.613+0100][28.703s] GC(5) Pause Cleanup
[2022-12-16T18:08:16.613+0100][28.703s] GC(5) Pause Cleanup 33M->33M(512M) 0.101ms
[2022-12-16T18:08:16.613+0100][28.703s] GC(5) User=0.00s Sys=0.00s Real=0.00s
[2022-12-16T18:08:16.613+0100][28.703s] GC(5) Concurrent Cleanup for Next Mark
[2022-12-16T18:08:16.613+0100][28.704s] GC(5) Concurrent Cleanup for Next Mark 0.484ms
[2022-12-16T18:08:16.614+0100][28.704s] GC(5) Concurrent Mark Cycle 15.817ms
[2022-12-16T18:08:17.168+0100][29.258s] GC(6) Pause Young (Normal) (G1 Evacuation Pause)
[2022-12-16T18:08:17.168+0100][29.258s] GC(6) Using 10 workers of 10 for evacuation
[2022-12-16T18:08:17.176+0100][29.267s] GC(6)   Pre Evacuate Collection Set: 0.1ms
[2022-12-16T18:08:17.176+0100][29.267s] GC(6)   Merge Heap Roots: 0.1ms
[2022-12-16T18:08:17.176+0100][29.267s] GC(6)   Evacuate Collection Set: 7.7ms
[2022-12-16T18:08:17.176+0100][29.267s] GC(6)   Post Evacuate Collection Set: 0.8ms
[2022-12-16T18:08:17.176+0100][29.267s] GC(6)   Other: 0.1ms
[2022-12-16T18:08:17.177+0100][29.267s] GC(6) Eden regions: 285->0(281)
[2022-12-16T18:08:17.177+0100][29.267s] GC(6) Survivor regions: 22->26(39)
[2022-12-16T18:08:17.177+0100][29.267s] GC(6) Old regions: 5->7
[2022-12-16T18:08:17.177+0100][29.267s] GC(6) Archive regions: 2->2
[2022-12-16T18:08:17.177+0100][29.267s] GC(6) Humongous regions: 5->4
[2022-12-16T18:08:17.177+0100][29.267s] GC(6) Metaspace: 44075K(44480K)->44075K(44480K) NonClass: 38776K(38976K)->38776K(38976K) Class: 5299K(5504K)->5299K(5504K)
[2022-12-16T18:08:17.177+0100][29.267s] GC(6) Pause Young (Normal) (G1 Evacuation Pause) 317M->37M(512M) 8.993ms
[2022-12-16T18:08:17.177+0100][29.267s] GC(6) User=0.09s Sys=0.00s Real=0.01s
[2022-12-16T18:08:17.619+0100][29.709s] GC(7) Pause Young (Normal) (G1 Evacuation Pause)
[2022-12-16T18:08:17.619+0100][29.709s] GC(7) Using 10 workers of 10 for evacuation
[2022-12-16T18:08:17.632+0100][29.723s] GC(7)   Pre Evacuate Collection Set: 0.1ms
[2022-12-16T18:08:17.632+0100][29.723s] GC(7)   Merge Heap Roots: 0.1ms
[2022-12-16T18:08:17.632+0100][29.723s] GC(7)   Evacuate Collection Set: 12.2ms
[2022-12-16T18:08:17.632+0100][29.723s] GC(7)   Post Evacuate Collection Set: 0.8ms
[2022-12-16T18:08:17.632+0100][29.723s] GC(7)   Other: 0.1ms
[2022-12-16T18:08:17.632+0100][29.723s] GC(7) Eden regions: 281->0(272)
[2022-12-16T18:08:17.632+0100][29.723s] GC(7) Survivor regions: 26->35(39)
[2022-12-16T18:08:17.632+0100][29.723s] GC(7) Old regions: 7->14
[2022-12-16T18:08:17.632+0100][29.723s] GC(7) Archive regions: 2->2
[2022-12-16T18:08:17.632+0100][29.723s] GC(7) Humongous regions: 4->4
[2022-12-16T18:08:17.632+0100][29.723s] GC(7) Metaspace: 47837K(48320K)->47837K(48320K) NonClass: 42042K(42304K)->42042K(42304K) Class: 5794K(6016K)->5794K(6016K)
[2022-12-16T18:08:17.632+0100][29.723s] GC(7) Pause Young (Normal) (G1 Evacuation Pause) 318M->52M(512M) 13.338ms
[2022-12-16T18:08:17.632+0100][29.723s] GC(7) User=0.13s Sys=0.01s Real=0.02s
[2022-12-16T18:08:18.057+0100][30.147s] GC(8) Pause Young (Normal) (G1 Evacuation Pause)
[2022-12-16T18:08:18.057+0100][30.148s] GC(8) Using 10 workers of 10 for evacuation
[2022-12-16T18:08:18.082+0100][30.172s] GC(8)   Pre Evacuate Collection Set: 0.1ms
[2022-12-16T18:08:18.082+0100][30.172s] GC(8)   Merge Heap Roots: 0.1ms
[2022-12-16T18:08:18.082+0100][30.173s] GC(8)   Evacuate Collection Set: 23.5ms
[2022-12-16T18:08:18.082+0100][30.173s] GC(8)   Post Evacuate Collection Set: 1.0ms
[2022-12-16T18:08:18.082+0100][30.173s] GC(8)   Other: 0.2ms
[2022-12-16T18:08:18.082+0100][30.173s] GC(8) Eden regions: 272->0(269)
[2022-12-16T18:08:18.082+0100][30.173s] GC(8) Survivor regions: 35->38(39)
[2022-12-16T18:08:18.082+0100][30.173s] GC(8) Old regions: 14->31
[2022-12-16T18:08:18.082+0100][30.173s] GC(8) Archive regions: 2->2
[2022-12-16T18:08:18.082+0100][30.173s] GC(8) Humongous regions: 5->5
[2022-12-16T18:08:18.082+0100][30.173s] GC(8) Metaspace: 48248K(48768K)->48248K(48768K) NonClass: 42424K(42688K)->42424K(42688K) Class: 5823K(6080K)->5823K(6080K)
[2022-12-16T18:08:18.082+0100][30.173s] GC(8) Pause Young (Normal) (G1 Evacuation Pause) 325M->74M(512M) 25.133ms
[2022-12-16T18:08:18.082+0100][30.173s] GC(8) User=0.19s Sys=0.00s Real=0.03s
[2022-12-16T18:08:18.522+0100][30.612s] GC(9) Pause Young (Normal) (G1 Evacuation Pause)
[2022-12-16T18:08:18.522+0100][30.613s] GC(9) Using 10 workers of 10 for evacuation
[2022-12-16T18:08:18.551+0100][30.641s] GC(9)   Pre Evacuate Collection Set: 0.2ms
[2022-12-16T18:08:18.551+0100][30.641s] GC(9)   Merge Heap Roots: 0.1ms
[2022-12-16T18:08:18.551+0100][30.641s] GC(9)   Evacuate Collection Set: 26.9ms
[2022-12-16T18:08:18.551+0100][30.641s] GC(9)   Post Evacuate Collection Set: 1.0ms
[2022-12-16T18:08:18.551+0100][30.641s] GC(9)   Other: 0.9ms
[2022-12-16T18:08:18.551+0100][30.641s] GC(9) Eden regions: 269->0(295)
[2022-12-16T18:08:18.551+0100][30.641s] GC(9) Survivor regions: 38->12(39)
[2022-12-16T18:08:18.551+0100][30.641s] GC(9) Old regions: 31->68
[2022-12-16T18:08:18.551+0100][30.641s] GC(9) Archive regions: 2->2
[2022-12-16T18:08:18.551+0100][30.641s] GC(9) Humongous regions: 11->5
[2022-12-16T18:08:18.551+0100][30.641s] GC(9) Metaspace: 50530K(51008K)->50530K(51008K) NonClass: 44387K(44608K)->44387K(44608K) Class: 6142K(6400K)->6142K(6400K)
[2022-12-16T18:08:18.551+0100][30.641s] GC(9) Pause Young (Normal) (G1 Evacuation Pause) 349M->85M(512M) 29.305ms
[2022-12-16T18:08:18.551+0100][30.641s] GC(9) User=0.16s Sys=0.00s Real=0.04s
[2022-12-16T18:08:19.159+0100][31.249s] GC(10) Pause Young (Normal) (G1 Evacuation Pause)
[2022-12-16T18:08:19.159+0100][31.249s] GC(10) Using 10 workers of 10 for evacuation
[2022-12-16T18:08:19.179+0100][31.269s] GC(10)   Pre Evacuate Collection Set: 0.2ms
[2022-12-16T18:08:19.179+0100][31.269s] GC(10)   Merge Heap Roots: 0.1ms
[2022-12-16T18:08:19.179+0100][31.269s] GC(10)   Evacuate Collection Set: 18.4ms
[2022-12-16T18:08:19.179+0100][31.269s] GC(10)   Post Evacuate Collection Set: 1.2ms
[2022-12-16T18:08:19.179+0100][31.269s] GC(10)   Other: 0.3ms
[2022-12-16T18:08:19.179+0100][31.269s] GC(10) Eden regions: 295->0(288)
[2022-12-16T18:08:19.179+0100][31.269s] GC(10) Survivor regions: 12->19(39)
[2022-12-16T18:08:19.179+0100][31.269s] GC(10) Old regions: 68->68
[2022-12-16T18:08:19.179+0100][31.269s] GC(10) Archive regions: 2->2
[2022-12-16T18:08:19.179+0100][31.269s] GC(10) Humongous regions: 9->8
[2022-12-16T18:08:19.179+0100][31.269s] GC(10) Metaspace: 54595K(55168K)->54595K(55168K) NonClass: 47940K(48192K)->47940K(48192K) Class: 6654K(6976K)->6654K(6976K)
[2022-12-16T18:08:19.179+0100][31.269s] GC(10) Pause Young (Normal) (G1 Evacuation Pause) 384M->95M(512M) 20.384ms
[2022-12-16T18:08:19.179+0100][31.269s] GC(10) User=0.12s Sys=0.00s Real=0.02s
[2022-12-16T18:08:22.220+0100][34.310s] GC(11) Pause Young (Normal) (G1 Evacuation Pause)
[2022-12-16T18:08:22.220+0100][34.311s] GC(11) Using 10 workers of 10 for evacuation
[2022-12-16T18:08:22.239+0100][34.329s] GC(11)   Pre Evacuate Collection Set: 0.3ms
[2022-12-16T18:08:22.239+0100][34.329s] GC(11)   Merge Heap Roots: 0.2ms
[2022-12-16T18:08:22.239+0100][34.329s] GC(11)   Evacuate Collection Set: 16.2ms
[2022-12-16T18:08:22.239+0100][34.329s] GC(11)   Post Evacuate Collection Set: 1.5ms
[2022-12-16T18:08:22.239+0100][34.329s] GC(11)   Other: 0.4ms
[2022-12-16T18:08:22.239+0100][34.329s] GC(11) Eden regions: 288->0(275)
[2022-12-16T18:08:22.239+0100][34.329s] GC(11) Survivor regions: 19->32(39)
[2022-12-16T18:08:22.239+0100][34.329s] GC(11) Old regions: 68->68
[2022-12-16T18:08:22.239+0100][34.329s] GC(11) Archive regions: 2->2
[2022-12-16T18:08:22.239+0100][34.329s] GC(11) Humongous regions: 9->8
[2022-12-16T18:08:22.239+0100][34.329s] GC(11) Metaspace: 55585K(56192K)->55585K(56192K) NonClass: 48856K(49152K)->48856K(49152K) Class: 6729K(7040K)->6729K(7040K)
[2022-12-16T18:08:22.239+0100][34.329s] GC(11) Pause Young (Normal) (G1 Evacuation Pause) 384M->108M(512M) 18.986ms
[2022-12-16T18:08:22.239+0100][34.330s] GC(11) User=0.15s Sys=0.00s Real=0.02s
[2022-12-16T20:16:14.650+0100][7706.064s] GC(12) Pause Young (Concurrent Start) (Metadata GC Threshold)
[2022-12-16T20:16:14.650+0100][7706.064s] GC(12) Using 10 workers of 10 for evacuation
[2022-12-16T20:16:14.672+0100][7706.086s] GC(12)   Pre Evacuate Collection Set: 0.3ms
[2022-12-16T20:16:14.673+0100][7706.086s] GC(12)   Merge Heap Roots: 0.2ms
[2022-12-16T20:16:14.673+0100][7706.086s] GC(12)   Evacuate Collection Set: 20.4ms
[2022-12-16T20:16:14.673+0100][7706.086s] GC(12)   Post Evacuate Collection Set: 1.2ms
[2022-12-16T20:16:14.673+0100][7706.087s] GC(12)   Other: 0.4ms
[2022-12-16T20:16:14.673+0100][7706.087s] GC(12) Eden regions: 235->0(289)
[2022-12-16T20:16:14.673+0100][7706.087s] GC(12) Survivor regions: 32->18(39)
[2022-12-16T20:16:14.673+0100][7706.087s] GC(12) Old regions: 68->85
[2022-12-16T20:16:14.673+0100][7706.087s] GC(12) Archive regions: 2->2
[2022-12-16T20:16:14.673+0100][7706.087s] GC(12) Humongous regions: 8->8
[2022-12-16T20:16:14.673+0100][7706.087s] GC(12) Metaspace: 59645K(60288K)->59645K(60288K) NonClass: 52675K(52992K)->52675K(52992K) Class: 6969K(7296K)->6969K(7296K)
[2022-12-16T20:16:14.673+0100][7706.087s] GC(12) Pause Young (Concurrent Start) (Metadata GC Threshold) 343M->111M(512M) 22.661ms
[2022-12-16T20:16:14.673+0100][7706.087s] GC(12) User=0.19s Sys=0.00s Real=0.02s
[2022-12-16T20:16:14.673+0100][7706.087s] GC(13) Concurrent Mark Cycle
[2022-12-16T20:16:14.673+0100][7706.087s] GC(13) Concurrent Clear Claimed Marks
[2022-12-16T20:16:14.673+0100][7706.087s] GC(13) Concurrent Clear Claimed Marks 0.100ms
[2022-12-16T20:16:14.673+0100][7706.087s] GC(13) Concurrent Scan Root Regions
[2022-12-16T20:16:14.687+0100][7706.101s] GC(13) Concurrent Scan Root Regions 14.223ms
[2022-12-16T20:16:14.687+0100][7706.101s] GC(13) Concurrent Mark
[2022-12-16T20:16:14.687+0100][7706.101s] GC(13) Concurrent Mark From Roots
[2022-12-16T20:16:14.687+0100][7706.101s] GC(13) Using 3 workers of 3 for marking
[2022-12-16T20:16:14.725+0100][7706.139s] GC(13) Concurrent Mark From Roots 37.245ms
[2022-12-16T20:16:14.725+0100][7706.139s] GC(13) Concurrent Preclean
[2022-12-16T20:16:14.725+0100][7706.139s] GC(13) Concurrent Preclean 0.390ms
[2022-12-16T20:16:14.725+0100][7706.139s] GC(13) Pause Remark
[2022-12-16T20:16:14.732+0100][7706.146s] GC(13) Pause Remark 111M->111M(512M) 7.029ms
[2022-12-16T20:16:14.732+0100][7706.146s] GC(13) User=0.05s Sys=0.00s Real=0.01s
[2022-12-16T20:16:14.732+0100][7706.146s] GC(13) Concurrent Mark 44.907ms
[2022-12-16T20:16:14.732+0100][7706.146s] GC(13) Concurrent Rebuild Remembered Sets
[2022-12-16T20:16:14.753+0100][7706.166s] GC(13) Concurrent Rebuild Remembered Sets 20.304ms
[2022-12-16T20:16:14.753+0100][7706.167s] GC(13) Pause Cleanup
[2022-12-16T20:16:14.753+0100][7706.167s] GC(13) Pause Cleanup 111M->111M(512M) 0.292ms
[2022-12-16T20:16:14.753+0100][7706.167s] GC(13) User=0.01s Sys=0.00s Real=0.00s
[2022-12-16T20:16:14.753+0100][7706.167s] GC(13) Concurrent Cleanup for Next Mark
[2022-12-16T20:16:14.754+0100][7706.168s] GC(13) Concurrent Cleanup for Next Mark 0.516ms
[2022-12-16T20:16:14.754+0100][7706.168s] GC(13) Concurrent Mark Cycle 80.844ms
[2022-12-16T22:14:28.495+0100][14799.909s] GC(14) Pause Young (Prepare Mixed) (G1 Evacuation Pause)
[2022-12-16T22:14:28.501+0100][14799.915s] GC(14) Using 10 workers of 10 for evacuation
[2022-12-16T22:14:28.518+0100][14799.932s] GC(14)   Pre Evacuate Collection Set: 0.2ms
[2022-12-16T22:14:28.518+0100][14799.932s] GC(14)   Merge Heap Roots: 0.2ms
[2022-12-16T22:14:28.518+0100][14799.932s] GC(14)   Evacuate Collection Set: 15.0ms
[2022-12-16T22:14:28.518+0100][14799.932s] GC(14)   Post Evacuate Collection Set: 1.3ms
[2022-12-16T22:14:28.518+0100][14799.932s] GC(14)   Other: 6.5ms
[2022-12-16T22:14:28.518+0100][14799.932s] GC(14) Eden regions: 289->0(7)
[2022-12-16T22:14:28.518+0100][14799.932s] GC(14) Survivor regions: 18->18(39)
[2022-12-16T22:14:28.519+0100][14799.932s] GC(14) Old regions: 85->85
[2022-12-16T22:14:28.519+0100][14799.932s] GC(14) Archive regions: 2->2
[2022-12-16T22:14:28.519+0100][14799.932s] GC(14) Humongous regions: 8->8
[2022-12-16T22:14:28.519+0100][14799.933s] GC(14) Metaspace: 59975K(60672K)->59975K(60672K) NonClass: 53084K(53376K)->53084K(53376K) Class: 6890K(7296K)->6890K(7296K)
[2022-12-16T22:14:28.519+0100][14799.933s] GC(14) Pause Young (Prepare Mixed) (G1 Evacuation Pause) 400M->111M(512M) 23.482ms
[2022-12-16T22:14:28.519+0100][14799.933s] GC(14) User=0.15s Sys=0.00s Real=0.03s
[2022-12-16T22:16:49.311+0100][14940.725s] GC(15) Pause Young (Mixed) (G1 Evacuation Pause)
[2022-12-16T22:16:49.311+0100][14940.725s] GC(15) Using 10 workers of 10 for evacuation
[2022-12-16T22:16:49.326+0100][14940.740s] GC(15)   Pre Evacuate Collection Set: 0.2ms
[2022-12-16T22:16:49.326+0100][14940.740s] GC(15)   Merge Heap Roots: 0.1ms
[2022-12-16T22:16:49.326+0100][14940.740s] GC(15)   Evacuate Collection Set: 13.8ms
[2022-12-16T22:16:49.326+0100][14940.740s] GC(15)   Post Evacuate Collection Set: 0.9ms
[2022-12-16T22:16:49.326+0100][14940.740s] GC(15)   Other: 0.3ms
[2022-12-16T22:16:49.326+0100][14940.740s] GC(15) Eden regions: 7->0(304)
[2022-12-16T22:16:49.326+0100][14940.740s] GC(15) Survivor regions: 18->3(4)
[2022-12-16T22:16:49.326+0100][14940.740s] GC(15) Old regions: 85->99
[2022-12-16T22:16:49.327+0100][14940.740s] GC(15) Archive regions: 2->2
[2022-12-16T22:16:49.327+0100][14940.740s] GC(15) Humongous regions: 8->8
[2022-12-16T22:16:49.327+0100][14940.740s] GC(15) Metaspace: 59978K(60672K)->59978K(60672K) NonClass: 53087K(53376K)->53087K(53376K) Class: 6890K(7296K)->6890K(7296K)
[2022-12-16T22:16:49.327+0100][14940.741s] GC(15) Pause Young (Mixed) (G1 Evacuation Pause) 118M->110M(512M) 15.773ms
[2022-12-16T22:16:49.327+0100][14940.741s] GC(15) User=0.13s Sys=0.00s Real=0.02s
