[2022-12-05T14:13:45.482+0100][0.029s] Using G1
[2022-12-05T14:13:45.580+0100][0.127s] Version: 17.0.5+8-Ubuntu-2ubuntu120.04 (release)
[2022-12-05T14:13:45.580+0100][0.127s] CPUs: 12 total, 12 available
[2022-12-05T14:13:45.580+0100][0.127s] Memory: 15745M
[2022-12-05T14:13:45.580+0100][0.127s] Large Page Support: Disabled
[2022-12-05T14:13:45.580+0100][0.127s] NUMA Support: Disabled
[2022-12-05T14:13:45.580+0100][0.128s] Compressed Oops: Enabled (32-bit)
[2022-12-05T14:13:45.580+0100][0.128s] Heap Region Size: 1M
[2022-12-05T14:13:45.580+0100][0.128s] Heap Min Capacity: 512M
[2022-12-05T14:13:45.580+0100][0.128s] Heap Initial Capacity: 512M
[2022-12-05T14:13:45.580+0100][0.128s] Heap Max Capacity: 512M
[2022-12-05T14:13:45.580+0100][0.128s] Pre-touch: Enabled
[2022-12-05T14:13:45.580+0100][0.128s] Parallel Workers: 10
[2022-12-05T14:13:45.580+0100][0.128s] Concurrent Workers: 3
[2022-12-05T14:13:45.580+0100][0.128s] Concurrent Refinement Workers: 10
[2022-12-05T14:13:45.580+0100][0.128s] Periodic GC: Disabled
[2022-12-05T14:13:45.581+0100][0.128s] CDS archive(s) mapped at: [0x0000000800000000-0x0000000800be3000-0x0000000800be3000), size 12464128, SharedBaseAddress: 0x0000000800000000, ArchiveRelocationMode: 0.
[2022-12-05T14:13:45.581+0100][0.128s] Compressed class space mapped at: 0x0000000800c00000-0x0000000840c00000, reserved size: 1073741824
[2022-12-05T14:13:45.581+0100][0.128s] Narrow klass base: 0x0000000800000000, Narrow klass shift: 0, Narrow klass range: 0x100000000
[2022-12-05T14:13:46.129+0100][0.676s] GC(0) Pause Young (Normal) (G1 Evacuation Pause)
[2022-12-05T14:13:46.129+0100][0.676s] GC(0) Using 10 workers of 10 for evacuation
[2022-12-05T14:13:46.131+0100][0.678s] GC(0)   Pre Evacuate Collection Set: 0.1ms
[2022-12-05T14:13:46.131+0100][0.678s] GC(0)   Merge Heap Roots: 0.0ms
[2022-12-05T14:13:46.131+0100][0.678s] GC(0)   Evacuate Collection Set: 1.4ms
[2022-12-05T14:13:46.131+0100][0.678s] GC(0)   Post Evacuate Collection Set: 0.3ms
[2022-12-05T14:13:46.131+0100][0.678s] GC(0)   Other: 0.1ms
[2022-12-05T14:13:46.131+0100][0.678s] GC(0) Eden regions: 29->0(63)
[2022-12-05T14:13:46.131+0100][0.678s] GC(0) Survivor regions: 0->4(4)
[2022-12-05T14:13:46.131+0100][0.678s] GC(0) Old regions: 0->0
[2022-12-05T14:13:46.131+0100][0.678s] GC(0) Archive regions: 2->2
[2022-12-05T14:13:46.131+0100][0.678s] GC(0) Humongous regions: 0->0
[2022-12-05T14:13:46.131+0100][0.678s] GC(0) Metaspace: 8203K(8512K)->8203K(8512K) NonClass: 7268K(7424K)->7268K(7424K) Class: 935K(1088K)->935K(1088K)
[2022-12-05T14:13:46.131+0100][0.678s] GC(0) Pause Young (Normal) (G1 Evacuation Pause) 29M->4M(512M) 2.003ms
[2022-12-05T14:13:46.131+0100][0.678s] GC(0) User=0.01s Sys=0.00s Real=0.00s
[2022-12-05T14:13:46.709+0100][1.256s] GC(1) Pause Young (Normal) (G1 Evacuation Pause)
[2022-12-05T14:13:46.709+0100][1.256s] GC(1) Using 10 workers of 10 for evacuation
[2022-12-05T14:13:46.714+0100][1.261s] GC(1)   Pre Evacuate Collection Set: 0.1ms
[2022-12-05T14:13:46.714+0100][1.261s] GC(1)   Merge Heap Roots: 0.0ms
[2022-12-05T14:13:46.714+0100][1.261s] GC(1)   Evacuate Collection Set: 4.6ms
[2022-12-05T14:13:46.714+0100][1.261s] GC(1)   Post Evacuate Collection Set: 0.5ms
[2022-12-05T14:13:46.714+0100][1.261s] GC(1)   Other: 0.1ms
[2022-12-05T14:13:46.714+0100][1.261s] GC(1) Eden regions: 63->0(97)
[2022-12-05T14:13:46.714+0100][1.261s] GC(1) Survivor regions: 4->9(9)
[2022-12-05T14:13:46.714+0100][1.261s] GC(1) Old regions: 0->5
[2022-12-05T14:13:46.714+0100][1.261s] GC(1) Archive regions: 2->2
[2022-12-05T14:13:46.714+0100][1.261s] GC(1) Humongous regions: 4->4
[2022-12-05T14:13:46.714+0100][1.261s] GC(1) Metaspace: 16296K(16576K)->16296K(16576K) NonClass: 14379K(14528K)->14379K(14528K) Class: 1916K(2048K)->1916K(2048K)
[2022-12-05T14:13:46.714+0100][1.261s] GC(1) Pause Young (Normal) (G1 Evacuation Pause) 71M->18M(512M) 5.463ms
[2022-12-05T14:13:46.714+0100][1.261s] GC(1) User=0.06s Sys=0.00s Real=0.01s
[2022-12-05T14:13:47.001+0100][1.548s] GC(2) Pause Young (Normal) (G1 Evacuation Pause)
[2022-12-05T14:13:47.001+0100][1.548s] GC(2) Using 10 workers of 10 for evacuation
[2022-12-05T14:13:47.006+0100][1.553s] GC(2)   Pre Evacuate Collection Set: 0.1ms
[2022-12-05T14:13:47.006+0100][1.553s] GC(2)   Merge Heap Roots: 0.1ms
[2022-12-05T14:13:47.006+0100][1.553s] GC(2)   Evacuate Collection Set: 4.1ms
[2022-12-05T14:13:47.006+0100][1.553s] GC(2)   Post Evacuate Collection Set: 0.6ms
[2022-12-05T14:13:47.006+0100][1.553s] GC(2)   Other: 0.1ms
[2022-12-05T14:13:47.006+0100][1.553s] GC(2) Eden regions: 97->0(295)
[2022-12-05T14:13:47.006+0100][1.553s] GC(2) Survivor regions: 9->12(14)
[2022-12-05T14:13:47.006+0100][1.553s] GC(2) Old regions: 5->7
[2022-12-05T14:13:47.006+0100][1.553s] GC(2) Archive regions: 2->2
[2022-12-05T14:13:47.006+0100][1.553s] GC(2) Humongous regions: 4->4
[2022-12-05T14:13:47.006+0100][1.553s] GC(2) Metaspace: 18252K(18560K)->18252K(18560K) NonClass: 16129K(16256K)->16129K(16256K) Class: 2122K(2304K)->2122K(2304K)
[2022-12-05T14:13:47.006+0100][1.553s] GC(2) Pause Young (Normal) (G1 Evacuation Pause) 115M->23M(512M) 5.058ms
[2022-12-05T14:13:47.006+0100][1.553s] GC(2) User=0.03s Sys=0.01s Real=0.00s
[2022-12-05T14:13:47.269+0100][1.816s] GC(3) Pause Young (Concurrent Start) (Metadata GC Threshold)
[2022-12-05T14:13:47.269+0100][1.817s] GC(3) Using 10 workers of 10 for evacuation
[2022-12-05T14:13:47.274+0100][1.821s] GC(3)   Pre Evacuate Collection Set: 0.1ms
[2022-12-05T14:13:47.274+0100][1.821s] GC(3)   Merge Heap Roots: 0.0ms
[2022-12-05T14:13:47.274+0100][1.821s] GC(3)   Evacuate Collection Set: 3.5ms
[2022-12-05T14:13:47.274+0100][1.821s] GC(3)   Post Evacuate Collection Set: 0.4ms
[2022-12-05T14:13:47.274+0100][1.821s] GC(3)   Other: 0.2ms
[2022-12-05T14:13:47.274+0100][1.821s] GC(3) Eden regions: 35->0(296)
[2022-12-05T14:13:47.274+0100][1.821s] GC(3) Survivor regions: 12->11(39)
[2022-12-05T14:13:47.274+0100][1.821s] GC(3) Old regions: 7->7
[2022-12-05T14:13:47.274+0100][1.821s] GC(3) Archive regions: 2->2
[2022-12-05T14:13:47.274+0100][1.821s] GC(3) Humongous regions: 4->4
[2022-12-05T14:13:47.274+0100][1.821s] GC(3) Metaspace: 21289K(21504K)->21289K(21504K) NonClass: 18840K(18944K)->18840K(18944K) Class: 2449K(2560K)->2449K(2560K)
[2022-12-05T14:13:47.274+0100][1.821s] GC(3) Pause Young (Concurrent Start) (Metadata GC Threshold) 58M->22M(512M) 4.335ms
[2022-12-05T14:13:47.274+0100][1.821s] GC(3) User=0.04s Sys=0.00s Real=0.01s
[2022-12-05T14:13:47.274+0100][1.821s] GC(4) Concurrent Mark Cycle
[2022-12-05T14:13:47.274+0100][1.821s] GC(4) Concurrent Clear Claimed Marks
[2022-12-05T14:13:47.274+0100][1.821s] GC(4) Concurrent Clear Claimed Marks 0.024ms
[2022-12-05T14:13:47.274+0100][1.821s] GC(4) Concurrent Scan Root Regions
[2022-12-05T14:13:47.276+0100][1.823s] GC(4) Concurrent Scan Root Regions 1.904ms
[2022-12-05T14:13:47.276+0100][1.823s] GC(4) Concurrent Mark
[2022-12-05T14:13:47.276+0100][1.823s] GC(4) Concurrent Mark From Roots
[2022-12-05T14:13:47.276+0100][1.823s] GC(4) Using 3 workers of 3 for marking
[2022-12-05T14:13:47.281+0100][1.828s] GC(4) Concurrent Mark From Roots 5.442ms
[2022-12-05T14:13:47.281+0100][1.828s] GC(4) Concurrent Preclean
[2022-12-05T14:13:47.281+0100][1.828s] GC(4) Concurrent Preclean 0.075ms
[2022-12-05T14:13:47.281+0100][1.829s] GC(4) Pause Remark
[2022-12-05T14:13:47.282+0100][1.830s] GC(4) Pause Remark 25M->25M(512M) 1.007ms
[2022-12-05T14:13:47.282+0100][1.830s] GC(4) User=0.00s Sys=0.01s Real=0.00s
[2022-12-05T14:13:47.282+0100][1.830s] GC(4) Concurrent Mark 6.706ms
[2022-12-05T14:13:47.282+0100][1.830s] GC(4) Concurrent Rebuild Remembered Sets
[2022-12-05T14:13:47.286+0100][1.833s] GC(4) Concurrent Rebuild Remembered Sets 3.156ms
[2022-12-05T14:13:47.286+0100][1.833s] GC(4) Pause Cleanup
[2022-12-05T14:13:47.286+0100][1.833s] GC(4) Pause Cleanup 26M->26M(512M) 0.096ms
[2022-12-05T14:13:47.286+0100][1.833s] GC(4) User=0.00s Sys=0.00s Real=0.00s
[2022-12-05T14:13:47.286+0100][1.833s] GC(4) Concurrent Cleanup for Next Mark
[2022-12-05T14:13:47.286+0100][1.833s] GC(4) Concurrent Cleanup for Next Mark 0.250ms
[2022-12-05T14:13:47.286+0100][1.833s] GC(4) Concurrent Mark Cycle 12.384ms
[2022-12-05T14:14:25.998+0100][40.545s] GC(5) Pause Young (Prepare Mixed) (Metadata GC Threshold)
[2022-12-05T14:14:26.004+0100][40.551s] GC(5) Using 10 workers of 10 for evacuation
[2022-12-05T14:14:26.011+0100][40.558s] GC(5)   Pre Evacuate Collection Set: 0.1ms
[2022-12-05T14:14:26.011+0100][40.558s] GC(5)   Merge Heap Roots: 0.1ms
[2022-12-05T14:14:26.011+0100][40.558s] GC(5)   Evacuate Collection Set: 6.1ms
[2022-12-05T14:14:26.011+0100][40.558s] GC(5)   Post Evacuate Collection Set: 0.7ms
[2022-12-05T14:14:26.011+0100][40.558s] GC(5)   Other: 6.7ms
[2022-12-05T14:14:26.011+0100][40.558s] GC(5) Eden regions: 217->0(5)
[2022-12-05T14:14:26.011+0100][40.558s] GC(5) Survivor regions: 11->20(39)
[2022-12-05T14:14:26.011+0100][40.558s] GC(5) Old regions: 7->7
[2022-12-05T14:14:26.011+0100][40.558s] GC(5) Archive regions: 2->2
[2022-12-05T14:14:26.011+0100][40.558s] GC(5) Humongous regions: 4->4
[2022-12-05T14:14:26.011+0100][40.558s] GC(5) Metaspace: 36010K(36288K)->36010K(36288K) NonClass: 31739K(31872K)->31739K(31872K) Class: 4270K(4416K)->4270K(4416K)
[2022-12-05T14:14:26.011+0100][40.559s] GC(5) Pause Young (Prepare Mixed) (Metadata GC Threshold) 239M->31M(512M) 13.746ms
[2022-12-05T14:14:26.011+0100][40.559s] GC(5) User=0.06s Sys=0.00s Real=0.01s
[2022-12-05T14:14:26.033+0100][40.580s] GC(6) Pause Young (Mixed) (Metadata GC Threshold)
[2022-12-05T14:14:26.033+0100][40.580s] GC(6) Using 10 workers of 10 for evacuation
[2022-12-05T14:14:26.041+0100][40.588s] GC(6)   Pre Evacuate Collection Set: 0.1ms
[2022-12-05T14:14:26.041+0100][40.588s] GC(6)   Merge Heap Roots: 0.1ms
[2022-12-05T14:14:26.041+0100][40.588s] GC(6)   Evacuate Collection Set: 6.6ms
[2022-12-05T14:14:26.041+0100][40.588s] GC(6)   Post Evacuate Collection Set: 0.6ms
[2022-12-05T14:14:26.041+0100][40.588s] GC(6)   Other: 0.2ms
[2022-12-05T14:14:26.041+0100][40.588s] GC(6) Eden regions: 3->0(304)
[2022-12-05T14:14:26.041+0100][40.588s] GC(6) Survivor regions: 20->3(4)
[2022-12-05T14:14:26.041+0100][40.588s] GC(6) Old regions: 7->26
[2022-12-05T14:14:26.041+0100][40.588s] GC(6) Archive regions: 2->2
[2022-12-05T14:14:26.041+0100][40.588s] GC(6) Humongous regions: 4->4
[2022-12-05T14:14:26.041+0100][40.588s] GC(6) Metaspace: 36224K(36608K)->36224K(36608K) NonClass: 31932K(32128K)->31932K(32128K) Class: 4292K(4480K)->4292K(4480K)
[2022-12-05T14:14:26.041+0100][40.588s] GC(6) Pause Young (Mixed) (Metadata GC Threshold) 33M->32M(512M) 7.626ms
[2022-12-05T14:14:26.041+0100][40.588s] GC(6) User=0.07s Sys=0.00s Real=0.01s
[2022-12-05T14:14:26.116+0100][40.663s] GC(7) Pause Young (Concurrent Start) (Metadata GC Threshold)
[2022-12-05T14:14:26.116+0100][40.663s] GC(7) Using 10 workers of 10 for evacuation
[2022-12-05T14:14:26.118+0100][40.665s] GC(7)   Pre Evacuate Collection Set: 0.1ms
[2022-12-05T14:14:26.118+0100][40.665s] GC(7)   Merge Heap Roots: 0.0ms
[2022-12-05T14:14:26.118+0100][40.665s] GC(7)   Evacuate Collection Set: 0.8ms
[2022-12-05T14:14:26.118+0100][40.665s] GC(7)   Post Evacuate Collection Set: 0.3ms
[2022-12-05T14:14:26.118+0100][40.665s] GC(7)   Other: 0.2ms
[2022-12-05T14:14:26.118+0100][40.665s] GC(7) Eden regions: 8->0(306)
[2022-12-05T14:14:26.118+0100][40.665s] GC(7) Survivor regions: 3->1(39)
[2022-12-05T14:14:26.118+0100][40.665s] GC(7) Old regions: 26->26
[2022-12-05T14:14:26.118+0100][40.665s] GC(7) Archive regions: 2->2
[2022-12-05T14:14:26.118+0100][40.665s] GC(7) Humongous regions: 4->4
[2022-12-05T14:14:26.118+0100][40.665s] GC(7) Metaspace: 36567K(36928K)->36567K(36928K) NonClass: 32241K(32384K)->32241K(32384K) Class: 4325K(4544K)->4325K(4544K)
[2022-12-05T14:14:26.118+0100][40.665s] GC(7) Pause Young (Concurrent Start) (Metadata GC Threshold) 40M->30M(512M) 1.586ms
[2022-12-05T14:14:26.118+0100][40.665s] GC(7) User=0.01s Sys=0.00s Real=0.00s
[2022-12-05T14:14:26.118+0100][40.665s] GC(8) Concurrent Mark Cycle
[2022-12-05T14:14:26.118+0100][40.665s] GC(8) Concurrent Clear Claimed Marks
[2022-12-05T14:14:26.118+0100][40.665s] GC(8) Concurrent Clear Claimed Marks 0.031ms
[2022-12-05T14:14:26.118+0100][40.665s] GC(8) Concurrent Scan Root Regions
[2022-12-05T14:14:26.119+0100][40.666s] GC(8) Concurrent Scan Root Regions 1.156ms
[2022-12-05T14:14:26.119+0100][40.666s] GC(8) Concurrent Mark
[2022-12-05T14:14:26.119+0100][40.666s] GC(8) Concurrent Mark From Roots
[2022-12-05T14:14:26.119+0100][40.666s] GC(8) Using 3 workers of 3 for marking
[2022-12-05T14:14:26.146+0100][40.694s] GC(8) Concurrent Mark From Roots 27.407ms
[2022-12-05T14:14:26.146+0100][40.694s] GC(8) Concurrent Preclean
[2022-12-05T14:14:26.147+0100][40.694s] GC(8) Concurrent Preclean 0.221ms
[2022-12-05T14:14:26.147+0100][40.694s] GC(8) Pause Remark
[2022-12-05T14:14:26.157+0100][40.704s] GC(8) Pause Remark 36M->36M(512M) 10.071ms
[2022-12-05T14:14:26.157+0100][40.704s] GC(8) User=0.04s Sys=0.00s Real=0.01s
[2022-12-05T14:14:26.157+0100][40.704s] GC(8) Concurrent Mark 38.042ms
[2022-12-05T14:14:26.157+0100][40.704s] GC(8) Concurrent Rebuild Remembered Sets
[2022-12-05T14:14:26.184+0100][40.731s] GC(8) Concurrent Rebuild Remembered Sets 26.413ms
[2022-12-05T14:14:26.185+0100][40.732s] GC(8) Pause Cleanup
[2022-12-05T14:14:26.185+0100][40.732s] GC(8) Pause Cleanup 44M->44M(512M) 0.230ms
[2022-12-05T14:14:26.185+0100][40.732s] GC(8) User=0.00s Sys=0.00s Real=0.00s
[2022-12-05T14:14:26.185+0100][40.732s] GC(8) Concurrent Cleanup for Next Mark
[2022-12-05T14:14:26.186+0100][40.734s] GC(8) Concurrent Cleanup for Next Mark 1.077ms
[2022-12-05T14:14:26.186+0100][40.734s] GC(8) Concurrent Mark Cycle 68.690ms
[2022-12-05T14:14:27.513+0100][42.060s] GC(9) Pause Young (Prepare Mixed) (G1 Evacuation Pause)
[2022-12-05T14:14:27.513+0100][42.060s] GC(9) Using 10 workers of 10 for evacuation
[2022-12-05T14:14:27.520+0100][42.067s] GC(9)   Pre Evacuate Collection Set: 0.1ms
[2022-12-05T14:14:27.520+0100][42.067s] GC(9)   Merge Heap Roots: 0.1ms
[2022-12-05T14:14:27.520+0100][42.067s] GC(9)   Evacuate Collection Set: 6.1ms
[2022-12-05T14:14:27.520+0100][42.067s] GC(9)   Post Evacuate Collection Set: 1.0ms
[2022-12-05T14:14:27.520+0100][42.067s] GC(9)   Other: 0.3ms
[2022-12-05T14:14:27.520+0100][42.067s] GC(9) Eden regions: 306->0(14)
[2022-12-05T14:14:27.520+0100][42.067s] GC(9) Survivor regions: 1->11(39)
[2022-12-05T14:14:27.520+0100][42.067s] GC(9) Old regions: 26->26
[2022-12-05T14:14:27.520+0100][42.067s] GC(9) Archive regions: 2->2
[2022-12-05T14:14:27.520+0100][42.067s] GC(9) Humongous regions: 9->5
[2022-12-05T14:14:27.520+0100][42.067s] GC(9) Metaspace: 45659K(46080K)->45659K(46080K) NonClass: 40158K(40384K)->40158K(40384K) Class: 5501K(5696K)->5501K(5696K)
[2022-12-05T14:14:27.520+0100][42.067s] GC(9) Pause Young (Prepare Mixed) (G1 Evacuation Pause) 341M->41M(512M) 7.679ms
[2022-12-05T14:14:27.520+0100][42.067s] GC(9) User=0.05s Sys=0.00s Real=0.01s
[2022-12-05T14:14:27.540+0100][42.087s] GC(10) Pause Young (Mixed) (G1 Evacuation Pause)
[2022-12-05T14:14:27.540+0100][42.087s] GC(10) Using 10 workers of 10 for evacuation
[2022-12-05T14:14:27.549+0100][42.096s] GC(10)   Pre Evacuate Collection Set: 0.1ms
[2022-12-05T14:14:27.549+0100][42.096s] GC(10)   Merge Heap Roots: 0.1ms
[2022-12-05T14:14:27.549+0100][42.096s] GC(10)   Evacuate Collection Set: 8.9ms
[2022-12-05T14:14:27.549+0100][42.096s] GC(10)   Post Evacuate Collection Set: 0.5ms
[2022-12-05T14:14:27.549+0100][42.096s] GC(10)   Other: 0.1ms
[2022-12-05T14:14:27.549+0100][42.096s] GC(10) Eden regions: 14->0(306)
[2022-12-05T14:14:27.549+0100][42.096s] GC(10) Survivor regions: 11->1(4)
[2022-12-05T14:14:27.549+0100][42.096s] GC(10) Old regions: 26->36
[2022-12-05T14:14:27.549+0100][42.096s] GC(10) Archive regions: 2->2
[2022-12-05T14:14:27.549+0100][42.096s] GC(10) Humongous regions: 5->5
[2022-12-05T14:14:27.549+0100][42.096s] GC(10) Metaspace: 45681K(46080K)->45681K(46080K) NonClass: 40179K(40384K)->40179K(40384K) Class: 5502K(5696K)->5502K(5696K)
[2022-12-05T14:14:27.549+0100][42.096s] GC(10) Pause Young (Mixed) (G1 Evacuation Pause) 55M->42M(512M) 9.763ms
[2022-12-05T14:14:27.549+0100][42.096s] GC(10) User=0.06s Sys=0.01s Real=0.01s
[2022-12-05T14:14:30.306+0100][44.853s] GC(11) Pause Young (Normal) (G1 Evacuation Pause)
[2022-12-05T14:14:30.306+0100][44.853s] GC(11) Using 10 workers of 10 for evacuation
[2022-12-05T14:14:30.322+0100][44.869s] GC(11)   Pre Evacuate Collection Set: 0.1ms
[2022-12-05T14:14:30.322+0100][44.869s] GC(11)   Merge Heap Roots: 0.1ms
[2022-12-05T14:14:30.322+0100][44.869s] GC(11)   Evacuate Collection Set: 14.2ms
[2022-12-05T14:14:30.322+0100][44.869s] GC(11)   Post Evacuate Collection Set: 0.9ms
[2022-12-05T14:14:30.322+0100][44.869s] GC(11)   Other: 0.2ms
[2022-12-05T14:14:30.322+0100][44.869s] GC(11) Eden regions: 306->0(296)
[2022-12-05T14:14:30.322+0100][44.869s] GC(11) Survivor regions: 1->11(39)
[2022-12-05T14:14:30.322+0100][44.869s] GC(11) Old regions: 36->36
[2022-12-05T14:14:30.322+0100][44.869s] GC(11) Archive regions: 2->2
[2022-12-05T14:14:30.322+0100][44.869s] GC(11) Humongous regions: 10->8
[2022-12-05T14:14:30.322+0100][44.869s] GC(11) Metaspace: 53403K(53952K)->53403K(53952K) NonClass: 46841K(47104K)->46841K(47104K) Class: 6561K(6848K)->6561K(6848K)
[2022-12-05T14:14:30.322+0100][44.869s] GC(11) Pause Young (Normal) (G1 Evacuation Pause) 353M->54M(512M) 15.614ms
[2022-12-05T14:14:30.322+0100][44.869s] GC(11) User=0.06s Sys=0.00s Real=0.02s
[2022-12-05T14:15:20.686+0100][95.233s] GC(12) Pause Young (Normal) (G1 Evacuation Pause)
[2022-12-05T14:15:20.686+0100][95.233s] GC(12) Using 10 workers of 10 for evacuation
[2022-12-05T14:15:20.697+0100][95.245s] GC(12)   Pre Evacuate Collection Set: 0.1ms
[2022-12-05T14:15:20.697+0100][95.245s] GC(12)   Merge Heap Roots: 0.1ms
[2022-12-05T14:15:20.697+0100][95.245s] GC(12)   Evacuate Collection Set: 10.3ms
[2022-12-05T14:15:20.697+0100][95.245s] GC(12)   Post Evacuate Collection Set: 0.9ms
[2022-12-05T14:15:20.697+0100][95.245s] GC(12)   Other: 0.1ms
[2022-12-05T14:15:20.697+0100][95.245s] GC(12) Eden regions: 296->0(283)
[2022-12-05T14:15:20.697+0100][95.245s] GC(12) Survivor regions: 11->24(39)
[2022-12-05T14:15:20.697+0100][95.245s] GC(12) Old regions: 36->36
[2022-12-05T14:15:20.697+0100][95.245s] GC(12) Archive regions: 2->2
[2022-12-05T14:15:20.697+0100][95.245s] GC(12) Humongous regions: 8->8
[2022-12-05T14:15:20.697+0100][95.245s] GC(12) Metaspace: 56678K(57280K)->56678K(57280K) NonClass: 49740K(50048K)->49740K(50048K) Class: 6937K(7232K)->6937K(7232K)
[2022-12-05T14:15:20.697+0100][95.245s] GC(12) Pause Young (Normal) (G1 Evacuation Pause) 350M->68M(512M) 11.582ms
[2022-12-05T14:15:20.698+0100][95.245s] GC(12) User=0.09s Sys=0.00s Real=0.01s
[2022-12-05T14:49:00.872+0100][1820.754s] GC(13) Pause Young (Normal) (G1 Evacuation Pause)
[2022-12-05T14:49:00.872+0100][1820.754s] GC(13) Using 10 workers of 10 for evacuation
[2022-12-05T14:49:00.882+0100][1820.764s] GC(13)   Pre Evacuate Collection Set: 0.1ms
[2022-12-05T14:49:00.882+0100][1820.764s] GC(13)   Merge Heap Roots: 0.1ms
[2022-12-05T14:49:00.882+0100][1820.764s] GC(13)   Evacuate Collection Set: 9.0ms
[2022-12-05T14:49:00.882+0100][1820.764s] GC(13)   Post Evacuate Collection Set: 0.5ms
[2022-12-05T14:49:00.882+0100][1820.764s] GC(13)   Other: 0.3ms
[2022-12-05T14:49:00.882+0100][1820.764s] GC(13) Eden regions: 283->0(285)
[2022-12-05T14:49:00.882+0100][1820.764s] GC(13) Survivor regions: 24->22(39)
[2022-12-05T14:49:00.882+0100][1820.764s] GC(13) Old regions: 36->45
[2022-12-05T14:49:00.882+0100][1820.764s] GC(13) Archive regions: 2->2
[2022-12-05T14:49:00.882+0100][1820.764s] GC(13) Humongous regions: 8->8
[2022-12-05T14:49:00.882+0100][1820.764s] GC(13) Metaspace: 58324K(58944K)->58324K(58944K) NonClass: 51223K(51520K)->51223K(51520K) Class: 7101K(7424K)->7101K(7424K)
[2022-12-05T14:49:00.882+0100][1820.764s] GC(13) Pause Young (Normal) (G1 Evacuation Pause) 351M->75M(512M) 9.997ms
[2022-12-05T14:49:00.882+0100][1820.764s] GC(13) User=0.09s Sys=0.00s Real=0.01s
[2022-12-05T17:50:19.153+0100][11776.365s] GC(14) Pause Young (Normal) (G1 Evacuation Pause)
[2022-12-05T17:50:19.153+0100][11776.365s] GC(14) Using 10 workers of 10 for evacuation
[2022-12-05T17:50:19.168+0100][11776.379s] GC(14)   Pre Evacuate Collection Set: 0.5ms
[2022-12-05T17:50:19.168+0100][11776.379s] GC(14)   Merge Heap Roots: 2.1ms
[2022-12-05T17:50:19.168+0100][11776.379s] GC(14)   Evacuate Collection Set: 10.4ms
[2022-12-05T17:50:19.168+0100][11776.379s] GC(14)   Post Evacuate Collection Set: 1.1ms
[2022-12-05T17:50:19.168+0100][11776.379s] GC(14)   Other: 0.2ms
[2022-12-05T17:50:19.168+0100][11776.379s] GC(14) Eden regions: 285->0(280)
[2022-12-05T17:50:19.168+0100][11776.380s] GC(14) Survivor regions: 22->27(39)
[2022-12-05T17:50:19.168+0100][11776.380s] GC(14) Old regions: 45->51
[2022-12-05T17:50:19.168+0100][11776.380s] GC(14) Archive regions: 2->2
[2022-12-05T17:50:19.168+0100][11776.380s] GC(14) Humongous regions: 8->8
[2022-12-05T17:50:19.168+0100][11776.380s] GC(14) Metaspace: 61021K(61696K)->61021K(61696K) NonClass: 53788K(54144K)->53788K(54144K) Class: 7232K(7552K)->7232K(7552K)
[2022-12-05T17:50:19.168+0100][11776.380s] GC(14) Pause Young (Normal) (G1 Evacuation Pause) 360M->85M(512M) 14.478ms
[2022-12-05T17:50:19.168+0100][11776.380s] GC(14) User=0.11s Sys=0.00s Real=0.01s
[2022-12-05T17:50:34.229+0100][11791.441s] GC(15) Pause Young (Concurrent Start) (Metadata GC Threshold)
[2022-12-05T17:50:34.235+0100][11791.447s] GC(15) Using 10 workers of 10 for evacuation
[2022-12-05T17:50:34.247+0100][11791.459s] GC(15)   Pre Evacuate Collection Set: 0.3ms
[2022-12-05T17:50:34.247+0100][11791.459s] GC(15)   Merge Heap Roots: 0.1ms
[2022-12-05T17:50:34.247+0100][11791.459s] GC(15)   Evacuate Collection Set: 10.1ms
[2022-12-05T17:50:34.247+0100][11791.459s] GC(15)   Post Evacuate Collection Set: 1.0ms
[2022-12-05T17:50:34.247+0100][11791.459s] GC(15)   Other: 6.4ms
[2022-12-05T17:50:34.247+0100][11791.459s] GC(15) Eden regions: 12->0(287)
[2022-12-05T17:50:34.247+0100][11791.459s] GC(15) Survivor regions: 27->20(39)
[2022-12-05T17:50:34.247+0100][11791.459s] GC(15) Old regions: 51->58
[2022-12-05T17:50:34.247+0100][11791.459s] GC(15) Archive regions: 2->2
[2022-12-05T17:50:34.247+0100][11791.459s] GC(15) Humongous regions: 8->8
[2022-12-05T17:50:34.247+0100][11791.459s] GC(15) Metaspace: 61083K(61696K)->61083K(61696K) NonClass: 53850K(54144K)->53850K(54144K) Class: 7232K(7552K)->7232K(7552K)
[2022-12-05T17:50:34.247+0100][11791.459s] GC(15) Pause Young (Concurrent Start) (Metadata GC Threshold) 97M->85M(512M) 18.109ms
[2022-12-05T17:50:34.247+0100][11791.459s] GC(15) User=0.10s Sys=0.00s Real=0.01s
[2022-12-05T17:50:34.247+0100][11791.459s] GC(16) Concurrent Mark Cycle
[2022-12-05T17:50:34.247+0100][11791.459s] GC(16) Concurrent Clear Claimed Marks
[2022-12-05T17:50:34.248+0100][11791.459s] GC(16) Concurrent Clear Claimed Marks 0.105ms
[2022-12-05T17:50:34.248+0100][11791.459s] GC(16) Concurrent Scan Root Regions
[2022-12-05T17:50:34.256+0100][11791.467s] GC(16) Concurrent Scan Root Regions 8.095ms
[2022-12-05T17:50:34.256+0100][11791.468s] GC(16) Concurrent Mark
[2022-12-05T17:50:34.256+0100][11791.468s] GC(16) Concurrent Mark From Roots
[2022-12-05T17:50:34.256+0100][11791.468s] GC(16) Using 3 workers of 3 for marking
[2022-12-05T17:50:34.328+0100][11791.540s] GC(16) Concurrent Mark From Roots 72.733ms
[2022-12-05T17:50:34.329+0100][11791.540s] GC(16) Concurrent Preclean
[2022-12-05T17:50:34.330+0100][11791.541s] GC(16) Concurrent Preclean 1.028ms
[2022-12-05T17:50:34.330+0100][11791.542s] GC(16) Pause Remark
[2022-12-05T17:50:34.348+0100][11791.560s] GC(16) Pause Remark 87M->87M(512M) 17.964ms
[2022-12-05T17:50:34.348+0100][11791.560s] GC(16) User=0.12s Sys=0.00s Real=0.01s
[2022-12-05T17:50:34.348+0100][11791.560s] GC(16) Concurrent Mark 92.228ms
[2022-12-05T17:50:34.348+0100][11791.560s] GC(16) Concurrent Rebuild Remembered Sets
[2022-12-05T17:50:34.377+0100][11791.589s] GC(16) Concurrent Rebuild Remembered Sets 29.108ms
[2022-12-05T17:50:34.377+0100][11791.589s] GC(16) Pause Cleanup
[2022-12-05T17:50:34.378+0100][11791.589s] GC(16) Pause Cleanup 87M->87M(512M) 0.242ms
[2022-12-05T17:50:34.378+0100][11791.589s] GC(16) User=0.00s Sys=0.00s Real=0.00s
[2022-12-05T17:50:34.378+0100][11791.589s] GC(16) Concurrent Cleanup for Next Mark
[2022-12-05T17:50:34.378+0100][11791.590s] GC(16) Concurrent Cleanup for Next Mark 0.357ms
[2022-12-05T17:50:34.378+0100][11791.590s] GC(16) Concurrent Mark Cycle 130.724ms
[2022-12-05T19:18:54.865+0100][14456.043s] Heap
[2022-12-05T19:18:54.865+0100][14456.043s]  garbage-first heap   total 524288K, used 226288K [0x00000000e0000000, 0x0000000100000000)
[2022-12-05T19:18:54.865+0100][14456.043s]   region size 1024K, 155 young (158720K), 20 survivors (20480K)
[2022-12-05T19:18:54.865+0100][14456.043s]  Metaspace       used 61830K, committed 62400K, reserved 1105920K
[2022-12-05T19:18:54.865+0100][14456.043s]   class space    used 7232K, committed 7552K, reserved 1048576K
