[2022-12-16T13:00:00.993+0100][0.029s] Using G1
[2022-12-16T13:00:01.089+0100][0.125s] Version: 17.0.5+8-Ubuntu-2ubuntu120.04 (release)
[2022-12-16T13:00:01.089+0100][0.125s] CPUs: 12 total, 12 available
[2022-12-16T13:00:01.089+0100][0.125s] Memory: 15745M
[2022-12-16T13:00:01.089+0100][0.125s] Large Page Support: Disabled
[2022-12-16T13:00:01.089+0100][0.125s] NUMA Support: Disabled
[2022-12-16T13:00:01.089+0100][0.125s] Compressed Oops: Enabled (32-bit)
[2022-12-16T13:00:01.089+0100][0.125s] Heap Region Size: 1M
[2022-12-16T13:00:01.089+0100][0.125s] Heap Min Capacity: 512M
[2022-12-16T13:00:01.089+0100][0.125s] Heap Initial Capacity: 512M
[2022-12-16T13:00:01.089+0100][0.125s] Heap Max Capacity: 512M
[2022-12-16T13:00:01.089+0100][0.125s] Pre-touch: Enabled
[2022-12-16T13:00:01.089+0100][0.125s] Parallel Workers: 10
[2022-12-16T13:00:01.089+0100][0.125s] Concurrent Workers: 3
[2022-12-16T13:00:01.089+0100][0.125s] Concurrent Refinement Workers: 10
[2022-12-16T13:00:01.089+0100][0.125s] Periodic GC: Disabled
[2022-12-16T13:00:01.089+0100][0.125s] CDS archive(s) mapped at: [0x0000000800000000-0x0000000800be3000-0x0000000800be3000), size 12464128, SharedBaseAddress: 0x0000000800000000, ArchiveRelocationMode: 0.
[2022-12-16T13:00:01.089+0100][0.125s] Compressed class space mapped at: 0x0000000800c00000-0x0000000840c00000, reserved size: 1073741824
[2022-12-16T13:00:01.089+0100][0.125s] Narrow klass base: 0x0000000800000000, Narrow klass shift: 0, Narrow klass range: 0x100000000
[2022-12-16T13:00:02.257+0100][1.293s] GC(0) Pause Young (Normal) (G1 Evacuation Pause)
[2022-12-16T13:00:02.257+0100][1.293s] GC(0) Using 10 workers of 10 for evacuation
[2022-12-16T13:00:02.260+0100][1.296s] GC(0)   Pre Evacuate Collection Set: 0.1ms
[2022-12-16T13:00:02.260+0100][1.296s] GC(0)   Merge Heap Roots: 0.1ms
[2022-12-16T13:00:02.260+0100][1.296s] GC(0)   Evacuate Collection Set: 2.6ms
[2022-12-16T13:00:02.260+0100][1.296s] GC(0)   Post Evacuate Collection Set: 0.3ms
[2022-12-16T13:00:02.260+0100][1.296s] GC(0)   Other: 0.1ms
[2022-12-16T13:00:02.260+0100][1.296s] GC(0) Eden regions: 29->0(65)
[2022-12-16T13:00:02.260+0100][1.296s] GC(0) Survivor regions: 0->4(4)
[2022-12-16T13:00:02.260+0100][1.296s] GC(0) Old regions: 0->0
[2022-12-16T13:00:02.260+0100][1.296s] GC(0) Archive regions: 2->2
[2022-12-16T13:00:02.260+0100][1.296s] GC(0) Humongous regions: 0->0
[2022-12-16T13:00:02.260+0100][1.296s] GC(0) Metaspace: 7014K(7168K)->7014K(7168K) NonClass: 6198K(6272K)->6198K(6272K) Class: 815K(896K)->815K(896K)
[2022-12-16T13:00:02.260+0100][1.296s] GC(0) Pause Young (Normal) (G1 Evacuation Pause) 29M->4M(512M) 3.330ms
[2022-12-16T13:00:02.260+0100][1.296s] GC(0) User=0.02s Sys=0.01s Real=0.00s
[2022-12-16T13:00:03.073+0100][2.109s] GC(1) Pause Young (Normal) (G1 Evacuation Pause)
[2022-12-16T13:00:03.073+0100][2.109s] GC(1) Using 10 workers of 10 for evacuation
[2022-12-16T13:00:03.081+0100][2.117s] GC(1)   Pre Evacuate Collection Set: 0.1ms
[2022-12-16T13:00:03.081+0100][2.117s] GC(1)   Merge Heap Roots: 0.1ms
[2022-12-16T13:00:03.081+0100][2.117s] GC(1)   Evacuate Collection Set: 6.9ms
[2022-12-16T13:00:03.081+0100][2.117s] GC(1)   Post Evacuate Collection Set: 0.6ms
[2022-12-16T13:00:03.081+0100][2.117s] GC(1)   Other: 0.1ms
[2022-12-16T13:00:03.081+0100][2.117s] GC(1) Eden regions: 65->0(271)
[2022-12-16T13:00:03.081+0100][2.117s] GC(1) Survivor regions: 4->9(9)
[2022-12-16T13:00:03.081+0100][2.117s] GC(1) Old regions: 0->5
[2022-12-16T13:00:03.081+0100][2.117s] GC(1) Archive regions: 2->2
[2022-12-16T13:00:03.081+0100][2.117s] GC(1) Humongous regions: 4->4
[2022-12-16T13:00:03.081+0100][2.117s] GC(1) Metaspace: 16385K(16640K)->16385K(16640K) NonClass: 14459K(14592K)->14459K(14592K) Class: 1926K(2048K)->1926K(2048K)
[2022-12-16T13:00:03.081+0100][2.117s] GC(1) Pause Young (Normal) (G1 Evacuation Pause) 73M->18M(512M) 7.886ms
[2022-12-16T13:00:03.081+0100][2.117s] GC(1) User=0.08s Sys=0.00s Real=0.01s
[2022-12-16T13:00:03.772+0100][2.808s] GC(2) Pause Young (Concurrent Start) (Metadata GC Threshold)
[2022-12-16T13:00:03.772+0100][2.808s] GC(2) Using 10 workers of 10 for evacuation
[2022-12-16T13:00:03.779+0100][2.815s] GC(2)   Pre Evacuate Collection Set: 0.1ms
[2022-12-16T13:00:03.779+0100][2.815s] GC(2)   Merge Heap Roots: 0.1ms
[2022-12-16T13:00:03.779+0100][2.815s] GC(2)   Evacuate Collection Set: 5.5ms
[2022-12-16T13:00:03.779+0100][2.815s] GC(2)   Post Evacuate Collection Set: 1.1ms
[2022-12-16T13:00:03.779+0100][2.815s] GC(2)   Other: 0.3ms
[2022-12-16T13:00:03.779+0100][2.815s] GC(2) Eden regions: 186->0(293)
[2022-12-16T13:00:03.779+0100][2.815s] GC(2) Survivor regions: 9->14(30)
[2022-12-16T13:00:03.779+0100][2.815s] GC(2) Old regions: 5->5
[2022-12-16T13:00:03.779+0100][2.815s] GC(2) Archive regions: 2->2
[2022-12-16T13:00:03.779+0100][2.815s] GC(2) Humongous regions: 4->4
[2022-12-16T13:00:03.779+0100][2.815s] GC(2) Metaspace: 21199K(21504K)->21199K(21504K) NonClass: 18758K(18880K)->18758K(18880K) Class: 2441K(2624K)->2441K(2624K)
[2022-12-16T13:00:03.779+0100][2.815s] GC(2) Pause Young (Concurrent Start) (Metadata GC Threshold) 203M->22M(512M) 7.151ms
[2022-12-16T13:00:03.779+0100][2.815s] GC(2) User=0.07s Sys=0.00s Real=0.01s
[2022-12-16T13:00:03.779+0100][2.815s] GC(3) Concurrent Mark Cycle
[2022-12-16T13:00:03.779+0100][2.815s] GC(3) Concurrent Clear Claimed Marks
[2022-12-16T13:00:03.779+0100][2.815s] GC(3) Concurrent Clear Claimed Marks 0.025ms
[2022-12-16T13:00:03.779+0100][2.815s] GC(3) Concurrent Scan Root Regions
[2022-12-16T13:00:03.782+0100][2.818s] GC(3) Concurrent Scan Root Regions 3.012ms
[2022-12-16T13:00:03.782+0100][2.818s] GC(3) Concurrent Mark
[2022-12-16T13:00:03.782+0100][2.818s] GC(3) Concurrent Mark From Roots
[2022-12-16T13:00:03.782+0100][2.818s] GC(3) Using 3 workers of 3 for marking
[2022-12-16T13:00:03.787+0100][2.823s] GC(3) Concurrent Mark From Roots 4.648ms
[2022-12-16T13:00:03.787+0100][2.823s] GC(3) Concurrent Preclean
[2022-12-16T13:00:03.787+0100][2.823s] GC(3) Concurrent Preclean 0.067ms
[2022-12-16T13:00:03.787+0100][2.823s] GC(3) Pause Remark
[2022-12-16T13:00:03.788+0100][2.824s] GC(3) Pause Remark 25M->25M(512M) 1.075ms
[2022-12-16T13:00:03.788+0100][2.824s] GC(3) User=0.02s Sys=0.00s Real=0.00s
[2022-12-16T13:00:03.788+0100][2.824s] GC(3) Concurrent Mark 5.929ms
[2022-12-16T13:00:03.788+0100][2.824s] GC(3) Concurrent Rebuild Remembered Sets
[2022-12-16T13:00:03.791+0100][2.827s] GC(3) Concurrent Rebuild Remembered Sets 2.809ms
[2022-12-16T13:00:03.791+0100][2.827s] GC(3) Pause Cleanup
[2022-12-16T13:00:03.791+0100][2.827s] GC(3) Pause Cleanup 25M->25M(512M) 0.190ms
[2022-12-16T13:00:03.791+0100][2.827s] GC(3) User=0.00s Sys=0.00s Real=0.00s
[2022-12-16T13:00:03.791+0100][2.827s] GC(3) Concurrent Cleanup for Next Mark
[2022-12-16T13:00:03.792+0100][2.828s] GC(3) Concurrent Cleanup for Next Mark 0.262ms
[2022-12-16T13:00:03.792+0100][2.828s] GC(3) Concurrent Mark Cycle 12.516ms
[2022-12-16T13:00:29.781+0100][28.817s] GC(4) Pause Young (Normal) (G1 Evacuation Pause)
[2022-12-16T13:00:29.781+0100][28.817s] GC(4) Using 10 workers of 10 for evacuation
[2022-12-16T13:00:29.792+0100][28.828s] GC(4)   Pre Evacuate Collection Set: 0.1ms
[2022-12-16T13:00:29.792+0100][28.828s] GC(4)   Merge Heap Roots: 0.1ms
[2022-12-16T13:00:29.792+0100][28.828s] GC(4)   Evacuate Collection Set: 9.7ms
[2022-12-16T13:00:29.792+0100][28.828s] GC(4)   Post Evacuate Collection Set: 1.0ms
[2022-12-16T13:00:29.792+0100][28.828s] GC(4)   Other: 0.2ms
[2022-12-16T13:00:29.792+0100][28.828s] GC(4) Eden regions: 293->0(285)
[2022-12-16T13:00:29.792+0100][28.828s] GC(4) Survivor regions: 14->22(39)
[2022-12-16T13:00:29.792+0100][28.828s] GC(4) Old regions: 5->5
[2022-12-16T13:00:29.792+0100][28.828s] GC(4) Archive regions: 2->2
[2022-12-16T13:00:29.792+0100][28.828s] GC(4) Humongous regions: 4->4
[2022-12-16T13:00:29.792+0100][28.828s] GC(4) Metaspace: 35648K(36032K)->35648K(36032K) NonClass: 31444K(31616K)->31444K(31616K) Class: 4203K(4416K)->4203K(4416K)
[2022-12-16T13:00:29.792+0100][28.828s] GC(4) Pause Young (Normal) (G1 Evacuation Pause) 315M->31M(512M) 11.298ms
[2022-12-16T13:00:29.792+0100][28.828s] GC(4) User=0.11s Sys=0.01s Real=0.00s
[2022-12-16T13:00:29.811+0100][28.847s] GC(5) Pause Young (Concurrent Start) (Metadata GC Threshold)
[2022-12-16T13:00:29.811+0100][28.847s] GC(5) Using 10 workers of 10 for evacuation
[2022-12-16T13:00:29.822+0100][28.858s] GC(5)   Pre Evacuate Collection Set: 0.1ms
[2022-12-16T13:00:29.822+0100][28.858s] GC(5)   Merge Heap Roots: 0.1ms
[2022-12-16T13:00:29.822+0100][28.858s] GC(5)   Evacuate Collection Set: 9.4ms
[2022-12-16T13:00:29.822+0100][28.858s] GC(5)   Post Evacuate Collection Set: 0.7ms
[2022-12-16T13:00:29.822+0100][28.858s] GC(5)   Other: 0.2ms
[2022-12-16T13:00:29.822+0100][28.858s] GC(5) Eden regions: 6->0(287)
[2022-12-16T13:00:29.822+0100][28.858s] GC(5) Survivor regions: 22->20(39)
[2022-12-16T13:00:29.822+0100][28.858s] GC(5) Old regions: 5->7
[2022-12-16T13:00:29.822+0100][28.858s] GC(5) Archive regions: 2->2
[2022-12-16T13:00:29.822+0100][28.858s] GC(5) Humongous regions: 4->4
[2022-12-16T13:00:29.822+0100][28.858s] GC(5) Metaspace: 35770K(36096K)->35770K(36096K) NonClass: 31542K(31680K)->31542K(31680K) Class: 4227K(4416K)->4227K(4416K)
[2022-12-16T13:00:29.822+0100][28.858s] GC(5) Pause Young (Concurrent Start) (Metadata GC Threshold) 37M->31M(512M) 10.652ms
[2022-12-16T13:00:29.822+0100][28.858s] GC(5) User=0.11s Sys=0.00s Real=0.02s
[2022-12-16T13:00:29.822+0100][28.858s] GC(6) Concurrent Mark Cycle
[2022-12-16T13:00:29.822+0100][28.858s] GC(6) Concurrent Clear Claimed Marks
[2022-12-16T13:00:29.822+0100][28.858s] GC(6) Concurrent Clear Claimed Marks 0.047ms
[2022-12-16T13:00:29.822+0100][28.858s] GC(6) Concurrent Scan Root Regions
[2022-12-16T13:00:29.828+0100][28.864s] GC(6) Concurrent Scan Root Regions 6.402ms
[2022-12-16T13:00:29.828+0100][28.864s] GC(6) Concurrent Mark
[2022-12-16T13:00:29.828+0100][28.864s] GC(6) Concurrent Mark From Roots
[2022-12-16T13:00:29.828+0100][28.864s] GC(6) Using 3 workers of 3 for marking
[2022-12-16T13:00:29.836+0100][28.872s] GC(6) Concurrent Mark From Roots 7.621ms
[2022-12-16T13:00:29.836+0100][28.872s] GC(6) Concurrent Preclean
[2022-12-16T13:00:29.836+0100][28.872s] GC(6) Concurrent Preclean 0.136ms
[2022-12-16T13:00:29.836+0100][28.872s] GC(6) Pause Remark
[2022-12-16T13:00:29.838+0100][28.874s] GC(6) Pause Remark 37M->37M(512M) 1.870ms
[2022-12-16T13:00:29.838+0100][28.874s] GC(6) User=0.02s Sys=0.00s Real=0.00s
[2022-12-16T13:00:29.838+0100][28.874s] GC(6) Concurrent Mark 9.946ms
[2022-12-16T13:00:29.838+0100][28.874s] GC(6) Concurrent Rebuild Remembered Sets
[2022-12-16T13:00:29.843+0100][28.879s] GC(6) Concurrent Rebuild Remembered Sets 4.980ms
[2022-12-16T13:00:29.844+0100][28.880s] GC(6) Pause Cleanup
[2022-12-16T13:00:29.844+0100][28.880s] GC(6) Pause Cleanup 40M->40M(512M) 0.141ms
[2022-12-16T13:00:29.844+0100][28.880s] GC(6) User=0.00s Sys=0.00s Real=0.00s
[2022-12-16T13:00:29.844+0100][28.880s] GC(6) Concurrent Cleanup for Next Mark
[2022-12-16T13:00:29.844+0100][28.880s] GC(6) Concurrent Cleanup for Next Mark 0.385ms
[2022-12-16T13:00:29.844+0100][28.880s] GC(6) Concurrent Mark Cycle 22.397ms
[2022-12-16T13:00:30.477+0100][29.512s] GC(7) Pause Young (Concurrent Start) (G1 Evacuation Pause)
[2022-12-16T13:00:30.477+0100][29.513s] GC(7) Using 10 workers of 10 for evacuation
[2022-12-16T13:00:30.487+0100][29.523s] GC(7)   Pre Evacuate Collection Set: 0.2ms
[2022-12-16T13:00:30.487+0100][29.523s] GC(7)   Merge Heap Roots: 0.1ms
[2022-12-16T13:00:30.487+0100][29.523s] GC(7)   Evacuate Collection Set: 9.2ms
[2022-12-16T13:00:30.487+0100][29.523s] GC(7)   Post Evacuate Collection Set: 0.9ms
[2022-12-16T13:00:30.487+0100][29.523s] GC(7)   Other: 0.2ms
[2022-12-16T13:00:30.487+0100][29.523s] GC(7) Eden regions: 287->0(280)
[2022-12-16T13:00:30.487+0100][29.523s] GC(7) Survivor regions: 20->27(39)
[2022-12-16T13:00:30.487+0100][29.523s] GC(7) Old regions: 7->7
[2022-12-16T13:00:30.487+0100][29.523s] GC(7) Archive regions: 2->2
[2022-12-16T13:00:30.487+0100][29.523s] GC(7) Humongous regions: 5->4
[2022-12-16T13:00:30.487+0100][29.523s] GC(7) Metaspace: 43462K(43840K)->43462K(43840K) NonClass: 38281K(38464K)->38281K(38464K) Class: 5181K(5376K)->5181K(5376K)
[2022-12-16T13:00:30.487+0100][29.523s] GC(7) Pause Young (Concurrent Start) (G1 Evacuation Pause) 319M->37M(512M) 10.692ms
[2022-12-16T13:00:30.487+0100][29.523s] GC(7) User=0.10s Sys=0.00s Real=0.01s
[2022-12-16T13:00:30.487+0100][29.523s] GC(8) Concurrent Mark Cycle
[2022-12-16T13:00:30.487+0100][29.523s] GC(8) Concurrent Clear Claimed Marks
[2022-12-16T13:00:30.487+0100][29.523s] GC(8) Concurrent Clear Claimed Marks 0.054ms
[2022-12-16T13:00:30.487+0100][29.523s] GC(8) Concurrent Scan Root Regions
[2022-12-16T13:00:30.495+0100][29.531s] GC(8) Concurrent Scan Root Regions 7.680ms
[2022-12-16T13:00:30.495+0100][29.531s] GC(8) Concurrent Mark
[2022-12-16T13:00:30.495+0100][29.531s] GC(8) Concurrent Mark From Roots
[2022-12-16T13:00:30.495+0100][29.531s] GC(8) Using 3 workers of 3 for marking
[2022-12-16T13:00:30.506+0100][29.542s] GC(8) Concurrent Mark From Roots 10.794ms
[2022-12-16T13:00:30.506+0100][29.542s] GC(8) Concurrent Preclean
[2022-12-16T13:00:30.506+0100][29.542s] GC(8) Concurrent Preclean 0.166ms
[2022-12-16T13:00:30.506+0100][29.542s] GC(8) Pause Remark
[2022-12-16T13:00:30.509+0100][29.545s] GC(8) Pause Remark 55M->55M(512M) 2.219ms
[2022-12-16T13:00:30.509+0100][29.545s] GC(8) User=0.03s Sys=0.00s Real=0.00s
[2022-12-16T13:00:30.509+0100][29.545s] GC(8) Concurrent Mark 13.536ms
[2022-12-16T13:00:30.509+0100][29.545s] GC(8) Concurrent Rebuild Remembered Sets
[2022-12-16T13:00:30.515+0100][29.551s] GC(8) Concurrent Rebuild Remembered Sets 5.933ms
[2022-12-16T13:00:30.515+0100][29.551s] GC(8) Pause Cleanup
[2022-12-16T13:00:30.515+0100][29.551s] GC(8) Pause Cleanup 60M->60M(512M) 0.162ms
[2022-12-16T13:00:30.515+0100][29.551s] GC(8) User=0.00s Sys=0.00s Real=0.00s
[2022-12-16T13:00:30.515+0100][29.551s] GC(8) Concurrent Cleanup for Next Mark
[2022-12-16T13:00:30.515+0100][29.551s] GC(8) Concurrent Cleanup for Next Mark 0.466ms
[2022-12-16T13:00:30.516+0100][29.552s] GC(8) Concurrent Mark Cycle 28.285ms
[2022-12-16T13:00:31.203+0100][30.239s] GC(9) Pause Young (Normal) (G1 Evacuation Pause)
[2022-12-16T13:00:31.203+0100][30.239s] GC(9) Using 10 workers of 10 for evacuation
[2022-12-16T13:00:31.227+0100][30.263s] GC(9)   Pre Evacuate Collection Set: 0.1ms
[2022-12-16T13:00:31.227+0100][30.263s] GC(9)   Merge Heap Roots: 0.1ms
[2022-12-16T13:00:31.227+0100][30.263s] GC(9)   Evacuate Collection Set: 21.9ms
[2022-12-16T13:00:31.227+0100][30.263s] GC(9)   Post Evacuate Collection Set: 1.2ms
[2022-12-16T13:00:31.227+0100][30.263s] GC(9)   Other: 0.2ms
[2022-12-16T13:00:31.227+0100][30.263s] GC(9) Eden regions: 280->0(273)
[2022-12-16T13:00:31.227+0100][30.263s] GC(9) Survivor regions: 27->34(39)
[2022-12-16T13:00:31.227+0100][30.263s] GC(9) Old regions: 7->13
[2022-12-16T13:00:31.227+0100][30.263s] GC(9) Archive regions: 2->2
[2022-12-16T13:00:31.227+0100][30.263s] GC(9) Humongous regions: 4->4
[2022-12-16T13:00:31.227+0100][30.263s] GC(9) Metaspace: 47890K(48384K)->47890K(48384K) NonClass: 42059K(42304K)->42059K(42304K) Class: 5830K(6080K)->5830K(6080K)
[2022-12-16T13:00:31.227+0100][30.263s] GC(9) Pause Young (Normal) (G1 Evacuation Pause) 317M->51M(512M) 23.651ms
[2022-12-16T13:00:31.227+0100][30.263s] GC(9) User=0.21s Sys=0.00s Real=0.02s
[2022-12-16T13:00:32.081+0100][31.117s] GC(10) Pause Young (Normal) (G1 Evacuation Pause)
[2022-12-16T13:00:32.081+0100][31.117s] GC(10) Using 10 workers of 10 for evacuation
[2022-12-16T13:00:32.130+0100][31.166s] GC(10)   Pre Evacuate Collection Set: 0.8ms
[2022-12-16T13:00:32.130+0100][31.166s] GC(10)   Merge Heap Roots: 0.3ms
[2022-12-16T13:00:32.130+0100][31.166s] GC(10)   Evacuate Collection Set: 44.5ms
[2022-12-16T13:00:32.130+0100][31.166s] GC(10)   Post Evacuate Collection Set: 2.8ms
[2022-12-16T13:00:32.130+0100][31.166s] GC(10)   Other: 0.5ms
[2022-12-16T13:00:32.130+0100][31.166s] GC(10) Eden regions: 273->0(274)
[2022-12-16T13:00:32.130+0100][31.166s] GC(10) Survivor regions: 34->33(39)
[2022-12-16T13:00:32.130+0100][31.166s] GC(10) Old regions: 13->32
[2022-12-16T13:00:32.130+0100][31.166s] GC(10) Archive regions: 2->2
[2022-12-16T13:00:32.130+0100][31.166s] GC(10) Humongous regions: 4->4
[2022-12-16T13:00:32.130+0100][31.166s] GC(10) Metaspace: 50440K(51072K)->50440K(51072K) NonClass: 44274K(44608K)->44274K(44608K) Class: 6165K(6464K)->6165K(6464K)
[2022-12-16T13:00:32.130+0100][31.166s] GC(10) Pause Young (Normal) (G1 Evacuation Pause) 324M->69M(512M) 49.118ms
[2022-12-16T13:00:32.130+0100][31.166s] GC(10) User=0.22s Sys=0.00s Real=0.04s
[2022-12-16T13:00:32.753+0100][31.789s] GC(11) Pause Young (Normal) (G1 Evacuation Pause)
[2022-12-16T13:00:32.753+0100][31.789s] GC(11) Using 10 workers of 10 for evacuation
[2022-12-16T13:00:32.785+0100][31.821s] GC(11)   Pre Evacuate Collection Set: 0.2ms
[2022-12-16T13:00:32.785+0100][31.821s] GC(11)   Merge Heap Roots: 0.2ms
[2022-12-16T13:00:32.785+0100][31.821s] GC(11)   Evacuate Collection Set: 30.4ms
[2022-12-16T13:00:32.785+0100][31.821s] GC(11)   Post Evacuate Collection Set: 1.1ms
[2022-12-16T13:00:32.785+0100][31.821s] GC(11)   Other: 0.2ms
[2022-12-16T13:00:32.786+0100][31.821s] GC(11) Eden regions: 274->0(275)
[2022-12-16T13:00:32.786+0100][31.821s] GC(11) Survivor regions: 33->32(39)
[2022-12-16T13:00:32.786+0100][31.822s] GC(11) Old regions: 32->47
[2022-12-16T13:00:32.786+0100][31.822s] GC(11) Archive regions: 2->2
[2022-12-16T13:00:32.786+0100][31.822s] GC(11) Humongous regions: 8->5
[2022-12-16T13:00:32.786+0100][31.822s] GC(11) Metaspace: 53395K(53952K)->53395K(53952K) NonClass: 46835K(47104K)->46835K(47104K) Class: 6560K(6848K)->6560K(6848K)
[2022-12-16T13:00:32.786+0100][31.822s] GC(11) Pause Young (Normal) (G1 Evacuation Pause) 347M->83M(512M) 32.316ms
[2022-12-16T13:00:32.786+0100][31.822s] GC(11) User=0.22s Sys=0.00s Real=0.03s
[2022-12-16T13:00:33.334+0100][32.369s] GC(12) Pause Young (Normal) (G1 Evacuation Pause)
[2022-12-16T13:00:33.334+0100][32.370s] GC(12) Using 10 workers of 10 for evacuation
[2022-12-16T13:00:33.354+0100][32.390s] GC(12)   Pre Evacuate Collection Set: 0.1ms
[2022-12-16T13:00:33.354+0100][32.390s] GC(12)   Merge Heap Roots: 0.1ms
[2022-12-16T13:00:33.354+0100][32.390s] GC(12)   Evacuate Collection Set: 19.0ms
[2022-12-16T13:00:33.354+0100][32.390s] GC(12)   Post Evacuate Collection Set: 0.8ms
[2022-12-16T13:00:33.354+0100][32.390s] GC(12)   Other: 0.2ms
[2022-12-16T13:00:33.354+0100][32.390s] GC(12) Eden regions: 275->0(282)
[2022-12-16T13:00:33.354+0100][32.390s] GC(12) Survivor regions: 32->25(39)
[2022-12-16T13:00:33.354+0100][32.390s] GC(12) Old regions: 47->65
[2022-12-16T13:00:33.354+0100][32.390s] GC(12) Archive regions: 2->2
[2022-12-16T13:00:33.354+0100][32.390s] GC(12) Humongous regions: 8->5
[2022-12-16T13:00:33.354+0100][32.390s] GC(12) Metaspace: 53921K(54528K)->53921K(54528K) NonClass: 47322K(47616K)->47322K(47616K) Class: 6599K(6912K)->6599K(6912K)
[2022-12-16T13:00:33.354+0100][32.390s] GC(12) Pause Young (Normal) (G1 Evacuation Pause) 361M->95M(512M) 20.321ms
[2022-12-16T13:00:33.354+0100][32.390s] GC(12) User=0.20s Sys=0.00s Real=0.02s
[2022-12-16T13:00:37.152+0100][36.188s] GC(13) Pause Young (Normal) (G1 Evacuation Pause)
[2022-12-16T13:00:37.152+0100][36.188s] GC(13) Using 10 workers of 10 for evacuation
[2022-12-16T13:00:37.200+0100][36.236s] GC(13)   Pre Evacuate Collection Set: 0.3ms
[2022-12-16T13:00:37.200+0100][36.236s] GC(13)   Merge Heap Roots: 0.3ms
[2022-12-16T13:00:37.200+0100][36.236s] GC(13)   Evacuate Collection Set: 46.4ms
[2022-12-16T13:00:37.200+0100][36.236s] GC(13)   Post Evacuate Collection Set: 1.3ms
[2022-12-16T13:00:37.200+0100][36.236s] GC(13)   Other: 0.3ms
[2022-12-16T13:00:37.200+0100][36.236s] GC(13) Eden regions: 282->0(283)
[2022-12-16T13:00:37.200+0100][36.236s] GC(13) Survivor regions: 25->24(39)
[2022-12-16T13:00:37.200+0100][36.236s] GC(13) Old regions: 65->78
[2022-12-16T13:00:37.200+0100][36.236s] GC(13) Archive regions: 2->2
[2022-12-16T13:00:37.200+0100][36.236s] GC(13) Humongous regions: 10->8
[2022-12-16T13:00:37.200+0100][36.236s] GC(13) Metaspace: 55453K(56064K)->55453K(56064K) NonClass: 48705K(49024K)->48705K(49024K) Class: 6747K(7040K)->6747K(7040K)
[2022-12-16T13:00:37.200+0100][36.236s] GC(13) Pause Young (Normal) (G1 Evacuation Pause) 382M->110M(512M) 48.668ms
[2022-12-16T13:00:37.201+0100][36.237s] GC(13) User=0.22s Sys=0.01s Real=0.06s
