[2022-12-14T13:30:47.734+0100][0.026s] Using G1
[2022-12-14T13:30:47.809+0100][0.101s] Version: 17.0.5+8-Ubuntu-2ubuntu120.04 (release)
[2022-12-14T13:30:47.809+0100][0.101s] CPUs: 12 total, 12 available
[2022-12-14T13:30:47.809+0100][0.101s] Memory: 15745M
[2022-12-14T13:30:47.809+0100][0.101s] Large Page Support: Disabled
[2022-12-14T13:30:47.809+0100][0.101s] NUMA Support: Disabled
[2022-12-14T13:30:47.809+0100][0.101s] Compressed Oops: Enabled (32-bit)
[2022-12-14T13:30:47.809+0100][0.101s] Heap Region Size: 1M
[2022-12-14T13:30:47.809+0100][0.101s] Heap Min Capacity: 512M
[2022-12-14T13:30:47.809+0100][0.101s] Heap Initial Capacity: 512M
[2022-12-14T13:30:47.809+0100][0.101s] Heap Max Capacity: 512M
[2022-12-14T13:30:47.809+0100][0.101s] Pre-touch: Enabled
[2022-12-14T13:30:47.809+0100][0.101s] Parallel Workers: 10
[2022-12-14T13:30:47.809+0100][0.101s] Concurrent Workers: 3
[2022-12-14T13:30:47.809+0100][0.101s] Concurrent Refinement Workers: 10
[2022-12-14T13:30:47.809+0100][0.101s] Periodic GC: Disabled
[2022-12-14T13:30:47.809+0100][0.101s] CDS archive(s) mapped at: [0x0000000800000000-0x0000000800be3000-0x0000000800be3000), size 12464128, SharedBaseAddress: 0x0000000800000000, ArchiveRelocationMode: 0.
[2022-12-14T13:30:47.809+0100][0.102s] Compressed class space mapped at: 0x0000000800c00000-0x0000000840c00000, reserved size: 1073741824
[2022-12-14T13:30:47.809+0100][0.102s] Narrow klass base: 0x0000000800000000, Narrow klass shift: 0, Narrow klass range: 0x100000000
[2022-12-14T13:30:48.717+0100][1.010s] GC(0) Pause Young (Normal) (G1 Evacuation Pause)
[2022-12-14T13:30:48.717+0100][1.010s] GC(0) Using 10 workers of 10 for evacuation
[2022-12-14T13:30:48.720+0100][1.012s] GC(0)   Pre Evacuate Collection Set: 0.1ms
[2022-12-14T13:30:48.720+0100][1.012s] GC(0)   Merge Heap Roots: 0.0ms
[2022-12-14T13:30:48.720+0100][1.012s] GC(0)   Evacuate Collection Set: 1.8ms
[2022-12-14T13:30:48.720+0100][1.012s] GC(0)   Post Evacuate Collection Set: 0.3ms
[2022-12-14T13:30:48.720+0100][1.012s] GC(0)   Other: 0.1ms
[2022-12-14T13:30:48.720+0100][1.012s] GC(0) Eden regions: 29->0(65)
[2022-12-14T13:30:48.720+0100][1.012s] GC(0) Survivor regions: 0->4(4)
[2022-12-14T13:30:48.720+0100][1.012s] GC(0) Old regions: 0->0
[2022-12-14T13:30:48.720+0100][1.012s] GC(0) Archive regions: 2->2
[2022-12-14T13:30:48.720+0100][1.012s] GC(0) Humongous regions: 0->0
[2022-12-14T13:30:48.720+0100][1.012s] GC(0) Metaspace: 6994K(7168K)->6994K(7168K) NonClass: 6179K(6272K)->6179K(6272K) Class: 815K(896K)->815K(896K)
[2022-12-14T13:30:48.720+0100][1.012s] GC(0) Pause Young (Normal) (G1 Evacuation Pause) 29M->4M(512M) 2.442ms
[2022-12-14T13:30:48.720+0100][1.012s] GC(0) User=0.02s Sys=0.00s Real=0.01s
[2022-12-14T13:30:49.388+0100][1.680s] GC(1) Pause Young (Normal) (G1 Evacuation Pause)
[2022-12-14T13:30:49.388+0100][1.680s] GC(1) Using 10 workers of 10 for evacuation
[2022-12-14T13:30:49.393+0100][1.685s] GC(1)   Pre Evacuate Collection Set: 0.1ms
[2022-12-14T13:30:49.393+0100][1.686s] GC(1)   Merge Heap Roots: 0.0ms
[2022-12-14T13:30:49.393+0100][1.686s] GC(1)   Evacuate Collection Set: 4.9ms
[2022-12-14T13:30:49.393+0100][1.686s] GC(1)   Post Evacuate Collection Set: 0.5ms
[2022-12-14T13:30:49.393+0100][1.686s] GC(1)   Other: 0.1ms
[2022-12-14T13:30:49.393+0100][1.686s] GC(1) Eden regions: 65->0(279)
[2022-12-14T13:30:49.393+0100][1.686s] GC(1) Survivor regions: 4->9(9)
[2022-12-14T13:30:49.393+0100][1.686s] GC(1) Old regions: 0->5
[2022-12-14T13:30:49.393+0100][1.686s] GC(1) Archive regions: 2->2
[2022-12-14T13:30:49.393+0100][1.686s] GC(1) Humongous regions: 4->4
[2022-12-14T13:30:49.393+0100][1.686s] GC(1) Metaspace: 16364K(16640K)->16364K(16640K) NonClass: 14438K(14592K)->14438K(14592K) Class: 1926K(2048K)->1926K(2048K)
[2022-12-14T13:30:49.394+0100][1.686s] GC(1) Pause Young (Normal) (G1 Evacuation Pause) 73M->18M(512M) 5.660ms
[2022-12-14T13:30:49.394+0100][1.686s] GC(1) User=0.05s Sys=0.00s Real=0.00s
[2022-12-14T13:30:50.054+0100][2.346s] GC(2) Pause Young (Concurrent Start) (Metadata GC Threshold)
[2022-12-14T13:30:50.054+0100][2.346s] GC(2) Using 10 workers of 10 for evacuation
[2022-12-14T13:30:50.059+0100][2.352s] GC(2)   Pre Evacuate Collection Set: 0.1ms
[2022-12-14T13:30:50.060+0100][2.352s] GC(2)   Merge Heap Roots: 0.1ms
[2022-12-14T13:30:50.060+0100][2.352s] GC(2)   Evacuate Collection Set: 4.3ms
[2022-12-14T13:30:50.060+0100][2.352s] GC(2)   Post Evacuate Collection Set: 0.8ms
[2022-12-14T13:30:50.060+0100][2.352s] GC(2)   Other: 0.2ms
[2022-12-14T13:30:50.060+0100][2.352s] GC(2) Eden regions: 186->0(293)
[2022-12-14T13:30:50.060+0100][2.352s] GC(2) Survivor regions: 9->14(36)
[2022-12-14T13:30:50.060+0100][2.352s] GC(2) Old regions: 5->5
[2022-12-14T13:30:50.060+0100][2.352s] GC(2) Archive regions: 2->2
[2022-12-14T13:30:50.060+0100][2.352s] GC(2) Humongous regions: 4->4
[2022-12-14T13:30:50.060+0100][2.352s] GC(2) Metaspace: 21182K(21504K)->21182K(21504K) NonClass: 18740K(18880K)->18740K(18880K) Class: 2441K(2624K)->2441K(2624K)
[2022-12-14T13:30:50.060+0100][2.352s] GC(2) Pause Young (Concurrent Start) (Metadata GC Threshold) 203M->22M(512M) 5.519ms
[2022-12-14T13:30:50.060+0100][2.352s] GC(2) User=0.05s Sys=0.00s Real=0.01s
[2022-12-14T13:30:50.060+0100][2.352s] GC(3) Concurrent Mark Cycle
[2022-12-14T13:30:50.060+0100][2.352s] GC(3) Concurrent Clear Claimed Marks
[2022-12-14T13:30:50.060+0100][2.352s] GC(3) Concurrent Clear Claimed Marks 0.023ms
[2022-12-14T13:30:50.060+0100][2.352s] GC(3) Concurrent Scan Root Regions
[2022-12-14T13:30:50.063+0100][2.355s] GC(3) Concurrent Scan Root Regions 2.983ms
[2022-12-14T13:30:50.063+0100][2.355s] GC(3) Concurrent Mark
[2022-12-14T13:30:50.063+0100][2.355s] GC(3) Concurrent Mark From Roots
[2022-12-14T13:30:50.063+0100][2.355s] GC(3) Using 3 workers of 3 for marking
[2022-12-14T13:30:50.068+0100][2.360s] GC(3) Concurrent Mark From Roots 5.518ms
[2022-12-14T13:30:50.068+0100][2.360s] GC(3) Concurrent Preclean
[2022-12-14T13:30:50.068+0100][2.360s] GC(3) Concurrent Preclean 0.057ms
[2022-12-14T13:30:50.068+0100][2.360s] GC(3) Pause Remark
[2022-12-14T13:30:50.069+0100][2.361s] GC(3) Pause Remark 25M->25M(512M) 0.969ms
[2022-12-14T13:30:50.069+0100][2.361s] GC(3) User=0.01s Sys=0.00s Real=0.00s
[2022-12-14T13:30:50.069+0100][2.362s] GC(3) Concurrent Mark 6.740ms
[2022-12-14T13:30:50.069+0100][2.362s] GC(3) Concurrent Rebuild Remembered Sets
[2022-12-14T13:30:50.073+0100][2.365s] GC(3) Concurrent Rebuild Remembered Sets 3.498ms
[2022-12-14T13:30:50.073+0100][2.365s] GC(3) Pause Cleanup
[2022-12-14T13:30:50.073+0100][2.365s] GC(3) Pause Cleanup 26M->26M(512M) 0.084ms
[2022-12-14T13:30:50.073+0100][2.365s] GC(3) User=0.00s Sys=0.00s Real=0.00s
[2022-12-14T13:30:50.073+0100][2.365s] GC(3) Concurrent Cleanup for Next Mark
[2022-12-14T13:30:50.074+0100][2.366s] GC(3) Concurrent Cleanup for Next Mark 0.344ms
[2022-12-14T13:30:50.074+0100][2.366s] GC(3) Concurrent Mark Cycle 13.945ms
[2022-12-14T13:30:51.559+0100][3.851s] GC(4) Pause Young (Normal) (G1 Evacuation Pause)
[2022-12-14T13:30:51.559+0100][3.851s] GC(4) Using 10 workers of 10 for evacuation
[2022-12-14T13:30:51.569+0100][3.861s] GC(4)   Pre Evacuate Collection Set: 0.2ms
[2022-12-14T13:30:51.569+0100][3.861s] GC(4)   Merge Heap Roots: 0.1ms
[2022-12-14T13:30:51.569+0100][3.861s] GC(4)   Evacuate Collection Set: 8.3ms
[2022-12-14T13:30:51.569+0100][3.861s] GC(4)   Post Evacuate Collection Set: 0.8ms
[2022-12-14T13:30:51.569+0100][3.861s] GC(4)   Other: 0.2ms
[2022-12-14T13:30:51.569+0100][3.861s] GC(4) Eden regions: 293->0(285)
[2022-12-14T13:30:51.569+0100][3.861s] GC(4) Survivor regions: 14->22(39)
[2022-12-14T13:30:51.569+0100][3.861s] GC(4) Old regions: 5->5
[2022-12-14T13:30:51.569+0100][3.861s] GC(4) Archive regions: 2->2
[2022-12-14T13:30:51.569+0100][3.861s] GC(4) Humongous regions: 4->4
[2022-12-14T13:30:51.569+0100][3.861s] GC(4) Metaspace: 35074K(35456K)->35074K(35456K) NonClass: 30962K(31168K)->30962K(31168K) Class: 4111K(4288K)->4111K(4288K)
[2022-12-14T13:30:51.569+0100][3.861s] GC(4) Pause Young (Normal) (G1 Evacuation Pause) 315M->30M(512M) 9.603ms
[2022-12-14T13:30:51.569+0100][3.861s] GC(4) User=0.09s Sys=0.00s Real=0.01s
[2022-12-14T13:30:51.633+0100][3.925s] GC(5) Pause Young (Concurrent Start) (Metadata GC Threshold)
[2022-12-14T13:30:51.633+0100][3.925s] GC(5) Using 10 workers of 10 for evacuation
[2022-12-14T13:30:51.641+0100][3.933s] GC(5)   Pre Evacuate Collection Set: 0.1ms
[2022-12-14T13:30:51.641+0100][3.933s] GC(5)   Merge Heap Roots: 0.0ms
[2022-12-14T13:30:51.641+0100][3.933s] GC(5)   Evacuate Collection Set: 7.0ms
[2022-12-14T13:30:51.641+0100][3.933s] GC(5)   Post Evacuate Collection Set: 0.5ms
[2022-12-14T13:30:51.641+0100][3.933s] GC(5)   Other: 0.2ms
[2022-12-14T13:30:51.641+0100][3.933s] GC(5) Eden regions: 31->0(286)
[2022-12-14T13:30:51.641+0100][3.933s] GC(5) Survivor regions: 22->21(39)
[2022-12-14T13:30:51.641+0100][3.933s] GC(5) Old regions: 5->7
[2022-12-14T13:30:51.641+0100][3.933s] GC(5) Archive regions: 2->2
[2022-12-14T13:30:51.641+0100][3.933s] GC(5) Humongous regions: 4->4
[2022-12-14T13:30:51.641+0100][3.933s] GC(5) Metaspace: 35939K(36288K)->35939K(36288K) NonClass: 31684K(31872K)->31684K(31872K) Class: 4254K(4416K)->4254K(4416K)
[2022-12-14T13:30:51.641+0100][3.933s] GC(5) Pause Young (Concurrent Start) (Metadata GC Threshold) 61M->31M(512M) 7.956ms
[2022-12-14T13:30:51.641+0100][3.933s] GC(5) User=0.08s Sys=0.00s Real=0.01s
[2022-12-14T13:30:51.641+0100][3.933s] GC(6) Concurrent Mark Cycle
[2022-12-14T13:30:51.641+0100][3.933s] GC(6) Concurrent Clear Claimed Marks
[2022-12-14T13:30:51.641+0100][3.933s] GC(6) Concurrent Clear Claimed Marks 0.026ms
[2022-12-14T13:30:51.641+0100][3.933s] GC(6) Concurrent Scan Root Regions
[2022-12-14T13:30:51.645+0100][3.937s] GC(6) Concurrent Scan Root Regions 4.080ms
[2022-12-14T13:30:51.645+0100][3.937s] GC(6) Concurrent Mark
[2022-12-14T13:30:51.645+0100][3.937s] GC(6) Concurrent Mark From Roots
[2022-12-14T13:30:51.645+0100][3.937s] GC(6) Using 3 workers of 3 for marking
[2022-12-14T13:30:51.650+0100][3.942s] GC(6) Concurrent Mark From Roots 4.783ms
[2022-12-14T13:30:51.650+0100][3.942s] GC(6) Concurrent Preclean
[2022-12-14T13:30:51.650+0100][3.942s] GC(6) Concurrent Preclean 0.058ms
[2022-12-14T13:30:51.650+0100][3.942s] GC(6) Pause Remark
[2022-12-14T13:30:51.651+0100][3.943s] GC(6) Pause Remark 37M->37M(512M) 1.233ms
[2022-12-14T13:30:51.651+0100][3.943s] GC(6) User=0.01s Sys=0.00s Real=0.00s
[2022-12-14T13:30:51.651+0100][3.943s] GC(6) Concurrent Mark 6.291ms
[2022-12-14T13:30:51.651+0100][3.943s] GC(6) Concurrent Rebuild Remembered Sets
[2022-12-14T13:30:51.655+0100][3.947s] GC(6) Concurrent Rebuild Remembered Sets 3.506ms
[2022-12-14T13:30:51.655+0100][3.947s] GC(6) Pause Cleanup
[2022-12-14T13:30:51.655+0100][3.947s] GC(6) Pause Cleanup 39M->39M(512M) 0.103ms
[2022-12-14T13:30:51.655+0100][3.947s] GC(6) User=0.00s Sys=0.00s Real=0.00s
[2022-12-14T13:30:51.655+0100][3.947s] GC(6) Concurrent Cleanup for Next Mark
[2022-12-14T13:30:51.656+0100][3.948s] GC(6) Concurrent Cleanup for Next Mark 0.464ms
[2022-12-14T13:30:51.656+0100][3.948s] GC(6) Concurrent Mark Cycle 14.705ms
[2022-12-14T13:30:52.145+0100][4.437s] GC(7) Pause Young (Normal) (G1 Evacuation Pause)
[2022-12-14T13:30:52.145+0100][4.437s] GC(7) Using 10 workers of 10 for evacuation
[2022-12-14T13:30:52.153+0100][4.445s] GC(7)   Pre Evacuate Collection Set: 0.1ms
[2022-12-14T13:30:52.153+0100][4.445s] GC(7)   Merge Heap Roots: 0.1ms
[2022-12-14T13:30:52.153+0100][4.445s] GC(7)   Evacuate Collection Set: 7.4ms
[2022-12-14T13:30:52.153+0100][4.445s] GC(7)   Post Evacuate Collection Set: 0.7ms
[2022-12-14T13:30:52.153+0100][4.445s] GC(7)   Other: 0.1ms
[2022-12-14T13:30:52.153+0100][4.445s] GC(7) Eden regions: 286->0(281)
[2022-12-14T13:30:52.153+0100][4.445s] GC(7) Survivor regions: 21->26(39)
[2022-12-14T13:30:52.153+0100][4.445s] GC(7) Old regions: 7->7
[2022-12-14T13:30:52.153+0100][4.445s] GC(7) Archive regions: 2->2
[2022-12-14T13:30:52.153+0100][4.445s] GC(7) Humongous regions: 5->4
[2022-12-14T13:30:52.153+0100][4.445s] GC(7) Metaspace: 43964K(44352K)->43964K(44352K) NonClass: 38692K(38912K)->38692K(38912K) Class: 5271K(5440K)->5271K(5440K)
[2022-12-14T13:30:52.153+0100][4.446s] GC(7) Pause Young (Normal) (G1 Evacuation Pause) 318M->36M(512M) 8.435ms
[2022-12-14T13:30:52.153+0100][4.446s] GC(7) User=0.08s Sys=0.00s Real=0.01s
[2022-12-14T13:30:52.623+0100][4.915s] GC(8) Pause Young (Normal) (G1 Evacuation Pause)
[2022-12-14T13:30:52.623+0100][4.915s] GC(8) Using 10 workers of 10 for evacuation
[2022-12-14T13:30:52.637+0100][4.929s] GC(8)   Pre Evacuate Collection Set: 0.1ms
[2022-12-14T13:30:52.637+0100][4.929s] GC(8)   Merge Heap Roots: 0.1ms
[2022-12-14T13:30:52.637+0100][4.929s] GC(8)   Evacuate Collection Set: 13.2ms
[2022-12-14T13:30:52.637+0100][4.929s] GC(8)   Post Evacuate Collection Set: 1.0ms
[2022-12-14T13:30:52.637+0100][4.929s] GC(8)   Other: 0.2ms
[2022-12-14T13:30:52.637+0100][4.929s] GC(8) Eden regions: 281->0(272)
[2022-12-14T13:30:52.637+0100][4.929s] GC(8) Survivor regions: 26->35(39)
[2022-12-14T13:30:52.637+0100][4.929s] GC(8) Old regions: 7->14
[2022-12-14T13:30:52.637+0100][4.929s] GC(8) Archive regions: 2->2
[2022-12-14T13:30:52.637+0100][4.929s] GC(8) Humongous regions: 6->5
[2022-12-14T13:30:52.637+0100][4.929s] GC(8) Metaspace: 47934K(48448K)->47934K(48448K) NonClass: 42102K(42368K)->42102K(42368K) Class: 5831K(6080K)->5831K(6080K)
[2022-12-14T13:30:52.637+0100][4.929s] GC(8) Pause Young (Normal) (G1 Evacuation Pause) 319M->53M(512M) 14.742ms
[2022-12-14T13:30:52.637+0100][4.929s] GC(8) User=0.12s Sys=0.00s Real=0.01s
[2022-12-14T13:30:53.230+0100][5.522s] GC(9) Pause Young (Normal) (G1 Evacuation Pause)
[2022-12-14T13:30:53.230+0100][5.522s] GC(9) Using 10 workers of 10 for evacuation
[2022-12-14T13:30:53.251+0100][5.543s] GC(9)   Pre Evacuate Collection Set: 0.1ms
[2022-12-14T13:30:53.251+0100][5.543s] GC(9)   Merge Heap Roots: 0.1ms
[2022-12-14T13:30:53.251+0100][5.543s] GC(9)   Evacuate Collection Set: 19.2ms
[2022-12-14T13:30:53.251+0100][5.543s] GC(9)   Post Evacuate Collection Set: 1.1ms
[2022-12-14T13:30:53.251+0100][5.543s] GC(9)   Other: 0.2ms
[2022-12-14T13:30:53.251+0100][5.543s] GC(9) Eden regions: 272->0(278)
[2022-12-14T13:30:53.251+0100][5.543s] GC(9) Survivor regions: 35->29(39)
[2022-12-14T13:30:53.251+0100][5.543s] GC(9) Old regions: 14->31
[2022-12-14T13:30:53.251+0100][5.543s] GC(9) Archive regions: 2->2
[2022-12-14T13:30:53.251+0100][5.543s] GC(9) Humongous regions: 7->5
[2022-12-14T13:30:53.251+0100][5.543s] GC(9) Metaspace: 51686K(52224K)->51686K(52224K) NonClass: 45345K(45632K)->45345K(45632K) Class: 6340K(6592K)->6340K(6592K)
[2022-12-14T13:30:53.251+0100][5.543s] GC(9) Pause Young (Normal) (G1 Evacuation Pause) 327M->65M(512M) 20.855ms
[2022-12-14T13:30:53.251+0100][5.543s] GC(9) User=0.15s Sys=0.00s Real=0.02s
[2022-12-14T13:35:02.458+0100][254.750s] GC(10) Pause Young (Normal) (G1 Evacuation Pause)
[2022-12-14T13:35:02.458+0100][254.750s] GC(10) Using 10 workers of 10 for evacuation
[2022-12-14T13:35:02.483+0100][254.775s] GC(10)   Pre Evacuate Collection Set: 0.1ms
[2022-12-14T13:35:02.483+0100][254.775s] GC(10)   Merge Heap Roots: 0.1ms
[2022-12-14T13:35:02.483+0100][254.775s] GC(10)   Evacuate Collection Set: 23.4ms
[2022-12-14T13:35:02.483+0100][254.775s] GC(10)   Post Evacuate Collection Set: 0.9ms
[2022-12-14T13:35:02.483+0100][254.775s] GC(10)   Other: 0.2ms
[2022-12-14T13:35:02.483+0100][254.775s] GC(10) Eden regions: 278->0(281)
[2022-12-14T13:35:02.483+0100][254.775s] GC(10) Survivor regions: 29->26(39)
[2022-12-14T13:35:02.483+0100][254.775s] GC(10) Old regions: 31->48
[2022-12-14T13:35:02.483+0100][254.775s] GC(10) Archive regions: 2->2
[2022-12-14T13:35:02.483+0100][254.775s] GC(10) Humongous regions: 9->8
[2022-12-14T13:35:02.483+0100][254.775s] GC(10) Metaspace: 54749K(55360K)->54749K(55360K) NonClass: 48049K(48384K)->48049K(48384K) Class: 6699K(6976K)->6699K(6976K)
[2022-12-14T13:35:02.483+0100][254.775s] GC(10) Pause Young (Normal) (G1 Evacuation Pause) 347M->82M(512M) 24.756ms
[2022-12-14T13:35:02.483+0100][254.775s] GC(10) User=0.11s Sys=0.01s Real=0.02s
[2022-12-14T13:36:15.341+0100][327.633s] Heap
[2022-12-14T13:36:15.341+0100][327.633s]  garbage-first heap   total 524288K, used 264597K [0x00000000e0000000, 0x0000000100000000)
[2022-12-14T13:36:15.341+0100][327.633s]   region size 1024K, 202 young (206848K), 26 survivors (26624K)
[2022-12-14T13:36:15.341+0100][327.633s]  Metaspace       used 56116K, committed 56768K, reserved 1105920K
[2022-12-14T13:36:15.341+0100][327.633s]   class space    used 6832K, committed 7168K, reserved 1048576K
