[2022-12-13T20:35:28.510+0100][0.023s] Using G1
[2022-12-13T20:35:28.579+0100][0.091s] Version: 17.0.5+8-Ubuntu-2ubuntu120.04 (release)
[2022-12-13T20:35:28.579+0100][0.091s] CPUs: 12 total, 12 available
[2022-12-13T20:35:28.579+0100][0.091s] Memory: 15745M
[2022-12-13T20:35:28.579+0100][0.091s] Large Page Support: Disabled
[2022-12-13T20:35:28.579+0100][0.091s] NUMA Support: Disabled
[2022-12-13T20:35:28.579+0100][0.091s] Compressed Oops: Enabled (32-bit)
[2022-12-13T20:35:28.579+0100][0.091s] Heap Region Size: 1M
[2022-12-13T20:35:28.579+0100][0.091s] Heap Min Capacity: 512M
[2022-12-13T20:35:28.579+0100][0.091s] Heap Initial Capacity: 512M
[2022-12-13T20:35:28.579+0100][0.091s] Heap Max Capacity: 512M
[2022-12-13T20:35:28.579+0100][0.091s] Pre-touch: Enabled
[2022-12-13T20:35:28.579+0100][0.091s] Parallel Workers: 10
[2022-12-13T20:35:28.579+0100][0.091s] Concurrent Workers: 3
[2022-12-13T20:35:28.579+0100][0.091s] Concurrent Refinement Workers: 10
[2022-12-13T20:35:28.579+0100][0.091s] Periodic GC: Disabled
[2022-12-13T20:35:28.579+0100][0.092s] CDS archive(s) mapped at: [0x0000000800000000-0x0000000800be3000-0x0000000800be3000), size 12464128, SharedBaseAddress: 0x0000000800000000, ArchiveRelocationMode: 0.
[2022-12-13T20:35:28.579+0100][0.092s] Compressed class space mapped at: 0x0000000800c00000-0x0000000840c00000, reserved size: 1073741824
[2022-12-13T20:35:28.579+0100][0.092s] Narrow klass base: 0x0000000800000000, Narrow klass shift: 0, Narrow klass range: 0x100000000
[2022-12-13T20:35:29.386+0100][0.898s] GC(0) Pause Young (Normal) (G1 Evacuation Pause)
[2022-12-13T20:35:29.386+0100][0.898s] GC(0) Using 10 workers of 10 for evacuation
[2022-12-13T20:35:29.390+0100][0.902s] GC(0)   Pre Evacuate Collection Set: 0.1ms
[2022-12-13T20:35:29.390+0100][0.902s] GC(0)   Merge Heap Roots: 0.0ms
[2022-12-13T20:35:29.390+0100][0.902s] GC(0)   Evacuate Collection Set: 3.3ms
[2022-12-13T20:35:29.390+0100][0.902s] GC(0)   Post Evacuate Collection Set: 0.4ms
[2022-12-13T20:35:29.390+0100][0.902s] GC(0)   Other: 0.1ms
[2022-12-13T20:35:29.390+0100][0.902s] GC(0) Eden regions: 29->0(65)
[2022-12-13T20:35:29.390+0100][0.902s] GC(0) Survivor regions: 0->4(4)
[2022-12-13T20:35:29.390+0100][0.902s] GC(0) Old regions: 0->0
[2022-12-13T20:35:29.390+0100][0.902s] GC(0) Archive regions: 2->2
[2022-12-13T20:35:29.390+0100][0.902s] GC(0) Humongous regions: 0->0
[2022-12-13T20:35:29.390+0100][0.902s] GC(0) Metaspace: 7014K(7168K)->7014K(7168K) NonClass: 6199K(6272K)->6199K(6272K) Class: 815K(896K)->815K(896K)
[2022-12-13T20:35:29.390+0100][0.902s] GC(0) Pause Young (Normal) (G1 Evacuation Pause) 29M->4M(512M) 4.161ms
[2022-12-13T20:35:29.390+0100][0.902s] GC(0) User=0.02s Sys=0.00s Real=0.00s
[2022-12-13T20:35:30.105+0100][1.618s] GC(1) Pause Young (Normal) (G1 Evacuation Pause)
[2022-12-13T20:35:30.106+0100][1.618s] GC(1) Using 10 workers of 10 for evacuation
[2022-12-13T20:35:30.111+0100][1.624s] GC(1)   Pre Evacuate Collection Set: 0.1ms
[2022-12-13T20:35:30.111+0100][1.624s] GC(1)   Merge Heap Roots: 0.0ms
[2022-12-13T20:35:30.111+0100][1.624s] GC(1)   Evacuate Collection Set: 4.9ms
[2022-12-13T20:35:30.111+0100][1.624s] GC(1)   Post Evacuate Collection Set: 0.5ms
[2022-12-13T20:35:30.111+0100][1.624s] GC(1)   Other: 0.1ms
[2022-12-13T20:35:30.111+0100][1.624s] GC(1) Eden regions: 65->0(278)
[2022-12-13T20:35:30.111+0100][1.624s] GC(1) Survivor regions: 4->9(9)
[2022-12-13T20:35:30.111+0100][1.624s] GC(1) Old regions: 0->5
[2022-12-13T20:35:30.111+0100][1.624s] GC(1) Archive regions: 2->2
[2022-12-13T20:35:30.111+0100][1.624s] GC(1) Humongous regions: 4->4
[2022-12-13T20:35:30.111+0100][1.624s] GC(1) Metaspace: 16414K(16704K)->16414K(16704K) NonClass: 14487K(14656K)->14487K(14656K) Class: 1926K(2048K)->1926K(2048K)
[2022-12-13T20:35:30.111+0100][1.624s] GC(1) Pause Young (Normal) (G1 Evacuation Pause) 73M->18M(512M) 5.732ms
[2022-12-13T20:35:30.111+0100][1.624s] GC(1) User=0.05s Sys=0.01s Real=0.01s
[2022-12-13T20:35:30.840+0100][2.353s] GC(2) Pause Young (Concurrent Start) (Metadata GC Threshold)
[2022-12-13T20:35:30.840+0100][2.353s] GC(2) Using 10 workers of 10 for evacuation
[2022-12-13T20:35:30.845+0100][2.358s] GC(2)   Pre Evacuate Collection Set: 0.1ms
[2022-12-13T20:35:30.846+0100][2.358s] GC(2)   Merge Heap Roots: 0.1ms
[2022-12-13T20:35:30.846+0100][2.358s] GC(2)   Evacuate Collection Set: 4.2ms
[2022-12-13T20:35:30.846+0100][2.358s] GC(2)   Post Evacuate Collection Set: 0.8ms
[2022-12-13T20:35:30.846+0100][2.358s] GC(2)   Other: 0.2ms
[2022-12-13T20:35:30.846+0100][2.358s] GC(2) Eden regions: 184->0(293)
[2022-12-13T20:35:30.846+0100][2.358s] GC(2) Survivor regions: 9->14(35)
[2022-12-13T20:35:30.846+0100][2.358s] GC(2) Old regions: 5->5
[2022-12-13T20:35:30.846+0100][2.358s] GC(2) Archive regions: 2->2
[2022-12-13T20:35:30.846+0100][2.358s] GC(2) Humongous regions: 4->4
[2022-12-13T20:35:30.846+0100][2.358s] GC(2) Metaspace: 21190K(21504K)->21190K(21504K) NonClass: 18757K(18944K)->18757K(18944K) Class: 2433K(2560K)->2433K(2560K)
[2022-12-13T20:35:30.846+0100][2.358s] GC(2) Pause Young (Concurrent Start) (Metadata GC Threshold) 201M->23M(512M) 5.526ms
[2022-12-13T20:35:30.846+0100][2.358s] GC(2) User=0.05s Sys=0.00s Real=0.01s
[2022-12-13T20:35:30.846+0100][2.358s] GC(3) Concurrent Mark Cycle
[2022-12-13T20:35:30.846+0100][2.358s] GC(3) Concurrent Clear Claimed Marks
[2022-12-13T20:35:30.846+0100][2.358s] GC(3) Concurrent Clear Claimed Marks 0.021ms
[2022-12-13T20:35:30.846+0100][2.358s] GC(3) Concurrent Scan Root Regions
[2022-12-13T20:35:30.848+0100][2.361s] GC(3) Concurrent Scan Root Regions 2.711ms
[2022-12-13T20:35:30.848+0100][2.361s] GC(3) Concurrent Mark
[2022-12-13T20:35:30.849+0100][2.361s] GC(3) Concurrent Mark From Roots
[2022-12-13T20:35:30.849+0100][2.361s] GC(3) Using 3 workers of 3 for marking
[2022-12-13T20:35:30.853+0100][2.365s] GC(3) Concurrent Mark From Roots 4.392ms
[2022-12-13T20:35:30.853+0100][2.366s] GC(3) Concurrent Preclean
[2022-12-13T20:35:30.853+0100][2.366s] GC(3) Concurrent Preclean 0.056ms
[2022-12-13T20:35:30.853+0100][2.366s] GC(3) Pause Remark
[2022-12-13T20:35:30.854+0100][2.367s] GC(3) Pause Remark 26M->26M(512M) 1.016ms
[2022-12-13T20:35:30.854+0100][2.367s] GC(3) User=0.01s Sys=0.00s Real=0.00s
[2022-12-13T20:35:30.854+0100][2.367s] GC(3) Concurrent Mark 5.729ms
[2022-12-13T20:35:30.854+0100][2.367s] GC(3) Concurrent Rebuild Remembered Sets
[2022-12-13T20:35:30.857+0100][2.369s] GC(3) Concurrent Rebuild Remembered Sets 2.413ms
[2022-12-13T20:35:30.857+0100][2.369s] GC(3) Pause Cleanup
[2022-12-13T20:35:30.857+0100][2.369s] GC(3) Pause Cleanup 27M->27M(512M) 0.083ms
[2022-12-13T20:35:30.857+0100][2.369s] GC(3) User=0.00s Sys=0.00s Real=0.00s
[2022-12-13T20:35:30.857+0100][2.369s] GC(3) Concurrent Cleanup for Next Mark
[2022-12-13T20:35:30.857+0100][2.370s] GC(3) Concurrent Cleanup for Next Mark 0.297ms
[2022-12-13T20:35:30.857+0100][2.370s] GC(3) Concurrent Mark Cycle 11.517ms
[2022-12-13T20:35:32.158+0100][3.671s] GC(4) Pause Young (Normal) (G1 Evacuation Pause)
[2022-12-13T20:35:32.158+0100][3.671s] GC(4) Using 10 workers of 10 for evacuation
[2022-12-13T20:35:32.166+0100][3.679s] GC(4)   Pre Evacuate Collection Set: 0.1ms
[2022-12-13T20:35:32.166+0100][3.679s] GC(4)   Merge Heap Roots: 0.1ms
[2022-12-13T20:35:32.166+0100][3.679s] GC(4)   Evacuate Collection Set: 6.9ms
[2022-12-13T20:35:32.166+0100][3.679s] GC(4)   Post Evacuate Collection Set: 0.7ms
[2022-12-13T20:35:32.166+0100][3.679s] GC(4)   Other: 0.1ms
[2022-12-13T20:35:32.166+0100][3.679s] GC(4) Eden regions: 293->0(285)
[2022-12-13T20:35:32.166+0100][3.679s] GC(4) Survivor regions: 14->22(39)
[2022-12-13T20:35:32.166+0100][3.679s] GC(4) Old regions: 5->5
[2022-12-13T20:35:32.166+0100][3.679s] GC(4) Archive regions: 2->2
[2022-12-13T20:35:32.166+0100][3.679s] GC(4) Humongous regions: 4->4
[2022-12-13T20:35:32.166+0100][3.679s] GC(4) Metaspace: 35562K(35904K)->35562K(35904K) NonClass: 31376K(31552K)->31376K(31552K) Class: 4185K(4352K)->4185K(4352K)
[2022-12-13T20:35:32.166+0100][3.679s] GC(4) Pause Young (Normal) (G1 Evacuation Pause) 316M->30M(512M) 7.962ms
[2022-12-13T20:35:32.166+0100][3.679s] GC(4) User=0.07s Sys=0.00s Real=0.01s
[2022-12-13T20:35:32.185+0100][3.698s] GC(5) Pause Young (Concurrent Start) (Metadata GC Threshold)
[2022-12-13T20:35:32.185+0100][3.698s] GC(5) Using 10 workers of 10 for evacuation
[2022-12-13T20:35:32.192+0100][3.705s] GC(5)   Pre Evacuate Collection Set: 0.1ms
[2022-12-13T20:35:32.192+0100][3.705s] GC(5)   Merge Heap Roots: 0.0ms
[2022-12-13T20:35:32.192+0100][3.705s] GC(5)   Evacuate Collection Set: 6.0ms
[2022-12-13T20:35:32.192+0100][3.705s] GC(5)   Post Evacuate Collection Set: 0.5ms
[2022-12-13T20:35:32.192+0100][3.705s] GC(5)   Other: 0.2ms
[2022-12-13T20:35:32.192+0100][3.705s] GC(5) Eden regions: 9->0(287)
[2022-12-13T20:35:32.192+0100][3.705s] GC(5) Survivor regions: 22->20(39)
[2022-12-13T20:35:32.192+0100][3.705s] GC(5) Old regions: 5->7
[2022-12-13T20:35:32.192+0100][3.705s] GC(5) Archive regions: 2->2
[2022-12-13T20:35:32.192+0100][3.705s] GC(5) Humongous regions: 4->4
[2022-12-13T20:35:32.192+0100][3.705s] GC(5) Metaspace: 35755K(36096K)->35755K(36096K) NonClass: 31532K(31680K)->31532K(31680K) Class: 4223K(4416K)->4223K(4416K)
[2022-12-13T20:35:32.192+0100][3.705s] GC(5) Pause Young (Concurrent Start) (Metadata GC Threshold) 39M->31M(512M) 6.807ms
[2022-12-13T20:35:32.192+0100][3.705s] GC(5) User=0.07s Sys=0.00s Real=0.01s
[2022-12-13T20:35:32.192+0100][3.705s] GC(6) Concurrent Mark Cycle
[2022-12-13T20:35:32.192+0100][3.705s] GC(6) Concurrent Clear Claimed Marks
[2022-12-13T20:35:32.192+0100][3.705s] GC(6) Concurrent Clear Claimed Marks 0.032ms
[2022-12-13T20:35:32.192+0100][3.705s] GC(6) Concurrent Scan Root Regions
[2022-12-13T20:35:32.198+0100][3.711s] GC(6) Concurrent Scan Root Regions 5.664ms
[2022-12-13T20:35:32.198+0100][3.711s] GC(6) Concurrent Mark
[2022-12-13T20:35:32.198+0100][3.711s] GC(6) Concurrent Mark From Roots
[2022-12-13T20:35:32.198+0100][3.711s] GC(6) Using 3 workers of 3 for marking
[2022-12-13T20:35:32.204+0100][3.717s] GC(6) Concurrent Mark From Roots 6.350ms
[2022-12-13T20:35:32.204+0100][3.717s] GC(6) Concurrent Preclean
[2022-12-13T20:35:32.205+0100][3.717s] GC(6) Concurrent Preclean 0.089ms
[2022-12-13T20:35:32.205+0100][3.717s] GC(6) Pause Remark
[2022-12-13T20:35:32.206+0100][3.719s] GC(6) Pause Remark 38M->38M(512M) 1.643ms
[2022-12-13T20:35:32.206+0100][3.719s] GC(6) User=0.02s Sys=0.00s Real=0.01s
[2022-12-13T20:35:32.206+0100][3.719s] GC(6) Concurrent Mark 8.321ms
[2022-12-13T20:35:32.206+0100][3.719s] GC(6) Concurrent Rebuild Remembered Sets
[2022-12-13T20:35:32.210+0100][3.723s] GC(6) Concurrent Rebuild Remembered Sets 4.107ms
[2022-12-13T20:35:32.211+0100][3.723s] GC(6) Pause Cleanup
[2022-12-13T20:35:32.211+0100][3.723s] GC(6) Pause Cleanup 40M->40M(512M) 0.088ms
[2022-12-13T20:35:32.211+0100][3.723s] GC(6) User=0.00s Sys=0.00s Real=0.00s
[2022-12-13T20:35:32.211+0100][3.723s] GC(6) Concurrent Cleanup for Next Mark
[2022-12-13T20:35:32.211+0100][3.724s] GC(6) Concurrent Cleanup for Next Mark 0.454ms
[2022-12-13T20:35:32.211+0100][3.724s] GC(6) Concurrent Mark Cycle 19.008ms
[2022-12-13T20:35:32.684+0100][4.197s] GC(7) Pause Young (Concurrent Start) (G1 Evacuation Pause)
[2022-12-13T20:35:32.684+0100][4.197s] GC(7) Using 10 workers of 10 for evacuation
[2022-12-13T20:35:32.693+0100][4.206s] GC(7)   Pre Evacuate Collection Set: 0.1ms
[2022-12-13T20:35:32.693+0100][4.206s] GC(7)   Merge Heap Roots: 0.1ms
[2022-12-13T20:35:32.693+0100][4.206s] GC(7)   Evacuate Collection Set: 8.0ms
[2022-12-13T20:35:32.693+0100][4.206s] GC(7)   Post Evacuate Collection Set: 0.7ms
[2022-12-13T20:35:32.693+0100][4.206s] GC(7)   Other: 0.2ms
[2022-12-13T20:35:32.693+0100][4.206s] GC(7) Eden regions: 287->0(282)
[2022-12-13T20:35:32.693+0100][4.206s] GC(7) Survivor regions: 20->25(39)
[2022-12-13T20:35:32.693+0100][4.206s] GC(7) Old regions: 7->7
[2022-12-13T20:35:32.693+0100][4.206s] GC(7) Archive regions: 2->2
[2022-12-13T20:35:32.693+0100][4.206s] GC(7) Humongous regions: 5->4
[2022-12-13T20:35:32.693+0100][4.206s] GC(7) Metaspace: 43867K(44224K)->43867K(44224K) NonClass: 38614K(38784K)->38614K(38784K) Class: 5253K(5440K)->5253K(5440K)
[2022-12-13T20:35:32.694+0100][4.206s] GC(7) Pause Young (Concurrent Start) (G1 Evacuation Pause) 319M->36M(512M) 9.142ms
[2022-12-13T20:35:32.694+0100][4.206s] GC(7) User=0.10s Sys=0.00s Real=0.01s
[2022-12-13T20:35:32.694+0100][4.206s] GC(8) Concurrent Mark Cycle
[2022-12-13T20:35:32.694+0100][4.206s] GC(8) Concurrent Clear Claimed Marks
[2022-12-13T20:35:32.694+0100][4.206s] GC(8) Concurrent Clear Claimed Marks 0.039ms
[2022-12-13T20:35:32.694+0100][4.206s] GC(8) Concurrent Scan Root Regions
[2022-12-13T20:35:32.700+0100][4.213s] GC(8) Concurrent Scan Root Regions 6.362ms
[2022-12-13T20:35:32.700+0100][4.213s] GC(8) Concurrent Mark
[2022-12-13T20:35:32.700+0100][4.213s] GC(8) Concurrent Mark From Roots
[2022-12-13T20:35:32.700+0100][4.213s] GC(8) Using 3 workers of 3 for marking
[2022-12-13T20:35:32.708+0100][4.220s] GC(8) Concurrent Mark From Roots 7.546ms
[2022-12-13T20:35:32.708+0100][4.220s] GC(8) Concurrent Preclean
[2022-12-13T20:35:32.708+0100][4.220s] GC(8) Concurrent Preclean 0.108ms
[2022-12-13T20:35:32.708+0100][4.220s] GC(8) Pause Remark
[2022-12-13T20:35:32.710+0100][4.223s] GC(8) Pause Remark 45M->45M(512M) 2.254ms
[2022-12-13T20:35:32.710+0100][4.223s] GC(8) User=0.02s Sys=0.00s Real=0.00s
[2022-12-13T20:35:32.710+0100][4.223s] GC(8) Concurrent Mark 10.193ms
[2022-12-13T20:35:32.710+0100][4.223s] GC(8) Concurrent Rebuild Remembered Sets
[2022-12-13T20:35:32.714+0100][4.227s] GC(8) Concurrent Rebuild Remembered Sets 4.011ms
[2022-12-13T20:35:32.714+0100][4.227s] GC(8) Pause Cleanup
[2022-12-13T20:35:32.714+0100][4.227s] GC(8) Pause Cleanup 47M->47M(512M) 0.089ms
[2022-12-13T20:35:32.714+0100][4.227s] GC(8) User=0.00s Sys=0.00s Real=0.00s
[2022-12-13T20:35:32.714+0100][4.227s] GC(8) Concurrent Cleanup for Next Mark
[2022-12-13T20:35:32.715+0100][4.227s] GC(8) Concurrent Cleanup for Next Mark 0.395ms
[2022-12-13T20:35:32.715+0100][4.228s] GC(8) Concurrent Mark Cycle 21.376ms
[2022-12-13T20:35:33.132+0100][4.645s] GC(9) Pause Young (Normal) (G1 Evacuation Pause)
[2022-12-13T20:35:33.132+0100][4.645s] GC(9) Using 10 workers of 10 for evacuation
[2022-12-13T20:35:33.145+0100][4.658s] GC(9)   Pre Evacuate Collection Set: 0.1ms
[2022-12-13T20:35:33.145+0100][4.658s] GC(9)   Merge Heap Roots: 0.1ms
[2022-12-13T20:35:33.145+0100][4.658s] GC(9)   Evacuate Collection Set: 12.0ms
[2022-12-13T20:35:33.145+0100][4.658s] GC(9)   Post Evacuate Collection Set: 0.9ms
[2022-12-13T20:35:33.145+0100][4.658s] GC(9)   Other: 0.2ms
[2022-12-13T20:35:33.145+0100][4.658s] GC(9) Eden regions: 282->0(272)
[2022-12-13T20:35:33.145+0100][4.658s] GC(9) Survivor regions: 25->35(39)
[2022-12-13T20:35:33.145+0100][4.658s] GC(9) Old regions: 7->14
[2022-12-13T20:35:33.145+0100][4.658s] GC(9) Archive regions: 2->2
[2022-12-13T20:35:33.145+0100][4.658s] GC(9) Humongous regions: 6->5
[2022-12-13T20:35:33.145+0100][4.658s] GC(9) Metaspace: 47943K(48448K)->47943K(48448K) NonClass: 42119K(42368K)->42119K(42368K) Class: 5823K(6080K)->5823K(6080K)
[2022-12-13T20:35:33.145+0100][4.658s] GC(9) Pause Young (Normal) (G1 Evacuation Pause) 320M->53M(512M) 13.291ms
[2022-12-13T20:35:33.145+0100][4.658s] GC(9) User=0.13s Sys=0.00s Real=0.01s
[2022-12-13T20:35:33.522+0100][5.035s] GC(10) Pause Young (Normal) (G1 Evacuation Pause)
[2022-12-13T20:35:33.522+0100][5.035s] GC(10) Using 10 workers of 10 for evacuation
[2022-12-13T20:35:33.543+0100][5.056s] GC(10)   Pre Evacuate Collection Set: 0.1ms
[2022-12-13T20:35:33.543+0100][5.056s] GC(10)   Merge Heap Roots: 0.1ms
[2022-12-13T20:35:33.543+0100][5.056s] GC(10)   Evacuate Collection Set: 19.8ms
[2022-12-13T20:35:33.543+0100][5.056s] GC(10)   Post Evacuate Collection Set: 0.8ms
[2022-12-13T20:35:33.543+0100][5.056s] GC(10)   Other: 0.2ms
[2022-12-13T20:35:33.543+0100][5.056s] GC(10) Eden regions: 272->0(275)
[2022-12-13T20:35:33.543+0100][5.056s] GC(10) Survivor regions: 35->32(39)
[2022-12-13T20:35:33.543+0100][5.056s] GC(10) Old regions: 14->30
[2022-12-13T20:35:33.543+0100][5.056s] GC(10) Archive regions: 2->2
[2022-12-13T20:35:33.543+0100][5.056s] GC(10) Humongous regions: 7->5
[2022-12-13T20:35:33.543+0100][5.056s] GC(10) Metaspace: 49794K(50304K)->49794K(50304K) NonClass: 43746K(43968K)->43746K(43968K) Class: 6047K(6336K)->6047K(6336K)
[2022-12-13T20:35:33.543+0100][5.056s] GC(10) Pause Young (Normal) (G1 Evacuation Pause) 327M->67M(512M) 21.136ms
[2022-12-13T20:35:33.543+0100][5.056s] GC(10) User=0.17s Sys=0.00s Real=0.02s
[2022-12-13T20:35:36.731+0100][8.244s] GC(11) Pause Young (Normal) (G1 Evacuation Pause)
[2022-12-13T20:35:36.731+0100][8.244s] GC(11) Using 10 workers of 10 for evacuation
[2022-12-13T20:35:36.757+0100][8.270s] GC(11)   Pre Evacuate Collection Set: 0.2ms
[2022-12-13T20:35:36.757+0100][8.270s] GC(11)   Merge Heap Roots: 0.1ms
[2022-12-13T20:35:36.757+0100][8.270s] GC(11)   Evacuate Collection Set: 24.1ms
[2022-12-13T20:35:36.757+0100][8.270s] GC(11)   Post Evacuate Collection Set: 1.6ms
[2022-12-13T20:35:36.757+0100][8.270s] GC(11)   Other: 0.2ms
[2022-12-13T20:35:36.757+0100][8.270s] GC(11) Eden regions: 275->0(280)
[2022-12-13T20:35:36.757+0100][8.270s] GC(11) Survivor regions: 32->27(39)
[2022-12-13T20:35:36.757+0100][8.270s] GC(11) Old regions: 30->47
[2022-12-13T20:35:36.757+0100][8.270s] GC(11) Archive regions: 2->2
[2022-12-13T20:35:36.757+0100][8.270s] GC(11) Humongous regions: 9->8
[2022-12-13T20:35:36.757+0100][8.270s] GC(11) Metaspace: 54037K(54592K)->54037K(54592K) NonClass: 47429K(47744K)->47429K(47744K) Class: 6608K(6848K)->6608K(6848K)
[2022-12-13T20:35:36.757+0100][8.270s] GC(11) Pause Young (Normal) (G1 Evacuation Pause) 346M->82M(512M) 26.318ms
[2022-12-13T20:35:36.757+0100][8.270s] GC(11) User=0.16s Sys=0.00s Real=0.02s
