[2022-12-14T16:08:02.682+0100][0.026s] Using G1
[2022-12-14T16:08:02.741+0100][0.084s] Version: 17.0.5+8-Ubuntu-2ubuntu120.04 (release)
[2022-12-14T16:08:02.741+0100][0.084s] CPUs: 12 total, 12 available
[2022-12-14T16:08:02.741+0100][0.085s] Memory: 15745M
[2022-12-14T16:08:02.741+0100][0.085s] Large Page Support: Disabled
[2022-12-14T16:08:02.741+0100][0.085s] NUMA Support: Disabled
[2022-12-14T16:08:02.741+0100][0.085s] Compressed Oops: Enabled (32-bit)
[2022-12-14T16:08:02.741+0100][0.085s] Heap Region Size: 1M
[2022-12-14T16:08:02.741+0100][0.085s] Heap Min Capacity: 512M
[2022-12-14T16:08:02.741+0100][0.085s] Heap Initial Capacity: 512M
[2022-12-14T16:08:02.741+0100][0.085s] Heap Max Capacity: 512M
[2022-12-14T16:08:02.741+0100][0.085s] Pre-touch: Enabled
[2022-12-14T16:08:02.741+0100][0.085s] Parallel Workers: 10
[2022-12-14T16:08:02.741+0100][0.085s] Concurrent Workers: 3
[2022-12-14T16:08:02.741+0100][0.085s] Concurrent Refinement Workers: 10
[2022-12-14T16:08:02.741+0100][0.085s] Periodic GC: Disabled
[2022-12-14T16:08:02.741+0100][0.085s] CDS archive(s) mapped at: [0x0000000800000000-0x0000000800be3000-0x0000000800be3000), size 12464128, SharedBaseAddress: 0x0000000800000000, ArchiveRelocationMode: 0.
[2022-12-14T16:08:02.741+0100][0.085s] Compressed class space mapped at: 0x0000000800c00000-0x0000000840c00000, reserved size: 1073741824
[2022-12-14T16:08:02.741+0100][0.085s] Narrow klass base: 0x0000000800000000, Narrow klass shift: 0, Narrow klass range: 0x100000000
[2022-12-14T16:08:03.283+0100][0.627s] GC(0) Pause Young (Normal) (G1 Evacuation Pause)
[2022-12-14T16:08:03.283+0100][0.627s] GC(0) Using 10 workers of 10 for evacuation
[2022-12-14T16:08:03.285+0100][0.629s] GC(0)   Pre Evacuate Collection Set: 0.1ms
[2022-12-14T16:08:03.285+0100][0.629s] GC(0)   Merge Heap Roots: 0.1ms
[2022-12-14T16:08:03.285+0100][0.629s] GC(0)   Evacuate Collection Set: 1.2ms
[2022-12-14T16:08:03.285+0100][0.629s] GC(0)   Post Evacuate Collection Set: 0.2ms
[2022-12-14T16:08:03.285+0100][0.629s] GC(0)   Other: 0.1ms
[2022-12-14T16:08:03.285+0100][0.629s] GC(0) Eden regions: 29->0(65)
[2022-12-14T16:08:03.285+0100][0.629s] GC(0) Survivor regions: 0->4(4)
[2022-12-14T16:08:03.285+0100][0.629s] GC(0) Old regions: 0->0
[2022-12-14T16:08:03.285+0100][0.629s] GC(0) Archive regions: 2->2
[2022-12-14T16:08:03.285+0100][0.629s] GC(0) Humongous regions: 0->0
[2022-12-14T16:08:03.285+0100][0.629s] GC(0) Metaspace: 6997K(7168K)->6997K(7168K) NonClass: 6182K(6272K)->6182K(6272K) Class: 815K(896K)->815K(896K)
[2022-12-14T16:08:03.285+0100][0.629s] GC(0) Pause Young (Normal) (G1 Evacuation Pause) 29M->4M(512M) 1.760ms
[2022-12-14T16:08:03.285+0100][0.629s] GC(0) User=0.01s Sys=0.00s Real=0.00s
[2022-12-14T16:08:03.869+0100][1.212s] GC(1) Pause Young (Normal) (G1 Evacuation Pause)
[2022-12-14T16:08:03.869+0100][1.212s] GC(1) Using 10 workers of 10 for evacuation
[2022-12-14T16:08:03.875+0100][1.218s] GC(1)   Pre Evacuate Collection Set: 0.1ms
[2022-12-14T16:08:03.875+0100][1.218s] GC(1)   Merge Heap Roots: 0.0ms
[2022-12-14T16:08:03.875+0100][1.218s] GC(1)   Evacuate Collection Set: 5.3ms
[2022-12-14T16:08:03.875+0100][1.218s] GC(1)   Post Evacuate Collection Set: 0.6ms
[2022-12-14T16:08:03.875+0100][1.218s] GC(1)   Other: 0.1ms
[2022-12-14T16:08:03.875+0100][1.218s] GC(1) Eden regions: 65->0(276)
[2022-12-14T16:08:03.875+0100][1.218s] GC(1) Survivor regions: 4->9(9)
[2022-12-14T16:08:03.875+0100][1.218s] GC(1) Old regions: 0->5
[2022-12-14T16:08:03.875+0100][1.218s] GC(1) Archive regions: 2->2
[2022-12-14T16:08:03.875+0100][1.218s] GC(1) Humongous regions: 4->4
[2022-12-14T16:08:03.875+0100][1.218s] GC(1) Metaspace: 16372K(16640K)->16372K(16640K) NonClass: 14445K(14592K)->14445K(14592K) Class: 1926K(2048K)->1926K(2048K)
[2022-12-14T16:08:03.875+0100][1.218s] GC(1) Pause Young (Normal) (G1 Evacuation Pause) 73M->18M(512M) 6.173ms
[2022-12-14T16:08:03.875+0100][1.218s] GC(1) User=0.07s Sys=0.00s Real=0.01s
[2022-12-14T16:08:04.600+0100][1.944s] GC(2) Pause Young (Concurrent Start) (Metadata GC Threshold)
[2022-12-14T16:08:04.600+0100][1.944s] GC(2) Using 10 workers of 10 for evacuation
[2022-12-14T16:08:04.606+0100][1.949s] GC(2)   Pre Evacuate Collection Set: 0.1ms
[2022-12-14T16:08:04.606+0100][1.949s] GC(2)   Merge Heap Roots: 0.1ms
[2022-12-14T16:08:04.606+0100][1.949s] GC(2)   Evacuate Collection Set: 4.1ms
[2022-12-14T16:08:04.606+0100][1.949s] GC(2)   Post Evacuate Collection Set: 0.7ms
[2022-12-14T16:08:04.606+0100][1.949s] GC(2)   Other: 0.3ms
[2022-12-14T16:08:04.606+0100][1.949s] GC(2) Eden regions: 185->0(293)
[2022-12-14T16:08:04.606+0100][1.949s] GC(2) Survivor regions: 9->14(31)
[2022-12-14T16:08:04.606+0100][1.949s] GC(2) Old regions: 5->5
[2022-12-14T16:08:04.606+0100][1.949s] GC(2) Archive regions: 2->2
[2022-12-14T16:08:04.606+0100][1.949s] GC(2) Humongous regions: 4->4
[2022-12-14T16:08:04.606+0100][1.949s] GC(2) Metaspace: 21188K(21504K)->21188K(21504K) NonClass: 18749K(18880K)->18749K(18880K) Class: 2438K(2624K)->2438K(2624K)
[2022-12-14T16:08:04.606+0100][1.949s] GC(2) Pause Young (Concurrent Start) (Metadata GC Threshold) 202M->23M(512M) 5.394ms
[2022-12-14T16:08:04.606+0100][1.949s] GC(2) User=0.04s Sys=0.00s Real=0.01s
[2022-12-14T16:08:04.606+0100][1.949s] GC(3) Concurrent Mark Cycle
[2022-12-14T16:08:04.606+0100][1.949s] GC(3) Concurrent Clear Claimed Marks
[2022-12-14T16:08:04.606+0100][1.949s] GC(3) Concurrent Clear Claimed Marks 0.035ms
[2022-12-14T16:08:04.606+0100][1.949s] GC(3) Concurrent Scan Root Regions
[2022-12-14T16:08:04.610+0100][1.954s] GC(3) Concurrent Scan Root Regions 4.183ms
[2022-12-14T16:08:04.610+0100][1.954s] GC(3) Concurrent Mark
[2022-12-14T16:08:04.610+0100][1.954s] GC(3) Concurrent Mark From Roots
[2022-12-14T16:08:04.610+0100][1.954s] GC(3) Using 3 workers of 3 for marking
[2022-12-14T16:08:04.615+0100][1.958s] GC(3) Concurrent Mark From Roots 4.765ms
[2022-12-14T16:08:04.615+0100][1.958s] GC(3) Concurrent Preclean
[2022-12-14T16:08:04.615+0100][1.958s] GC(3) Concurrent Preclean 0.057ms
[2022-12-14T16:08:04.615+0100][1.959s] GC(3) Pause Remark
[2022-12-14T16:08:04.616+0100][1.960s] GC(3) Pause Remark 26M->26M(512M) 1.064ms
[2022-12-14T16:08:04.616+0100][1.960s] GC(3) User=0.00s Sys=0.00s Real=0.00s
[2022-12-14T16:08:04.616+0100][1.960s] GC(3) Concurrent Mark 6.110ms
[2022-12-14T16:08:04.616+0100][1.960s] GC(3) Concurrent Rebuild Remembered Sets
[2022-12-14T16:08:04.619+0100][1.963s] GC(3) Concurrent Rebuild Remembered Sets 2.838ms
[2022-12-14T16:08:04.619+0100][1.963s] GC(3) Pause Cleanup
[2022-12-14T16:08:04.619+0100][1.963s] GC(3) Pause Cleanup 26M->26M(512M) 0.087ms
[2022-12-14T16:08:04.619+0100][1.963s] GC(3) User=0.00s Sys=0.00s Real=0.00s
[2022-12-14T16:08:04.619+0100][1.963s] GC(3) Concurrent Cleanup for Next Mark
[2022-12-14T16:08:04.620+0100][1.963s] GC(3) Concurrent Cleanup for Next Mark 0.286ms
[2022-12-14T16:08:04.620+0100][1.963s] GC(3) Concurrent Mark Cycle 13.799ms
[2022-12-14T16:08:31.692+0100][29.036s] GC(4) Pause Young (Normal) (G1 Evacuation Pause)
[2022-12-14T16:08:31.692+0100][29.036s] GC(4) Using 10 workers of 10 for evacuation
[2022-12-14T16:08:31.700+0100][29.044s] GC(4)   Pre Evacuate Collection Set: 0.1ms
[2022-12-14T16:08:31.700+0100][29.044s] GC(4)   Merge Heap Roots: 0.1ms
[2022-12-14T16:08:31.700+0100][29.044s] GC(4)   Evacuate Collection Set: 6.9ms
[2022-12-14T16:08:31.700+0100][29.044s] GC(4)   Post Evacuate Collection Set: 0.7ms
[2022-12-14T16:08:31.700+0100][29.044s] GC(4)   Other: 0.2ms
[2022-12-14T16:08:31.700+0100][29.044s] GC(4) Eden regions: 293->0(285)
[2022-12-14T16:08:31.700+0100][29.044s] GC(4) Survivor regions: 14->22(39)
[2022-12-14T16:08:31.700+0100][29.044s] GC(4) Old regions: 5->5
[2022-12-14T16:08:31.700+0100][29.044s] GC(4) Archive regions: 2->2
[2022-12-14T16:08:31.700+0100][29.044s] GC(4) Humongous regions: 4->4
[2022-12-14T16:08:31.700+0100][29.044s] GC(4) Metaspace: 35678K(36032K)->35678K(36032K) NonClass: 31465K(31616K)->31465K(31616K) Class: 4213K(4416K)->4213K(4416K)
[2022-12-14T16:08:31.700+0100][29.044s] GC(4) Pause Young (Normal) (G1 Evacuation Pause) 316M->31M(512M) 8.023ms
[2022-12-14T16:08:31.700+0100][29.044s] GC(4) User=0.08s Sys=0.00s Real=0.00s
[2022-12-14T16:08:31.712+0100][29.056s] GC(5) Pause Young (Concurrent Start) (Metadata GC Threshold)
[2022-12-14T16:08:31.712+0100][29.056s] GC(5) Using 10 workers of 10 for evacuation
[2022-12-14T16:08:31.719+0100][29.063s] GC(5)   Pre Evacuate Collection Set: 0.1ms
[2022-12-14T16:08:31.719+0100][29.063s] GC(5)   Merge Heap Roots: 0.0ms
[2022-12-14T16:08:31.719+0100][29.063s] GC(5)   Evacuate Collection Set: 6.2ms
[2022-12-14T16:08:31.719+0100][29.063s] GC(5)   Post Evacuate Collection Set: 0.5ms
[2022-12-14T16:08:31.719+0100][29.063s] GC(5)   Other: 0.1ms
[2022-12-14T16:08:31.719+0100][29.063s] GC(5) Eden regions: 6->0(287)
[2022-12-14T16:08:31.719+0100][29.063s] GC(5) Survivor regions: 22->20(39)
[2022-12-14T16:08:31.719+0100][29.063s] GC(5) Old regions: 5->7
[2022-12-14T16:08:31.719+0100][29.063s] GC(5) Archive regions: 2->2
[2022-12-14T16:08:31.719+0100][29.063s] GC(5) Humongous regions: 4->4
[2022-12-14T16:08:31.719+0100][29.063s] GC(5) Metaspace: 35783K(36160K)->35783K(36160K) NonClass: 31548K(31744K)->31548K(31744K) Class: 4234K(4416K)->4234K(4416K)
[2022-12-14T16:08:31.719+0100][29.063s] GC(5) Pause Young (Concurrent Start) (Metadata GC Threshold) 36M->31M(512M) 7.074ms
[2022-12-14T16:08:31.719+0100][29.063s] GC(5) User=0.07s Sys=0.00s Real=0.00s
[2022-12-14T16:08:31.719+0100][29.063s] GC(6) Concurrent Mark Cycle
[2022-12-14T16:08:31.719+0100][29.063s] GC(6) Concurrent Clear Claimed Marks
[2022-12-14T16:08:31.719+0100][29.063s] GC(6) Concurrent Clear Claimed Marks 0.033ms
[2022-12-14T16:08:31.719+0100][29.063s] GC(6) Concurrent Scan Root Regions
[2022-12-14T16:08:31.725+0100][29.069s] GC(6) Concurrent Scan Root Regions 5.787ms
[2022-12-14T16:08:31.725+0100][29.069s] GC(6) Concurrent Mark
[2022-12-14T16:08:31.725+0100][29.069s] GC(6) Concurrent Mark From Roots
[2022-12-14T16:08:31.725+0100][29.069s] GC(6) Using 3 workers of 3 for marking
[2022-12-14T16:08:31.731+0100][29.074s] GC(6) Concurrent Mark From Roots 5.725ms
[2022-12-14T16:08:31.731+0100][29.074s] GC(6) Concurrent Preclean
[2022-12-14T16:08:31.731+0100][29.075s] GC(6) Concurrent Preclean 0.085ms
[2022-12-14T16:08:31.731+0100][29.075s] GC(6) Pause Remark
[2022-12-14T16:08:31.733+0100][29.076s] GC(6) Pause Remark 38M->38M(512M) 1.510ms
[2022-12-14T16:08:31.733+0100][29.076s] GC(6) User=0.01s Sys=0.00s Real=0.00s
[2022-12-14T16:08:31.733+0100][29.076s] GC(6) Concurrent Mark 7.636ms
[2022-12-14T16:08:31.733+0100][29.076s] GC(6) Concurrent Rebuild Remembered Sets
[2022-12-14T16:08:31.737+0100][29.080s] GC(6) Concurrent Rebuild Remembered Sets 3.999ms
[2022-12-14T16:08:31.737+0100][29.081s] GC(6) Pause Cleanup
[2022-12-14T16:08:31.737+0100][29.081s] GC(6) Pause Cleanup 41M->41M(512M) 0.108ms
[2022-12-14T16:08:31.737+0100][29.081s] GC(6) User=0.00s Sys=0.00s Real=0.00s
[2022-12-14T16:08:31.737+0100][29.081s] GC(6) Concurrent Cleanup for Next Mark
[2022-12-14T16:08:31.738+0100][29.081s] GC(6) Concurrent Cleanup for Next Mark 0.487ms
[2022-12-14T16:08:31.738+0100][29.081s] GC(6) Concurrent Mark Cycle 18.415ms
[2022-12-14T16:08:32.260+0100][29.603s] GC(7) Pause Young (Normal) (G1 Evacuation Pause)
[2022-12-14T16:08:32.260+0100][29.603s] GC(7) Using 10 workers of 10 for evacuation
[2022-12-14T16:08:32.276+0100][29.619s] GC(7)   Pre Evacuate Collection Set: 0.1ms
[2022-12-14T16:08:32.276+0100][29.619s] GC(7)   Merge Heap Roots: 0.1ms
[2022-12-14T16:08:32.276+0100][29.619s] GC(7)   Evacuate Collection Set: 13.8ms
[2022-12-14T16:08:32.276+0100][29.619s] GC(7)   Post Evacuate Collection Set: 1.7ms
[2022-12-14T16:08:32.276+0100][29.619s] GC(7)   Other: 0.2ms
[2022-12-14T16:08:32.276+0100][29.619s] GC(7) Eden regions: 287->0(281)
[2022-12-14T16:08:32.276+0100][29.619s] GC(7) Survivor regions: 20->26(39)
[2022-12-14T16:08:32.276+0100][29.619s] GC(7) Old regions: 7->7
[2022-12-14T16:08:32.276+0100][29.619s] GC(7) Archive regions: 2->2
[2022-12-14T16:08:32.276+0100][29.619s] GC(7) Humongous regions: 5->4
[2022-12-14T16:08:32.276+0100][29.619s] GC(7) Metaspace: 43904K(44288K)->43904K(44288K) NonClass: 38645K(38848K)->38645K(38848K) Class: 5259K(5440K)->5259K(5440K)
[2022-12-14T16:08:32.276+0100][29.619s] GC(7) Pause Young (Normal) (G1 Evacuation Pause) 319M->37M(512M) 16.017ms
[2022-12-14T16:08:32.276+0100][29.619s] GC(7) User=0.11s Sys=0.00s Real=0.02s
[2022-12-14T16:08:32.821+0100][30.165s] GC(8) Pause Young (Normal) (G1 Evacuation Pause)
[2022-12-14T16:08:32.821+0100][30.165s] GC(8) Using 10 workers of 10 for evacuation
[2022-12-14T16:08:32.839+0100][30.182s] GC(8)   Pre Evacuate Collection Set: 0.1ms
[2022-12-14T16:08:32.839+0100][30.182s] GC(8)   Merge Heap Roots: 0.1ms
[2022-12-14T16:08:32.839+0100][30.182s] GC(8)   Evacuate Collection Set: 16.1ms
[2022-12-14T16:08:32.839+0100][30.182s] GC(8)   Post Evacuate Collection Set: 1.0ms
[2022-12-14T16:08:32.839+0100][30.182s] GC(8)   Other: 0.2ms
[2022-12-14T16:08:32.839+0100][30.182s] GC(8) Eden regions: 281->0(271)
[2022-12-14T16:08:32.839+0100][30.182s] GC(8) Survivor regions: 26->36(39)
[2022-12-14T16:08:32.839+0100][30.182s] GC(8) Old regions: 7->14
[2022-12-14T16:08:32.839+0100][30.182s] GC(8) Archive regions: 2->2
[2022-12-14T16:08:32.839+0100][30.182s] GC(8) Humongous regions: 6->5
[2022-12-14T16:08:32.839+0100][30.182s] GC(8) Metaspace: 47965K(48512K)->47965K(48512K) NonClass: 42144K(42432K)->42144K(42432K) Class: 5821K(6080K)->5821K(6080K)
[2022-12-14T16:08:32.839+0100][30.182s] GC(8) Pause Young (Normal) (G1 Evacuation Pause) 320M->54M(512M) 17.595ms
[2022-12-14T16:08:32.839+0100][30.183s] GC(8) User=0.15s Sys=0.01s Real=0.02s
[2022-12-14T16:08:33.197+0100][30.541s] GC(9) Pause Young (Normal) (G1 Evacuation Pause)
[2022-12-14T16:08:33.197+0100][30.541s] GC(9) Using 10 workers of 10 for evacuation
[2022-12-14T16:08:33.221+0100][30.565s] GC(9)   Pre Evacuate Collection Set: 0.1ms
[2022-12-14T16:08:33.221+0100][30.565s] GC(9)   Merge Heap Roots: 0.1ms
[2022-12-14T16:08:33.221+0100][30.565s] GC(9)   Evacuate Collection Set: 22.8ms
[2022-12-14T16:08:33.221+0100][30.565s] GC(9)   Post Evacuate Collection Set: 0.9ms
[2022-12-14T16:08:33.221+0100][30.565s] GC(9)   Other: 0.2ms
[2022-12-14T16:08:33.221+0100][30.565s] GC(9) Eden regions: 271->0(278)
[2022-12-14T16:08:33.221+0100][30.565s] GC(9) Survivor regions: 36->29(39)
[2022-12-14T16:08:33.221+0100][30.565s] GC(9) Old regions: 14->31
[2022-12-14T16:08:33.221+0100][30.565s] GC(9) Archive regions: 2->2
[2022-12-14T16:08:33.221+0100][30.565s] GC(9) Humongous regions: 7->5
[2022-12-14T16:08:33.221+0100][30.565s] GC(9) Metaspace: 49627K(50112K)->49627K(50112K) NonClass: 43581K(43840K)->43581K(43840K) Class: 6046K(6272K)->6046K(6272K)
[2022-12-14T16:08:33.221+0100][30.565s] GC(9) Pause Young (Normal) (G1 Evacuation Pause) 327M->64M(512M) 24.171ms
[2022-12-14T16:08:33.221+0100][30.565s] GC(9) User=0.17s Sys=0.00s Real=0.02s
[2022-12-14T16:10:57.249+0100][174.593s] GC(10) Pause Young (Normal) (G1 Evacuation Pause)
[2022-12-14T16:10:57.249+0100][174.593s] GC(10) Using 10 workers of 10 for evacuation
[2022-12-14T16:10:57.263+0100][174.606s] GC(10)   Pre Evacuate Collection Set: 0.1ms
[2022-12-14T16:10:57.263+0100][174.606s] GC(10)   Merge Heap Roots: 0.1ms
[2022-12-14T16:10:57.263+0100][174.606s] GC(10)   Evacuate Collection Set: 12.7ms
[2022-12-14T16:10:57.263+0100][174.606s] GC(10)   Post Evacuate Collection Set: 0.7ms
[2022-12-14T16:10:57.263+0100][174.606s] GC(10)   Other: 0.1ms
[2022-12-14T16:10:57.263+0100][174.606s] GC(10) Eden regions: 278->0(282)
[2022-12-14T16:10:57.263+0100][174.606s] GC(10) Survivor regions: 29->25(39)
[2022-12-14T16:10:57.263+0100][174.606s] GC(10) Old regions: 31->48
[2022-12-14T16:10:57.263+0100][174.606s] GC(10) Archive regions: 2->2
[2022-12-14T16:10:57.263+0100][174.606s] GC(10) Humongous regions: 9->8
[2022-12-14T16:10:57.263+0100][174.606s] GC(10) Metaspace: 54880K(55424K)->54880K(55424K) NonClass: 48180K(48448K)->48180K(48448K) Class: 6699K(6976K)->6699K(6976K)
[2022-12-14T16:10:57.263+0100][174.606s] GC(10) Pause Young (Normal) (G1 Evacuation Pause) 346M->81M(512M) 13.803ms
[2022-12-14T16:10:57.263+0100][174.606s] GC(10) User=0.15s Sys=0.00s Real=0.02s
[2022-12-14T16:24:33.703+0100][991.046s] GC(11) Pause Young (Normal) (G1 Evacuation Pause)
[2022-12-14T16:24:33.703+0100][991.046s] GC(11) Using 10 workers of 10 for evacuation
[2022-12-14T16:24:33.733+0100][991.077s] GC(11)   Pre Evacuate Collection Set: 0.2ms
[2022-12-14T16:24:33.733+0100][991.077s] GC(11)   Merge Heap Roots: 0.3ms
[2022-12-14T16:24:33.733+0100][991.077s] GC(11)   Evacuate Collection Set: 27.9ms
[2022-12-14T16:24:33.733+0100][991.077s] GC(11)   Post Evacuate Collection Set: 1.5ms
[2022-12-14T16:24:33.733+0100][991.077s] GC(11)   Other: 0.4ms
[2022-12-14T16:24:33.733+0100][991.077s] GC(11) Eden regions: 282->0(286)
[2022-12-14T16:24:33.733+0100][991.077s] GC(11) Survivor regions: 25->21(39)
[2022-12-14T16:24:33.733+0100][991.077s] GC(11) Old regions: 48->59
[2022-12-14T16:24:33.733+0100][991.077s] GC(11) Archive regions: 2->2
[2022-12-14T16:24:33.733+0100][991.077s] GC(11) Humongous regions: 8->8
[2022-12-14T16:24:33.733+0100][991.077s] GC(11) Metaspace: 57791K(58368K)->57791K(58368K) NonClass: 50755K(51008K)->50755K(51008K) Class: 7035K(7360K)->7035K(7360K)
[2022-12-14T16:24:33.733+0100][991.077s] GC(11) Pause Young (Normal) (G1 Evacuation Pause) 363M->88M(512M) 30.532ms
[2022-12-14T16:24:33.733+0100][991.077s] GC(11) User=0.28s Sys=0.00s Real=0.03s
[2022-12-14T16:39:45.839+0100][1903.183s] GC(12) Pause Young (Normal) (G1 Evacuation Pause)
[2022-12-14T16:39:45.839+0100][1903.183s] GC(12) Using 10 workers of 10 for evacuation
[2022-12-14T16:39:45.845+0100][1903.189s] GC(12)   Pre Evacuate Collection Set: 0.1ms
[2022-12-14T16:39:45.845+0100][1903.189s] GC(12)   Merge Heap Roots: 0.1ms
[2022-12-14T16:39:45.845+0100][1903.189s] GC(12)   Evacuate Collection Set: 4.9ms
[2022-12-14T16:39:45.845+0100][1903.189s] GC(12)   Post Evacuate Collection Set: 0.7ms
[2022-12-14T16:39:45.846+0100][1903.189s] GC(12)   Other: 0.2ms
[2022-12-14T16:39:45.846+0100][1903.189s] GC(12) Eden regions: 286->0(291)
[2022-12-14T16:39:45.846+0100][1903.189s] GC(12) Survivor regions: 21->16(39)
[2022-12-14T16:39:45.846+0100][1903.189s] GC(12) Old regions: 59->59
[2022-12-14T16:39:45.846+0100][1903.189s] GC(12) Archive regions: 2->2
[2022-12-14T16:39:45.846+0100][1903.189s] GC(12) Humongous regions: 8->8
[2022-12-14T16:39:45.846+0100][1903.189s] GC(12) Metaspace: 58359K(59008K)->58359K(59008K) NonClass: 51279K(51648K)->51279K(51648K) Class: 7080K(7360K)->7080K(7360K)
[2022-12-14T16:39:45.846+0100][1903.189s] GC(12) Pause Young (Normal) (G1 Evacuation Pause) 374M->82M(512M) 6.117ms
[2022-12-14T16:39:45.846+0100][1903.189s] GC(12) User=0.05s Sys=0.00s Real=0.01s
[2022-12-14T16:55:53.865+0100][2871.208s] GC(13) Pause Young (Normal) (G1 Evacuation Pause)
[2022-12-14T16:55:53.865+0100][2871.208s] GC(13) Using 10 workers of 10 for evacuation
[2022-12-14T16:55:53.872+0100][2871.216s] GC(13)   Pre Evacuate Collection Set: 0.1ms
[2022-12-14T16:55:53.872+0100][2871.216s] GC(13)   Merge Heap Roots: 0.1ms
[2022-12-14T16:55:53.872+0100][2871.216s] GC(13)   Evacuate Collection Set: 6.7ms
[2022-12-14T16:55:53.872+0100][2871.216s] GC(13)   Post Evacuate Collection Set: 0.7ms
[2022-12-14T16:55:53.872+0100][2871.216s] GC(13)   Other: 0.1ms
[2022-12-14T16:55:53.872+0100][2871.216s] GC(13) Eden regions: 291->0(286)
[2022-12-14T16:55:53.872+0100][2871.216s] GC(13) Survivor regions: 16->21(39)
[2022-12-14T16:55:53.872+0100][2871.216s] GC(13) Old regions: 59->59
[2022-12-14T16:55:53.872+0100][2871.216s] GC(13) Archive regions: 2->2
[2022-12-14T16:55:53.872+0100][2871.216s] GC(13) Humongous regions: 8->8
[2022-12-14T16:55:53.872+0100][2871.216s] GC(13) Metaspace: 58853K(59456K)->58853K(59456K) NonClass: 51751K(52032K)->51751K(52032K) Class: 7101K(7424K)->7101K(7424K)
[2022-12-14T16:55:53.872+0100][2871.216s] GC(13) Pause Young (Normal) (G1 Evacuation Pause) 373M->88M(512M) 7.745ms
[2022-12-14T16:55:53.872+0100][2871.216s] GC(13) User=0.06s Sys=0.00s Real=0.01s
[2022-12-14T16:56:46.944+0100][2924.287s] GC(14) Pause Young (Normal) (G1 Evacuation Pause)
[2022-12-14T16:56:46.944+0100][2924.287s] GC(14) Using 10 workers of 10 for evacuation
[2022-12-14T16:56:46.953+0100][2924.296s] GC(14)   Pre Evacuate Collection Set: 0.1ms
[2022-12-14T16:56:46.953+0100][2924.296s] GC(14)   Merge Heap Roots: 0.1ms
[2022-12-14T16:56:46.953+0100][2924.296s] GC(14)   Evacuate Collection Set: 7.7ms
[2022-12-14T16:56:46.953+0100][2924.296s] GC(14)   Post Evacuate Collection Set: 0.7ms
[2022-12-14T16:56:46.953+0100][2924.296s] GC(14)   Other: 0.2ms
[2022-12-14T16:56:46.953+0100][2924.296s] GC(14) Eden regions: 286->0(285)
[2022-12-14T16:56:46.953+0100][2924.296s] GC(14) Survivor regions: 21->22(39)
[2022-12-14T16:56:46.953+0100][2924.296s] GC(14) Old regions: 59->59
[2022-12-14T16:56:46.953+0100][2924.296s] GC(14) Archive regions: 2->2
[2022-12-14T16:56:46.953+0100][2924.296s] GC(14) Humongous regions: 8->8
[2022-12-14T16:56:46.953+0100][2924.296s] GC(14) Metaspace: 59172K(59840K)->59172K(59840K) NonClass: 52063K(52416K)->52063K(52416K) Class: 7108K(7424K)->7108K(7424K)
[2022-12-14T16:56:46.953+0100][2924.296s] GC(14) Pause Young (Normal) (G1 Evacuation Pause) 374M->88M(512M) 8.977ms
[2022-12-14T16:56:46.953+0100][2924.296s] GC(14) User=0.07s Sys=0.00s Real=0.01s
[2022-12-14T16:57:15.153+0100][2952.497s] GC(15) Pause Young (Normal) (G1 Evacuation Pause)
[2022-12-14T16:57:15.153+0100][2952.497s] GC(15) Using 10 workers of 10 for evacuation
[2022-12-14T16:57:15.160+0100][2952.503s] GC(15)   Pre Evacuate Collection Set: 0.1ms
[2022-12-14T16:57:15.160+0100][2952.503s] GC(15)   Merge Heap Roots: 0.1ms
[2022-12-14T16:57:15.160+0100][2952.503s] GC(15)   Evacuate Collection Set: 5.4ms
[2022-12-14T16:57:15.160+0100][2952.503s] GC(15)   Post Evacuate Collection Set: 0.7ms
[2022-12-14T16:57:15.160+0100][2952.503s] GC(15)   Other: 0.1ms
[2022-12-14T16:57:15.160+0100][2952.503s] GC(15) Eden regions: 285->0(299)
[2022-12-14T16:57:15.160+0100][2952.503s] GC(15) Survivor regions: 22->8(39)
[2022-12-14T16:57:15.160+0100][2952.503s] GC(15) Old regions: 59->69
[2022-12-14T16:57:15.160+0100][2952.503s] GC(15) Archive regions: 2->2
[2022-12-14T16:57:15.160+0100][2952.503s] GC(15) Humongous regions: 8->8
[2022-12-14T16:57:15.160+0100][2952.503s] GC(15) Metaspace: 59552K(60160K)->59552K(60160K) NonClass: 52441K(52736K)->52441K(52736K) Class: 7110K(7424K)->7110K(7424K)
[2022-12-14T16:57:15.160+0100][2952.503s] GC(15) Pause Young (Normal) (G1 Evacuation Pause) 373M->85M(512M) 6.467ms
[2022-12-14T16:57:15.160+0100][2952.503s] GC(15) User=0.06s Sys=0.00s Real=0.00s
[2022-12-14T17:34:21.255+0100][5178.598s] GC(16) Pause Young (Concurrent Start) (Metadata GC Threshold)
[2022-12-14T17:34:21.255+0100][5178.598s] GC(16) Using 10 workers of 10 for evacuation
[2022-12-14T17:34:21.268+0100][5178.612s] GC(16)   Pre Evacuate Collection Set: 0.2ms
[2022-12-14T17:34:21.268+0100][5178.612s] GC(16)   Merge Heap Roots: 0.1ms
[2022-12-14T17:34:21.269+0100][5178.612s] GC(16)   Evacuate Collection Set: 12.5ms
[2022-12-14T17:34:21.269+0100][5178.612s] GC(16)   Post Evacuate Collection Set: 0.8ms
[2022-12-14T17:34:21.269+0100][5178.612s] GC(16)   Other: 0.2ms
[2022-12-14T17:34:21.269+0100][5178.612s] GC(16) Eden regions: 290->0(287)
[2022-12-14T17:34:21.269+0100][5178.612s] GC(16) Survivor regions: 8->20(39)
[2022-12-14T17:34:21.269+0100][5178.612s] GC(16) Old regions: 69->69
[2022-12-14T17:34:21.269+0100][5178.612s] GC(16) Archive regions: 2->2
[2022-12-14T17:34:21.269+0100][5178.612s] GC(16) Humongous regions: 8->8
[2022-12-14T17:34:21.269+0100][5178.612s] GC(16) Metaspace: 60161K(60800K)->60161K(60800K) NonClass: 53035K(53312K)->53035K(53312K) Class: 7126K(7488K)->7126K(7488K)
[2022-12-14T17:34:21.269+0100][5178.612s] GC(16) Pause Young (Concurrent Start) (Metadata GC Threshold) 375M->97M(512M) 14.027ms
[2022-12-14T17:34:21.269+0100][5178.612s] GC(16) User=0.06s Sys=0.00s Real=0.01s
[2022-12-14T17:34:21.269+0100][5178.612s] GC(17) Concurrent Mark Cycle
[2022-12-14T17:34:21.269+0100][5178.612s] GC(17) Concurrent Clear Claimed Marks
[2022-12-14T17:34:21.269+0100][5178.612s] GC(17) Concurrent Clear Claimed Marks 0.084ms
[2022-12-14T17:34:21.269+0100][5178.612s] GC(17) Concurrent Scan Root Regions
[2022-12-14T17:34:21.286+0100][5178.630s] GC(17) Concurrent Scan Root Regions 17.283ms
[2022-12-14T17:34:21.286+0100][5178.630s] GC(17) Concurrent Mark
[2022-12-14T17:34:21.286+0100][5178.630s] GC(17) Concurrent Mark From Roots
[2022-12-14T17:34:21.286+0100][5178.630s] GC(17) Using 3 workers of 3 for marking
[2022-12-14T17:34:21.405+0100][5178.748s] GC(17) Concurrent Mark From Roots 118.198ms
[2022-12-14T17:34:21.405+0100][5178.748s] GC(17) Concurrent Preclean
[2022-12-14T17:34:21.405+0100][5178.749s] GC(17) Concurrent Preclean 0.892ms
[2022-12-14T17:34:21.406+0100][5178.749s] GC(17) Pause Remark
[2022-12-14T17:34:21.418+0100][5178.762s] GC(17) Pause Remark 108M->108M(512M) 12.719ms
[2022-12-14T17:34:21.419+0100][5178.762s] GC(17) User=0.04s Sys=0.01s Real=0.01s
[2022-12-14T17:34:21.419+0100][5178.763s] GC(17) Concurrent Mark 133.089ms
[2022-12-14T17:34:21.419+0100][5178.763s] GC(17) Concurrent Rebuild Remembered Sets
[2022-12-14T17:34:21.475+0100][5178.818s] GC(17) Concurrent Rebuild Remembered Sets 55.217ms
[2022-12-14T17:34:21.479+0100][5178.822s] GC(17) Pause Cleanup
[2022-12-14T17:34:21.479+0100][5178.823s] GC(17) Pause Cleanup 114M->114M(512M) 0.218ms
[2022-12-14T17:34:21.479+0100][5178.823s] GC(17) User=0.00s Sys=0.00s Real=0.00s
[2022-12-14T17:34:21.479+0100][5178.823s] GC(17) Concurrent Cleanup for Next Mark
[2022-12-14T17:34:21.480+0100][5178.824s] GC(17) Concurrent Cleanup for Next Mark 0.711ms
[2022-12-14T17:34:21.480+0100][5178.824s] GC(17) Concurrent Mark Cycle 211.419ms
[2022-12-14T17:38:31.287+0100][5428.631s] GC(18) Pause Young (Prepare Mixed) (G1 Evacuation Pause)
[2022-12-14T17:38:31.287+0100][5428.631s] GC(18) Using 10 workers of 10 for evacuation
[2022-12-14T17:38:31.309+0100][5428.653s] GC(18)   Pre Evacuate Collection Set: 0.2ms
[2022-12-14T17:38:31.309+0100][5428.653s] GC(18)   Merge Heap Roots: 0.3ms
[2022-12-14T17:38:31.309+0100][5428.653s] GC(18)   Evacuate Collection Set: 19.9ms
[2022-12-14T17:38:31.309+0100][5428.653s] GC(18)   Post Evacuate Collection Set: 1.4ms
[2022-12-14T17:38:31.309+0100][5428.653s] GC(18)   Other: 0.3ms
[2022-12-14T17:38:31.309+0100][5428.653s] GC(18) Eden regions: 287->0(1)
[2022-12-14T17:38:31.309+0100][5428.653s] GC(18) Survivor regions: 20->33(39)
[2022-12-14T17:38:31.309+0100][5428.653s] GC(18) Old regions: 69->69
[2022-12-14T17:38:31.309+0100][5428.653s] GC(18) Archive regions: 2->2
[2022-12-14T17:38:31.309+0100][5428.653s] GC(18) Humongous regions: 8->8
[2022-12-14T17:38:31.309+0100][5428.653s] GC(18) Metaspace: 61119K(61760K)->61119K(61760K) NonClass: 54000K(54272K)->54000K(54272K) Class: 7119K(7488K)->7119K(7488K)
[2022-12-14T17:38:31.310+0100][5428.653s] GC(18) Pause Young (Prepare Mixed) (G1 Evacuation Pause) 384M->110M(512M) 22.345ms
[2022-12-14T17:38:31.310+0100][5428.653s] GC(18) User=0.17s Sys=0.00s Real=0.02s
[2022-12-14T17:38:31.335+0100][5428.678s] GC(19) Pause Young (Mixed) (G1 Evacuation Pause)
[2022-12-14T17:38:31.335+0100][5428.678s] GC(19) Using 10 workers of 10 for evacuation
[2022-12-14T17:38:31.343+0100][5428.687s] GC(19)   Pre Evacuate Collection Set: 0.1ms
[2022-12-14T17:38:31.343+0100][5428.687s] GC(19)   Merge Heap Roots: 0.1ms
[2022-12-14T17:38:31.343+0100][5428.687s] GC(19)   Evacuate Collection Set: 7.7ms
[2022-12-14T17:38:31.343+0100][5428.687s] GC(19)   Post Evacuate Collection Set: 0.4ms
[2022-12-14T17:38:31.343+0100][5428.687s] GC(19)   Other: 0.2ms
[2022-12-14T17:38:31.343+0100][5428.687s] GC(19) Eden regions: 1->0(296)
[2022-12-14T17:38:31.343+0100][5428.687s] GC(19) Survivor regions: 33->2(5)
[2022-12-14T17:38:31.343+0100][5428.687s] GC(19) Old regions: 69->99
[2022-12-14T17:38:31.343+0100][5428.687s] GC(19) Archive regions: 2->2
[2022-12-14T17:38:31.343+0100][5428.687s] GC(19) Humongous regions: 8->8
[2022-12-14T17:38:31.343+0100][5428.687s] GC(19) Metaspace: 61138K(61760K)->61138K(61760K) NonClass: 54019K(54272K)->54019K(54272K) Class: 7119K(7488K)->7119K(7488K)
[2022-12-14T17:38:31.343+0100][5428.687s] GC(19) Pause Young (Mixed) (G1 Evacuation Pause) 111M->109M(512M) 8.481ms
[2022-12-14T17:38:31.343+0100][5428.687s] GC(19) User=0.08s Sys=0.00s Real=0.01s
[2022-12-14T19:17:29.839+0100][11367.183s] Heap
[2022-12-14T19:17:29.839+0100][11367.183s]  garbage-first heap   total 524288K, used 279851K [0x00000000e0000000, 0x0000000100000000)
[2022-12-14T19:17:29.839+0100][11367.183s]   region size 1024K, 166 young (169984K), 2 survivors (2048K)
[2022-12-14T19:17:29.839+0100][11367.183s]  Metaspace       used 62607K, committed 63104K, reserved 1105920K
[2022-12-14T19:17:29.839+0100][11367.183s]   class space    used 7223K, committed 7488K, reserved 1048576K
