[2022-12-15T20:20:42.649+0100][0.022s] Using G1
[2022-12-15T20:20:42.728+0100][0.100s] Version: 17.0.5+8-Ubuntu-2ubuntu120.04 (release)
[2022-12-15T20:20:42.728+0100][0.100s] CPUs: 12 total, 12 available
[2022-12-15T20:20:42.728+0100][0.101s] Memory: 15745M
[2022-12-15T20:20:42.728+0100][0.101s] Large Page Support: Disabled
[2022-12-15T20:20:42.728+0100][0.101s] NUMA Support: Disabled
[2022-12-15T20:20:42.728+0100][0.101s] Compressed Oops: Enabled (32-bit)
[2022-12-15T20:20:42.728+0100][0.101s] Heap Region Size: 1M
[2022-12-15T20:20:42.728+0100][0.101s] Heap Min Capacity: 512M
[2022-12-15T20:20:42.728+0100][0.101s] Heap Initial Capacity: 512M
[2022-12-15T20:20:42.728+0100][0.101s] Heap Max Capacity: 512M
[2022-12-15T20:20:42.728+0100][0.101s] Pre-touch: Enabled
[2022-12-15T20:20:42.728+0100][0.101s] Parallel Workers: 10
[2022-12-15T20:20:42.728+0100][0.101s] Concurrent Workers: 3
[2022-12-15T20:20:42.728+0100][0.101s] Concurrent Refinement Workers: 10
[2022-12-15T20:20:42.728+0100][0.101s] Periodic GC: Disabled
[2022-12-15T20:20:42.729+0100][0.101s] CDS archive(s) mapped at: [0x0000000800000000-0x0000000800be3000-0x0000000800be3000), size 12464128, SharedBaseAddress: 0x0000000800000000, ArchiveRelocationMode: 0.
[2022-12-15T20:20:42.729+0100][0.101s] Compressed class space mapped at: 0x0000000800c00000-0x0000000840c00000, reserved size: 1073741824
[2022-12-15T20:20:42.729+0100][0.101s] Narrow klass base: 0x0000000800000000, Narrow klass shift: 0, Narrow klass range: 0x100000000
[2022-12-15T20:20:43.267+0100][0.639s] GC(0) Pause Young (Normal) (G1 Evacuation Pause)
[2022-12-15T20:20:43.267+0100][0.639s] GC(0) Using 10 workers of 10 for evacuation
[2022-12-15T20:20:43.268+0100][0.641s] GC(0)   Pre Evacuate Collection Set: 0.1ms
[2022-12-15T20:20:43.268+0100][0.641s] GC(0)   Merge Heap Roots: 0.0ms
[2022-12-15T20:20:43.268+0100][0.641s] GC(0)   Evacuate Collection Set: 1.1ms
[2022-12-15T20:20:43.268+0100][0.641s] GC(0)   Post Evacuate Collection Set: 0.2ms
[2022-12-15T20:20:43.268+0100][0.641s] GC(0)   Other: 0.1ms
[2022-12-15T20:20:43.268+0100][0.641s] GC(0) Eden regions: 29->0(64)
[2022-12-15T20:20:43.268+0100][0.641s] GC(0) Survivor regions: 0->4(4)
[2022-12-15T20:20:43.268+0100][0.641s] GC(0) Old regions: 0->0
[2022-12-15T20:20:43.268+0100][0.641s] GC(0) Archive regions: 2->2
[2022-12-15T20:20:43.268+0100][0.641s] GC(0) Humongous regions: 0->0
[2022-12-15T20:20:43.268+0100][0.641s] GC(0) Metaspace: 7106K(7232K)->7106K(7232K) NonClass: 6282K(6336K)->6282K(6336K) Class: 824K(896K)->824K(896K)
[2022-12-15T20:20:43.268+0100][0.641s] GC(0) Pause Young (Normal) (G1 Evacuation Pause) 29M->4M(512M) 1.665ms
[2022-12-15T20:20:43.268+0100][0.641s] GC(0) User=0.01s Sys=0.01s Real=0.00s
[2022-12-15T20:20:43.826+0100][1.198s] GC(1) Pause Young (Normal) (G1 Evacuation Pause)
[2022-12-15T20:20:43.826+0100][1.198s] GC(1) Using 10 workers of 10 for evacuation
[2022-12-15T20:20:43.832+0100][1.204s] GC(1)   Pre Evacuate Collection Set: 0.1ms
[2022-12-15T20:20:43.832+0100][1.204s] GC(1)   Merge Heap Roots: 0.0ms
[2022-12-15T20:20:43.832+0100][1.205s] GC(1)   Evacuate Collection Set: 5.2ms
[2022-12-15T20:20:43.832+0100][1.205s] GC(1)   Post Evacuate Collection Set: 0.6ms
[2022-12-15T20:20:43.832+0100][1.205s] GC(1)   Other: 0.1ms
[2022-12-15T20:20:43.832+0100][1.205s] GC(1) Eden regions: 64->0(290)
[2022-12-15T20:20:43.832+0100][1.205s] GC(1) Survivor regions: 4->9(9)
[2022-12-15T20:20:43.832+0100][1.205s] GC(1) Old regions: 0->5
[2022-12-15T20:20:43.832+0100][1.205s] GC(1) Archive regions: 2->2
[2022-12-15T20:20:43.832+0100][1.205s] GC(1) Humongous regions: 4->4
[2022-12-15T20:20:43.832+0100][1.205s] GC(1) Metaspace: 16360K(16640K)->16360K(16640K) NonClass: 14434K(14592K)->14434K(14592K) Class: 1926K(2048K)->1926K(2048K)
[2022-12-15T20:20:43.832+0100][1.205s] GC(1) Pause Young (Normal) (G1 Evacuation Pause) 72M->18M(512M) 6.224ms
[2022-12-15T20:20:43.832+0100][1.205s] GC(1) User=0.05s Sys=0.00s Real=0.01s
[2022-12-15T20:20:44.513+0100][1.885s] GC(2) Pause Young (Concurrent Start) (Metadata GC Threshold)
[2022-12-15T20:20:44.513+0100][1.885s] GC(2) Using 10 workers of 10 for evacuation
[2022-12-15T20:20:44.518+0100][1.890s] GC(2)   Pre Evacuate Collection Set: 0.1ms
[2022-12-15T20:20:44.518+0100][1.890s] GC(2)   Merge Heap Roots: 0.1ms
[2022-12-15T20:20:44.518+0100][1.890s] GC(2)   Evacuate Collection Set: 4.2ms
[2022-12-15T20:20:44.518+0100][1.890s] GC(2)   Post Evacuate Collection Set: 0.7ms
[2022-12-15T20:20:44.518+0100][1.890s] GC(2)   Other: 0.2ms
[2022-12-15T20:20:44.518+0100][1.890s] GC(2) Eden regions: 151->0(293)
[2022-12-15T20:20:44.518+0100][1.890s] GC(2) Survivor regions: 9->14(34)
[2022-12-15T20:20:44.518+0100][1.890s] GC(2) Old regions: 5->5
[2022-12-15T20:20:44.518+0100][1.890s] GC(2) Archive regions: 2->2
[2022-12-15T20:20:44.518+0100][1.890s] GC(2) Humongous regions: 4->4
[2022-12-15T20:20:44.518+0100][1.890s] GC(2) Metaspace: 21195K(21504K)->21195K(21504K) NonClass: 18754K(18880K)->18754K(18880K) Class: 2440K(2624K)->2440K(2624K)
[2022-12-15T20:20:44.518+0100][1.890s] GC(2) Pause Young (Concurrent Start) (Metadata GC Threshold) 169M->23M(512M) 5.311ms
[2022-12-15T20:20:44.518+0100][1.890s] GC(2) User=0.04s Sys=0.01s Real=0.00s
[2022-12-15T20:20:44.518+0100][1.890s] GC(3) Concurrent Mark Cycle
[2022-12-15T20:20:44.518+0100][1.890s] GC(3) Concurrent Clear Claimed Marks
[2022-12-15T20:20:44.518+0100][1.890s] GC(3) Concurrent Clear Claimed Marks 0.032ms
[2022-12-15T20:20:44.518+0100][1.890s] GC(3) Concurrent Scan Root Regions
[2022-12-15T20:20:44.520+0100][1.893s] GC(3) Concurrent Scan Root Regions 2.202ms
[2022-12-15T20:20:44.520+0100][1.893s] GC(3) Concurrent Mark
[2022-12-15T20:20:44.520+0100][1.893s] GC(3) Concurrent Mark From Roots
[2022-12-15T20:20:44.520+0100][1.893s] GC(3) Using 3 workers of 3 for marking
[2022-12-15T20:20:44.524+0100][1.896s] GC(3) Concurrent Mark From Roots 3.642ms
[2022-12-15T20:20:44.524+0100][1.896s] GC(3) Concurrent Preclean
[2022-12-15T20:20:44.524+0100][1.896s] GC(3) Concurrent Preclean 0.057ms
[2022-12-15T20:20:44.524+0100][1.896s] GC(3) Pause Remark
[2022-12-15T20:20:44.525+0100][1.897s] GC(3) Pause Remark 25M->25M(512M) 0.994ms
[2022-12-15T20:20:44.525+0100][1.897s] GC(3) User=0.02s Sys=0.00s Real=0.00s
[2022-12-15T20:20:44.525+0100][1.898s] GC(3) Concurrent Mark 4.853ms
[2022-12-15T20:20:44.525+0100][1.898s] GC(3) Concurrent Rebuild Remembered Sets
[2022-12-15T20:20:44.528+0100][1.900s] GC(3) Concurrent Rebuild Remembered Sets 2.465ms
[2022-12-15T20:20:44.528+0100][1.900s] GC(3) Pause Cleanup
[2022-12-15T20:20:44.528+0100][1.900s] GC(3) Pause Cleanup 26M->26M(512M) 0.077ms
[2022-12-15T20:20:44.528+0100][1.900s] GC(3) User=0.00s Sys=0.00s Real=0.00s
[2022-12-15T20:20:44.528+0100][1.900s] GC(3) Concurrent Cleanup for Next Mark
[2022-12-15T20:20:44.528+0100][1.901s] GC(3) Concurrent Cleanup for Next Mark 0.324ms
[2022-12-15T20:20:44.528+0100][1.901s] GC(3) Concurrent Mark Cycle 10.224ms
[2022-12-15T20:20:46.060+0100][3.433s] GC(4) Pause Young (Concurrent Start) (Metadata GC Threshold)
[2022-12-15T20:20:46.060+0100][3.433s] GC(4) Using 10 workers of 10 for evacuation
[2022-12-15T20:20:46.069+0100][3.441s] GC(4)   Pre Evacuate Collection Set: 0.1ms
[2022-12-15T20:20:46.069+0100][3.441s] GC(4)   Merge Heap Roots: 0.1ms
[2022-12-15T20:20:46.069+0100][3.441s] GC(4)   Evacuate Collection Set: 7.4ms
[2022-12-15T20:20:46.069+0100][3.441s] GC(4)   Post Evacuate Collection Set: 0.7ms
[2022-12-15T20:20:46.069+0100][3.441s] GC(4)   Other: 0.2ms
[2022-12-15T20:20:46.069+0100][3.441s] GC(4) Eden regions: 274->0(285)
[2022-12-15T20:20:46.069+0100][3.441s] GC(4) Survivor regions: 14->22(39)
[2022-12-15T20:20:46.069+0100][3.441s] GC(4) Old regions: 5->5
[2022-12-15T20:20:46.069+0100][3.441s] GC(4) Archive regions: 2->2
[2022-12-15T20:20:46.069+0100][3.441s] GC(4) Humongous regions: 4->4
[2022-12-15T20:20:46.069+0100][3.441s] GC(4) Metaspace: 35700K(36096K)->35700K(36096K) NonClass: 31483K(31680K)->31483K(31680K) Class: 4217K(4416K)->4217K(4416K)
[2022-12-15T20:20:46.069+0100][3.441s] GC(4) Pause Young (Concurrent Start) (Metadata GC Threshold) 296M->30M(512M) 8.537ms
[2022-12-15T20:20:46.069+0100][3.441s] GC(4) User=0.07s Sys=0.00s Real=0.02s
[2022-12-15T20:20:46.069+0100][3.441s] GC(5) Concurrent Mark Cycle
[2022-12-15T20:20:46.069+0100][3.441s] GC(5) Concurrent Clear Claimed Marks
[2022-12-15T20:20:46.069+0100][3.441s] GC(5) Concurrent Clear Claimed Marks 0.031ms
[2022-12-15T20:20:46.069+0100][3.441s] GC(5) Concurrent Scan Root Regions
[2022-12-15T20:20:46.074+0100][3.446s] GC(5) Concurrent Scan Root Regions 4.772ms
[2022-12-15T20:20:46.074+0100][3.446s] GC(5) Concurrent Mark
[2022-12-15T20:20:46.074+0100][3.446s] GC(5) Concurrent Mark From Roots
[2022-12-15T20:20:46.074+0100][3.446s] GC(5) Using 3 workers of 3 for marking
[2022-12-15T20:20:46.078+0100][3.451s] GC(5) Concurrent Mark From Roots 4.240ms
[2022-12-15T20:20:46.078+0100][3.451s] GC(5) Concurrent Preclean
[2022-12-15T20:20:46.078+0100][3.451s] GC(5) Concurrent Preclean 0.081ms
[2022-12-15T20:20:46.079+0100][3.451s] GC(5) Pause Remark
[2022-12-15T20:20:46.080+0100][3.452s] GC(5) Pause Remark 35M->35M(512M) 1.282ms
[2022-12-15T20:20:46.080+0100][3.452s] GC(5) User=0.01s Sys=0.00s Real=0.00s
[2022-12-15T20:20:46.080+0100][3.452s] GC(5) Concurrent Mark 6.213ms
[2022-12-15T20:20:46.080+0100][3.452s] GC(5) Concurrent Rebuild Remembered Sets
[2022-12-15T20:20:46.083+0100][3.455s] GC(5) Concurrent Rebuild Remembered Sets 2.986ms
[2022-12-15T20:20:46.083+0100][3.456s] GC(5) Pause Cleanup
[2022-12-15T20:20:46.083+0100][3.456s] GC(5) Pause Cleanup 37M->37M(512M) 0.069ms
[2022-12-15T20:20:46.083+0100][3.456s] GC(5) User=0.00s Sys=0.00s Real=0.00s
[2022-12-15T20:20:46.083+0100][3.456s] GC(5) Concurrent Cleanup for Next Mark
[2022-12-15T20:20:46.084+0100][3.456s] GC(5) Concurrent Cleanup for Next Mark 0.314ms
[2022-12-15T20:20:46.084+0100][3.456s] GC(5) Concurrent Mark Cycle 14.751ms
[2022-12-15T20:20:46.574+0100][3.946s] GC(6) Pause Young (Normal) (GCLocker Initiated GC)
[2022-12-15T20:20:46.574+0100][3.946s] GC(6) Using 10 workers of 10 for evacuation
[2022-12-15T20:20:46.583+0100][3.956s] GC(6)   Pre Evacuate Collection Set: 0.1ms
[2022-12-15T20:20:46.583+0100][3.956s] GC(6)   Merge Heap Roots: 0.1ms
[2022-12-15T20:20:46.583+0100][3.956s] GC(6)   Evacuate Collection Set: 8.4ms
[2022-12-15T20:20:46.583+0100][3.956s] GC(6)   Post Evacuate Collection Set: 0.7ms
[2022-12-15T20:20:46.583+0100][3.956s] GC(6)   Other: 0.1ms
[2022-12-15T20:20:46.583+0100][3.956s] GC(6) Eden regions: 285->0(280)
[2022-12-15T20:20:46.583+0100][3.956s] GC(6) Survivor regions: 22->27(39)
[2022-12-15T20:20:46.583+0100][3.956s] GC(6) Old regions: 5->7
[2022-12-15T20:20:46.583+0100][3.956s] GC(6) Archive regions: 2->2
[2022-12-15T20:20:46.583+0100][3.956s] GC(6) Humongous regions: 5->4
[2022-12-15T20:20:46.583+0100][3.956s] GC(6) Metaspace: 44470K(44864K)->44470K(44864K) NonClass: 39091K(39296K)->39091K(39296K) Class: 5378K(5568K)->5378K(5568K)
[2022-12-15T20:20:46.583+0100][3.956s] GC(6) Pause Young (Normal) (GCLocker Initiated GC) 316M->38M(512M) 9.524ms
[2022-12-15T20:20:46.583+0100][3.956s] GC(6) User=0.08s Sys=0.00s Real=0.01s
[2022-12-15T20:20:47.047+0100][4.419s] GC(7) Pause Young (Normal) (G1 Evacuation Pause)
[2022-12-15T20:20:47.047+0100][4.419s] GC(7) Using 10 workers of 10 for evacuation
[2022-12-15T20:20:47.065+0100][4.437s] GC(7)   Pre Evacuate Collection Set: 0.1ms
[2022-12-15T20:20:47.065+0100][4.438s] GC(7)   Merge Heap Roots: 0.1ms
[2022-12-15T20:20:47.065+0100][4.438s] GC(7)   Evacuate Collection Set: 17.1ms
[2022-12-15T20:20:47.065+0100][4.438s] GC(7)   Post Evacuate Collection Set: 1.1ms
[2022-12-15T20:20:47.065+0100][4.438s] GC(7)   Other: 0.1ms
[2022-12-15T20:20:47.065+0100][4.438s] GC(7) Eden regions: 280->0(271)
[2022-12-15T20:20:47.065+0100][4.438s] GC(7) Survivor regions: 27->36(39)
[2022-12-15T20:20:47.065+0100][4.438s] GC(7) Old regions: 7->14
[2022-12-15T20:20:47.065+0100][4.438s] GC(7) Archive regions: 2->2
[2022-12-15T20:20:47.065+0100][4.438s] GC(7) Humongous regions: 4->4
[2022-12-15T20:20:47.065+0100][4.438s] GC(7) Metaspace: 49620K(50176K)->49620K(50176K) NonClass: 43544K(43840K)->43544K(43840K) Class: 6075K(6336K)->6075K(6336K)
[2022-12-15T20:20:47.065+0100][4.438s] GC(7) Pause Young (Normal) (G1 Evacuation Pause) 318M->54M(512M) 18.583ms
[2022-12-15T20:20:47.065+0100][4.438s] GC(7) User=0.14s Sys=0.00s Real=0.02s
[2022-12-15T20:20:47.426+0100][4.799s] GC(8) Pause Young (Normal) (G1 Evacuation Pause)
[2022-12-15T20:20:47.426+0100][4.799s] GC(8) Using 10 workers of 10 for evacuation
[2022-12-15T20:20:47.441+0100][4.814s] GC(8)   Pre Evacuate Collection Set: 0.1ms
[2022-12-15T20:20:47.441+0100][4.814s] GC(8)   Merge Heap Roots: 0.1ms
[2022-12-15T20:20:47.441+0100][4.814s] GC(8)   Evacuate Collection Set: 14.0ms
[2022-12-15T20:20:47.441+0100][4.814s] GC(8)   Post Evacuate Collection Set: 1.0ms
[2022-12-15T20:20:47.441+0100][4.814s] GC(8)   Other: 0.1ms
[2022-12-15T20:20:47.441+0100][4.814s] GC(8) Eden regions: 271->0(272)
[2022-12-15T20:20:47.441+0100][4.814s] GC(8) Survivor regions: 36->35(39)
[2022-12-15T20:20:47.441+0100][4.814s] GC(8) Old regions: 14->32
[2022-12-15T20:20:47.441+0100][4.814s] GC(8) Archive regions: 2->2
[2022-12-15T20:20:47.441+0100][4.814s] GC(8) Humongous regions: 8->5
[2022-12-15T20:20:47.441+0100][4.814s] GC(8) Metaspace: 51826K(52352K)->51826K(52352K) NonClass: 45444K(45696K)->45444K(45696K) Class: 6382K(6656K)->6382K(6656K)
[2022-12-15T20:20:47.442+0100][4.814s] GC(8) Pause Young (Normal) (G1 Evacuation Pause) 329M->72M(512M) 15.358ms
[2022-12-15T20:20:47.442+0100][4.814s] GC(8) User=0.14s Sys=0.00s Real=0.02s
[2022-12-15T20:20:47.885+0100][5.258s] GC(9) Pause Young (Normal) (G1 Evacuation Pause)
[2022-12-15T20:20:47.886+0100][5.258s] GC(9) Using 10 workers of 10 for evacuation
[2022-12-15T20:20:47.903+0100][5.276s] GC(9)   Pre Evacuate Collection Set: 0.2ms
[2022-12-15T20:20:47.903+0100][5.276s] GC(9)   Merge Heap Roots: 0.1ms
[2022-12-15T20:20:47.903+0100][5.276s] GC(9)   Evacuate Collection Set: 16.6ms
[2022-12-15T20:20:47.903+0100][5.276s] GC(9)   Post Evacuate Collection Set: 0.8ms
[2022-12-15T20:20:47.903+0100][5.276s] GC(9)   Other: 0.2ms
[2022-12-15T20:20:47.903+0100][5.276s] GC(9) Eden regions: 272->0(277)
[2022-12-15T20:20:47.903+0100][5.276s] GC(9) Survivor regions: 35->30(39)
[2022-12-15T20:20:47.903+0100][5.276s] GC(9) Old regions: 32->49
[2022-12-15T20:20:47.903+0100][5.276s] GC(9) Archive regions: 2->2
[2022-12-15T20:20:47.903+0100][5.276s] GC(9) Humongous regions: 13->8
[2022-12-15T20:20:47.903+0100][5.276s] GC(9) Metaspace: 53875K(54464K)->53875K(54464K) NonClass: 47247K(47552K)->47247K(47552K) Class: 6628K(6912K)->6628K(6912K)
[2022-12-15T20:20:47.903+0100][5.276s] GC(9) Pause Young (Normal) (G1 Evacuation Pause) 352M->87M(512M) 17.974ms
[2022-12-15T20:20:47.903+0100][5.276s] GC(9) User=0.13s Sys=0.00s Real=0.02s
[2022-12-15T20:20:51.535+0100][8.907s] GC(10) Pause Young (Normal) (G1 Evacuation Pause)
[2022-12-15T20:20:51.535+0100][8.907s] GC(10) Using 10 workers of 10 for evacuation
[2022-12-15T20:20:51.554+0100][8.926s] GC(10)   Pre Evacuate Collection Set: 0.1ms
[2022-12-15T20:20:51.554+0100][8.926s] GC(10)   Merge Heap Roots: 0.1ms
[2022-12-15T20:20:51.554+0100][8.926s] GC(10)   Evacuate Collection Set: 17.5ms
[2022-12-15T20:20:51.554+0100][8.926s] GC(10)   Post Evacuate Collection Set: 0.9ms
[2022-12-15T20:20:51.554+0100][8.926s] GC(10)   Other: 0.2ms
[2022-12-15T20:20:51.554+0100][8.926s] GC(10) Eden regions: 277->0(282)
[2022-12-15T20:20:51.554+0100][8.926s] GC(10) Survivor regions: 30->25(39)
[2022-12-15T20:20:51.554+0100][8.926s] GC(10) Old regions: 49->66
[2022-12-15T20:20:51.554+0100][8.926s] GC(10) Archive regions: 2->2
[2022-12-15T20:20:51.554+0100][8.926s] GC(10) Humongous regions: 9->8
[2022-12-15T20:20:51.554+0100][8.926s] GC(10) Metaspace: 55447K(56064K)->55447K(56064K) NonClass: 48669K(48960K)->48669K(48960K) Class: 6777K(7104K)->6777K(7104K)
[2022-12-15T20:20:51.554+0100][8.926s] GC(10) Pause Young (Normal) (G1 Evacuation Pause) 365M->99M(512M) 18.820ms
[2022-12-15T20:20:51.554+0100][8.926s] GC(10) User=0.14s Sys=0.00s Real=0.02s
[2022-12-15T20:38:48.151+0100][1085.523s] Heap
[2022-12-15T20:38:48.151+0100][1085.523s]  garbage-first heap   total 524288K, used 232899K [0x00000000e0000000, 0x0000000100000000)
[2022-12-15T20:38:48.151+0100][1085.523s]   region size 1024K, 153 young (156672K), 25 survivors (25600K)
[2022-12-15T20:38:48.151+0100][1085.523s]  Metaspace       used 56007K, committed 56640K, reserved 1105920K
[2022-12-15T20:38:48.151+0100][1085.523s]   class space    used 6852K, committed 7168K, reserved 1048576K
