[2022-12-14T13:36:22.734+0100][0.025s] Using G1
[2022-12-14T13:36:22.787+0100][0.077s] Version: 17.0.5+8-Ubuntu-2ubuntu120.04 (release)
[2022-12-14T13:36:22.787+0100][0.077s] CPUs: 12 total, 12 available
[2022-12-14T13:36:22.787+0100][0.078s] Memory: 15745M
[2022-12-14T13:36:22.787+0100][0.078s] Large Page Support: Disabled
[2022-12-14T13:36:22.787+0100][0.078s] NUMA Support: Disabled
[2022-12-14T13:36:22.787+0100][0.078s] Compressed Oops: Enabled (32-bit)
[2022-12-14T13:36:22.787+0100][0.078s] Heap Region Size: 1M
[2022-12-14T13:36:22.787+0100][0.078s] Heap Min Capacity: 512M
[2022-12-14T13:36:22.787+0100][0.078s] Heap Initial Capacity: 512M
[2022-12-14T13:36:22.787+0100][0.078s] Heap Max Capacity: 512M
[2022-12-14T13:36:22.787+0100][0.078s] Pre-touch: Enabled
[2022-12-14T13:36:22.787+0100][0.078s] Parallel Workers: 10
[2022-12-14T13:36:22.787+0100][0.078s] Concurrent Workers: 3
[2022-12-14T13:36:22.787+0100][0.078s] Concurrent Refinement Workers: 10
[2022-12-14T13:36:22.787+0100][0.078s] Periodic GC: Disabled
[2022-12-14T13:36:22.787+0100][0.078s] CDS archive(s) mapped at: [0x0000000800000000-0x0000000800be3000-0x0000000800be3000), size 12464128, SharedBaseAddress: 0x0000000800000000, ArchiveRelocationMode: 0.
[2022-12-14T13:36:22.787+0100][0.078s] Compressed class space mapped at: 0x0000000800c00000-0x0000000840c00000, reserved size: 1073741824
[2022-12-14T13:36:22.787+0100][0.078s] Narrow klass base: 0x0000000800000000, Narrow klass shift: 0, Narrow klass range: 0x100000000
[2022-12-14T13:36:23.392+0100][0.683s] GC(0) Pause Young (Normal) (G1 Evacuation Pause)
[2022-12-14T13:36:23.393+0100][0.683s] GC(0) Using 10 workers of 10 for evacuation
[2022-12-14T13:36:23.395+0100][0.686s] GC(0)   Pre Evacuate Collection Set: 0.1ms
[2022-12-14T13:36:23.395+0100][0.686s] GC(0)   Merge Heap Roots: 0.0ms
[2022-12-14T13:36:23.395+0100][0.686s] GC(0)   Evacuate Collection Set: 1.9ms
[2022-12-14T13:36:23.395+0100][0.686s] GC(0)   Post Evacuate Collection Set: 0.5ms
[2022-12-14T13:36:23.395+0100][0.686s] GC(0)   Other: 0.1ms
[2022-12-14T13:36:23.395+0100][0.686s] GC(0) Eden regions: 29->0(64)
[2022-12-14T13:36:23.395+0100][0.686s] GC(0) Survivor regions: 0->4(4)
[2022-12-14T13:36:23.395+0100][0.686s] GC(0) Old regions: 0->0
[2022-12-14T13:36:23.395+0100][0.686s] GC(0) Archive regions: 2->2
[2022-12-14T13:36:23.395+0100][0.686s] GC(0) Humongous regions: 0->0
[2022-12-14T13:36:23.395+0100][0.686s] GC(0) Metaspace: 7121K(7296K)->7121K(7296K) NonClass: 6295K(6400K)->6295K(6400K) Class: 825K(896K)->825K(896K)
[2022-12-14T13:36:23.395+0100][0.686s] GC(0) Pause Young (Normal) (G1 Evacuation Pause) 29M->4M(512M) 2.677ms
[2022-12-14T13:36:23.395+0100][0.686s] GC(0) User=0.02s Sys=0.00s Real=0.00s
[2022-12-14T13:36:23.996+0100][1.286s] GC(1) Pause Young (Normal) (G1 Evacuation Pause)
[2022-12-14T13:36:23.996+0100][1.286s] GC(1) Using 10 workers of 10 for evacuation
[2022-12-14T13:36:24.001+0100][1.291s] GC(1)   Pre Evacuate Collection Set: 0.1ms
[2022-12-14T13:36:24.001+0100][1.291s] GC(1)   Merge Heap Roots: 0.0ms
[2022-12-14T13:36:24.001+0100][1.291s] GC(1)   Evacuate Collection Set: 4.5ms
[2022-12-14T13:36:24.001+0100][1.291s] GC(1)   Post Evacuate Collection Set: 0.5ms
[2022-12-14T13:36:24.001+0100][1.291s] GC(1)   Other: 0.1ms
[2022-12-14T13:36:24.001+0100][1.291s] GC(1) Eden regions: 64->0(280)
[2022-12-14T13:36:24.001+0100][1.291s] GC(1) Survivor regions: 4->9(9)
[2022-12-14T13:36:24.001+0100][1.291s] GC(1) Old regions: 0->5
[2022-12-14T13:36:24.001+0100][1.291s] GC(1) Archive regions: 2->2
[2022-12-14T13:36:24.001+0100][1.291s] GC(1) Humongous regions: 4->4
[2022-12-14T13:36:24.001+0100][1.291s] GC(1) Metaspace: 16385K(16640K)->16385K(16640K) NonClass: 14459K(14592K)->14459K(14592K) Class: 1926K(2048K)->1926K(2048K)
[2022-12-14T13:36:24.001+0100][1.291s] GC(1) Pause Young (Normal) (G1 Evacuation Pause) 72M->18M(512M) 5.288ms
[2022-12-14T13:36:24.001+0100][1.291s] GC(1) User=0.05s Sys=0.00s Real=0.01s
[2022-12-14T13:36:24.403+0100][1.694s] GC(2) Pause Young (Concurrent Start) (Metadata GC Threshold)
[2022-12-14T13:36:24.403+0100][1.694s] GC(2) Using 10 workers of 10 for evacuation
[2022-12-14T13:36:24.408+0100][1.699s] GC(2)   Pre Evacuate Collection Set: 0.1ms
[2022-12-14T13:36:24.408+0100][1.699s] GC(2)   Merge Heap Roots: 0.1ms
[2022-12-14T13:36:24.408+0100][1.699s] GC(2)   Evacuate Collection Set: 3.9ms
[2022-12-14T13:36:24.408+0100][1.699s] GC(2)   Post Evacuate Collection Set: 0.8ms
[2022-12-14T13:36:24.408+0100][1.699s] GC(2)   Other: 0.3ms
[2022-12-14T13:36:24.408+0100][1.699s] GC(2) Eden regions: 163->0(293)
[2022-12-14T13:36:24.408+0100][1.699s] GC(2) Survivor regions: 9->14(35)
[2022-12-14T13:36:24.408+0100][1.699s] GC(2) Old regions: 5->5
[2022-12-14T13:36:24.408+0100][1.699s] GC(2) Archive regions: 2->2
[2022-12-14T13:36:24.408+0100][1.699s] GC(2) Humongous regions: 4->4
[2022-12-14T13:36:24.408+0100][1.699s] GC(2) Metaspace: 21232K(21504K)->21232K(21504K) NonClass: 18815K(18944K)->18815K(18944K) Class: 2416K(2560K)->2416K(2560K)
[2022-12-14T13:36:24.408+0100][1.699s] GC(2) Pause Young (Concurrent Start) (Metadata GC Threshold) 181M->23M(512M) 5.170ms
[2022-12-14T13:36:24.408+0100][1.699s] GC(2) User=0.04s Sys=0.00s Real=0.01s
[2022-12-14T13:36:24.408+0100][1.699s] GC(3) Concurrent Mark Cycle
[2022-12-14T13:36:24.408+0100][1.699s] GC(3) Concurrent Clear Claimed Marks
[2022-12-14T13:36:24.408+0100][1.699s] GC(3) Concurrent Clear Claimed Marks 0.033ms
[2022-12-14T13:36:24.408+0100][1.699s] GC(3) Concurrent Scan Root Regions
[2022-12-14T13:36:24.411+0100][1.702s] GC(3) Concurrent Scan Root Regions 2.842ms
[2022-12-14T13:36:24.411+0100][1.702s] GC(3) Concurrent Mark
[2022-12-14T13:36:24.411+0100][1.702s] GC(3) Concurrent Mark From Roots
[2022-12-14T13:36:24.411+0100][1.702s] GC(3) Using 3 workers of 3 for marking
[2022-12-14T13:36:24.417+0100][1.708s] GC(3) Concurrent Mark From Roots 6.066ms
[2022-12-14T13:36:24.417+0100][1.708s] GC(3) Concurrent Preclean
[2022-12-14T13:36:24.417+0100][1.708s] GC(3) Concurrent Preclean 0.055ms
[2022-12-14T13:36:24.417+0100][1.708s] GC(3) Pause Remark
[2022-12-14T13:36:24.419+0100][1.709s] GC(3) Pause Remark 25M->25M(512M) 1.193ms
[2022-12-14T13:36:24.419+0100][1.709s] GC(3) User=0.01s Sys=0.00s Real=0.01s
[2022-12-14T13:36:24.419+0100][1.709s] GC(3) Concurrent Mark 7.539ms
[2022-12-14T13:36:24.419+0100][1.709s] GC(3) Concurrent Rebuild Remembered Sets
[2022-12-14T13:36:24.421+0100][1.712s] GC(3) Concurrent Rebuild Remembered Sets 2.736ms
[2022-12-14T13:36:24.422+0100][1.712s] GC(3) Pause Cleanup
[2022-12-14T13:36:24.422+0100][1.712s] GC(3) Pause Cleanup 26M->26M(512M) 0.142ms
[2022-12-14T13:36:24.422+0100][1.712s] GC(3) User=0.00s Sys=0.00s Real=0.00s
[2022-12-14T13:36:24.422+0100][1.712s] GC(3) Concurrent Cleanup for Next Mark
[2022-12-14T13:36:24.422+0100][1.713s] GC(3) Concurrent Cleanup for Next Mark 0.426ms
[2022-12-14T13:36:24.422+0100][1.713s] GC(3) Concurrent Mark Cycle 14.182ms
[2022-12-14T13:37:27.455+0100][64.746s] Heap
[2022-12-14T13:37:27.455+0100][64.746s]  garbage-first heap   total 524288K, used 268967K [0x00000000e0000000, 0x0000000100000000)
[2022-12-14T13:37:27.455+0100][64.746s]   region size 1024K, 254 young (260096K), 14 survivors (14336K)
[2022-12-14T13:37:27.455+0100][64.746s]  Metaspace       used 33750K, committed 34176K, reserved 1081344K
[2022-12-14T13:37:27.455+0100][64.746s]   class space    used 3979K, committed 4160K, reserved 1048576K
